###############################################################
#  Generated by:      Cadence Tempus 20.20-p001_1
#  OS:                Linux x86_64(Host ID APL4.kletech.ac.in)
#  Generated on:      Fri Apr  4 10:17:39 2025
#  Design:            vorca
#  Command:           report_constraint -all_violators > reports_Apr04-10:17:39/allviol.rpt
###############################################################
# format : frame 0 : split 1

max_delay/setup
---------------------------
No paths found

min_delay/hold
---------------------------
      ------------------------------------------------------------------------------------------------  
       End Point                                  Slack      Cause                                      
      ------------------------------------------------------------------------------------------------  
      u_survik/o_adj_config_reg_0_/RN r          -0.050     VIOLATED
      u_survik/o_adj_config_reg_1_/RN r          -0.050     VIOLATED
      u_survik/o_adj_config_reg_2_/RN r          -0.050     VIOLATED
      u_survik/o_adj_config_reg_3_/RN r          -0.050     VIOLATED
      u_survik/o_adj_config_reg_4_/RN r          -0.050     VIOLATED
      u_survik/o_adj_config_reg_5_/RN r          -0.050     VIOLATED
      u_survik/o_adj_config_reg_6_/RN r          -0.050     VIOLATED
      u_survik/o_adj_config_reg_7_/RN r          -0.050     VIOLATED
      u_survik/o_adj_config_reg_8_/RN r          -0.050     VIOLATED
      u_survik/o_adj_config_reg_9_/RN r          -0.050     VIOLATED
      u_survik/o_adj_config_reg_10_/RN r         -0.050     VIOLATED
      f32_mux_0_data_reg_17_/RN r                -0.050     VIOLATED
      o_reg_addr_reg_5_/RN r                     -0.050     VIOLATED
      o_reg_addr_reg_7_/RN r                     -0.050     VIOLATED
      f_ack_reg/RN r                             -0.050     VIOLATED
      f_state_reg_1_/RN r                        -0.050     VIOLATED
      f32_mux_0_data_reg_15_/RN r                -0.049     VIOLATED
      f32_mux_0_data_reg_16_/RN r                -0.049     VIOLATED
      o_reg_addr_reg_6_/RN r                     -0.049     VIOLATED
      n_write_reg/RN r                           -0.049     VIOLATED
      f_state_reg_2_/RN r                        -0.049     VIOLATED
      ------------------------------------------------------------------------------------------------

Check type : clock_period
---------------------------
No paths found

Check type : skew
---------------------------
No paths found

Check type : pulse_width
---------------------------
 No violating Checks with given description found

Check type : max_transition
---------------------------
 No Violations found

Check type : min_transition
---------------------------
 No Violations found

Check type : max_capacitance
---------------------------
 No Violations found

Check type : min_capacitance
---------------------------
 No Violations found

Check type : max_fanout
---------------------------
 No Violations found

Check type : min_fanout
---------------------------
 No Violations found
