####################################################################
# report_annotated_parasitics: Sat Mar 22 12:35:37 2025
#   view: default_emulate_view
#   -list_not_annotated
####################################################################
#
# list syntax: type: net_name [nrCap Cap nrXCap XCap nrRes Res]
# unit: pF, Ohm

# Summary of Annotated Parasitics:
+------------------------------------------------------------------------------+
|    Net Type         |    Count   |   Annotated (%)     | Not Annotated (%)   |
+---------------------+------------+---------------------+---------------------+
| total               |         33 |          0  0.00%   |         33 100.00%   |
+---------------------+------------+---------------------+---------------------+
| 1-term:no load      |          6 |          0  0.00%   |          6 100.00%   |
| real net (complete) |         27 |          0  0.00%   |         27 100.00%   |
| real net (broken)   |          0 |          0  0.00%   |          0  0.00%   |
| zero capacitance net|          0 |          0  0.00%   |          0  0.00%   |
+------------------------------------------------------------------------------+

+-----------------------------------------------------------------+
| Annotated |    Res ( Ohm)   |    Cap (pF)     |    XCap (pF)    |
+-----------+-----------------+-----------------+-----------------+
| Count     |             0   |             0   |             0   |
| Value     |        0.0000   |        0.0000   |        0.0000   |
+-----------------------------------------------------------------+
