============================================================
  Generated by:           Genus(TM) Synthesis Solution 20.11-s111_1
  Generated on:           Apr 03 2025  04:48:21 pm
  Module:                 mcrb
  Operating conditions:   slow (balanced_tree)
  Wireload mode:          enclosed
  Area mode:              timing library
============================================================

Timing
--------

Clock Period 
-------------
sclk  5000.0 


  Cost    Critical         Violating 
 Group   Path Slack  TNS     Paths   
-------------------------------------
C2C          3481.6   0.0          0 
C2O          3874.7   0.0          0 
default    No paths   0.0            
I2C          3934.3   0.0          0 
I2O        No paths   0.0            
sclk       No paths   0.0            
-------------------------------------
Total                 0.0          0 

Instance Count
--------------
Leaf Instance Count             35 
Physical Instance count          0 
Sequential Instance Count        6 
Combinational Instance Count    29 
Hierarchical Instance Count      0 

Area
----
Cell Area                          49.094
Physical Cell Area                 0.000
Total Cell Area (Cell+Physical)    49.094
Net Area                           0.712
Total Area (Cell+Physical+Net)     49.806

Runtime                            0.0 seconds
Elapsed Runtime                    22 seconds
Genus peak memory usage            1072.78 
Innovus peak memory usage          no_value 
Hostname                           localhost
