============================================================
  Generated by:           Genus(TM) Synthesis Solution 20.11-s111_1
  Generated on:           Apr 03 2025  04:48:23 pm
  Module:                 mcrb
  Operating conditions:   slow (balanced_tree)
  Wireload mode:          enclosed
  Area mode:              timing library
============================================================


Path 1: MET (3598 ps) Setup Check with Pin skew_addr_cntr_reg[4]/CK->D
          Group: I2C
     Startpoint: (R) mc_rb_ef1_svld_i
          Clock: (R) sclk
       Endpoint: (F) skew_addr_cntr_reg[4]/D
          Clock: (R) sclk

                     Capture       Launch     
        Clock Edge:+    5000            0     
        Drv Adjust:+       0            0     
       Src Latency:+       0            0     
       Net Latency:+       0 (I)        0 (I) 
           Arrival:=    5000            0     
                                              
             Setup:-     318                  
     Required Time:=    4682                  
      Launch Clock:-       0                  
       Input Delay:-     500                  
         Data Path:-     584                  
             Slack:=    3598                  

Exceptions/Constraints:
  input_delay             500             mcrb.sdc_line_3 

#-------------------------------------------------------------------------------------------------
#      Timing Point       Flags    Arc   Edge   Cell     Fanout Load Trans Delay Arrival Instance 
#                                                               (fF)  (ps)  (ps)   (ps)  Location 
#-------------------------------------------------------------------------------------------------
  mc_rb_ef1_svld_i        -       -      R     (arrival)      1  2.2     0     0     500    (-,-) 
  g425/ZN                 -       A->ZN  F     INV_X4         1  1.4     6    10     510    (-,-) 
  g416__6783/ZN           -       C1->ZN R     AOI221_X2      5  8.0   432   454     965    (-,-) 
  g404__2398/ZN           -       A2->ZN F     NOR2_X2        1  1.2    90   119    1084    (-,-) 
  skew_addr_cntr_reg[4]/D -       -      F     DFFR_X2        1    -     -     0    1084    (-,-) 
#-------------------------------------------------------------------------------------------------

