============================================================
  Generated by:           Genus(TM) Synthesis Solution 20.11-s111_1
  Generated on:           Apr 03 2025  04:48:23 pm
  Module:                 mcrb
  Operating conditions:   slow (balanced_tree)
  Wireload mode:          enclosed
  Area mode:              timing library
============================================================


Path 1: MET (2994 ps) Setup Check with Pin skew_addr_cntr_reg[4]/CK->D
          Group: C2C
     Startpoint: (R) skew_addr_cntr_reg[2]/CK
          Clock: (R) sclk
       Endpoint: (F) skew_addr_cntr_reg[4]/D
          Clock: (R) sclk

                     Capture       Launch     
        Clock Edge:+    5000            0     
       Src Latency:+       0            0     
       Net Latency:+       0 (I)        0 (I) 
           Arrival:=    5000            0     
                                              
             Setup:-     318                  
     Required Time:=    4682                  
      Launch Clock:-       0                  
         Data Path:-    1688                  
             Slack:=    2994                  

#--------------------------------------------------------------------------------------------------
#      Timing Point        Flags    Arc   Edge   Cell     Fanout Load Trans Delay Arrival Instance 
#                                                                (fF)  (ps)  (ps)   (ps)  Location 
#--------------------------------------------------------------------------------------------------
  skew_addr_cntr_reg[2]/CK -       -      R     (arrival)      6    -     0     0       0    (-,-) 
  skew_addr_cntr_reg[2]/Q  -       CK->Q  F     DFFR_X1        4  4.7    91   626     626    (-,-) 
  g422__7098/ZN            -       A2->ZN R     NOR2_X2        2  3.3   142   239     865    (-,-) 
  g417__2802/ZN            -       B2->ZN F     AOI21_X2       1  1.4    47    95     960    (-,-) 
  g416__6783/ZN            -       A->ZN  R     AOI221_X2      5  8.0   432   608    1568    (-,-) 
  g404__2398/ZN            -       A2->ZN F     NOR2_X2        1  1.2    90   119    1688    (-,-) 
  skew_addr_cntr_reg[4]/D  -       -      F     DFFR_X2        1    -     -     0    1688    (-,-) 
#--------------------------------------------------------------------------------------------------

