============================================================
  Generated by:           Genus(TM) Synthesis Solution 20.11-s111_1
  Generated on:           Apr 03 2025  04:48:22 pm
  Module:                 mcrb
  Operating conditions:   slow (balanced_tree)
  Wireload mode:          enclosed
  Area mode:              timing library
============================================================


Path 1: MET (3853 ps) Late External Delay Assertion at pin skew_addr_cntr_o[0]
          Group: C2O
     Startpoint: (R) skew_addr_cntr_reg[0]/CK
          Clock: (R) sclk
       Endpoint: (F) skew_addr_cntr_o[0]
          Clock: (R) sclk

                     Capture       Launch     
        Clock Edge:+    5000            0     
       Src Latency:+       0            0     
       Net Latency:+       0 (I)        0 (I) 
           Arrival:=    5000            0     
                                              
      Output Delay:-     500                  
     Required Time:=    4500                  
      Launch Clock:-       0                  
         Data Path:-     647                  
             Slack:=    3853                  

Exceptions/Constraints:
  output_delay             500             mcrb.sdc_line_5_5_1 

#-------------------------------------------------------------------------------------------------
#      Timing Point        Flags   Arc   Edge   Cell     Fanout Load Trans Delay Arrival Instance 
#                                                               (fF)  (ps)  (ps)   (ps)  Location 
#-------------------------------------------------------------------------------------------------
  skew_addr_cntr_reg[0]/CK -       -     R     (arrival)      6    -     0     0       0    (-,-) 
  skew_addr_cntr_reg[0]/Q  -       CK->Q F     DFFR_X2        5  6.0    80   647     647    (-,-) 
  skew_addr_cntr_o[0]      -       -     F     (port)         -    -     -     0     647    (-,-) 
#-------------------------------------------------------------------------------------------------

