============================================================
  Generated by:           Genus(TM) Synthesis Solution 20.11-s111_1
  Generated on:           Apr 14 2025  12:55:03 pm
  Module:                 counter
  Operating conditions:   slow (balanced_tree)
  Wireload mode:          enclosed
  Area mode:              timing library
============================================================

Some unconstrained paths have not been displayed.
Use -unconstrained or set the root attribute 'timing_report_unconstrained' to 'true' to see only these unconstrained paths.

============================================================
  Generated by:           Genus(TM) Synthesis Solution 20.11-s111_1
  Generated on:           Apr 14 2025  12:55:03 pm
  Module:                 counter
  Operating conditions:   slow (balanced_tree)
  Wireload mode:          enclosed
  Area mode:              timing library
============================================================

No paths found

============================================================
  Generated by:           Genus(TM) Synthesis Solution 20.11-s111_1
  Generated on:           Apr 14 2025  12:55:03 pm
  Module:                 counter
  Operating conditions:   slow (balanced_tree)
  Wireload mode:          enclosed
  Area mode:              timing library
============================================================

No paths found

============================================================
  Generated by:           Genus(TM) Synthesis Solution 20.11-s111_1
  Generated on:           Apr 14 2025  12:55:03 pm
  Module:                 counter
  Operating conditions:   slow (balanced_tree)
  Wireload mode:          enclosed
  Area mode:              timing library
============================================================

No paths found

============================================================
  Generated by:           Genus(TM) Synthesis Solution 20.11-s111_1
  Generated on:           Apr 14 2025  12:55:03 pm
  Module:                 counter
  Operating conditions:   slow (balanced_tree)
  Wireload mode:          enclosed
  Area mode:              timing library
============================================================


Path 1: MET (1689 ps) Setup Check with Pin q_reg[31]/CK->D
          Group: C2C
     Startpoint: (R) q_reg[1]/CK
          Clock: (R) clk
       Endpoint: (F) q_reg[31]/D
          Clock: (R) clk

                     Capture       Launch     
        Clock Edge:+    5000            0     
       Src Latency:+       0            0     
       Net Latency:+       0 (I)        0 (I) 
           Arrival:=    5000            0     
                                              
             Setup:-     206                  
     Required Time:=    4794                  
      Launch Clock:-       0                  
         Data Path:-    3105                  
             Slack:=    1689                  

#----------------------------------------------------------------------------------------------------
#       Timing Point         Flags    Arc   Edge   Cell     Fanout Load Trans Delay Arrival Instance 
#                                                                  (fF)  (ps)  (ps)   (ps)  Location 
#----------------------------------------------------------------------------------------------------
  q_reg[1]/CK                -       -      R     (arrival)     32    -     0     0       0    (-,-) 
  q_reg[1]/Q                 -       CK->Q  F     DFF_X2         3  3.8    57   532     532    (-,-) 
  inc_add_16_8_g526__6260/CO -       B->CO  F     HA_X1          2  2.9    50   214     746    (-,-) 
  inc_add_16_8_g525__5107/ZN -       A1->ZN F     AND3_X2        2  2.9    45   204     950    (-,-) 
  inc_add_16_8_g524__2398/ZN -       A1->ZN F     AND3_X2        2  2.9    45   201    1151    (-,-) 
  inc_add_16_8_g523__5477/ZN -       A1->ZN R     NAND3_X1       2  2.4   182   192    1344    (-,-) 
  inc_add_16_8_g520__7410/ZN -       A1->ZN F     NOR2_X2        3  4.4    61   117    1461    (-,-) 
  inc_add_16_8_g517__2883/ZN -       A1->ZN R     NAND4_X2       2  2.4   138   145    1606    (-,-) 
  inc_add_16_8_g512__4733/ZN -       A1->ZN F     NOR2_X2        3  3.8    54    99    1705    (-,-) 
  inc_add_16_8_g509__1881/ZN -       A1->ZN F     AND4_X2        2  2.9    52   228    1933    (-,-) 
  inc_add_16_8_g506__8246/ZN -       A1->ZN F     AND3_X2        2  2.9    45   205    2138    (-,-) 
  inc_add_16_8_g502__1617/ZN -       A1->ZN F     AND3_X2        2  2.9    45   201    2340    (-,-) 
  inc_add_16_8_g498__8428/ZN -       A1->ZN F     AND3_X4        1  1.9    42   205    2545    (-,-) 
  inc_add_16_8_g487__9945/CO -       A->CO  F     HA_X1          1  1.8    40   160    2705    (-,-) 
  inc_add_16_8_g483__7482/Z  -       A->Z   F     XOR2_X2        1  0.8    47   241    2946    (-,-) 
  g1247__7482/ZN             -       A1->ZN F     AND2_X2        1  1.1    30   159    3105    (-,-) 
  q_reg[31]/D                -       -      F     DFF_X2         1    -     -     0    3105    (-,-) 
#----------------------------------------------------------------------------------------------------

============================================================
  Generated by:           Genus(TM) Synthesis Solution 20.11-s111_1
  Generated on:           Apr 14 2025  12:55:03 pm
  Module:                 counter
  Operating conditions:   slow (balanced_tree)
  Wireload mode:          enclosed
  Area mode:              timing library
============================================================

No paths found

