============================================================
  Generated by:           Genus(TM) Synthesis Solution 20.11-s111_1
  Generated on:           Apr 14 2025  12:55:00 pm
  Module:                 counter
  Operating conditions:   slow (balanced_tree)
  Wireload mode:          enclosed
  Area mode:              timing library
============================================================

Some unconstrained paths have not been displayed.
Use -unconstrained or set the root attribute 'timing_report_unconstrained' to 'true' to see only these unconstrained paths.

============================================================
  Generated by:           Genus(TM) Synthesis Solution 20.11-s111_1
  Generated on:           Apr 14 2025  12:55:00 pm
  Module:                 counter
  Operating conditions:   slow (balanced_tree)
  Wireload mode:          enclosed
  Area mode:              timing library
============================================================

No paths found

============================================================
  Generated by:           Genus(TM) Synthesis Solution 20.11-s111_1
  Generated on:           Apr 14 2025  12:55:00 pm
  Module:                 counter
  Operating conditions:   slow (balanced_tree)
  Wireload mode:          enclosed
  Area mode:              timing library
============================================================

No paths found

============================================================
  Generated by:           Genus(TM) Synthesis Solution 20.11-s111_1
  Generated on:           Apr 14 2025  12:55:00 pm
  Module:                 counter
  Operating conditions:   slow (balanced_tree)
  Wireload mode:          enclosed
  Area mode:              timing library
============================================================

No paths found

============================================================
  Generated by:           Genus(TM) Synthesis Solution 20.11-s111_1
  Generated on:           Apr 14 2025  12:55:00 pm
  Module:                 counter
  Operating conditions:   slow (balanced_tree)
  Wireload mode:          enclosed
  Area mode:              timing library
============================================================


Path 1: MET (2319 ps) Setup Check with Pin q_reg[31]/clk->d
          Group: C2C
     Startpoint: (R) q_reg[0]/clk
          Clock: (R) clk
       Endpoint: (R) q_reg[31]/d
          Clock: (R) clk

                     Capture       Launch     
        Clock Edge:+    5000            0     
       Src Latency:+       0            0     
       Net Latency:+       0 (I)        0 (I) 
           Arrival:=    5000            0     
                                              
             Setup:-     287                  
     Required Time:=    4713                  
      Launch Clock:-       0                  
         Data Path:-    2393                  
             Slack:=    2319                  

#--------------------------------------------------------------------------------------------------
#  Timing Point    Flags     Arc    Edge      Cell        Fanout Load Trans Delay Arrival Instance 
#                                                                (fF)  (ps)  (ps)   (ps)  Location 
#--------------------------------------------------------------------------------------------------
  q_reg[0]/clk     -       -        R     (arrival)           32    -     0     0       0    (-,-) 
  q_reg[0]/q       (u)     clk->q   R     unmapped_d_flop      4  6.0     0   594     594    (-,-) 
  add_16_8/g2/z    (u)     in_0->z  F     unmapped_nand2       1  1.6     0   102     696    (-,-) 
  add_16_8/g482/z  (u)     in_0->z  R     unmapped_not         2  3.8     0    64     760    (-,-) 
  add_16_8/g69/z   (u)     in_0->z  F     unmapped_nand2       1  1.6     0   102     862    (-,-) 
  add_16_8/g485/z  (u)     in_0->z  R     unmapped_not         3  5.7     0    82     944    (-,-) 
  add_16_8/g134/z  (u)     in_1->z  F     unmapped_nand2       1  1.6     0   102    1046    (-,-) 
  add_16_8/g487/z  (u)     in_0->z  R     unmapped_not         5  9.5     0   113    1158    (-,-) 
  add_16_8/g215/z  (u)     in_0->z  F     unmapped_nand2       1  1.6     0   102    1260    (-,-) 
  add_16_8/g491/z  (u)     in_0->z  R     unmapped_not         9 17.1     0   152    1412    (-,-) 
  add_16_8/g285/z  (u)     in_1->z  F     unmapped_nand2       1  1.6     0   102    1514    (-,-) 
  add_16_8/g499/z  (u)     in_0->z  R     unmapped_not        16 30.4     0   190    1705    (-,-) 
  add_16_8/g365/z  (u)     in_0->z  F     unmapped_nand2       1  1.6     0   102    1807    (-,-) 
  add_16_8/g514/z  (u)     in_0->z  R     unmapped_not         1  1.9     0    47    1853    (-,-) 
  add_16_8/g449/z  (u)     in_0->z  R     unmapped_xnor2       1  1.9     0   180    2033    (-,-) 
  mux_q_13_7/g1/z  (u)     data0->z R     unmapped_bmux3       1  1.9     0   180    2213    (-,-) 
  mux_q_11_10/g1/z (u)     data1->z R     unmapped_bmux3       1  1.9     0   180    2393    (-,-) 
  q_reg[31]/d      -       -        R     unmapped_d_flop      1    -     -     0    2393    (-,-) 
#--------------------------------------------------------------------------------------------------

(u) : Net has unmapped pin(s).

============================================================
  Generated by:           Genus(TM) Synthesis Solution 20.11-s111_1
  Generated on:           Apr 14 2025  12:55:00 pm
  Module:                 counter
  Operating conditions:   slow (balanced_tree)
  Wireload mode:          enclosed
  Area mode:              timing library
============================================================

No paths found

