

Working Directory = /home/01fe21bec223/DFT_TESSENT/GENUS/work_cntr
QoS Summary for counter
==========================================================================================
Metric                          generic         map             opt             final          
==========================================================================================
Slack (ps):                     2,784           1,692           1,689           1,689
  R2R (ps):                     2,784           1,692           1,689           1,689
  I2R (ps):                  no_value        no_value        no_value        no_value
  R2O (ps):                  no_value        no_value        no_value        no_value
  I2O (ps):                  no_value        no_value        no_value        no_value
  CG  (ps):                  no_value        no_value        no_value        no_value
TNS (ps):                           0               0               0               0
  R2R (ps):                         0               0               0               0
  I2R (ps):                  no_value        no_value        no_value        no_value
  R2O (ps):                  no_value        no_value        no_value        no_value
  I2O (ps):                  no_value        no_value        no_value        no_value
  CG  (ps):                  no_value        no_value        no_value        no_value
Failing Paths:                      0               0               0               0
Cell Area:                        330             337             335             335
Total Cell Area:                  330             337             335             335
Leaf Instances:                   248             127             126             126
Total Instances:                  248             127             126             126
Utilization (%):                 0.00            0.00            0.00            0.00
Tot. Net Length (um):        no_value        no_value        no_value        no_value
Avg. Net Length (um):        no_value        no_value        no_value        no_value
Route Overflow H (%):        no_value        no_value        no_value        no_value
Route Overflow V (%):        no_value        no_value        no_value        no_value
MBCI(%) (bits/gate) :            0.00            0.00            0.00            0.00
Norm Cong Hotspot Area:
  Max Cong:                  no_value        no_value        no_value        no_value
  Tot Cong:                  no_value        no_value        no_value        no_value
==========================================================================================
CPU  Runtime (h:m:s):        00:30:04        00:30:01        00:30:00        00:30:00
Real Runtime (h:m:s):        00:30:05        00:30:01        00:30:00        00:30:00
CPU  Elapsed (h:m:s):        00:30:07        00:30:08        00:30:08        00:30:08
Real Elapsed (h:m:s):        00:30:06        00:30:07        00:30:07        00:30:07
Memory (MB):                  1080.68         1117.35         1082.34         1083.35
==========================================================================================
==========================================================================================
Flow Settings:
==========================================================================================
Total Runtime (h:m:s): 00:30:07
Total Memory (MB):     1083.35
Executable Version:    20.11-s111_1
==========================================================================================
Total Cell Area =  Cell Area + Physical Cell Area
Total Instances =  Leaf Instances + Physical Instances


