============================================================
  Generated by:           Genus(TM) Synthesis Solution 20.11-s111_1
  Generated on:           Apr 14 2025  12:55:04 pm
  Module:                 counter
  Operating conditions:   slow (balanced_tree)
  Wireload mode:          enclosed
  Area mode:              timing library
============================================================

                               Leakage  
  Gate    Instances   Area   Power (nW)          Library          
------------------------------------------------------------------
AND2_X2          35   37.240    190.998    NangateOpenCellLibrary 
AND3_X2           4    5.320     18.303    NangateOpenCellLibrary 
AND3_X4           2    2.660     20.879    NangateOpenCellLibrary 
AND4_X2           1    1.596      4.638    NangateOpenCellLibrary 
DFF_X2           32  144.704   1086.473    NangateOpenCellLibrary 
HA_X1            18   47.880    170.875    NangateOpenCellLibrary 
INV_X1            3    1.596      5.512    NangateOpenCellLibrary 
INV_X4            1    0.532      9.850    NangateOpenCellLibrary 
NAND2_X2          1    0.798      1.961    NangateOpenCellLibrary 
NAND3_X1          1    1.064      0.958    NangateOpenCellLibrary 
NAND4_X2         10   13.300     22.276    NangateOpenCellLibrary 
NOR2_X2           3    2.394     14.767    NangateOpenCellLibrary 
NOR4_X2           2    2.660     17.664    NangateOpenCellLibrary 
XOR2_X1           2    3.192     13.348    NangateOpenCellLibrary 
XOR2_X2          11   17.556     96.168    NangateOpenCellLibrary 
------------------------------------------------------------------
total           126  282.492   1674.671                           


                                          Leakage  Leakage 
     Type      Instances   Area  Area % Power (nW) Power % 
-----------------------------------------------------------
sequential            32 144.704   51.2   1086.473    64.9 
inverter               4   2.128    0.8     15.362     0.9 
logic                 90 135.660   48.0    572.836    34.2 
physical_cells         0   0.000    0.0      0.000     0.0 
-----------------------------------------------------------
total                126 282.492  100.0   1674.671   100.0 

