============================================================
  Generated by:           Genus(TM) Synthesis Solution 20.11-s111_1
  Generated on:           Apr 14 2025  12:55:04 pm
  Module:                 counter
  Operating conditions:   slow (balanced_tree)
  Wireload mode:          enclosed
  Area mode:              timing library
============================================================

Timing
--------

Clock Period 
-------------
clk   5000.0 


  Cost    Critical         Violating 
 Group   Path Slack  TNS     Paths   
-------------------------------------
C2C          1689.3   0.0          0 
C2O        No paths   0.0            
clk        No paths   0.0            
default    No paths   0.0            
I2C        No paths   0.0            
I2O        No paths   0.0            
-------------------------------------
Total                 0.0          0 

Instance Count
--------------
Leaf Instance Count             126 
Physical Instance count           0 
Sequential Instance Count        32 
Combinational Instance Count     94 
Hierarchical Instance Count       0 

Area
----
Cell Area                          282.492
Physical Cell Area                 0.000
Total Cell Area (Cell+Physical)    282.492
Net Area                           52.106
Total Area (Cell+Physical+Net)     334.598

Runtime                            0.0 seconds
Elapsed Runtime                    11 seconds
Genus peak memory usage            1083.35 
Innovus peak memory usage          no_value 
Hostname                           localhost
