============================================================
  Generated by:           Genus(TM) Synthesis Solution 20.11-s111_1
  Generated on:           Apr 14 2025  12:55:04 pm
  Module:                 counter
  Operating conditions:   slow (balanced_tree)
  Wireload mode:          enclosed
  Area mode:              timing library
============================================================


Path 1: MET (1689 ps) Setup Check with Pin q_reg[31]/CK->D
          Group: C2C
     Startpoint: (R) q_reg[1]/CK
          Clock: (R) clk
       Endpoint: (F) q_reg[31]/D
          Clock: (R) clk

                     Capture       Launch     
        Clock Edge:+    5000            0     
       Src Latency:+       0            0     
       Net Latency:+       0 (I)        0 (I) 
           Arrival:=    5000            0     
                                              
             Setup:-     206                  
     Required Time:=    4794                  
      Launch Clock:-       0                  
         Data Path:-    3105                  
             Slack:=    1689                  

#----------------------------------------------------------------------------------------------------
#       Timing Point         Flags    Arc   Edge   Cell     Fanout Load Trans Delay Arrival Instance 
#                                                                  (fF)  (ps)  (ps)   (ps)  Location 
#----------------------------------------------------------------------------------------------------
  q_reg[1]/CK                -       -      R     (arrival)     32    -     0     0       0    (-,-) 
  q_reg[1]/Q                 -       CK->Q  F     DFF_X2         3  3.8    57   532     532    (-,-) 
  inc_add_16_8_g526__6260/CO -       B->CO  F     HA_X1          2  2.9    50   214     746    (-,-) 
  inc_add_16_8_g525__5107/ZN -       A1->ZN F     AND3_X2        2  2.9    45   204     950    (-,-) 
  inc_add_16_8_g524__2398/ZN -       A1->ZN F     AND3_X2        2  2.9    45   201    1151    (-,-) 
  inc_add_16_8_g523__5477/ZN -       A1->ZN R     NAND3_X1       2  2.4   182   192    1344    (-,-) 
  inc_add_16_8_g520__7410/ZN -       A1->ZN F     NOR2_X2        3  4.4    61   117    1461    (-,-) 
  inc_add_16_8_g517__2883/ZN -       A1->ZN R     NAND4_X2       2  2.4   138   145    1606    (-,-) 
  inc_add_16_8_g512__4733/ZN -       A1->ZN F     NOR2_X2        3  3.8    54    99    1705    (-,-) 
  inc_add_16_8_g509__1881/ZN -       A1->ZN F     AND4_X2        2  2.9    52   228    1933    (-,-) 
  inc_add_16_8_g506__8246/ZN -       A1->ZN F     AND3_X2        2  2.9    45   205    2138    (-,-) 
  inc_add_16_8_g502__1617/ZN -       A1->ZN F     AND3_X2        2  2.9    45   201    2340    (-,-) 
  inc_add_16_8_g498__8428/ZN -       A1->ZN F     AND3_X4        1  1.9    42   205    2545    (-,-) 
  inc_add_16_8_g487__9945/CO -       A->CO  F     HA_X1          1  1.8    40   160    2705    (-,-) 
  inc_add_16_8_g483__7482/Z  -       A->Z   F     XOR2_X2        1  0.8    47   241    2946    (-,-) 
  g1247__7482/ZN             -       A1->ZN F     AND2_X2        1  1.1    30   159    3105    (-,-) 
  q_reg[31]/D                -       -      F     DFF_X2         1    -     -     0    3105    (-,-) 
#----------------------------------------------------------------------------------------------------



Path 2: MET (1871 ps) Setup Check with Pin q_reg[30]/CK->D
          Group: C2C
     Startpoint: (R) q_reg[1]/CK
          Clock: (R) clk
       Endpoint: (F) q_reg[30]/D
          Clock: (R) clk

                     Capture       Launch     
        Clock Edge:+    5000            0     
       Src Latency:+       0            0     
       Net Latency:+       0 (I)        0 (I) 
           Arrival:=    5000            0     
                                              
             Setup:-     206                  
     Required Time:=    4794                  
      Launch Clock:-       0                  
         Data Path:-    2923                  
             Slack:=    1871                  

#----------------------------------------------------------------------------------------------------
#       Timing Point         Flags    Arc   Edge   Cell     Fanout Load Trans Delay Arrival Instance 
#                                                                  (fF)  (ps)  (ps)   (ps)  Location 
#----------------------------------------------------------------------------------------------------
  q_reg[1]/CK                -       -      R     (arrival)     32    -     0     0       0    (-,-) 
  q_reg[1]/Q                 -       CK->Q  F     DFF_X2         3  3.8    57   532     532    (-,-) 
  inc_add_16_8_g526__6260/CO -       B->CO  F     HA_X1          2  2.9    50   214     746    (-,-) 
  inc_add_16_8_g525__5107/ZN -       A1->ZN F     AND3_X2        2  2.9    45   204     950    (-,-) 
  inc_add_16_8_g524__2398/ZN -       A1->ZN F     AND3_X2        2  2.9    45   201    1151    (-,-) 
  inc_add_16_8_g523__5477/ZN -       A1->ZN R     NAND3_X1       2  2.4   182   192    1344    (-,-) 
  inc_add_16_8_g520__7410/ZN -       A1->ZN F     NOR2_X2        3  4.4    61   117    1461    (-,-) 
  inc_add_16_8_g517__2883/ZN -       A1->ZN R     NAND4_X2       2  2.4   138   145    1606    (-,-) 
  inc_add_16_8_g512__4733/ZN -       A1->ZN F     NOR2_X2        3  3.8    54    99    1705    (-,-) 
  inc_add_16_8_g509__1881/ZN -       A1->ZN F     AND4_X2        2  2.9    52   228    1933    (-,-) 
  inc_add_16_8_g506__8246/ZN -       A1->ZN F     AND3_X2        2  2.9    45   205    2138    (-,-) 
  inc_add_16_8_g502__1617/ZN -       A1->ZN F     AND3_X2        2  2.9    45   201    2340    (-,-) 
  inc_add_16_8_g498__8428/ZN -       A1->ZN F     AND3_X4        1  1.9    42   205    2545    (-,-) 
  inc_add_16_8_g487__9945/S  -       A->S   F     HA_X1          1  0.8    50   218    2762    (-,-) 
  g1248__4733/ZN             -       A1->ZN F     AND2_X2        1  1.1    30   161    2923    (-,-) 
  q_reg[30]/D                -       -      F     DFF_X2         1    -     -     0    2923    (-,-) 
#----------------------------------------------------------------------------------------------------



Path 3: MET (1888 ps) Setup Check with Pin q_reg[29]/CK->D
          Group: C2C
     Startpoint: (R) q_reg[0]/CK
          Clock: (R) clk
       Endpoint: (R) q_reg[29]/D
          Clock: (R) clk

                     Capture       Launch     
        Clock Edge:+    5000            0     
       Src Latency:+       0            0     
       Net Latency:+       0 (I)        0 (I) 
           Arrival:=    5000            0     
                                              
             Setup:-     136                  
     Required Time:=    4864                  
      Launch Clock:-       0                  
         Data Path:-    2976                  
             Slack:=    1888                  

#----------------------------------------------------------------------------------------------------
#       Timing Point         Flags    Arc   Edge   Cell     Fanout Load Trans Delay Arrival Instance 
#                                                                  (fF)  (ps)  (ps)   (ps)  Location 
#----------------------------------------------------------------------------------------------------
  q_reg[0]/CK                -       -      R     (arrival)     32    -     0     0       0    (-,-) 
  q_reg[0]/Q                 -       CK->Q  R     DFF_X2         4  5.6   127   390     390    (-,-) 
  inc_add_16_8_g526__6260/CO -       A->CO  R     HA_X1          2  3.0   145   254     644    (-,-) 
  inc_add_16_8_g525__5107/ZN -       A1->ZN R     AND3_X2        2  3.0    81   223     867    (-,-) 
  inc_add_16_8_g524__2398/ZN -       A1->ZN R     AND3_X2        2  3.1    82   200    1067    (-,-) 
  inc_add_16_8_g523__5477/ZN -       A1->ZN F     NAND3_X1       2  2.1    61   105    1172    (-,-) 
  inc_add_16_8_g520__7410/ZN -       A1->ZN R     NOR2_X2        3  4.6   179   232    1404    (-,-) 
  inc_add_16_8_g517__2883/ZN -       A1->ZN F     NAND4_X2       2  2.1    69   104    1508    (-,-) 
  inc_add_16_8_g512__4733/ZN -       A1->ZN R     NOR2_X2        3  3.9   159   214    1721    (-,-) 
  inc_add_16_8_g509__1881/ZN -       A1->ZN R     AND4_X2        2  3.0    83   240    1962    (-,-) 
  inc_add_16_8_g506__8246/ZN -       A1->ZN R     AND3_X2        2  3.0    80   199    2160    (-,-) 
  inc_add_16_8_g502__1617/ZN -       A1->ZN R     AND3_X2        2  3.0    80   198    2358    (-,-) 
  inc_add_16_8_g489__2346/CO -       A->CO  R     HA_X1          1  2.1   109   201    2559    (-,-) 
  inc_add_16_8_g485__6161/Z  -       A->Z   R     XOR2_X2        1  0.8   110   264    2823    (-,-) 
  g1231__5107/ZN             -       A1->ZN R     AND2_X2        1  1.2    51   153    2976    (-,-) 
  q_reg[29]/D                -       -      R     DFF_X2         1    -     -     0    2976    (-,-) 
#----------------------------------------------------------------------------------------------------



Path 4: MET (2029 ps) Setup Check with Pin q_reg[28]/CK->D
          Group: C2C
     Startpoint: (R) q_reg[0]/CK
          Clock: (R) clk
       Endpoint: (R) q_reg[28]/D
          Clock: (R) clk

                     Capture       Launch     
        Clock Edge:+    5000            0     
       Src Latency:+       0            0     
       Net Latency:+       0 (I)        0 (I) 
           Arrival:=    5000            0     
                                              
             Setup:-     136                  
     Required Time:=    4864                  
      Launch Clock:-       0                  
         Data Path:-    2835                  
             Slack:=    2029                  

#----------------------------------------------------------------------------------------------------
#       Timing Point         Flags    Arc   Edge   Cell     Fanout Load Trans Delay Arrival Instance 
#                                                                  (fF)  (ps)  (ps)   (ps)  Location 
#----------------------------------------------------------------------------------------------------
  q_reg[0]/CK                -       -      R     (arrival)     32    -     0     0       0    (-,-) 
  q_reg[0]/Q                 -       CK->Q  R     DFF_X2         4  5.6   127   390     390    (-,-) 
  inc_add_16_8_g526__6260/CO -       A->CO  R     HA_X1          2  3.0   145   254     644    (-,-) 
  inc_add_16_8_g525__5107/ZN -       A1->ZN R     AND3_X2        2  3.0    81   223     867    (-,-) 
  inc_add_16_8_g524__2398/ZN -       A1->ZN R     AND3_X2        2  3.1    82   200    1067    (-,-) 
  inc_add_16_8_g523__5477/ZN -       A1->ZN F     NAND3_X1       2  2.1    61   105    1172    (-,-) 
  inc_add_16_8_g520__7410/ZN -       A1->ZN R     NOR2_X2        3  4.6   179   232    1404    (-,-) 
  inc_add_16_8_g517__2883/ZN -       A1->ZN F     NAND4_X2       2  2.1    69   104    1508    (-,-) 
  inc_add_16_8_g512__4733/ZN -       A1->ZN R     NOR2_X2        3  3.9   159   214    1721    (-,-) 
  inc_add_16_8_g509__1881/ZN -       A1->ZN R     AND4_X2        2  3.0    83   240    1962    (-,-) 
  inc_add_16_8_g506__8246/ZN -       A1->ZN R     AND3_X2        2  3.0    80   199    2160    (-,-) 
  inc_add_16_8_g502__1617/ZN -       A1->ZN R     AND3_X2        2  3.0    80   198    2358    (-,-) 
  inc_add_16_8_g489__2346/S  -       A->S   R     HA_X1          1  0.8   160   306    2664    (-,-) 
  g1261__4319/ZN             -       A1->ZN R     AND2_X2        1  1.2    51   171    2835    (-,-) 
  q_reg[28]/D                -       -      R     DFF_X2         1    -     -     0    2835    (-,-) 
#----------------------------------------------------------------------------------------------------



Path 5: MET (2086 ps) Setup Check with Pin q_reg[27]/CK->D
          Group: C2C
     Startpoint: (R) q_reg[0]/CK
          Clock: (R) clk
       Endpoint: (R) q_reg[27]/D
          Clock: (R) clk

                     Capture       Launch     
        Clock Edge:+    5000            0     
       Src Latency:+       0            0     
       Net Latency:+       0 (I)        0 (I) 
           Arrival:=    5000            0     
                                              
             Setup:-     136                  
     Required Time:=    4864                  
      Launch Clock:-       0                  
         Data Path:-    2778                  
             Slack:=    2086                  

#----------------------------------------------------------------------------------------------------
#       Timing Point         Flags    Arc   Edge   Cell     Fanout Load Trans Delay Arrival Instance 
#                                                                  (fF)  (ps)  (ps)   (ps)  Location 
#----------------------------------------------------------------------------------------------------
  q_reg[0]/CK                -       -      R     (arrival)     32    -     0     0       0    (-,-) 
  q_reg[0]/Q                 -       CK->Q  R     DFF_X2         4  5.6   127   390     390    (-,-) 
  inc_add_16_8_g526__6260/CO -       A->CO  R     HA_X1          2  3.0   145   254     644    (-,-) 
  inc_add_16_8_g525__5107/ZN -       A1->ZN R     AND3_X2        2  3.0    81   223     867    (-,-) 
  inc_add_16_8_g524__2398/ZN -       A1->ZN R     AND3_X2        2  3.1    82   200    1067    (-,-) 
  inc_add_16_8_g523__5477/ZN -       A1->ZN F     NAND3_X1       2  2.1    61   105    1172    (-,-) 
  inc_add_16_8_g520__7410/ZN -       A1->ZN R     NOR2_X2        3  4.6   179   232    1404    (-,-) 
  inc_add_16_8_g517__2883/ZN -       A1->ZN F     NAND4_X2       2  2.1    69   104    1508    (-,-) 
  inc_add_16_8_g512__4733/ZN -       A1->ZN R     NOR2_X2        3  3.9   159   214    1721    (-,-) 
  inc_add_16_8_g509__1881/ZN -       A1->ZN R     AND4_X2        2  3.0    83   240    1962    (-,-) 
  inc_add_16_8_g506__8246/ZN -       A1->ZN R     AND3_X2        2  3.0    80   199    2160    (-,-) 
  inc_add_16_8_g494__2398/CO -       A->CO  R     HA_X1          1  2.1   109   201    2362    (-,-) 
  inc_add_16_8_g488__2883/Z  -       A->Z   R     XOR2_X2        1  0.8   110   264    2625    (-,-) 
  g1244__6131/ZN             -       A1->ZN R     AND2_X2        1  1.2    51   153    2778    (-,-) 
  q_reg[27]/D                -       -      R     DFF_X2         1    -     -     0    2778    (-,-) 
#----------------------------------------------------------------------------------------------------



Path 6: MET (2162 ps) Setup Check with Pin q_reg[19]/CK->D
          Group: C2C
     Startpoint: (R) q_reg[0]/CK
          Clock: (R) clk
       Endpoint: (R) q_reg[19]/D
          Clock: (R) clk

                     Capture       Launch     
        Clock Edge:+    5000            0     
       Src Latency:+       0            0     
       Net Latency:+       0 (I)        0 (I) 
           Arrival:=    5000            0     
                                              
             Setup:-     136                  
     Required Time:=    4864                  
      Launch Clock:-       0                  
         Data Path:-    2703                  
             Slack:=    2162                  

#----------------------------------------------------------------------------------------------------
#       Timing Point         Flags    Arc   Edge   Cell     Fanout Load Trans Delay Arrival Instance 
#                                                                  (fF)  (ps)  (ps)   (ps)  Location 
#----------------------------------------------------------------------------------------------------
  q_reg[0]/CK                -       -      R     (arrival)     32    -     0     0       0    (-,-) 
  q_reg[0]/Q                 -       CK->Q  R     DFF_X2         4  5.6   127   390     390    (-,-) 
  inc_add_16_8_g526__6260/CO -       A->CO  R     HA_X1          2  3.0   145   254     644    (-,-) 
  inc_add_16_8_g525__5107/ZN -       A1->ZN R     AND3_X2        2  3.0    81   223     867    (-,-) 
  inc_add_16_8_g524__2398/ZN -       A1->ZN R     AND3_X2        2  3.1    82   200    1067    (-,-) 
  inc_add_16_8_g523__5477/ZN -       A1->ZN F     NAND3_X1       2  2.1    61   105    1172    (-,-) 
  inc_add_16_8_g520__7410/ZN -       A1->ZN R     NOR2_X2        3  4.6   179   232    1404    (-,-) 
  inc_add_16_8_g517__2883/ZN -       A1->ZN F     NAND4_X2       2  2.1    69   104    1508    (-,-) 
  inc_add_16_8_g516/ZN       -       A->ZN  R     INV_X1         1  2.0   107   158    1665    (-,-) 
  inc_add_16_8_g504__1705/CO -       A->CO  R     HA_X1          1  2.0   105   206    1871    (-,-) 
  inc_add_16_8_g493__5477/CO -       A->CO  R     HA_X1          1  2.0   105   205    2076    (-,-) 
  inc_add_16_8_g484__4733/CO -       A->CO  R     HA_X1          1  2.1   109   209    2286    (-,-) 
  inc_add_16_8_g482__5115/Z  -       A->Z   R     XOR2_X2        1  0.8   110   264    2549    (-,-) 
  g1237__3680/ZN             -       A1->ZN R     AND2_X2        1  1.2    51   153    2703    (-,-) 
  q_reg[19]/D                -       -      R     DFF_X2         1    -     -     0    2703    (-,-) 
#----------------------------------------------------------------------------------------------------



Path 7: MET (2226 ps) Setup Check with Pin q_reg[26]/CK->D
          Group: C2C
     Startpoint: (R) q_reg[0]/CK
          Clock: (R) clk
       Endpoint: (R) q_reg[26]/D
          Clock: (R) clk

                     Capture       Launch     
        Clock Edge:+    5000            0     
       Src Latency:+       0            0     
       Net Latency:+       0 (I)        0 (I) 
           Arrival:=    5000            0     
                                              
             Setup:-     136                  
     Required Time:=    4864                  
      Launch Clock:-       0                  
         Data Path:-    2638                  
             Slack:=    2226                  

#----------------------------------------------------------------------------------------------------
#       Timing Point         Flags    Arc   Edge   Cell     Fanout Load Trans Delay Arrival Instance 
#                                                                  (fF)  (ps)  (ps)   (ps)  Location 
#----------------------------------------------------------------------------------------------------
  q_reg[0]/CK                -       -      R     (arrival)     32    -     0     0       0    (-,-) 
  q_reg[0]/Q                 -       CK->Q  R     DFF_X2         4  5.6   127   390     390    (-,-) 
  inc_add_16_8_g526__6260/CO -       A->CO  R     HA_X1          2  3.0   145   254     644    (-,-) 
  inc_add_16_8_g525__5107/ZN -       A1->ZN R     AND3_X2        2  3.0    81   223     867    (-,-) 
  inc_add_16_8_g524__2398/ZN -       A1->ZN R     AND3_X2        2  3.1    82   200    1067    (-,-) 
  inc_add_16_8_g523__5477/ZN -       A1->ZN F     NAND3_X1       2  2.1    61   105    1172    (-,-) 
  inc_add_16_8_g520__7410/ZN -       A1->ZN R     NOR2_X2        3  4.6   179   232    1404    (-,-) 
  inc_add_16_8_g517__2883/ZN -       A1->ZN F     NAND4_X2       2  2.1    69   104    1508    (-,-) 
  inc_add_16_8_g512__4733/ZN -       A1->ZN R     NOR2_X2        3  3.9   159   214    1721    (-,-) 
  inc_add_16_8_g509__1881/ZN -       A1->ZN R     AND4_X2        2  3.0    83   240    1962    (-,-) 
  inc_add_16_8_g506__8246/ZN -       A1->ZN R     AND3_X2        2  3.0    80   199    2160    (-,-) 
  inc_add_16_8_g494__2398/S  -       A->S   R     HA_X1          1  0.8   160   306    2467    (-,-) 
  g1230__2398/ZN             -       A1->ZN R     AND2_X2        1  1.2    51   171    2638    (-,-) 
  q_reg[26]/D                -       -      R     DFF_X2         1    -     -     0    2638    (-,-) 
#----------------------------------------------------------------------------------------------------



Path 8: MET (2284 ps) Setup Check with Pin q_reg[25]/CK->D
          Group: C2C
     Startpoint: (R) q_reg[0]/CK
          Clock: (R) clk
       Endpoint: (R) q_reg[25]/D
          Clock: (R) clk

                     Capture       Launch     
        Clock Edge:+    5000            0     
       Src Latency:+       0            0     
       Net Latency:+       0 (I)        0 (I) 
           Arrival:=    5000            0     
                                              
             Setup:-     136                  
     Required Time:=    4864                  
      Launch Clock:-       0                  
         Data Path:-    2581                  
             Slack:=    2284                  

#----------------------------------------------------------------------------------------------------
#       Timing Point         Flags    Arc   Edge   Cell     Fanout Load Trans Delay Arrival Instance 
#                                                                  (fF)  (ps)  (ps)   (ps)  Location 
#----------------------------------------------------------------------------------------------------
  q_reg[0]/CK                -       -      R     (arrival)     32    -     0     0       0    (-,-) 
  q_reg[0]/Q                 -       CK->Q  R     DFF_X2         4  5.6   127   390     390    (-,-) 
  inc_add_16_8_g526__6260/CO -       A->CO  R     HA_X1          2  3.0   145   254     644    (-,-) 
  inc_add_16_8_g525__5107/ZN -       A1->ZN R     AND3_X2        2  3.0    81   223     867    (-,-) 
  inc_add_16_8_g524__2398/ZN -       A1->ZN R     AND3_X2        2  3.1    82   200    1067    (-,-) 
  inc_add_16_8_g523__5477/ZN -       A1->ZN F     NAND3_X1       2  2.1    61   105    1172    (-,-) 
  inc_add_16_8_g520__7410/ZN -       A1->ZN R     NOR2_X2        3  4.6   179   232    1404    (-,-) 
  inc_add_16_8_g517__2883/ZN -       A1->ZN F     NAND4_X2       2  2.1    69   104    1508    (-,-) 
  inc_add_16_8_g512__4733/ZN -       A1->ZN R     NOR2_X2        3  3.9   159   214    1721    (-,-) 
  inc_add_16_8_g509__1881/ZN -       A1->ZN R     AND4_X2        2  3.0    83   240    1962    (-,-) 
  inc_add_16_8_g496__6260/CO -       A->CO  R     HA_X1          1  2.1   109   202    2164    (-,-) 
  inc_add_16_8_g491__7410/Z  -       A->Z   R     XOR2_X2        1  0.8   110   264    2427    (-,-) 
  g1243__7098/ZN             -       A1->ZN R     AND2_X2        1  1.2    51   153    2581    (-,-) 
  q_reg[25]/D                -       -      R     DFF_X2         1    -     -     0    2581    (-,-) 
#----------------------------------------------------------------------------------------------------



Path 9: MET (2302 ps) Setup Check with Pin q_reg[18]/CK->D
          Group: C2C
     Startpoint: (R) q_reg[0]/CK
          Clock: (R) clk
       Endpoint: (R) q_reg[18]/D
          Clock: (R) clk

                     Capture       Launch     
        Clock Edge:+    5000            0     
       Src Latency:+       0            0     
       Net Latency:+       0 (I)        0 (I) 
           Arrival:=    5000            0     
                                              
             Setup:-     136                  
     Required Time:=    4864                  
      Launch Clock:-       0                  
         Data Path:-    2562                  
             Slack:=    2302                  

#----------------------------------------------------------------------------------------------------
#       Timing Point         Flags    Arc   Edge   Cell     Fanout Load Trans Delay Arrival Instance 
#                                                                  (fF)  (ps)  (ps)   (ps)  Location 
#----------------------------------------------------------------------------------------------------
  q_reg[0]/CK                -       -      R     (arrival)     32    -     0     0       0    (-,-) 
  q_reg[0]/Q                 -       CK->Q  R     DFF_X2         4  5.6   127   390     390    (-,-) 
  inc_add_16_8_g526__6260/CO -       A->CO  R     HA_X1          2  3.0   145   254     644    (-,-) 
  inc_add_16_8_g525__5107/ZN -       A1->ZN R     AND3_X2        2  3.0    81   223     867    (-,-) 
  inc_add_16_8_g524__2398/ZN -       A1->ZN R     AND3_X2        2  3.1    82   200    1067    (-,-) 
  inc_add_16_8_g523__5477/ZN -       A1->ZN F     NAND3_X1       2  2.1    61   105    1172    (-,-) 
  inc_add_16_8_g520__7410/ZN -       A1->ZN R     NOR2_X2        3  4.6   179   232    1404    (-,-) 
  inc_add_16_8_g517__2883/ZN -       A1->ZN F     NAND4_X2       2  2.1    69   104    1508    (-,-) 
  inc_add_16_8_g516/ZN       -       A->ZN  R     INV_X1         1  2.0   107   158    1665    (-,-) 
  inc_add_16_8_g504__1705/CO -       A->CO  R     HA_X1          1  2.0   105   206    1871    (-,-) 
  inc_add_16_8_g493__5477/CO -       A->CO  R     HA_X1          1  2.0   105   205    2076    (-,-) 
  inc_add_16_8_g484__4733/S  -       A->S   R     HA_X1          1  0.8   160   315    2391    (-,-) 
  g1236__6783/ZN             -       A1->ZN R     AND2_X2        1  1.2    51   171    2562    (-,-) 
  q_reg[18]/D                -       -      R     DFF_X2         1    -     -     0    2562    (-,-) 
#----------------------------------------------------------------------------------------------------



Path 10: MET (2346 ps) Setup Check with Pin q_reg[23]/CK->D
          Group: C2C
     Startpoint: (R) q_reg[0]/CK
          Clock: (R) clk
       Endpoint: (R) q_reg[23]/D
          Clock: (R) clk

                     Capture       Launch     
        Clock Edge:+    5000            0     
       Src Latency:+       0            0     
       Net Latency:+       0 (I)        0 (I) 
           Arrival:=    5000            0     
                                              
             Setup:-     136                  
     Required Time:=    4864                  
      Launch Clock:-       0                  
         Data Path:-    2519                  
             Slack:=    2346                  

#----------------------------------------------------------------------------------------------------
#       Timing Point         Flags    Arc   Edge   Cell     Fanout Load Trans Delay Arrival Instance 
#                                                                  (fF)  (ps)  (ps)   (ps)  Location 
#----------------------------------------------------------------------------------------------------
  q_reg[0]/CK                -       -      R     (arrival)     32    -     0     0       0    (-,-) 
  q_reg[0]/Q                 -       CK->Q  R     DFF_X2         4  5.6   127   390     390    (-,-) 
  inc_add_16_8_g526__6260/CO -       A->CO  R     HA_X1          2  3.0   145   254     644    (-,-) 
  inc_add_16_8_g525__5107/ZN -       A1->ZN R     AND3_X2        2  3.0    81   223     867    (-,-) 
  inc_add_16_8_g524__2398/ZN -       A1->ZN R     AND3_X2        2  3.1    82   200    1067    (-,-) 
  inc_add_16_8_g523__5477/ZN -       A1->ZN F     NAND3_X1       2  2.1    61   105    1172    (-,-) 
  inc_add_16_8_g520__7410/ZN -       A1->ZN R     NOR2_X2        3  4.6   179   232    1404    (-,-) 
  inc_add_16_8_g517__2883/ZN -       A1->ZN F     NAND4_X2       2  2.1    69   104    1508    (-,-) 
  inc_add_16_8_g512__4733/ZN -       A1->ZN R     NOR2_X2        3  3.9   159   214    1721    (-,-) 
  inc_add_16_8_g508__6131/ZN -       A1->ZN R     AND2_X2        1  2.0    60   188    1909    (-,-) 
  inc_add_16_8_g497__4319/CO -       A->CO  R     HA_X1          1  2.1   109   193    2102    (-,-) 
  inc_add_16_8_g492__6417/Z  -       A->Z   R     XOR2_X2        1  0.8   110   264    2365    (-,-) 
  g1241__5122/ZN             -       A1->ZN R     AND2_X2        1  1.2    51   153    2519    (-,-) 
  q_reg[23]/D                -       -      R     DFF_X2         1    -     -     0    2519    (-,-) 
#----------------------------------------------------------------------------------------------------



Path 11: MET (2424 ps) Setup Check with Pin q_reg[24]/CK->D
          Group: C2C
     Startpoint: (R) q_reg[0]/CK
          Clock: (R) clk
       Endpoint: (R) q_reg[24]/D
          Clock: (R) clk

                     Capture       Launch     
        Clock Edge:+    5000            0     
       Src Latency:+       0            0     
       Net Latency:+       0 (I)        0 (I) 
           Arrival:=    5000            0     
                                              
             Setup:-     136                  
     Required Time:=    4864                  
      Launch Clock:-       0                  
         Data Path:-    2440                  
             Slack:=    2424                  

#----------------------------------------------------------------------------------------------------
#       Timing Point         Flags    Arc   Edge   Cell     Fanout Load Trans Delay Arrival Instance 
#                                                                  (fF)  (ps)  (ps)   (ps)  Location 
#----------------------------------------------------------------------------------------------------
  q_reg[0]/CK                -       -      R     (arrival)     32    -     0     0       0    (-,-) 
  q_reg[0]/Q                 -       CK->Q  R     DFF_X2         4  5.6   127   390     390    (-,-) 
  inc_add_16_8_g526__6260/CO -       A->CO  R     HA_X1          2  3.0   145   254     644    (-,-) 
  inc_add_16_8_g525__5107/ZN -       A1->ZN R     AND3_X2        2  3.0    81   223     867    (-,-) 
  inc_add_16_8_g524__2398/ZN -       A1->ZN R     AND3_X2        2  3.1    82   200    1067    (-,-) 
  inc_add_16_8_g523__5477/ZN -       A1->ZN F     NAND3_X1       2  2.1    61   105    1172    (-,-) 
  inc_add_16_8_g520__7410/ZN -       A1->ZN R     NOR2_X2        3  4.6   179   232    1404    (-,-) 
  inc_add_16_8_g517__2883/ZN -       A1->ZN F     NAND4_X2       2  2.1    69   104    1508    (-,-) 
  inc_add_16_8_g512__4733/ZN -       A1->ZN R     NOR2_X2        3  3.9   159   214    1721    (-,-) 
  inc_add_16_8_g509__1881/ZN -       A1->ZN R     AND4_X2        2  3.0    83   240    1962    (-,-) 
  inc_add_16_8_g496__6260/S  -       A->S   R     HA_X1          1  0.8   160   307    2269    (-,-) 
  g1242__8246/ZN             -       A1->ZN R     AND2_X2        1  1.2    51   171    2440    (-,-) 
  q_reg[24]/D                -       -      R     DFF_X2         1    -     -     0    2440    (-,-) 
#----------------------------------------------------------------------------------------------------



Path 12: MET (2447 ps) Setup Check with Pin q_reg[11]/CK->D
          Group: C2C
     Startpoint: (R) q_reg[1]/CK
          Clock: (R) clk
       Endpoint: (F) q_reg[11]/D
          Clock: (R) clk

                     Capture       Launch     
        Clock Edge:+    5000            0     
       Src Latency:+       0            0     
       Net Latency:+       0 (I)        0 (I) 
           Arrival:=    5000            0     
                                              
             Setup:-     206                  
     Required Time:=    4794                  
      Launch Clock:-       0                  
         Data Path:-    2347                  
             Slack:=    2447                  

#----------------------------------------------------------------------------------------------------
#       Timing Point         Flags    Arc   Edge   Cell     Fanout Load Trans Delay Arrival Instance 
#                                                                  (fF)  (ps)  (ps)   (ps)  Location 
#----------------------------------------------------------------------------------------------------
  q_reg[1]/CK                -       -      R     (arrival)     32    -     0     0       0    (-,-) 
  q_reg[1]/Q                 -       CK->Q  F     DFF_X2         3  3.8    57   532     532    (-,-) 
  inc_add_16_8_g526__6260/CO -       B->CO  F     HA_X1          2  2.9    50   214     746    (-,-) 
  inc_add_16_8_g525__5107/ZN -       A1->ZN F     AND3_X2        2  2.9    45   204     950    (-,-) 
  inc_add_16_8_g524__2398/ZN -       A1->ZN F     AND3_X2        2  2.9    45   201    1151    (-,-) 
  inc_add_16_8_g523__5477/ZN -       A1->ZN R     NAND3_X1       2  2.4   182   192    1344    (-,-) 
  inc_add_16_8_g522/ZN       -       A->ZN  F     INV_X1         1  1.9    60   111    1454    (-,-) 
  inc_add_16_8_g511__7482/CO -       A->CO  F     HA_X1          1  1.9    40   173    1627    (-,-) 
  inc_add_16_8_g501__3680/CO -       A->CO  F     HA_X1          1  1.9    40   161    1788    (-,-) 
  inc_add_16_8_g490__1666/CO -       A->CO  F     HA_X1          1  1.8    40   159    1947    (-,-) 
  inc_add_16_8_g486__9315/Z  -       A->Z   F     XOR2_X2        1  0.8    47   241    2188    (-,-) 
  g1259__5107/ZN             -       A1->ZN F     AND2_X2        1  1.1    30   159    2347    (-,-) 
  q_reg[11]/D                -       -      F     DFF_X2         1    -     -     0    2347    (-,-) 
#----------------------------------------------------------------------------------------------------



Path 13: MET (2487 ps) Setup Check with Pin q_reg[22]/CK->D
          Group: C2C
     Startpoint: (R) q_reg[0]/CK
          Clock: (R) clk
       Endpoint: (R) q_reg[22]/D
          Clock: (R) clk

                     Capture       Launch     
        Clock Edge:+    5000            0     
       Src Latency:+       0            0     
       Net Latency:+       0 (I)        0 (I) 
           Arrival:=    5000            0     
                                              
             Setup:-     136                  
     Required Time:=    4864                  
      Launch Clock:-       0                  
         Data Path:-    2377                  
             Slack:=    2487                  

#----------------------------------------------------------------------------------------------------
#       Timing Point         Flags    Arc   Edge   Cell     Fanout Load Trans Delay Arrival Instance 
#                                                                  (fF)  (ps)  (ps)   (ps)  Location 
#----------------------------------------------------------------------------------------------------
  q_reg[0]/CK                -       -      R     (arrival)     32    -     0     0       0    (-,-) 
  q_reg[0]/Q                 -       CK->Q  R     DFF_X2         4  5.6   127   390     390    (-,-) 
  inc_add_16_8_g526__6260/CO -       A->CO  R     HA_X1          2  3.0   145   254     644    (-,-) 
  inc_add_16_8_g525__5107/ZN -       A1->ZN R     AND3_X2        2  3.0    81   223     867    (-,-) 
  inc_add_16_8_g524__2398/ZN -       A1->ZN R     AND3_X2        2  3.1    82   200    1067    (-,-) 
  inc_add_16_8_g523__5477/ZN -       A1->ZN F     NAND3_X1       2  2.1    61   105    1172    (-,-) 
  inc_add_16_8_g520__7410/ZN -       A1->ZN R     NOR2_X2        3  4.6   179   232    1404    (-,-) 
  inc_add_16_8_g517__2883/ZN -       A1->ZN F     NAND4_X2       2  2.1    69   104    1508    (-,-) 
  inc_add_16_8_g512__4733/ZN -       A1->ZN R     NOR2_X2        3  3.9   159   214    1721    (-,-) 
  inc_add_16_8_g508__6131/ZN -       A1->ZN R     AND2_X2        1  2.0    60   188    1909    (-,-) 
  inc_add_16_8_g497__4319/S  -       A->S   R     HA_X1          1  0.8   160   297    2206    (-,-) 
  g1240__1705/ZN             -       A1->ZN R     AND2_X2        1  1.2    51   171    2377    (-,-) 
  q_reg[22]/D                -       -      R     DFF_X2         1    -     -     0    2377    (-,-) 
#----------------------------------------------------------------------------------------------------



Path 14: MET (2500 ps) Setup Check with Pin q_reg[21]/CK->D
          Group: C2C
     Startpoint: (R) q_reg[0]/CK
          Clock: (R) clk
       Endpoint: (R) q_reg[21]/D
          Clock: (R) clk

                     Capture       Launch     
        Clock Edge:+    5000            0     
       Src Latency:+       0            0     
       Net Latency:+       0 (I)        0 (I) 
           Arrival:=    5000            0     
                                              
             Setup:-     136                  
     Required Time:=    4864                  
      Launch Clock:-       0                  
         Data Path:-    2364                  
             Slack:=    2500                  

#----------------------------------------------------------------------------------------------------
#       Timing Point         Flags    Arc   Edge   Cell     Fanout Load Trans Delay Arrival Instance 
#                                                                  (fF)  (ps)  (ps)   (ps)  Location 
#----------------------------------------------------------------------------------------------------
  q_reg[0]/CK                -       -      R     (arrival)     32    -     0     0       0    (-,-) 
  q_reg[0]/Q                 -       CK->Q  R     DFF_X2         4  5.6   127   390     390    (-,-) 
  inc_add_16_8_g526__6260/CO -       A->CO  R     HA_X1          2  3.0   145   254     644    (-,-) 
  inc_add_16_8_g525__5107/ZN -       A1->ZN R     AND3_X2        2  3.0    81   223     867    (-,-) 
  inc_add_16_8_g524__2398/ZN -       A1->ZN R     AND3_X2        2  3.1    82   200    1067    (-,-) 
  inc_add_16_8_g523__5477/ZN -       A1->ZN F     NAND3_X1       2  2.1    61   105    1172    (-,-) 
  inc_add_16_8_g520__7410/ZN -       A1->ZN R     NOR2_X2        3  4.6   179   232    1404    (-,-) 
  inc_add_16_8_g517__2883/ZN -       A1->ZN F     NAND4_X2       2  2.1    69   104    1508    (-,-) 
  inc_add_16_8_g512__4733/ZN -       A1->ZN R     NOR2_X2        3  3.9   159   214    1721    (-,-) 
  inc_add_16_8_g500__6783/CO -       A->CO  R     HA_X1          1  2.1   110   225    1947    (-,-) 
  inc_add_16_8_g495__5107/Z  -       A->Z   R     XOR2_X2        1  0.8   110   264    2210    (-,-) 
  g1239__2802/ZN             -       A1->ZN R     AND2_X2        1  1.2    51   153    2364    (-,-) 
  q_reg[21]/D                -       -      R     DFF_X2         1    -     -     0    2364    (-,-) 
#----------------------------------------------------------------------------------------------------



Path 15: MET (2507 ps) Setup Check with Pin q_reg[17]/CK->D
          Group: C2C
     Startpoint: (R) q_reg[0]/CK
          Clock: (R) clk
       Endpoint: (R) q_reg[17]/D
          Clock: (R) clk

                     Capture       Launch     
        Clock Edge:+    5000            0     
       Src Latency:+       0            0     
       Net Latency:+       0 (I)        0 (I) 
           Arrival:=    5000            0     
                                              
             Setup:-     136                  
     Required Time:=    4864                  
      Launch Clock:-       0                  
         Data Path:-    2357                  
             Slack:=    2507                  

#----------------------------------------------------------------------------------------------------
#       Timing Point         Flags    Arc   Edge   Cell     Fanout Load Trans Delay Arrival Instance 
#                                                                  (fF)  (ps)  (ps)   (ps)  Location 
#----------------------------------------------------------------------------------------------------
  q_reg[0]/CK                -       -      R     (arrival)     32    -     0     0       0    (-,-) 
  q_reg[0]/Q                 -       CK->Q  R     DFF_X2         4  5.6   127   390     390    (-,-) 
  inc_add_16_8_g526__6260/CO -       A->CO  R     HA_X1          2  3.0   145   254     644    (-,-) 
  inc_add_16_8_g525__5107/ZN -       A1->ZN R     AND3_X2        2  3.0    81   223     867    (-,-) 
  inc_add_16_8_g524__2398/ZN -       A1->ZN R     AND3_X2        2  3.1    82   200    1067    (-,-) 
  inc_add_16_8_g523__5477/ZN -       A1->ZN F     NAND3_X1       2  2.1    61   105    1172    (-,-) 
  inc_add_16_8_g520__7410/ZN -       A1->ZN R     NOR2_X2        3  4.6   179   232    1404    (-,-) 
  inc_add_16_8_g517__2883/ZN -       A1->ZN F     NAND4_X2       2  2.1    69   104    1508    (-,-) 
  inc_add_16_8_g516/ZN       -       A->ZN  R     INV_X1         1  2.0   107   158    1665    (-,-) 
  inc_add_16_8_g504__1705/CO -       A->CO  R     HA_X1          1  2.0   105   206    1871    (-,-) 
  inc_add_16_8_g493__5477/S  -       A->S   R     HA_X1          1  0.8   160   315    2186    (-,-) 
  g1235__5526/ZN             -       A1->ZN R     AND2_X2        1  1.2    51   171    2357    (-,-) 
  q_reg[17]/D                -       -      R     DFF_X2         1    -     -     0    2357    (-,-) 
#----------------------------------------------------------------------------------------------------



Path 16: MET (2601 ps) Setup Check with Pin q_reg[15]/CK->D
          Group: C2C
     Startpoint: (R) q_reg[1]/CK
          Clock: (R) clk
       Endpoint: (F) q_reg[15]/D
          Clock: (R) clk

                     Capture       Launch     
        Clock Edge:+    5000            0     
       Src Latency:+       0            0     
       Net Latency:+       0 (I)        0 (I) 
           Arrival:=    5000            0     
                                              
             Setup:-     206                  
     Required Time:=    4794                  
      Launch Clock:-       0                  
         Data Path:-    2194                  
             Slack:=    2601                  

#----------------------------------------------------------------------------------------------------
#       Timing Point         Flags    Arc   Edge   Cell     Fanout Load Trans Delay Arrival Instance 
#                                                                  (fF)  (ps)  (ps)   (ps)  Location 
#----------------------------------------------------------------------------------------------------
  q_reg[1]/CK                -       -      R     (arrival)     32    -     0     0       0    (-,-) 
  q_reg[1]/Q                 -       CK->Q  F     DFF_X2         3  3.8    57   532     532    (-,-) 
  inc_add_16_8_g526__6260/CO -       B->CO  F     HA_X1          2  2.9    50   214     746    (-,-) 
  inc_add_16_8_g525__5107/ZN -       A1->ZN F     AND3_X2        2  2.9    45   204     950    (-,-) 
  inc_add_16_8_g524__2398/ZN -       A1->ZN F     AND3_X2        2  2.9    45   201    1151    (-,-) 
  inc_add_16_8_g523__5477/ZN -       A1->ZN R     NAND3_X1       2  2.4   182   192    1344    (-,-) 
  inc_add_16_8_g520__7410/ZN -       A1->ZN F     NOR2_X2        3  4.4    61   117    1461    (-,-) 
  inc_add_16_8_g515__9945/ZN -       A1->ZN F     AND2_X2        1  1.9    34   177    1638    (-,-) 
  inc_add_16_8_g505__5122/CO -       A->CO  F     HA_X1          1  1.8    40   156    1794    (-,-) 
  inc_add_16_8_g499__5526/Z  -       A->Z   F     XOR2_X2        1  0.8    47   241    2035    (-,-) 
  g1234__8428/ZN             -       A1->ZN F     AND2_X2        1  1.1    30   159    2194    (-,-) 
  q_reg[15]/D                -       -      F     DFF_X2         1    -     -     0    2194    (-,-) 
#----------------------------------------------------------------------------------------------------



Path 17: MET (2629 ps) Setup Check with Pin q_reg[10]/CK->D
          Group: C2C
     Startpoint: (R) q_reg[1]/CK
          Clock: (R) clk
       Endpoint: (F) q_reg[10]/D
          Clock: (R) clk

                     Capture       Launch     
        Clock Edge:+    5000            0     
       Src Latency:+       0            0     
       Net Latency:+       0 (I)        0 (I) 
           Arrival:=    5000            0     
                                              
             Setup:-     206                  
     Required Time:=    4794                  
      Launch Clock:-       0                  
         Data Path:-    2165                  
             Slack:=    2629                  

#----------------------------------------------------------------------------------------------------
#       Timing Point         Flags    Arc   Edge   Cell     Fanout Load Trans Delay Arrival Instance 
#                                                                  (fF)  (ps)  (ps)   (ps)  Location 
#----------------------------------------------------------------------------------------------------
  q_reg[1]/CK                -       -      R     (arrival)     32    -     0     0       0    (-,-) 
  q_reg[1]/Q                 -       CK->Q  F     DFF_X2         3  3.8    57   532     532    (-,-) 
  inc_add_16_8_g526__6260/CO -       B->CO  F     HA_X1          2  2.9    50   214     746    (-,-) 
  inc_add_16_8_g525__5107/ZN -       A1->ZN F     AND3_X2        2  2.9    45   204     950    (-,-) 
  inc_add_16_8_g524__2398/ZN -       A1->ZN F     AND3_X2        2  2.9    45   201    1151    (-,-) 
  inc_add_16_8_g523__5477/ZN -       A1->ZN R     NAND3_X1       2  2.4   182   192    1344    (-,-) 
  inc_add_16_8_g522/ZN       -       A->ZN  F     INV_X1         1  1.9    60   111    1454    (-,-) 
  inc_add_16_8_g511__7482/CO -       A->CO  F     HA_X1          1  1.9    40   173    1627    (-,-) 
  inc_add_16_8_g501__3680/CO -       A->CO  F     HA_X1          1  1.9    40   161    1788    (-,-) 
  inc_add_16_8_g490__1666/S  -       A->S   F     HA_X1          1  0.8    50   217    2005    (-,-) 
  g1258__2398/ZN             -       A1->ZN F     AND2_X2        1  1.1    30   161    2165    (-,-) 
  q_reg[10]/D                -       -      F     DFF_X2         1    -     -     0    2165    (-,-) 
#----------------------------------------------------------------------------------------------------



Path 18: MET (2640 ps) Setup Check with Pin q_reg[20]/CK->D
          Group: C2C
     Startpoint: (R) q_reg[0]/CK
          Clock: (R) clk
       Endpoint: (R) q_reg[20]/D
          Clock: (R) clk

                     Capture       Launch     
        Clock Edge:+    5000            0     
       Src Latency:+       0            0     
       Net Latency:+       0 (I)        0 (I) 
           Arrival:=    5000            0     
                                              
             Setup:-     136                  
     Required Time:=    4864                  
      Launch Clock:-       0                  
         Data Path:-    2224                  
             Slack:=    2640                  

#----------------------------------------------------------------------------------------------------
#       Timing Point         Flags    Arc   Edge   Cell     Fanout Load Trans Delay Arrival Instance 
#                                                                  (fF)  (ps)  (ps)   (ps)  Location 
#----------------------------------------------------------------------------------------------------
  q_reg[0]/CK                -       -      R     (arrival)     32    -     0     0       0    (-,-) 
  q_reg[0]/Q                 -       CK->Q  R     DFF_X2         4  5.6   127   390     390    (-,-) 
  inc_add_16_8_g526__6260/CO -       A->CO  R     HA_X1          2  3.0   145   254     644    (-,-) 
  inc_add_16_8_g525__5107/ZN -       A1->ZN R     AND3_X2        2  3.0    81   223     867    (-,-) 
  inc_add_16_8_g524__2398/ZN -       A1->ZN R     AND3_X2        2  3.1    82   200    1067    (-,-) 
  inc_add_16_8_g523__5477/ZN -       A1->ZN F     NAND3_X1       2  2.1    61   105    1172    (-,-) 
  inc_add_16_8_g520__7410/ZN -       A1->ZN R     NOR2_X2        3  4.6   179   232    1404    (-,-) 
  inc_add_16_8_g517__2883/ZN -       A1->ZN F     NAND4_X2       2  2.1    69   104    1508    (-,-) 
  inc_add_16_8_g512__4733/ZN -       A1->ZN R     NOR2_X2        3  3.9   159   214    1721    (-,-) 
  inc_add_16_8_g500__6783/S  -       A->S   R     HA_X1          1  0.8   159   332    2054    (-,-) 
  g1238__1617/ZN             -       A1->ZN R     AND2_X2        1  1.2    51   171    2224    (-,-) 
  q_reg[20]/D                -       -      R     DFF_X2         1    -     -     0    2224    (-,-) 
#----------------------------------------------------------------------------------------------------



Path 19: MET (2707 ps) Setup Check with Pin q_reg[16]/CK->D
          Group: C2C
     Startpoint: (R) q_reg[1]/CK
          Clock: (R) clk
       Endpoint: (F) q_reg[16]/D
          Clock: (R) clk

                     Capture       Launch     
        Clock Edge:+    5000            0     
       Src Latency:+       0            0     
       Net Latency:+       0 (I)        0 (I) 
           Arrival:=    5000            0     
                                              
             Setup:-     206                  
     Required Time:=    4794                  
      Launch Clock:-       0                  
         Data Path:-    2087                  
             Slack:=    2707                  

#----------------------------------------------------------------------------------------------------
#       Timing Point         Flags    Arc   Edge   Cell     Fanout Load Trans Delay Arrival Instance 
#                                                                  (fF)  (ps)  (ps)   (ps)  Location 
#----------------------------------------------------------------------------------------------------
  q_reg[1]/CK                -       -      R     (arrival)     32    -     0     0       0    (-,-) 
  q_reg[1]/Q                 -       CK->Q  F     DFF_X2         3  3.8    57   532     532    (-,-) 
  inc_add_16_8_g526__6260/CO -       B->CO  F     HA_X1          2  2.9    50   214     746    (-,-) 
  inc_add_16_8_g525__5107/ZN -       A1->ZN F     AND3_X2        2  2.9    45   204     950    (-,-) 
  inc_add_16_8_g524__2398/ZN -       A1->ZN F     AND3_X2        2  2.9    45   201    1151    (-,-) 
  inc_add_16_8_g523__5477/ZN -       A1->ZN R     NAND3_X1       2  2.4   182   192    1344    (-,-) 
  inc_add_16_8_g520__7410/ZN -       A1->ZN F     NOR2_X2        3  4.4    61   117    1461    (-,-) 
  inc_add_16_8_g517__2883/ZN -       A1->ZN R     NAND4_X2       2  2.4   138   145    1606    (-,-) 
  inc_add_16_8_g516/ZN       -       A->ZN  F     INV_X1         1  1.9    50    99    1704    (-,-) 
  inc_add_16_8_g504__1705/S  -       A->S   F     HA_X1          1  0.8    50   222    1926    (-,-) 
  g1233__4319/ZN             -       A1->ZN F     AND2_X2        1  1.1    30   161    2087    (-,-) 
  q_reg[16]/D                -       -      F     DFF_X2         1    -     -     0    2087    (-,-) 
#----------------------------------------------------------------------------------------------------



Path 20: MET (2762 ps) Setup Check with Pin q_reg[13]/CK->D
          Group: C2C
     Startpoint: (R) q_reg[1]/CK
          Clock: (R) clk
       Endpoint: (F) q_reg[13]/D
          Clock: (R) clk

                     Capture       Launch     
        Clock Edge:+    5000            0     
       Src Latency:+       0            0     
       Net Latency:+       0 (I)        0 (I) 
           Arrival:=    5000            0     
                                              
             Setup:-     206                  
     Required Time:=    4794                  
      Launch Clock:-       0                  
         Data Path:-    2033                  
             Slack:=    2762                  

#----------------------------------------------------------------------------------------------------
#       Timing Point         Flags    Arc   Edge   Cell     Fanout Load Trans Delay Arrival Instance 
#                                                                  (fF)  (ps)  (ps)   (ps)  Location 
#----------------------------------------------------------------------------------------------------
  q_reg[1]/CK                -       -      R     (arrival)     32    -     0     0       0    (-,-) 
  q_reg[1]/Q                 -       CK->Q  F     DFF_X2         3  3.8    57   532     532    (-,-) 
  inc_add_16_8_g526__6260/CO -       B->CO  F     HA_X1          2  2.9    50   214     746    (-,-) 
  inc_add_16_8_g525__5107/ZN -       A1->ZN F     AND3_X2        2  2.9    45   204     950    (-,-) 
  inc_add_16_8_g524__2398/ZN -       A1->ZN F     AND3_X2        2  2.9    45   201    1151    (-,-) 
  inc_add_16_8_g523__5477/ZN -       A1->ZN R     NAND3_X1       2  2.4   182   192    1344    (-,-) 
  inc_add_16_8_g520__7410/ZN -       A1->ZN F     NOR2_X2        3  4.4    61   117    1461    (-,-) 
  inc_add_16_8_g507__7098/CO -       A->CO  F     HA_X1          1  1.8    40   172    1633    (-,-) 
  inc_add_16_8_g503__2802/Z  -       A->Z   F     XOR2_X2        1  0.8    47   241    1874    (-,-) 
  g1246__5115/ZN             -       A1->ZN F     AND2_X2        1  1.1    30   159    2033    (-,-) 
  q_reg[13]/D                -       -      F     DFF_X2         1    -     -     0    2033    (-,-) 
#----------------------------------------------------------------------------------------------------



Path 21: MET (2782 ps) Setup Check with Pin q_reg[14]/CK->D
          Group: C2C
     Startpoint: (R) q_reg[1]/CK
          Clock: (R) clk
       Endpoint: (F) q_reg[14]/D
          Clock: (R) clk

                     Capture       Launch     
        Clock Edge:+    5000            0     
       Src Latency:+       0            0     
       Net Latency:+       0 (I)        0 (I) 
           Arrival:=    5000            0     
                                              
             Setup:-     206                  
     Required Time:=    4794                  
      Launch Clock:-       0                  
         Data Path:-    2012                  
             Slack:=    2782                  

#----------------------------------------------------------------------------------------------------
#       Timing Point         Flags    Arc   Edge   Cell     Fanout Load Trans Delay Arrival Instance 
#                                                                  (fF)  (ps)  (ps)   (ps)  Location 
#----------------------------------------------------------------------------------------------------
  q_reg[1]/CK                -       -      R     (arrival)     32    -     0     0       0    (-,-) 
  q_reg[1]/Q                 -       CK->Q  F     DFF_X2         3  3.8    57   532     532    (-,-) 
  inc_add_16_8_g526__6260/CO -       B->CO  F     HA_X1          2  2.9    50   214     746    (-,-) 
  inc_add_16_8_g525__5107/ZN -       A1->ZN F     AND3_X2        2  2.9    45   204     950    (-,-) 
  inc_add_16_8_g524__2398/ZN -       A1->ZN F     AND3_X2        2  2.9    45   201    1151    (-,-) 
  inc_add_16_8_g523__5477/ZN -       A1->ZN R     NAND3_X1       2  2.4   182   192    1344    (-,-) 
  inc_add_16_8_g520__7410/ZN -       A1->ZN F     NOR2_X2        3  4.4    61   117    1461    (-,-) 
  inc_add_16_8_g515__9945/ZN -       A1->ZN F     AND2_X2        1  1.9    34   177    1638    (-,-) 
  inc_add_16_8_g505__5122/S  -       A->S   F     HA_X1          1  0.8    50   214    1852    (-,-) 
  g1232__6260/ZN             -       A1->ZN F     AND2_X2        1  1.1    30   161    2012    (-,-) 
  q_reg[14]/D                -       -      F     DFF_X2         1    -     -     0    2012    (-,-) 
#----------------------------------------------------------------------------------------------------



Path 22: MET (2790 ps) Setup Check with Pin q_reg[9]/CK->D
          Group: C2C
     Startpoint: (R) q_reg[1]/CK
          Clock: (R) clk
       Endpoint: (F) q_reg[9]/D
          Clock: (R) clk

                     Capture       Launch     
        Clock Edge:+    5000            0     
       Src Latency:+       0            0     
       Net Latency:+       0 (I)        0 (I) 
           Arrival:=    5000            0     
                                              
             Setup:-     206                  
     Required Time:=    4794                  
      Launch Clock:-       0                  
         Data Path:-    2005                  
             Slack:=    2790                  

#----------------------------------------------------------------------------------------------------
#       Timing Point         Flags    Arc   Edge   Cell     Fanout Load Trans Delay Arrival Instance 
#                                                                  (fF)  (ps)  (ps)   (ps)  Location 
#----------------------------------------------------------------------------------------------------
  q_reg[1]/CK                -       -      R     (arrival)     32    -     0     0       0    (-,-) 
  q_reg[1]/Q                 -       CK->Q  F     DFF_X2         3  3.8    57   532     532    (-,-) 
  inc_add_16_8_g526__6260/CO -       B->CO  F     HA_X1          2  2.9    50   214     746    (-,-) 
  inc_add_16_8_g525__5107/ZN -       A1->ZN F     AND3_X2        2  2.9    45   204     950    (-,-) 
  inc_add_16_8_g524__2398/ZN -       A1->ZN F     AND3_X2        2  2.9    45   201    1151    (-,-) 
  inc_add_16_8_g523__5477/ZN -       A1->ZN R     NAND3_X1       2  2.4   182   192    1344    (-,-) 
  inc_add_16_8_g522/ZN       -       A->ZN  F     INV_X1         1  1.9    60   111    1454    (-,-) 
  inc_add_16_8_g511__7482/CO -       A->CO  F     HA_X1          1  1.9    40   173    1627    (-,-) 
  inc_add_16_8_g501__3680/S  -       A->S   F     HA_X1          1  0.8    50   217    1844    (-,-) 
  g1257__5477/ZN             -       A1->ZN F     AND2_X2        1  1.1    30   161    2005    (-,-) 
  q_reg[9]/D                 -       -      F     DFF_X2         1    -     -     0    2005    (-,-) 
#----------------------------------------------------------------------------------------------------



Path 23: MET (2926 ps) Setup Check with Pin q_reg[8]/CK->D
          Group: C2C
     Startpoint: (R) q_reg[1]/CK
          Clock: (R) clk
       Endpoint: (F) q_reg[8]/D
          Clock: (R) clk

                     Capture       Launch     
        Clock Edge:+    5000            0     
       Src Latency:+       0            0     
       Net Latency:+       0 (I)        0 (I) 
           Arrival:=    5000            0     
                                              
             Setup:-     206                  
     Required Time:=    4794                  
      Launch Clock:-       0                  
         Data Path:-    1868                  
             Slack:=    2926                  

#----------------------------------------------------------------------------------------------------
#       Timing Point         Flags    Arc   Edge   Cell     Fanout Load Trans Delay Arrival Instance 
#                                                                  (fF)  (ps)  (ps)   (ps)  Location 
#----------------------------------------------------------------------------------------------------
  q_reg[1]/CK                -       -      R     (arrival)     32    -     0     0       0    (-,-) 
  q_reg[1]/Q                 -       CK->Q  F     DFF_X2         3  3.8    57   532     532    (-,-) 
  inc_add_16_8_g526__6260/CO -       B->CO  F     HA_X1          2  2.9    50   214     746    (-,-) 
  inc_add_16_8_g525__5107/ZN -       A1->ZN F     AND3_X2        2  2.9    45   204     950    (-,-) 
  inc_add_16_8_g524__2398/ZN -       A1->ZN F     AND3_X2        2  2.9    45   201    1151    (-,-) 
  inc_add_16_8_g523__5477/ZN -       A1->ZN R     NAND3_X1       2  2.4   182   192    1344    (-,-) 
  inc_add_16_8_g522/ZN       -       A->ZN  F     INV_X1         1  1.9    60   111    1454    (-,-) 
  inc_add_16_8_g511__7482/S  -       A->S   F     HA_X1          1  0.8    50   227    1681    (-,-) 
  g1256__6417/ZN             -       A2->ZN F     AND2_X2        1  1.1    30   187    1868    (-,-) 
  q_reg[8]/D                 -       -      F     DFF_X2         1    -     -     0    1868    (-,-) 
#----------------------------------------------------------------------------------------------------



Path 24: MET (2938 ps) Setup Check with Pin q_reg[12]/CK->D
          Group: C2C
     Startpoint: (R) q_reg[1]/CK
          Clock: (R) clk
       Endpoint: (F) q_reg[12]/D
          Clock: (R) clk

                     Capture       Launch     
        Clock Edge:+    5000            0     
       Src Latency:+       0            0     
       Net Latency:+       0 (I)        0 (I) 
           Arrival:=    5000            0     
                                              
             Setup:-     206                  
     Required Time:=    4794                  
      Launch Clock:-       0                  
         Data Path:-    1857                  
             Slack:=    2938                  

#----------------------------------------------------------------------------------------------------
#       Timing Point         Flags    Arc   Edge   Cell     Fanout Load Trans Delay Arrival Instance 
#                                                                  (fF)  (ps)  (ps)   (ps)  Location 
#----------------------------------------------------------------------------------------------------
  q_reg[1]/CK                -       -      R     (arrival)     32    -     0     0       0    (-,-) 
  q_reg[1]/Q                 -       CK->Q  F     DFF_X2         3  3.8    57   532     532    (-,-) 
  inc_add_16_8_g526__6260/CO -       B->CO  F     HA_X1          2  2.9    50   214     746    (-,-) 
  inc_add_16_8_g525__5107/ZN -       A1->ZN F     AND3_X2        2  2.9    45   204     950    (-,-) 
  inc_add_16_8_g524__2398/ZN -       A1->ZN F     AND3_X2        2  2.9    45   201    1151    (-,-) 
  inc_add_16_8_g523__5477/ZN -       A1->ZN R     NAND3_X1       2  2.4   182   192    1344    (-,-) 
  inc_add_16_8_g520__7410/ZN -       A1->ZN F     NOR2_X2        3  4.4    61   117    1461    (-,-) 
  inc_add_16_8_g507__7098/S  -       A->S   F     HA_X1          1  0.8    62   228    1689    (-,-) 
  g1260__6260/ZN             -       A1->ZN F     AND2_X2        1  1.1    30   168    1857    (-,-) 
  q_reg[12]/D                -       -      F     DFF_X2         1    -     -     0    1857    (-,-) 
#----------------------------------------------------------------------------------------------------



Path 25: MET (3081 ps) Setup Check with Pin q_reg[7]/CK->D
          Group: C2C
     Startpoint: (R) q_reg[1]/CK
          Clock: (R) clk
       Endpoint: (F) q_reg[7]/D
          Clock: (R) clk

                     Capture       Launch     
        Clock Edge:+    5000            0     
       Src Latency:+       0            0     
       Net Latency:+       0 (I)        0 (I) 
           Arrival:=    5000            0     
                                              
             Setup:-     206                  
     Required Time:=    4794                  
      Launch Clock:-       0                  
         Data Path:-    1714                  
             Slack:=    3081                  

#----------------------------------------------------------------------------------------------------
#       Timing Point         Flags    Arc   Edge   Cell     Fanout Load Trans Delay Arrival Instance 
#                                                                  (fF)  (ps)  (ps)   (ps)  Location 
#----------------------------------------------------------------------------------------------------
  q_reg[1]/CK                -       -      R     (arrival)     32    -     0     0       0    (-,-) 
  q_reg[1]/Q                 -       CK->Q  F     DFF_X2         3  3.8    57   532     532    (-,-) 
  inc_add_16_8_g526__6260/CO -       B->CO  F     HA_X1          2  2.9    50   214     746    (-,-) 
  inc_add_16_8_g525__5107/ZN -       A1->ZN F     AND3_X2        2  2.9    45   204     950    (-,-) 
  inc_add_16_8_g524__2398/ZN -       A1->ZN F     AND3_X2        2  2.9    45   201    1151    (-,-) 
  inc_add_16_8_g514__9315/CO -       A->CO  F     HA_X1          1  1.8    40   162    1314    (-,-) 
  inc_add_16_8_g510__5115/Z  -       A->Z   F     XOR2_X2        1  0.8    47   241    1555    (-,-) 
  g1255__7410/ZN             -       A1->ZN F     AND2_X2        1  1.1    30   159    1714    (-,-) 
  q_reg[7]/D                 -       -      F     DFF_X2         1    -     -     0    1714    (-,-) 
#----------------------------------------------------------------------------------------------------



Path 26: MET (3090 ps) Setup Check with Pin q_reg[6]/CK->D
          Group: C2C
     Startpoint: (R) q_reg[17]/CK
          Clock: (R) clk
       Endpoint: (R) q_reg[6]/D
          Clock: (R) clk

                     Capture       Launch     
        Clock Edge:+    5000            0     
       Src Latency:+       0            0     
       Net Latency:+       0 (I)        0 (I) 
           Arrival:=    5000            0     
                                              
             Setup:-     136                  
     Required Time:=    4864                  
      Launch Clock:-       0                  
         Data Path:-    1774                  
             Slack:=    3090                  

#----------------------------------------------------------------------------------------
# Timing Point   Flags    Arc   Edge   Cell     Fanout Load Trans Delay Arrival Instance 
#                                                      (fF)  (ps)  (ps)   (ps)  Location 
#----------------------------------------------------------------------------------------
  q_reg[17]/CK   -       -      R     (arrival)     32    -     0     0       0    (-,-) 
  q_reg[17]/Q    -       CK->Q  F     DFF_X2         3  3.8    57   532     532    (-,-) 
  g1272__1308/ZN -       A4->ZN R     NAND4_X2       2  3.2   154   239     771    (-,-) 
  g1266__3680/ZN -       A4->ZN F     NOR4_X2        1  1.3    53   116     887    (-,-) 
  g1264__5526/ZN -       A1->ZN R     NAND2_X2       1  0.9    57    86     973    (-,-) 
  g1263__8428/ZN -       A1->ZN R     AND3_X4       32 43.3   427   569    1543    (-,-) 
  g1254__1666/ZN -       A2->ZN R     AND2_X2        1  1.2    51   231    1774    (-,-) 
  q_reg[6]/D     -       -      R     DFF_X2         1    -     -     0    1774    (-,-) 
#----------------------------------------------------------------------------------------



Path 27: MET (3104 ps) Setup Check with Pin q_reg[5]/CK->D
          Group: C2C
     Startpoint: (R) q_reg[17]/CK
          Clock: (R) clk
       Endpoint: (R) q_reg[5]/D
          Clock: (R) clk

                     Capture       Launch     
        Clock Edge:+    5000            0     
       Src Latency:+       0            0     
       Net Latency:+       0 (I)        0 (I) 
           Arrival:=    5000            0     
                                              
             Setup:-     137                  
     Required Time:=    4863                  
      Launch Clock:-       0                  
         Data Path:-    1759                  
             Slack:=    3104                  

#----------------------------------------------------------------------------------------
# Timing Point   Flags    Arc   Edge   Cell     Fanout Load Trans Delay Arrival Instance 
#                                                      (fF)  (ps)  (ps)   (ps)  Location 
#----------------------------------------------------------------------------------------
  q_reg[17]/CK   -       -      R     (arrival)     32    -     0     0       0    (-,-) 
  q_reg[17]/Q    -       CK->Q  F     DFF_X2         3  3.8    57   532     532    (-,-) 
  g1272__1308/ZN -       A4->ZN R     NAND4_X2       2  3.2   154   239     771    (-,-) 
  g1266__3680/ZN -       A4->ZN F     NOR4_X2        1  1.3    53   116     887    (-,-) 
  g1264__5526/ZN -       A1->ZN R     NAND2_X2       1  0.9    57    86     973    (-,-) 
  g1263__8428/ZN -       A1->ZN R     AND3_X4       32 43.3   427   569    1543    (-,-) 
  g1253__2346/ZN -       A1->ZN R     AND2_X2        1  1.2    54   216    1759    (-,-) 
  q_reg[5]/D     -       -      R     DFF_X2         1    -     -     0    1759    (-,-) 
#----------------------------------------------------------------------------------------



Path 28: MET (3104 ps) Setup Check with Pin q_reg[4]/CK->D
          Group: C2C
     Startpoint: (R) q_reg[17]/CK
          Clock: (R) clk
       Endpoint: (R) q_reg[4]/D
          Clock: (R) clk

                     Capture       Launch     
        Clock Edge:+    5000            0     
       Src Latency:+       0            0     
       Net Latency:+       0 (I)        0 (I) 
           Arrival:=    5000            0     
                                              
             Setup:-     137                  
     Required Time:=    4863                  
      Launch Clock:-       0                  
         Data Path:-    1759                  
             Slack:=    3104                  

#----------------------------------------------------------------------------------------
# Timing Point   Flags    Arc   Edge   Cell     Fanout Load Trans Delay Arrival Instance 
#                                                      (fF)  (ps)  (ps)   (ps)  Location 
#----------------------------------------------------------------------------------------
  q_reg[17]/CK   -       -      R     (arrival)     32    -     0     0       0    (-,-) 
  q_reg[17]/Q    -       CK->Q  F     DFF_X2         3  3.8    57   532     532    (-,-) 
  g1272__1308/ZN -       A4->ZN R     NAND4_X2       2  3.2   154   239     771    (-,-) 
  g1266__3680/ZN -       A4->ZN F     NOR4_X2        1  1.3    53   116     887    (-,-) 
  g1264__5526/ZN -       A1->ZN R     NAND2_X2       1  0.9    57    86     973    (-,-) 
  g1263__8428/ZN -       A1->ZN R     AND3_X4       32 43.3   427   569    1543    (-,-) 
  g1252__2883/ZN -       A1->ZN R     AND2_X2        1  1.2    54   216    1759    (-,-) 
  q_reg[4]/D     -       -      R     DFF_X2         1    -     -     0    1759    (-,-) 
#----------------------------------------------------------------------------------------



Path 29: MET (3104 ps) Setup Check with Pin q_reg[3]/CK->D
          Group: C2C
     Startpoint: (R) q_reg[17]/CK
          Clock: (R) clk
       Endpoint: (R) q_reg[3]/D
          Clock: (R) clk

                     Capture       Launch     
        Clock Edge:+    5000            0     
       Src Latency:+       0            0     
       Net Latency:+       0 (I)        0 (I) 
           Arrival:=    5000            0     
                                              
             Setup:-     137                  
     Required Time:=    4863                  
      Launch Clock:-       0                  
         Data Path:-    1759                  
             Slack:=    3104                  

#----------------------------------------------------------------------------------------
# Timing Point   Flags    Arc   Edge   Cell     Fanout Load Trans Delay Arrival Instance 
#                                                      (fF)  (ps)  (ps)   (ps)  Location 
#----------------------------------------------------------------------------------------
  q_reg[17]/CK   -       -      R     (arrival)     32    -     0     0       0    (-,-) 
  q_reg[17]/Q    -       CK->Q  F     DFF_X2         3  3.8    57   532     532    (-,-) 
  g1272__1308/ZN -       A4->ZN R     NAND4_X2       2  3.2   154   239     771    (-,-) 
  g1266__3680/ZN -       A4->ZN F     NOR4_X2        1  1.3    53   116     887    (-,-) 
  g1264__5526/ZN -       A1->ZN R     NAND2_X2       1  0.9    57    86     973    (-,-) 
  g1263__8428/ZN -       A1->ZN R     AND3_X4       32 43.3   427   569    1543    (-,-) 
  g1251__9945/ZN -       A1->ZN R     AND2_X2        1  1.2    54   216    1759    (-,-) 
  q_reg[3]/D     -       -      R     DFF_X2         1    -     -     0    1759    (-,-) 
#----------------------------------------------------------------------------------------



Path 30: MET (3104 ps) Setup Check with Pin q_reg[2]/CK->D
          Group: C2C
     Startpoint: (R) q_reg[17]/CK
          Clock: (R) clk
       Endpoint: (R) q_reg[2]/D
          Clock: (R) clk

                     Capture       Launch     
        Clock Edge:+    5000            0     
       Src Latency:+       0            0     
       Net Latency:+       0 (I)        0 (I) 
           Arrival:=    5000            0     
                                              
             Setup:-     137                  
     Required Time:=    4863                  
      Launch Clock:-       0                  
         Data Path:-    1759                  
             Slack:=    3104                  

#----------------------------------------------------------------------------------------
# Timing Point   Flags    Arc   Edge   Cell     Fanout Load Trans Delay Arrival Instance 
#                                                      (fF)  (ps)  (ps)   (ps)  Location 
#----------------------------------------------------------------------------------------
  q_reg[17]/CK   -       -      R     (arrival)     32    -     0     0       0    (-,-) 
  q_reg[17]/Q    -       CK->Q  F     DFF_X2         3  3.8    57   532     532    (-,-) 
  g1272__1308/ZN -       A4->ZN R     NAND4_X2       2  3.2   154   239     771    (-,-) 
  g1266__3680/ZN -       A4->ZN F     NOR4_X2        1  1.3    53   116     887    (-,-) 
  g1264__5526/ZN -       A1->ZN R     NAND2_X2       1  0.9    57    86     973    (-,-) 
  g1263__8428/ZN -       A1->ZN R     AND3_X4       32 43.3   427   569    1543    (-,-) 
  g1250__9315/ZN -       A1->ZN R     AND2_X2        1  1.2    54   216    1759    (-,-) 
  q_reg[2]/D     -       -      R     DFF_X2         1    -     -     0    1759    (-,-) 
#----------------------------------------------------------------------------------------



Path 31: MET (3104 ps) Setup Check with Pin q_reg[1]/CK->D
          Group: C2C
     Startpoint: (R) q_reg[17]/CK
          Clock: (R) clk
       Endpoint: (R) q_reg[1]/D
          Clock: (R) clk

                     Capture       Launch     
        Clock Edge:+    5000            0     
       Src Latency:+       0            0     
       Net Latency:+       0 (I)        0 (I) 
           Arrival:=    5000            0     
                                              
             Setup:-     137                  
     Required Time:=    4863                  
      Launch Clock:-       0                  
         Data Path:-    1759                  
             Slack:=    3104                  

#----------------------------------------------------------------------------------------
# Timing Point   Flags    Arc   Edge   Cell     Fanout Load Trans Delay Arrival Instance 
#                                                      (fF)  (ps)  (ps)   (ps)  Location 
#----------------------------------------------------------------------------------------
  q_reg[17]/CK   -       -      R     (arrival)     32    -     0     0       0    (-,-) 
  q_reg[17]/Q    -       CK->Q  F     DFF_X2         3  3.8    57   532     532    (-,-) 
  g1272__1308/ZN -       A4->ZN R     NAND4_X2       2  3.2   154   239     771    (-,-) 
  g1266__3680/ZN -       A4->ZN F     NOR4_X2        1  1.3    53   116     887    (-,-) 
  g1264__5526/ZN -       A1->ZN R     NAND2_X2       1  0.9    57    86     973    (-,-) 
  g1263__8428/ZN -       A1->ZN R     AND3_X4       32 43.3   427   569    1543    (-,-) 
  g1249__6161/ZN -       A1->ZN R     AND2_X2        1  1.2    54   216    1759    (-,-) 
  q_reg[1]/D     -       -      R     DFF_X2         1    -     -     0    1759    (-,-) 
#----------------------------------------------------------------------------------------



Path 32: MET (3135 ps) Setup Check with Pin q_reg[0]/CK->D
          Group: C2C
     Startpoint: (R) q_reg[17]/CK
          Clock: (R) clk
       Endpoint: (R) q_reg[0]/D
          Clock: (R) clk

                     Capture       Launch     
        Clock Edge:+    5000            0     
       Src Latency:+       0            0     
       Net Latency:+       0 (I)        0 (I) 
           Arrival:=    5000            0     
                                              
             Setup:-     150                  
     Required Time:=    4850                  
      Launch Clock:-       0                  
         Data Path:-    1715                  
             Slack:=    3135                  

#----------------------------------------------------------------------------------------
# Timing Point   Flags    Arc   Edge   Cell     Fanout Load Trans Delay Arrival Instance 
#                                                      (fF)  (ps)  (ps)   (ps)  Location 
#----------------------------------------------------------------------------------------
  q_reg[17]/CK   -       -      R     (arrival)     32    -     0     0       0    (-,-) 
  q_reg[17]/Q    -       CK->Q  F     DFF_X2         3  3.8    57   532     532    (-,-) 
  g1272__1308/ZN -       A4->ZN R     NAND4_X2       2  3.2   154   239     771    (-,-) 
  g1266__3680/ZN -       A4->ZN F     NOR4_X2        1  1.3    53   116     887    (-,-) 
  g1264__5526/ZN -       A1->ZN R     NAND2_X2       1  0.9    57    86     973    (-,-) 
  g1263__8428/ZN -       A1->ZN R     AND3_X4       32 43.3   427   569    1543    (-,-) 
  g1262/ZN       -       A->ZN  F     INV_X4         1  1.2    76    41    1583    (-,-) 
  g1245__1881/ZN -       A1->ZN R     NOR2_X2        1  1.2    81   131    1715    (-,-) 
  q_reg[0]/D     -       -      R     DFF_X2         1    -     -     0    1715    (-,-) 
#----------------------------------------------------------------------------------------

Some unconstrained paths have not been displayed.
Use -unconstrained or set the root attribute 'timing_report_unconstrained' to 'true' to see only these unconstrained paths.

