============================================================
  Generated by:           Genus(TM) Synthesis Solution 20.11-s111_1
  Generated on:           Apr 14 2025  12:55:02 pm
  Module:                 counter
  Operating conditions:   slow (balanced_tree)
  Wireload mode:          enclosed
  Area mode:              timing library
============================================================


Path 1: MET (2784 ps) Setup Check with Pin q_reg[31]/clk->d
          Group: C2C
     Startpoint: (R) q_reg[0]/clk
          Clock: (R) clk
       Endpoint: (R) q_reg[31]/d
          Clock: (R) clk

                     Capture       Launch     
        Clock Edge:+    5000            0     
       Src Latency:+       0            0     
       Net Latency:+       0 (I)        0 (I) 
           Arrival:=    5000            0     
                                              
             Setup:-     194                  
     Required Time:=    4806                  
      Launch Clock:-       0                  
         Data Path:-    2022                  
             Slack:=    2784                  

#------------------------------------------------------------------------------------------------------
#    Timing Point     Flags    Arc    Edge       Cell         Fanout Load Trans Delay Arrival Instance 
#                                                                    (fF)  (ps)  (ps)   (ps)  Location 
#------------------------------------------------------------------------------------------------------
  q_reg[0]/clk        -       -       R     (arrival)             32    -     0     0       0    (-,-) 
  q_reg[0]/q          (u)     clk->q  R     unmapped_d_flop        6  9.8     0   625     625    (-,-) 
  inc_add_16_8/g613/z (u)     in_0->z F     unmapped_nand2         4  6.4     0   154     779    (-,-) 
  inc_add_16_8/g600/z (u)     in_1->z F     unmapped_or2           4  6.4     0   154     934    (-,-) 
  inc_add_16_8/g587/z (u)     in_0->z F     unmapped_or2           4  6.4     0   154    1088    (-,-) 
  inc_add_16_8/g581/z (u)     in_1->z F     unmapped_or2           4  6.4     0   154    1242    (-,-) 
  inc_add_16_8/g559/z (u)     in_0->z F     unmapped_or2          11 17.6     0   218    1460    (-,-) 
  inc_add_16_8/g551/z (u)     in_0->z F     unmapped_or2           3  4.8     0   137    1597    (-,-) 
  inc_add_16_8/g522/z (u)     in_1->z F     unmapped_or2           2  3.2     0   119    1716    (-,-) 
  inc_add_16_8/g491/z (u)     in_1->z F     unmapped_or2           1  1.6     0   102    1818    (-,-) 
  inc_add_16_8/g492/z (u)     in_1->z R     unmapped_nand2         1  1.9     0   102    1920    (-,-) 
  g746/z              (u)     in_0->z R     unmapped_complex2      1  1.9     0   102    2022    (-,-) 
  q_reg[31]/d         -       -       R     unmapped_d_flop        1    -     -     0    2022    (-,-) 
#------------------------------------------------------------------------------------------------------

(u) : Net has unmapped pin(s).



Path 2: MET (2784 ps) Setup Check with Pin q_reg[30]/clk->d
          Group: C2C
     Startpoint: (R) q_reg[0]/clk
          Clock: (R) clk
       Endpoint: (R) q_reg[30]/d
          Clock: (R) clk

                     Capture       Launch     
        Clock Edge:+    5000            0     
       Src Latency:+       0            0     
       Net Latency:+       0 (I)        0 (I) 
           Arrival:=    5000            0     
                                              
             Setup:-     194                  
     Required Time:=    4806                  
      Launch Clock:-       0                  
         Data Path:-    2022                  
             Slack:=    2784                  

#------------------------------------------------------------------------------------------------------
#    Timing Point     Flags    Arc    Edge       Cell         Fanout Load Trans Delay Arrival Instance 
#                                                                    (fF)  (ps)  (ps)   (ps)  Location 
#------------------------------------------------------------------------------------------------------
  q_reg[0]/clk        -       -       R     (arrival)             32    -     0     0       0    (-,-) 
  q_reg[0]/q          (u)     clk->q  R     unmapped_d_flop        6  9.8     0   625     625    (-,-) 
  inc_add_16_8/g613/z (u)     in_0->z F     unmapped_nand2         4  6.4     0   154     779    (-,-) 
  inc_add_16_8/g600/z (u)     in_1->z F     unmapped_or2           4  6.4     0   154     934    (-,-) 
  inc_add_16_8/g587/z (u)     in_0->z F     unmapped_or2           4  6.4     0   154    1088    (-,-) 
  inc_add_16_8/g581/z (u)     in_1->z F     unmapped_or2           4  6.4     0   154    1242    (-,-) 
  inc_add_16_8/g559/z (u)     in_0->z F     unmapped_or2          11 17.6     0   218    1460    (-,-) 
  inc_add_16_8/g553/z (u)     in_1->z F     unmapped_or2           3  4.8     0   137    1597    (-,-) 
  inc_add_16_8/g534/z (u)     in_1->z F     unmapped_or2           2  3.2     0   119    1716    (-,-) 
  inc_add_16_8/g485/z (u)     in_1->z F     unmapped_or2           1  1.6     0   102    1818    (-,-) 
  inc_add_16_8/g486/z (u)     in_1->z R     unmapped_nand2         1  1.9     0   102    1920    (-,-) 
  g742/z              (u)     in_0->z R     unmapped_complex2      1  1.9     0   102    2022    (-,-) 
  q_reg[30]/d         -       -       R     unmapped_d_flop        1    -     -     0    2022    (-,-) 
#------------------------------------------------------------------------------------------------------

(u) : Net has unmapped pin(s).



Path 3: MET (2784 ps) Setup Check with Pin q_reg[27]/clk->d
          Group: C2C
     Startpoint: (R) q_reg[0]/clk
          Clock: (R) clk
       Endpoint: (R) q_reg[27]/d
          Clock: (R) clk

                     Capture       Launch     
        Clock Edge:+    5000            0     
       Src Latency:+       0            0     
       Net Latency:+       0 (I)        0 (I) 
           Arrival:=    5000            0     
                                              
             Setup:-     194                  
     Required Time:=    4806                  
      Launch Clock:-       0                  
         Data Path:-    2022                  
             Slack:=    2784                  

#------------------------------------------------------------------------------------------------------
#    Timing Point     Flags    Arc    Edge       Cell         Fanout Load Trans Delay Arrival Instance 
#                                                                    (fF)  (ps)  (ps)   (ps)  Location 
#------------------------------------------------------------------------------------------------------
  q_reg[0]/clk        -       -       R     (arrival)             32    -     0     0       0    (-,-) 
  q_reg[0]/q          (u)     clk->q  R     unmapped_d_flop        6  9.8     0   625     625    (-,-) 
  inc_add_16_8/g613/z (u)     in_0->z F     unmapped_nand2         4  6.4     0   154     779    (-,-) 
  inc_add_16_8/g600/z (u)     in_1->z F     unmapped_or2           4  6.4     0   154     934    (-,-) 
  inc_add_16_8/g587/z (u)     in_0->z F     unmapped_or2           4  6.4     0   154    1088    (-,-) 
  inc_add_16_8/g581/z (u)     in_1->z F     unmapped_or2           4  6.4     0   154    1242    (-,-) 
  inc_add_16_8/g559/z (u)     in_0->z F     unmapped_or2          11 17.6     0   218    1460    (-,-) 
  inc_add_16_8/g557/z (u)     in_0->z F     unmapped_or2           3  4.8     0   137    1597    (-,-) 
  inc_add_16_8/g533/z (u)     in_0->z F     unmapped_complex2      2  3.2     0   119    1716    (-,-) 
  inc_add_16_8/g497/z (u)     in_1->z F     unmapped_or2           1  1.6     0   102    1818    (-,-) 
  inc_add_16_8/g498/z (u)     in_1->z R     unmapped_nand2         1  1.9     0   102    1920    (-,-) 
  g744/z              (u)     in_0->z R     unmapped_complex2      1  1.9     0   102    2022    (-,-) 
  q_reg[27]/d         -       -       R     unmapped_d_flop        1    -     -     0    2022    (-,-) 
#------------------------------------------------------------------------------------------------------

(u) : Net has unmapped pin(s).



Path 4: MET (2784 ps) Setup Check with Pin q_reg[23]/clk->d
          Group: C2C
     Startpoint: (R) q_reg[0]/clk
          Clock: (R) clk
       Endpoint: (R) q_reg[23]/d
          Clock: (R) clk

                     Capture       Launch     
        Clock Edge:+    5000            0     
       Src Latency:+       0            0     
       Net Latency:+       0 (I)        0 (I) 
           Arrival:=    5000            0     
                                              
             Setup:-     194                  
     Required Time:=    4806                  
      Launch Clock:-       0                  
         Data Path:-    2022                  
             Slack:=    2784                  

#------------------------------------------------------------------------------------------------------
#    Timing Point     Flags    Arc    Edge       Cell         Fanout Load Trans Delay Arrival Instance 
#                                                                    (fF)  (ps)  (ps)   (ps)  Location 
#------------------------------------------------------------------------------------------------------
  q_reg[0]/clk        -       -       R     (arrival)             32    -     0     0       0    (-,-) 
  q_reg[0]/q          (u)     clk->q  R     unmapped_d_flop        6  9.8     0   625     625    (-,-) 
  inc_add_16_8/g613/z (u)     in_0->z F     unmapped_nand2         4  6.4     0   154     779    (-,-) 
  inc_add_16_8/g600/z (u)     in_1->z F     unmapped_or2           4  6.4     0   154     934    (-,-) 
  inc_add_16_8/g587/z (u)     in_0->z F     unmapped_or2           4  6.4     0   154    1088    (-,-) 
  inc_add_16_8/g581/z (u)     in_1->z F     unmapped_or2           4  6.4     0   154    1242    (-,-) 
  inc_add_16_8/g559/z (u)     in_0->z F     unmapped_or2          11 17.6     0   218    1460    (-,-) 
  inc_add_16_8/g558/z (u)     in_1->z F     unmapped_or2           3  4.8     0   137    1597    (-,-) 
  inc_add_16_8/g514/z (u)     in_0->z F     unmapped_complex2      2  3.2     0   119    1716    (-,-) 
  inc_add_16_8/g482/z (u)     in_1->z F     unmapped_or2           1  1.6     0   102    1818    (-,-) 
  inc_add_16_8/g483/z (u)     in_1->z R     unmapped_nand2         1  1.9     0   102    1920    (-,-) 
  g745/z              (u)     in_0->z R     unmapped_complex2      1  1.9     0   102    2022    (-,-) 
  q_reg[23]/d         -       -       R     unmapped_d_flop        1    -     -     0    2022    (-,-) 
#------------------------------------------------------------------------------------------------------

(u) : Net has unmapped pin(s).



Path 5: MET (2784 ps) Setup Check with Pin q_reg[21]/clk->d
          Group: C2C
     Startpoint: (R) q_reg[0]/clk
          Clock: (R) clk
       Endpoint: (R) q_reg[21]/d
          Clock: (R) clk

                     Capture       Launch     
        Clock Edge:+    5000            0     
       Src Latency:+       0            0     
       Net Latency:+       0 (I)        0 (I) 
           Arrival:=    5000            0     
                                              
             Setup:-     194                  
     Required Time:=    4806                  
      Launch Clock:-       0                  
         Data Path:-    2022                  
             Slack:=    2784                  

#------------------------------------------------------------------------------------------------------
#    Timing Point     Flags    Arc    Edge       Cell         Fanout Load Trans Delay Arrival Instance 
#                                                                    (fF)  (ps)  (ps)   (ps)  Location 
#------------------------------------------------------------------------------------------------------
  q_reg[0]/clk        -       -       R     (arrival)             32    -     0     0       0    (-,-) 
  q_reg[0]/q          (u)     clk->q  R     unmapped_d_flop        6  9.8     0   625     625    (-,-) 
  inc_add_16_8/g613/z (u)     in_0->z F     unmapped_nand2         4  6.4     0   154     779    (-,-) 
  inc_add_16_8/g600/z (u)     in_1->z F     unmapped_or2           4  6.4     0   154     934    (-,-) 
  inc_add_16_8/g587/z (u)     in_0->z F     unmapped_or2           4  6.4     0   154    1088    (-,-) 
  inc_add_16_8/g581/z (u)     in_1->z F     unmapped_or2           4  6.4     0   154    1242    (-,-) 
  inc_add_16_8/g559/z (u)     in_0->z F     unmapped_or2          11 17.6     0   218    1460    (-,-) 
  inc_add_16_8/g545/z (u)     in_1->z F     unmapped_or2           3  4.8     0   137    1597    (-,-) 
  inc_add_16_8/g529/z (u)     in_0->z F     unmapped_complex2      2  3.2     0   119    1716    (-,-) 
  inc_add_16_8/g488/z (u)     in_1->z F     unmapped_or2           1  1.6     0   102    1818    (-,-) 
  inc_add_16_8/g489/z (u)     in_1->z R     unmapped_nand2         1  1.9     0   102    1920    (-,-) 
  g741/z              (u)     in_0->z R     unmapped_complex2      1  1.9     0   102    2022    (-,-) 
  q_reg[21]/d         -       -       R     unmapped_d_flop        1    -     -     0    2022    (-,-) 
#------------------------------------------------------------------------------------------------------

(u) : Net has unmapped pin(s).



Path 6: MET (2784 ps) Setup Check with Pin q_reg[19]/clk->d
          Group: C2C
     Startpoint: (R) q_reg[0]/clk
          Clock: (R) clk
       Endpoint: (R) q_reg[19]/d
          Clock: (R) clk

                     Capture       Launch     
        Clock Edge:+    5000            0     
       Src Latency:+       0            0     
       Net Latency:+       0 (I)        0 (I) 
           Arrival:=    5000            0     
                                              
             Setup:-     194                  
     Required Time:=    4806                  
      Launch Clock:-       0                  
         Data Path:-    2022                  
             Slack:=    2784                  

#------------------------------------------------------------------------------------------------------
#    Timing Point     Flags    Arc    Edge       Cell         Fanout Load Trans Delay Arrival Instance 
#                                                                    (fF)  (ps)  (ps)   (ps)  Location 
#------------------------------------------------------------------------------------------------------
  q_reg[0]/clk        -       -       R     (arrival)             32    -     0     0       0    (-,-) 
  q_reg[0]/q          (u)     clk->q  R     unmapped_d_flop        6  9.8     0   625     625    (-,-) 
  inc_add_16_8/g613/z (u)     in_0->z F     unmapped_nand2         4  6.4     0   154     779    (-,-) 
  inc_add_16_8/g600/z (u)     in_1->z F     unmapped_or2           4  6.4     0   154     934    (-,-) 
  inc_add_16_8/g587/z (u)     in_0->z F     unmapped_or2           4  6.4     0   154    1088    (-,-) 
  inc_add_16_8/g581/z (u)     in_1->z F     unmapped_or2           4  6.4     0   154    1242    (-,-) 
  inc_add_16_8/g559/z (u)     in_0->z F     unmapped_or2          11 17.6     0   218    1460    (-,-) 
  inc_add_16_8/g541/z (u)     in_1->z F     unmapped_or2           3  4.8     0   137    1597    (-,-) 
  inc_add_16_8/g518/z (u)     in_0->z F     unmapped_complex2      2  3.2     0   119    1716    (-,-) 
  inc_add_16_8/g479/z (u)     in_1->z F     unmapped_or2           1  1.6     0   102    1818    (-,-) 
  inc_add_16_8/g480/z (u)     in_1->z R     unmapped_nand2         1  1.9     0   102    1920    (-,-) 
  g743/z              (u)     in_0->z R     unmapped_complex2      1  1.9     0   102    2022    (-,-) 
  q_reg[19]/d         -       -       R     unmapped_d_flop        1    -     -     0    2022    (-,-) 
#------------------------------------------------------------------------------------------------------

(u) : Net has unmapped pin(s).



Path 7: MET (2865 ps) Setup Check with Pin q_reg[15]/clk->d
          Group: C2C
     Startpoint: (R) q_reg[0]/clk
          Clock: (R) clk
       Endpoint: (R) q_reg[15]/d
          Clock: (R) clk

                     Capture       Launch     
        Clock Edge:+    5000            0     
       Src Latency:+       0            0     
       Net Latency:+       0 (I)        0 (I) 
           Arrival:=    5000            0     
                                              
             Setup:-     194                  
     Required Time:=    4806                  
      Launch Clock:-       0                  
         Data Path:-    1941                  
             Slack:=    2865                  

#------------------------------------------------------------------------------------------------------
#    Timing Point     Flags    Arc    Edge       Cell         Fanout Load Trans Delay Arrival Instance 
#                                                                    (fF)  (ps)  (ps)   (ps)  Location 
#------------------------------------------------------------------------------------------------------
  q_reg[0]/clk        -       -       R     (arrival)             32    -     0     0       0    (-,-) 
  q_reg[0]/q          (u)     clk->q  R     unmapped_d_flop        6  9.8     0   625     625    (-,-) 
  inc_add_16_8/g613/z (u)     in_0->z F     unmapped_nand2         4  6.4     0   154     779    (-,-) 
  inc_add_16_8/g600/z (u)     in_1->z F     unmapped_or2           4  6.4     0   154     934    (-,-) 
  inc_add_16_8/g587/z (u)     in_0->z F     unmapped_or2           4  6.4     0   154    1088    (-,-) 
  inc_add_16_8/g581/z (u)     in_1->z F     unmapped_or2           4  6.4     0   154    1242    (-,-) 
  inc_add_16_8/g243/z (u)     in_0->z F     unmapped_complex2      3  4.8     0   137    1379    (-,-) 
  inc_add_16_8/g334/z (u)     in_0->z F     unmapped_complex2      3  4.8     0   137    1516    (-,-) 
  inc_add_16_8/g240/z (u)     in_0->z F     unmapped_complex2      2  3.2     0   119    1635    (-,-) 
  inc_add_16_8/g494/z (u)     in_0->z F     unmapped_or2           1  1.6     0   102    1737    (-,-) 
  inc_add_16_8/g495/z (u)     in_1->z R     unmapped_nand2         1  1.9     0   102    1839    (-,-) 
  g748/z              (u)     in_0->z R     unmapped_complex2      1  1.9     0   102    1941    (-,-) 
  q_reg[15]/d         -       -       R     unmapped_d_flop        1    -     -     0    1941    (-,-) 
#------------------------------------------------------------------------------------------------------

(u) : Net has unmapped pin(s).



Path 8: MET (2903 ps) Setup Check with Pin q_reg[28]/clk->d
          Group: C2C
     Startpoint: (R) q_reg[0]/clk
          Clock: (R) clk
       Endpoint: (R) q_reg[28]/d
          Clock: (R) clk

                     Capture       Launch     
        Clock Edge:+    5000            0     
       Src Latency:+       0            0     
       Net Latency:+       0 (I)        0 (I) 
           Arrival:=    5000            0     
                                              
             Setup:-     194                  
     Required Time:=    4806                  
      Launch Clock:-       0                  
         Data Path:-    1903                  
             Slack:=    2903                  

#------------------------------------------------------------------------------------------------------
#    Timing Point     Flags    Arc    Edge       Cell         Fanout Load Trans Delay Arrival Instance 
#                                                                    (fF)  (ps)  (ps)   (ps)  Location 
#------------------------------------------------------------------------------------------------------
  q_reg[0]/clk        -       -       R     (arrival)             32    -     0     0       0    (-,-) 
  q_reg[0]/q          (u)     clk->q  R     unmapped_d_flop        6  9.8     0   625     625    (-,-) 
  inc_add_16_8/g613/z (u)     in_0->z F     unmapped_nand2         4  6.4     0   154     779    (-,-) 
  inc_add_16_8/g600/z (u)     in_1->z F     unmapped_or2           4  6.4     0   154     934    (-,-) 
  inc_add_16_8/g587/z (u)     in_0->z F     unmapped_or2           4  6.4     0   154    1088    (-,-) 
  inc_add_16_8/g581/z (u)     in_1->z F     unmapped_or2           4  6.4     0   154    1242    (-,-) 
  inc_add_16_8/g559/z (u)     in_0->z F     unmapped_or2          11 17.6     0   218    1460    (-,-) 
  inc_add_16_8/g551/z (u)     in_0->z F     unmapped_or2           3  4.8     0   137    1597    (-,-) 
  inc_add_16_8/g516/z (u)     in_1->z F     unmapped_or2           1  1.6     0   102    1699    (-,-) 
  inc_add_16_8/g517/z (u)     in_1->z R     unmapped_nand2         1  1.9     0   102    1801    (-,-) 
  g751/z              (u)     in_0->z R     unmapped_complex2      1  1.9     0   102    1903    (-,-) 
  q_reg[28]/d         -       -       R     unmapped_d_flop        1    -     -     0    1903    (-,-) 
#------------------------------------------------------------------------------------------------------

(u) : Net has unmapped pin(s).



Path 9: MET (2903 ps) Setup Check with Pin q_reg[26]/clk->d
          Group: C2C
     Startpoint: (R) q_reg[0]/clk
          Clock: (R) clk
       Endpoint: (R) q_reg[26]/d
          Clock: (R) clk

                     Capture       Launch     
        Clock Edge:+    5000            0     
       Src Latency:+       0            0     
       Net Latency:+       0 (I)        0 (I) 
           Arrival:=    5000            0     
                                              
             Setup:-     194                  
     Required Time:=    4806                  
      Launch Clock:-       0                  
         Data Path:-    1903                  
             Slack:=    2903                  

#------------------------------------------------------------------------------------------------------
#    Timing Point     Flags    Arc    Edge       Cell         Fanout Load Trans Delay Arrival Instance 
#                                                                    (fF)  (ps)  (ps)   (ps)  Location 
#------------------------------------------------------------------------------------------------------
  q_reg[0]/clk        -       -       R     (arrival)             32    -     0     0       0    (-,-) 
  q_reg[0]/q          (u)     clk->q  R     unmapped_d_flop        6  9.8     0   625     625    (-,-) 
  inc_add_16_8/g613/z (u)     in_0->z F     unmapped_nand2         4  6.4     0   154     779    (-,-) 
  inc_add_16_8/g600/z (u)     in_1->z F     unmapped_or2           4  6.4     0   154     934    (-,-) 
  inc_add_16_8/g587/z (u)     in_0->z F     unmapped_or2           4  6.4     0   154    1088    (-,-) 
  inc_add_16_8/g581/z (u)     in_1->z F     unmapped_or2           4  6.4     0   154    1242    (-,-) 
  inc_add_16_8/g559/z (u)     in_0->z F     unmapped_or2          11 17.6     0   218    1460    (-,-) 
  inc_add_16_8/g557/z (u)     in_0->z F     unmapped_or2           3  4.8     0   137    1597    (-,-) 
  inc_add_16_8/g536/z (u)     in_1->z F     unmapped_or2           1  1.6     0   102    1699    (-,-) 
  inc_add_16_8/g537/z (u)     in_1->z R     unmapped_nand2         1  1.9     0   102    1801    (-,-) 
  g752/z              (u)     in_0->z R     unmapped_complex2      1  1.9     0   102    1903    (-,-) 
  q_reg[26]/d         -       -       R     unmapped_d_flop        1    -     -     0    1903    (-,-) 
#------------------------------------------------------------------------------------------------------

(u) : Net has unmapped pin(s).



Path 10: MET (2903 ps) Setup Check with Pin q_reg[24]/clk->d
          Group: C2C
     Startpoint: (R) q_reg[0]/clk
          Clock: (R) clk
       Endpoint: (R) q_reg[24]/d
          Clock: (R) clk

                     Capture       Launch     
        Clock Edge:+    5000            0     
       Src Latency:+       0            0     
       Net Latency:+       0 (I)        0 (I) 
           Arrival:=    5000            0     
                                              
             Setup:-     194                  
     Required Time:=    4806                  
      Launch Clock:-       0                  
         Data Path:-    1903                  
             Slack:=    2903                  

#------------------------------------------------------------------------------------------------------
#    Timing Point     Flags    Arc    Edge       Cell         Fanout Load Trans Delay Arrival Instance 
#                                                                    (fF)  (ps)  (ps)   (ps)  Location 
#------------------------------------------------------------------------------------------------------
  q_reg[0]/clk        -       -       R     (arrival)             32    -     0     0       0    (-,-) 
  q_reg[0]/q          (u)     clk->q  R     unmapped_d_flop        6  9.8     0   625     625    (-,-) 
  inc_add_16_8/g613/z (u)     in_0->z F     unmapped_nand2         4  6.4     0   154     779    (-,-) 
  inc_add_16_8/g600/z (u)     in_1->z F     unmapped_or2           4  6.4     0   154     934    (-,-) 
  inc_add_16_8/g587/z (u)     in_0->z F     unmapped_or2           4  6.4     0   154    1088    (-,-) 
  inc_add_16_8/g581/z (u)     in_1->z F     unmapped_or2           4  6.4     0   154    1242    (-,-) 
  inc_add_16_8/g559/z (u)     in_0->z F     unmapped_or2          11 17.6     0   218    1460    (-,-) 
  inc_add_16_8/g553/z (u)     in_1->z F     unmapped_or2           3  4.8     0   137    1597    (-,-) 
  inc_add_16_8/g503/z (u)     in_1->z F     unmapped_or2           1  1.6     0   102    1699    (-,-) 
  inc_add_16_8/g504/z (u)     in_1->z R     unmapped_nand2         1  1.9     0   102    1801    (-,-) 
  g756/z              (u)     in_0->z R     unmapped_complex2      1  1.9     0   102    1903    (-,-) 
  q_reg[24]/d         -       -       R     unmapped_d_flop        1    -     -     0    1903    (-,-) 
#------------------------------------------------------------------------------------------------------

(u) : Net has unmapped pin(s).



Path 11: MET (2903 ps) Setup Check with Pin q_reg[22]/clk->d
          Group: C2C
     Startpoint: (R) q_reg[0]/clk
          Clock: (R) clk
       Endpoint: (R) q_reg[22]/d
          Clock: (R) clk

                     Capture       Launch     
        Clock Edge:+    5000            0     
       Src Latency:+       0            0     
       Net Latency:+       0 (I)        0 (I) 
           Arrival:=    5000            0     
                                              
             Setup:-     194                  
     Required Time:=    4806                  
      Launch Clock:-       0                  
         Data Path:-    1903                  
             Slack:=    2903                  

#------------------------------------------------------------------------------------------------------
#    Timing Point     Flags    Arc    Edge       Cell         Fanout Load Trans Delay Arrival Instance 
#                                                                    (fF)  (ps)  (ps)   (ps)  Location 
#------------------------------------------------------------------------------------------------------
  q_reg[0]/clk        -       -       R     (arrival)             32    -     0     0       0    (-,-) 
  q_reg[0]/q          (u)     clk->q  R     unmapped_d_flop        6  9.8     0   625     625    (-,-) 
  inc_add_16_8/g613/z (u)     in_0->z F     unmapped_nand2         4  6.4     0   154     779    (-,-) 
  inc_add_16_8/g600/z (u)     in_1->z F     unmapped_or2           4  6.4     0   154     934    (-,-) 
  inc_add_16_8/g587/z (u)     in_0->z F     unmapped_or2           4  6.4     0   154    1088    (-,-) 
  inc_add_16_8/g581/z (u)     in_1->z F     unmapped_or2           4  6.4     0   154    1242    (-,-) 
  inc_add_16_8/g559/z (u)     in_0->z F     unmapped_or2          11 17.6     0   218    1460    (-,-) 
  inc_add_16_8/g558/z (u)     in_1->z F     unmapped_or2           3  4.8     0   137    1597    (-,-) 
  inc_add_16_8/g506/z (u)     in_1->z F     unmapped_or2           1  1.6     0   102    1699    (-,-) 
  inc_add_16_8/g507/z (u)     in_1->z R     unmapped_nand2         1  1.9     0   102    1801    (-,-) 
  g755/z              (u)     in_0->z R     unmapped_complex2      1  1.9     0   102    1903    (-,-) 
  q_reg[22]/d         -       -       R     unmapped_d_flop        1    -     -     0    1903    (-,-) 
#------------------------------------------------------------------------------------------------------

(u) : Net has unmapped pin(s).



Path 12: MET (2903 ps) Setup Check with Pin q_reg[20]/clk->d
          Group: C2C
     Startpoint: (R) q_reg[0]/clk
          Clock: (R) clk
       Endpoint: (R) q_reg[20]/d
          Clock: (R) clk

                     Capture       Launch     
        Clock Edge:+    5000            0     
       Src Latency:+       0            0     
       Net Latency:+       0 (I)        0 (I) 
           Arrival:=    5000            0     
                                              
             Setup:-     194                  
     Required Time:=    4806                  
      Launch Clock:-       0                  
         Data Path:-    1903                  
             Slack:=    2903                  

#------------------------------------------------------------------------------------------------------
#    Timing Point     Flags    Arc    Edge       Cell         Fanout Load Trans Delay Arrival Instance 
#                                                                    (fF)  (ps)  (ps)   (ps)  Location 
#------------------------------------------------------------------------------------------------------
  q_reg[0]/clk        -       -       R     (arrival)             32    -     0     0       0    (-,-) 
  q_reg[0]/q          (u)     clk->q  R     unmapped_d_flop        6  9.8     0   625     625    (-,-) 
  inc_add_16_8/g613/z (u)     in_0->z F     unmapped_nand2         4  6.4     0   154     779    (-,-) 
  inc_add_16_8/g600/z (u)     in_1->z F     unmapped_or2           4  6.4     0   154     934    (-,-) 
  inc_add_16_8/g587/z (u)     in_0->z F     unmapped_or2           4  6.4     0   154    1088    (-,-) 
  inc_add_16_8/g581/z (u)     in_1->z F     unmapped_or2           4  6.4     0   154    1242    (-,-) 
  inc_add_16_8/g559/z (u)     in_0->z F     unmapped_or2          11 17.6     0   218    1460    (-,-) 
  inc_add_16_8/g545/z (u)     in_1->z F     unmapped_or2           3  4.8     0   137    1597    (-,-) 
  inc_add_16_8/g524/z (u)     in_1->z F     unmapped_or2           1  1.6     0   102    1699    (-,-) 
  inc_add_16_8/g525/z (u)     in_1->z R     unmapped_nand2         1  1.9     0   102    1801    (-,-) 
  g754/z              (u)     in_0->z R     unmapped_complex2      1  1.9     0   102    1903    (-,-) 
  q_reg[20]/d         -       -       R     unmapped_d_flop        1    -     -     0    1903    (-,-) 
#------------------------------------------------------------------------------------------------------

(u) : Net has unmapped pin(s).



Path 13: MET (2903 ps) Setup Check with Pin q_reg[18]/clk->d
          Group: C2C
     Startpoint: (R) q_reg[0]/clk
          Clock: (R) clk
       Endpoint: (R) q_reg[18]/d
          Clock: (R) clk

                     Capture       Launch     
        Clock Edge:+    5000            0     
       Src Latency:+       0            0     
       Net Latency:+       0 (I)        0 (I) 
           Arrival:=    5000            0     
                                              
             Setup:-     194                  
     Required Time:=    4806                  
      Launch Clock:-       0                  
         Data Path:-    1903                  
             Slack:=    2903                  

#------------------------------------------------------------------------------------------------------
#    Timing Point     Flags    Arc    Edge       Cell         Fanout Load Trans Delay Arrival Instance 
#                                                                    (fF)  (ps)  (ps)   (ps)  Location 
#------------------------------------------------------------------------------------------------------
  q_reg[0]/clk        -       -       R     (arrival)             32    -     0     0       0    (-,-) 
  q_reg[0]/q          (u)     clk->q  R     unmapped_d_flop        6  9.8     0   625     625    (-,-) 
  inc_add_16_8/g613/z (u)     in_0->z F     unmapped_nand2         4  6.4     0   154     779    (-,-) 
  inc_add_16_8/g600/z (u)     in_1->z F     unmapped_or2           4  6.4     0   154     934    (-,-) 
  inc_add_16_8/g587/z (u)     in_0->z F     unmapped_or2           4  6.4     0   154    1088    (-,-) 
  inc_add_16_8/g581/z (u)     in_1->z F     unmapped_or2           4  6.4     0   154    1242    (-,-) 
  inc_add_16_8/g559/z (u)     in_0->z F     unmapped_or2          11 17.6     0   218    1460    (-,-) 
  inc_add_16_8/g541/z (u)     in_1->z F     unmapped_or2           3  4.8     0   137    1597    (-,-) 
  inc_add_16_8/g509/z (u)     in_1->z F     unmapped_or2           1  1.6     0   102    1699    (-,-) 
  inc_add_16_8/g510/z (u)     in_1->z R     unmapped_nand2         1  1.9     0   102    1801    (-,-) 
  g753/z              (u)     in_0->z R     unmapped_complex2      1  1.9     0   102    1903    (-,-) 
  q_reg[18]/d         -       -       R     unmapped_d_flop        1    -     -     0    1903    (-,-) 
#------------------------------------------------------------------------------------------------------

(u) : Net has unmapped pin(s).



Path 14: MET (2921 ps) Setup Check with Pin q_reg[29]/clk->d
          Group: C2C
     Startpoint: (R) q_reg[0]/clk
          Clock: (R) clk
       Endpoint: (R) q_reg[29]/d
          Clock: (R) clk

                     Capture       Launch     
        Clock Edge:+    5000            0     
       Src Latency:+       0            0     
       Net Latency:+       0 (I)        0 (I) 
           Arrival:=    5000            0     
                                              
             Setup:-     194                  
     Required Time:=    4806                  
      Launch Clock:-       0                  
         Data Path:-    1885                  
             Slack:=    2921                  

#------------------------------------------------------------------------------------------------------
#    Timing Point     Flags    Arc    Edge       Cell         Fanout Load Trans Delay Arrival Instance 
#                                                                    (fF)  (ps)  (ps)   (ps)  Location 
#------------------------------------------------------------------------------------------------------
  q_reg[0]/clk        -       -       R     (arrival)             32    -     0     0       0    (-,-) 
  q_reg[0]/q          (u)     clk->q  R     unmapped_d_flop        6  9.8     0   625     625    (-,-) 
  inc_add_16_8/g613/z (u)     in_0->z F     unmapped_nand2         4  6.4     0   154     779    (-,-) 
  inc_add_16_8/g600/z (u)     in_1->z F     unmapped_or2           4  6.4     0   154     934    (-,-) 
  inc_add_16_8/g587/z (u)     in_0->z F     unmapped_or2           4  6.4     0   154    1088    (-,-) 
  inc_add_16_8/g581/z (u)     in_1->z F     unmapped_or2           4  6.4     0   154    1242    (-,-) 
  inc_add_16_8/g559/z (u)     in_0->z F     unmapped_or2          11 17.6     0   218    1460    (-,-) 
  inc_add_16_8/g550/z (u)     in_0->z F     unmapped_or2           2  3.2     0   119    1579    (-,-) 
  inc_add_16_8/g500/z (u)     in_1->z F     unmapped_or2           1  1.6     0   102    1681    (-,-) 
  inc_add_16_8/g501/z (u)     in_1->z R     unmapped_nand2         1  1.9     0   102    1783    (-,-) 
  g747/z              (u)     in_0->z R     unmapped_complex2      1  1.9     0   102    1885    (-,-) 
  q_reg[29]/d         -       -       R     unmapped_d_flop        1    -     -     0    1885    (-,-) 
#------------------------------------------------------------------------------------------------------

(u) : Net has unmapped pin(s).



Path 15: MET (2921 ps) Setup Check with Pin q_reg[25]/clk->d
          Group: C2C
     Startpoint: (R) q_reg[0]/clk
          Clock: (R) clk
       Endpoint: (R) q_reg[25]/d
          Clock: (R) clk

                     Capture       Launch     
        Clock Edge:+    5000            0     
       Src Latency:+       0            0     
       Net Latency:+       0 (I)        0 (I) 
           Arrival:=    5000            0     
                                              
             Setup:-     194                  
     Required Time:=    4806                  
      Launch Clock:-       0                  
         Data Path:-    1885                  
             Slack:=    2921                  

#------------------------------------------------------------------------------------------------------
#    Timing Point     Flags    Arc    Edge       Cell         Fanout Load Trans Delay Arrival Instance 
#                                                                    (fF)  (ps)  (ps)   (ps)  Location 
#------------------------------------------------------------------------------------------------------
  q_reg[0]/clk        -       -       R     (arrival)             32    -     0     0       0    (-,-) 
  q_reg[0]/q          (u)     clk->q  R     unmapped_d_flop        6  9.8     0   625     625    (-,-) 
  inc_add_16_8/g613/z (u)     in_0->z F     unmapped_nand2         4  6.4     0   154     779    (-,-) 
  inc_add_16_8/g600/z (u)     in_1->z F     unmapped_or2           4  6.4     0   154     934    (-,-) 
  inc_add_16_8/g587/z (u)     in_0->z F     unmapped_or2           4  6.4     0   154    1088    (-,-) 
  inc_add_16_8/g581/z (u)     in_1->z F     unmapped_or2           4  6.4     0   154    1242    (-,-) 
  inc_add_16_8/g559/z (u)     in_0->z F     unmapped_or2          11 17.6     0   218    1460    (-,-) 
  inc_add_16_8/g549/z (u)     in_0->z F     unmapped_or2           2  3.2     0   119    1579    (-,-) 
  inc_add_16_8/g527/z (u)     in_1->z F     unmapped_or2           1  1.6     0   102    1681    (-,-) 
  inc_add_16_8/g528/z (u)     in_1->z R     unmapped_nand2         1  1.9     0   102    1783    (-,-) 
  g749/z              (u)     in_0->z R     unmapped_complex2      1  1.9     0   102    1885    (-,-) 
  q_reg[25]/d         -       -       R     unmapped_d_flop        1    -     -     0    1885    (-,-) 
#------------------------------------------------------------------------------------------------------

(u) : Net has unmapped pin(s).



Path 16: MET (2921 ps) Setup Check with Pin q_reg[17]/clk->d
          Group: C2C
     Startpoint: (R) q_reg[0]/clk
          Clock: (R) clk
       Endpoint: (R) q_reg[17]/d
          Clock: (R) clk

                     Capture       Launch     
        Clock Edge:+    5000            0     
       Src Latency:+       0            0     
       Net Latency:+       0 (I)        0 (I) 
           Arrival:=    5000            0     
                                              
             Setup:-     194                  
     Required Time:=    4806                  
      Launch Clock:-       0                  
         Data Path:-    1885                  
             Slack:=    2921                  

#------------------------------------------------------------------------------------------------------
#    Timing Point     Flags    Arc    Edge       Cell         Fanout Load Trans Delay Arrival Instance 
#                                                                    (fF)  (ps)  (ps)   (ps)  Location 
#------------------------------------------------------------------------------------------------------
  q_reg[0]/clk        -       -       R     (arrival)             32    -     0     0       0    (-,-) 
  q_reg[0]/q          (u)     clk->q  R     unmapped_d_flop        6  9.8     0   625     625    (-,-) 
  inc_add_16_8/g613/z (u)     in_0->z F     unmapped_nand2         4  6.4     0   154     779    (-,-) 
  inc_add_16_8/g600/z (u)     in_1->z F     unmapped_or2           4  6.4     0   154     934    (-,-) 
  inc_add_16_8/g587/z (u)     in_0->z F     unmapped_or2           4  6.4     0   154    1088    (-,-) 
  inc_add_16_8/g581/z (u)     in_1->z F     unmapped_or2           4  6.4     0   154    1242    (-,-) 
  inc_add_16_8/g559/z (u)     in_0->z F     unmapped_or2          11 17.6     0   218    1460    (-,-) 
  inc_add_16_8/g552/z (u)     in_0->z F     unmapped_complex2      2  3.2     0   119    1579    (-,-) 
  inc_add_16_8/g531/z (u)     in_1->z F     unmapped_or2           1  1.6     0   102    1681    (-,-) 
  inc_add_16_8/g532/z (u)     in_1->z R     unmapped_nand2         1  1.9     0   102    1783    (-,-) 
  g750/z              (u)     in_0->z R     unmapped_complex2      1  1.9     0   102    1885    (-,-) 
  q_reg[17]/d         -       -       R     unmapped_d_flop        1    -     -     0    1885    (-,-) 
#------------------------------------------------------------------------------------------------------

(u) : Net has unmapped pin(s).



Path 17: MET (2984 ps) Setup Check with Pin q_reg[14]/clk->d
          Group: C2C
     Startpoint: (R) q_reg[0]/clk
          Clock: (R) clk
       Endpoint: (R) q_reg[14]/d
          Clock: (R) clk

                     Capture       Launch     
        Clock Edge:+    5000            0     
       Src Latency:+       0            0     
       Net Latency:+       0 (I)        0 (I) 
           Arrival:=    5000            0     
                                              
             Setup:-     194                  
     Required Time:=    4806                  
      Launch Clock:-       0                  
         Data Path:-    1822                  
             Slack:=    2984                  

#------------------------------------------------------------------------------------------------------
#    Timing Point     Flags    Arc    Edge       Cell         Fanout Load Trans Delay Arrival Instance 
#                                                                    (fF)  (ps)  (ps)   (ps)  Location 
#------------------------------------------------------------------------------------------------------
  q_reg[0]/clk        -       -       R     (arrival)             32    -     0     0       0    (-,-) 
  q_reg[0]/q          (u)     clk->q  R     unmapped_d_flop        6  9.8     0   625     625    (-,-) 
  inc_add_16_8/g613/z (u)     in_0->z F     unmapped_nand2         4  6.4     0   154     779    (-,-) 
  inc_add_16_8/g600/z (u)     in_1->z F     unmapped_or2           4  6.4     0   154     934    (-,-) 
  inc_add_16_8/g587/z (u)     in_0->z F     unmapped_or2           4  6.4     0   154    1088    (-,-) 
  inc_add_16_8/g581/z (u)     in_1->z F     unmapped_or2           4  6.4     0   154    1242    (-,-) 
  inc_add_16_8/g243/z (u)     in_0->z F     unmapped_complex2      3  4.8     0   137    1379    (-,-) 
  inc_add_16_8/g334/z (u)     in_0->z F     unmapped_complex2      3  4.8     0   137    1516    (-,-) 
  inc_add_16_8/g520/z (u)     in_0->z F     unmapped_or2           1  1.6     0   102    1618    (-,-) 
  inc_add_16_8/g521/z (u)     in_1->z R     unmapped_nand2         1  1.9     0   102    1720    (-,-) 
  g757/z              (u)     in_0->z R     unmapped_complex2      1  1.9     0   102    1822    (-,-) 
  q_reg[14]/d         -       -       R     unmapped_d_flop        1    -     -     0    1822    (-,-) 
#------------------------------------------------------------------------------------------------------

(u) : Net has unmapped pin(s).



Path 18: MET (3019 ps) Setup Check with Pin q_reg[11]/clk->d
          Group: C2C
     Startpoint: (R) q_reg[0]/clk
          Clock: (R) clk
       Endpoint: (R) q_reg[11]/d
          Clock: (R) clk

                     Capture       Launch     
        Clock Edge:+    5000            0     
       Src Latency:+       0            0     
       Net Latency:+       0 (I)        0 (I) 
           Arrival:=    5000            0     
                                              
             Setup:-     194                  
     Required Time:=    4806                  
      Launch Clock:-       0                  
         Data Path:-    1787                  
             Slack:=    3019                  

#------------------------------------------------------------------------------------------------------
#    Timing Point     Flags    Arc    Edge       Cell         Fanout Load Trans Delay Arrival Instance 
#                                                                    (fF)  (ps)  (ps)   (ps)  Location 
#------------------------------------------------------------------------------------------------------
  q_reg[0]/clk        -       -       R     (arrival)             32    -     0     0       0    (-,-) 
  q_reg[0]/q          (u)     clk->q  R     unmapped_d_flop        6  9.8     0   625     625    (-,-) 
  inc_add_16_8/g613/z (u)     in_0->z F     unmapped_nand2         4  6.4     0   154     779    (-,-) 
  inc_add_16_8/g600/z (u)     in_1->z F     unmapped_or2           4  6.4     0   154     934    (-,-) 
  inc_add_16_8/g587/z (u)     in_0->z F     unmapped_or2           4  6.4     0   154    1088    (-,-) 
  inc_add_16_8/g580/z (u)     in_0->z F     unmapped_complex2      3  4.8     0   137    1225    (-,-) 
  inc_add_16_8/g283/z (u)     in_0->z F     unmapped_complex2      3  4.8     0   137    1362    (-,-) 
  inc_add_16_8/g244/z (u)     in_0->z F     unmapped_complex2      2  3.2     0   119    1481    (-,-) 
  inc_add_16_8/g512/z (u)     in_0->z F     unmapped_or2           1  1.6     0   102    1583    (-,-) 
  inc_add_16_8/g513/z (u)     in_1->z R     unmapped_nand2         1  1.9     0   102    1685    (-,-) 
  g758/z              (u)     in_0->z R     unmapped_complex2      1  1.9     0   102    1787    (-,-) 
  q_reg[11]/d         -       -       R     unmapped_d_flop        1    -     -     0    1787    (-,-) 
#------------------------------------------------------------------------------------------------------

(u) : Net has unmapped pin(s).



Path 19: MET (3040 ps) Setup Check with Pin q_reg[16]/clk->d
          Group: C2C
     Startpoint: (R) q_reg[0]/clk
          Clock: (R) clk
       Endpoint: (R) q_reg[16]/d
          Clock: (R) clk

                     Capture       Launch     
        Clock Edge:+    5000            0     
       Src Latency:+       0            0     
       Net Latency:+       0 (I)        0 (I) 
           Arrival:=    5000            0     
                                              
             Setup:-     194                  
     Required Time:=    4806                  
      Launch Clock:-       0                  
         Data Path:-    1766                  
             Slack:=    3040                  

#------------------------------------------------------------------------------------------------------
#    Timing Point     Flags    Arc    Edge       Cell         Fanout Load Trans Delay Arrival Instance 
#                                                                    (fF)  (ps)  (ps)   (ps)  Location 
#------------------------------------------------------------------------------------------------------
  q_reg[0]/clk        -       -       R     (arrival)             32    -     0     0       0    (-,-) 
  q_reg[0]/q          (u)     clk->q  F     unmapped_d_flop        6  8.3     0   625     625    (-,-) 
  inc_add_16_8/g613/z (u)     in_0->z R     unmapped_nand2         4  7.6     0   154     779    (-,-) 
  inc_add_16_8/g600/z (u)     in_1->z R     unmapped_or2           4  7.6     0   154     934    (-,-) 
  inc_add_16_8/g587/z (u)     in_0->z R     unmapped_or2           4  7.6     0   154    1088    (-,-) 
  inc_add_16_8/g581/z (u)     in_1->z R     unmapped_or2           4  7.6     0   154    1242    (-,-) 
  inc_add_16_8/g559/z (u)     in_0->z R     unmapped_or2          11 20.9     0   218    1460    (-,-) 
  inc_add_16_8/g547/z (u)     in_0->z F     unmapped_nand2         1  1.6     0   102    1562    (-,-) 
  inc_add_16_8/g548/z (u)     in_1->z R     unmapped_nand2         1  1.9     0   102    1664    (-,-) 
  g759/z              (u)     in_0->z R     unmapped_complex2      1  1.9     0   102    1766    (-,-) 
  q_reg[16]/d         -       -       R     unmapped_d_flop        1    -     -     0    1766    (-,-) 
#------------------------------------------------------------------------------------------------------

(u) : Net has unmapped pin(s).



Path 20: MET (3122 ps) Setup Check with Pin q_reg[13]/clk->d
          Group: C2C
     Startpoint: (R) q_reg[0]/clk
          Clock: (R) clk
       Endpoint: (R) q_reg[13]/d
          Clock: (R) clk

                     Capture       Launch     
        Clock Edge:+    5000            0     
       Src Latency:+       0            0     
       Net Latency:+       0 (I)        0 (I) 
           Arrival:=    5000            0     
                                              
             Setup:-     194                  
     Required Time:=    4806                  
      Launch Clock:-       0                  
         Data Path:-    1685                  
             Slack:=    3122                  

#------------------------------------------------------------------------------------------------------
#    Timing Point     Flags    Arc    Edge       Cell         Fanout Load Trans Delay Arrival Instance 
#                                                                    (fF)  (ps)  (ps)   (ps)  Location 
#------------------------------------------------------------------------------------------------------
  q_reg[0]/clk        -       -       R     (arrival)             32    -     0     0       0    (-,-) 
  q_reg[0]/q          (u)     clk->q  R     unmapped_d_flop        6  9.8     0   625     625    (-,-) 
  inc_add_16_8/g613/z (u)     in_0->z F     unmapped_nand2         4  6.4     0   154     779    (-,-) 
  inc_add_16_8/g600/z (u)     in_1->z F     unmapped_or2           4  6.4     0   154     934    (-,-) 
  inc_add_16_8/g587/z (u)     in_0->z F     unmapped_or2           4  6.4     0   154    1088    (-,-) 
  inc_add_16_8/g581/z (u)     in_1->z F     unmapped_or2           4  6.4     0   154    1242    (-,-) 
  inc_add_16_8/g243/z (u)     in_0->z F     unmapped_complex2      3  4.8     0   137    1379    (-,-) 
  inc_add_16_8/g539/z (u)     in_0->z F     unmapped_or2           1  1.6     0   102    1481    (-,-) 
  inc_add_16_8/g540/z (u)     in_1->z R     unmapped_nand2         1  1.9     0   102    1583    (-,-) 
  g761/z              (u)     in_0->z R     unmapped_complex2      1  1.9     0   102    1685    (-,-) 
  q_reg[13]/d         -       -       R     unmapped_d_flop        1    -     -     0    1685    (-,-) 
#------------------------------------------------------------------------------------------------------

(u) : Net has unmapped pin(s).



Path 21: MET (3138 ps) Setup Check with Pin q_reg[10]/clk->d
          Group: C2C
     Startpoint: (R) q_reg[0]/clk
          Clock: (R) clk
       Endpoint: (R) q_reg[10]/d
          Clock: (R) clk

                     Capture       Launch     
        Clock Edge:+    5000            0     
       Src Latency:+       0            0     
       Net Latency:+       0 (I)        0 (I) 
           Arrival:=    5000            0     
                                              
             Setup:-     194                  
     Required Time:=    4806                  
      Launch Clock:-       0                  
         Data Path:-    1668                  
             Slack:=    3138                  

#------------------------------------------------------------------------------------------------------
#    Timing Point     Flags    Arc    Edge       Cell         Fanout Load Trans Delay Arrival Instance 
#                                                                    (fF)  (ps)  (ps)   (ps)  Location 
#------------------------------------------------------------------------------------------------------
  q_reg[0]/clk        -       -       R     (arrival)             32    -     0     0       0    (-,-) 
  q_reg[0]/q          (u)     clk->q  R     unmapped_d_flop        6  9.8     0   625     625    (-,-) 
  inc_add_16_8/g613/z (u)     in_0->z F     unmapped_nand2         4  6.4     0   154     779    (-,-) 
  inc_add_16_8/g600/z (u)     in_1->z F     unmapped_or2           4  6.4     0   154     934    (-,-) 
  inc_add_16_8/g587/z (u)     in_0->z F     unmapped_or2           4  6.4     0   154    1088    (-,-) 
  inc_add_16_8/g580/z (u)     in_0->z F     unmapped_complex2      3  4.8     0   137    1225    (-,-) 
  inc_add_16_8/g283/z (u)     in_0->z F     unmapped_complex2      3  4.8     0   137    1362    (-,-) 
  inc_add_16_8/g543/z (u)     in_0->z F     unmapped_or2           1  1.6     0   102    1464    (-,-) 
  inc_add_16_8/g544/z (u)     in_1->z R     unmapped_nand2         1  1.9     0   102    1566    (-,-) 
  g760/z              (u)     in_0->z R     unmapped_complex2      1  1.9     0   102    1668    (-,-) 
  q_reg[10]/d         -       -       R     unmapped_d_flop        1    -     -     0    1668    (-,-) 
#------------------------------------------------------------------------------------------------------

(u) : Net has unmapped pin(s).



Path 22: MET (3173 ps) Setup Check with Pin q_reg[7]/clk->d
          Group: C2C
     Startpoint: (R) q_reg[0]/clk
          Clock: (R) clk
       Endpoint: (R) q_reg[7]/d
          Clock: (R) clk

                     Capture       Launch     
        Clock Edge:+    5000            0     
       Src Latency:+       0            0     
       Net Latency:+       0 (I)        0 (I) 
           Arrival:=    5000            0     
                                              
             Setup:-     194                  
     Required Time:=    4806                  
      Launch Clock:-       0                  
         Data Path:-    1633                  
             Slack:=    3173                  

#------------------------------------------------------------------------------------------------------
#    Timing Point     Flags    Arc    Edge       Cell         Fanout Load Trans Delay Arrival Instance 
#                                                                    (fF)  (ps)  (ps)   (ps)  Location 
#------------------------------------------------------------------------------------------------------
  q_reg[0]/clk        -       -       R     (arrival)             32    -     0     0       0    (-,-) 
  q_reg[0]/q          (u)     clk->q  R     unmapped_d_flop        6  9.8     0   625     625    (-,-) 
  inc_add_16_8/g613/z (u)     in_0->z F     unmapped_nand2         4  6.4     0   154     779    (-,-) 
  inc_add_16_8/g600/z (u)     in_1->z F     unmapped_or2           4  6.4     0   154     934    (-,-) 
  inc_add_16_8/g588/z (u)     in_0->z F     unmapped_complex2      3  4.8     0   137    1071    (-,-) 
  inc_add_16_8/g583/z (u)     in_0->z F     unmapped_complex2      3  4.8     0   137    1208    (-,-) 
  inc_add_16_8/g573/z (u)     in_0->z F     unmapped_complex2      2  3.2     0   119    1327    (-,-) 
  inc_add_16_8/g555/z (u)     in_1->z F     unmapped_or2           1  1.6     0   102    1429    (-,-) 
  inc_add_16_8/g556/z (u)     in_1->z R     unmapped_nand2         1  1.9     0   102    1531    (-,-) 
  g762/z              (u)     in_0->z R     unmapped_complex2      1  1.9     0   102    1633    (-,-) 
  q_reg[7]/d          -       -       R     unmapped_d_flop        1    -     -     0    1633    (-,-) 
#------------------------------------------------------------------------------------------------------

(u) : Net has unmapped pin(s).



Path 23: MET (3259 ps) Setup Check with Pin q_reg[12]/clk->d
          Group: C2C
     Startpoint: (R) q_reg[0]/clk
          Clock: (R) clk
       Endpoint: (R) q_reg[12]/d
          Clock: (R) clk

                     Capture       Launch     
        Clock Edge:+    5000            0     
       Src Latency:+       0            0     
       Net Latency:+       0 (I)        0 (I) 
           Arrival:=    5000            0     
                                              
             Setup:-     194                  
     Required Time:=    4806                  
      Launch Clock:-       0                  
         Data Path:-    1548                  
             Slack:=    3259                  

#------------------------------------------------------------------------------------------------------
#    Timing Point     Flags    Arc    Edge       Cell         Fanout Load Trans Delay Arrival Instance 
#                                                                    (fF)  (ps)  (ps)   (ps)  Location 
#------------------------------------------------------------------------------------------------------
  q_reg[0]/clk        -       -       R     (arrival)             32    -     0     0       0    (-,-) 
  q_reg[0]/q          (u)     clk->q  R     unmapped_d_flop        6  9.8     0   625     625    (-,-) 
  inc_add_16_8/g613/z (u)     in_0->z F     unmapped_nand2         4  6.4     0   154     779    (-,-) 
  inc_add_16_8/g600/z (u)     in_1->z F     unmapped_or2           4  6.4     0   154     934    (-,-) 
  inc_add_16_8/g587/z (u)     in_0->z F     unmapped_or2           4  6.4     0   154    1088    (-,-) 
  inc_add_16_8/g581/z (u)     in_1->z F     unmapped_or2           4  6.4     0   154    1242    (-,-) 
  inc_add_16_8/g566/z (u)     in_0->z F     unmapped_or2           1  1.6     0   102    1344    (-,-) 
  inc_add_16_8/g567/z (u)     in_1->z R     unmapped_nand2         1  1.9     0   102    1446    (-,-) 
  g764/z              (u)     in_0->z R     unmapped_complex2      1  1.9     0   102    1548    (-,-) 
  q_reg[12]/d         -       -       R     unmapped_d_flop        1    -     -     0    1548    (-,-) 
#------------------------------------------------------------------------------------------------------

(u) : Net has unmapped pin(s).



Path 24: MET (3276 ps) Setup Check with Pin q_reg[9]/clk->d
          Group: C2C
     Startpoint: (R) q_reg[0]/clk
          Clock: (R) clk
       Endpoint: (R) q_reg[9]/d
          Clock: (R) clk

                     Capture       Launch     
        Clock Edge:+    5000            0     
       Src Latency:+       0            0     
       Net Latency:+       0 (I)        0 (I) 
           Arrival:=    5000            0     
                                              
             Setup:-     194                  
     Required Time:=    4806                  
      Launch Clock:-       0                  
         Data Path:-    1531                  
             Slack:=    3276                  

#------------------------------------------------------------------------------------------------------
#    Timing Point     Flags    Arc    Edge       Cell         Fanout Load Trans Delay Arrival Instance 
#                                                                    (fF)  (ps)  (ps)   (ps)  Location 
#------------------------------------------------------------------------------------------------------
  q_reg[0]/clk        -       -       R     (arrival)             32    -     0     0       0    (-,-) 
  q_reg[0]/q          (u)     clk->q  R     unmapped_d_flop        6  9.8     0   625     625    (-,-) 
  inc_add_16_8/g613/z (u)     in_0->z F     unmapped_nand2         4  6.4     0   154     779    (-,-) 
  inc_add_16_8/g600/z (u)     in_1->z F     unmapped_or2           4  6.4     0   154     934    (-,-) 
  inc_add_16_8/g587/z (u)     in_0->z F     unmapped_or2           4  6.4     0   154    1088    (-,-) 
  inc_add_16_8/g580/z (u)     in_0->z F     unmapped_complex2      3  4.8     0   137    1225    (-,-) 
  inc_add_16_8/g563/z (u)     in_0->z F     unmapped_or2           1  1.6     0   102    1327    (-,-) 
  inc_add_16_8/g564/z (u)     in_1->z R     unmapped_nand2         1  1.9     0   102    1429    (-,-) 
  g763/z              (u)     in_0->z R     unmapped_complex2      1  1.9     0   102    1531    (-,-) 
  q_reg[9]/d          -       -       R     unmapped_d_flop        1    -     -     0    1531    (-,-) 
#------------------------------------------------------------------------------------------------------

(u) : Net has unmapped pin(s).



Path 25: MET (3293 ps) Setup Check with Pin q_reg[6]/clk->d
          Group: C2C
     Startpoint: (R) q_reg[0]/clk
          Clock: (R) clk
       Endpoint: (R) q_reg[6]/d
          Clock: (R) clk

                     Capture       Launch     
        Clock Edge:+    5000            0     
       Src Latency:+       0            0     
       Net Latency:+       0 (I)        0 (I) 
           Arrival:=    5000            0     
                                              
             Setup:-     194                  
     Required Time:=    4806                  
      Launch Clock:-       0                  
         Data Path:-    1514                  
             Slack:=    3293                  

#------------------------------------------------------------------------------------------------------
#    Timing Point     Flags    Arc    Edge       Cell         Fanout Load Trans Delay Arrival Instance 
#                                                                    (fF)  (ps)  (ps)   (ps)  Location 
#------------------------------------------------------------------------------------------------------
  q_reg[0]/clk        -       -       R     (arrival)             32    -     0     0       0    (-,-) 
  q_reg[0]/q          (u)     clk->q  R     unmapped_d_flop        6  9.8     0   625     625    (-,-) 
  inc_add_16_8/g613/z (u)     in_0->z F     unmapped_nand2         4  6.4     0   154     779    (-,-) 
  inc_add_16_8/g600/z (u)     in_1->z F     unmapped_or2           4  6.4     0   154     934    (-,-) 
  inc_add_16_8/g588/z (u)     in_0->z F     unmapped_complex2      3  4.8     0   137    1071    (-,-) 
  inc_add_16_8/g583/z (u)     in_0->z F     unmapped_complex2      3  4.8     0   137    1208    (-,-) 
  inc_add_16_8/g569/z (u)     in_1->z F     unmapped_or2           1  1.6     0   102    1310    (-,-) 
  inc_add_16_8/g570/z (u)     in_1->z R     unmapped_nand2         1  1.9     0   102    1412    (-,-) 
  g765/z              (u)     in_0->z R     unmapped_complex2      1  1.9     0   102    1514    (-,-) 
  q_reg[6]/d          -       -       R     unmapped_d_flop        1    -     -     0    1514    (-,-) 
#------------------------------------------------------------------------------------------------------

(u) : Net has unmapped pin(s).



Path 26: MET (3324 ps) Setup Check with Pin q_reg[8]/clk->d
          Group: C2C
     Startpoint: (R) q_reg[0]/clk
          Clock: (R) clk
       Endpoint: (R) q_reg[8]/d
          Clock: (R) clk

                     Capture       Launch     
        Clock Edge:+    5000            0     
       Src Latency:+       0            0     
       Net Latency:+       0 (I)        0 (I) 
           Arrival:=    5000            0     
                                              
             Setup:-     194                  
     Required Time:=    4806                  
      Launch Clock:-       0                  
         Data Path:-    1482                  
             Slack:=    3324                  

#-------------------------------------------------------------------------------------------------
# Timing Point   Flags    Arc    Edge       Cell         Fanout Load Trans Delay Arrival Instance 
#                                                               (fF)  (ps)  (ps)   (ps)  Location 
#-------------------------------------------------------------------------------------------------
  q_reg[0]/clk   -       -       R     (arrival)             32    -     0     0       0    (-,-) 
  q_reg[0]/q     (u)     clk->q  F     unmapped_d_flop        6  8.3     0   625     625    (-,-) 
  g726/z         (u)     in_1->z R     unmapped_nand2         1  1.9     0   102     727    (-,-) 
  g719/z         (u)     in_1->z R     unmapped_or2           1  1.9     0   102     829    (-,-) 
  g712/z         (u)     in_1->z R     unmapped_or2           1  1.9     0   102     931    (-,-) 
  g710/z         (u)     in_1->z R     unmapped_or2           1  1.9     0   102    1033    (-,-) 
  g708/z         (u)     in_1->z R     unmapped_or2           1  1.9     0   102    1135    (-,-) 
  g707/z         (u)     in_0->z F     unmapped_complex2     32  9.6     0   245    1380    (-,-) 
  g766/z         (u)     in_1->z R     unmapped_complex2      1  1.9     0   102    1482    (-,-) 
  q_reg[8]/d     -       -       R     unmapped_d_flop        1    -     -     0    1482    (-,-) 
#-------------------------------------------------------------------------------------------------

(u) : Net has unmapped pin(s).



Path 27: MET (3324 ps) Setup Check with Pin q_reg[5]/clk->d
          Group: C2C
     Startpoint: (R) q_reg[0]/clk
          Clock: (R) clk
       Endpoint: (R) q_reg[5]/d
          Clock: (R) clk

                     Capture       Launch     
        Clock Edge:+    5000            0     
       Src Latency:+       0            0     
       Net Latency:+       0 (I)        0 (I) 
           Arrival:=    5000            0     
                                              
             Setup:-     194                  
     Required Time:=    4806                  
      Launch Clock:-       0                  
         Data Path:-    1482                  
             Slack:=    3324                  

#-------------------------------------------------------------------------------------------------
# Timing Point   Flags    Arc    Edge       Cell         Fanout Load Trans Delay Arrival Instance 
#                                                               (fF)  (ps)  (ps)   (ps)  Location 
#-------------------------------------------------------------------------------------------------
  q_reg[0]/clk   -       -       R     (arrival)             32    -     0     0       0    (-,-) 
  q_reg[0]/q     (u)     clk->q  F     unmapped_d_flop        6  8.3     0   625     625    (-,-) 
  g726/z         (u)     in_1->z R     unmapped_nand2         1  1.9     0   102     727    (-,-) 
  g719/z         (u)     in_1->z R     unmapped_or2           1  1.9     0   102     829    (-,-) 
  g712/z         (u)     in_1->z R     unmapped_or2           1  1.9     0   102     931    (-,-) 
  g710/z         (u)     in_1->z R     unmapped_or2           1  1.9     0   102    1033    (-,-) 
  g708/z         (u)     in_1->z R     unmapped_or2           1  1.9     0   102    1135    (-,-) 
  g707/z         (u)     in_0->z F     unmapped_complex2     32  9.6     0   245    1380    (-,-) 
  g767/z         (u)     in_1->z R     unmapped_complex2      1  1.9     0   102    1482    (-,-) 
  q_reg[5]/d     -       -       R     unmapped_d_flop        1    -     -     0    1482    (-,-) 
#-------------------------------------------------------------------------------------------------

(u) : Net has unmapped pin(s).



Path 28: MET (3324 ps) Setup Check with Pin q_reg[4]/clk->d
          Group: C2C
     Startpoint: (R) q_reg[0]/clk
          Clock: (R) clk
       Endpoint: (R) q_reg[4]/d
          Clock: (R) clk

                     Capture       Launch     
        Clock Edge:+    5000            0     
       Src Latency:+       0            0     
       Net Latency:+       0 (I)        0 (I) 
           Arrival:=    5000            0     
                                              
             Setup:-     194                  
     Required Time:=    4806                  
      Launch Clock:-       0                  
         Data Path:-    1482                  
             Slack:=    3324                  

#-------------------------------------------------------------------------------------------------
# Timing Point   Flags    Arc    Edge       Cell         Fanout Load Trans Delay Arrival Instance 
#                                                               (fF)  (ps)  (ps)   (ps)  Location 
#-------------------------------------------------------------------------------------------------
  q_reg[0]/clk   -       -       R     (arrival)             32    -     0     0       0    (-,-) 
  q_reg[0]/q     (u)     clk->q  F     unmapped_d_flop        6  8.3     0   625     625    (-,-) 
  g726/z         (u)     in_1->z R     unmapped_nand2         1  1.9     0   102     727    (-,-) 
  g719/z         (u)     in_1->z R     unmapped_or2           1  1.9     0   102     829    (-,-) 
  g712/z         (u)     in_1->z R     unmapped_or2           1  1.9     0   102     931    (-,-) 
  g710/z         (u)     in_1->z R     unmapped_or2           1  1.9     0   102    1033    (-,-) 
  g708/z         (u)     in_1->z R     unmapped_or2           1  1.9     0   102    1135    (-,-) 
  g707/z         (u)     in_0->z F     unmapped_complex2     32  9.6     0   245    1380    (-,-) 
  g769/z         (u)     in_1->z R     unmapped_complex2      1  1.9     0   102    1482    (-,-) 
  q_reg[4]/d     -       -       R     unmapped_d_flop        1    -     -     0    1482    (-,-) 
#-------------------------------------------------------------------------------------------------

(u) : Net has unmapped pin(s).



Path 29: MET (3324 ps) Setup Check with Pin q_reg[3]/clk->d
          Group: C2C
     Startpoint: (R) q_reg[0]/clk
          Clock: (R) clk
       Endpoint: (R) q_reg[3]/d
          Clock: (R) clk

                     Capture       Launch     
        Clock Edge:+    5000            0     
       Src Latency:+       0            0     
       Net Latency:+       0 (I)        0 (I) 
           Arrival:=    5000            0     
                                              
             Setup:-     194                  
     Required Time:=    4806                  
      Launch Clock:-       0                  
         Data Path:-    1482                  
             Slack:=    3324                  

#-------------------------------------------------------------------------------------------------
# Timing Point   Flags    Arc    Edge       Cell         Fanout Load Trans Delay Arrival Instance 
#                                                               (fF)  (ps)  (ps)   (ps)  Location 
#-------------------------------------------------------------------------------------------------
  q_reg[0]/clk   -       -       R     (arrival)             32    -     0     0       0    (-,-) 
  q_reg[0]/q     (u)     clk->q  F     unmapped_d_flop        6  8.3     0   625     625    (-,-) 
  g726/z         (u)     in_1->z R     unmapped_nand2         1  1.9     0   102     727    (-,-) 
  g719/z         (u)     in_1->z R     unmapped_or2           1  1.9     0   102     829    (-,-) 
  g712/z         (u)     in_1->z R     unmapped_or2           1  1.9     0   102     931    (-,-) 
  g710/z         (u)     in_1->z R     unmapped_or2           1  1.9     0   102    1033    (-,-) 
  g708/z         (u)     in_1->z R     unmapped_or2           1  1.9     0   102    1135    (-,-) 
  g707/z         (u)     in_0->z F     unmapped_complex2     32  9.6     0   245    1380    (-,-) 
  g768/z         (u)     in_1->z R     unmapped_complex2      1  1.9     0   102    1482    (-,-) 
  q_reg[3]/d     -       -       R     unmapped_d_flop        1    -     -     0    1482    (-,-) 
#-------------------------------------------------------------------------------------------------

(u) : Net has unmapped pin(s).



Path 30: MET (3324 ps) Setup Check with Pin q_reg[2]/clk->d
          Group: C2C
     Startpoint: (R) q_reg[0]/clk
          Clock: (R) clk
       Endpoint: (R) q_reg[2]/d
          Clock: (R) clk

                     Capture       Launch     
        Clock Edge:+    5000            0     
       Src Latency:+       0            0     
       Net Latency:+       0 (I)        0 (I) 
           Arrival:=    5000            0     
                                              
             Setup:-     194                  
     Required Time:=    4806                  
      Launch Clock:-       0                  
         Data Path:-    1482                  
             Slack:=    3324                  

#-------------------------------------------------------------------------------------------------
# Timing Point   Flags    Arc    Edge       Cell         Fanout Load Trans Delay Arrival Instance 
#                                                               (fF)  (ps)  (ps)   (ps)  Location 
#-------------------------------------------------------------------------------------------------
  q_reg[0]/clk   -       -       R     (arrival)             32    -     0     0       0    (-,-) 
  q_reg[0]/q     (u)     clk->q  F     unmapped_d_flop        6  8.3     0   625     625    (-,-) 
  g726/z         (u)     in_1->z R     unmapped_nand2         1  1.9     0   102     727    (-,-) 
  g719/z         (u)     in_1->z R     unmapped_or2           1  1.9     0   102     829    (-,-) 
  g712/z         (u)     in_1->z R     unmapped_or2           1  1.9     0   102     931    (-,-) 
  g710/z         (u)     in_1->z R     unmapped_or2           1  1.9     0   102    1033    (-,-) 
  g708/z         (u)     in_1->z R     unmapped_or2           1  1.9     0   102    1135    (-,-) 
  g707/z         (u)     in_0->z F     unmapped_complex2     32  9.6     0   245    1380    (-,-) 
  g770/z         (u)     in_1->z R     unmapped_complex2      1  1.9     0   102    1482    (-,-) 
  q_reg[2]/d     -       -       R     unmapped_d_flop        1    -     -     0    1482    (-,-) 
#-------------------------------------------------------------------------------------------------

(u) : Net has unmapped pin(s).



Path 31: MET (3324 ps) Setup Check with Pin q_reg[1]/clk->d
          Group: C2C
     Startpoint: (R) q_reg[0]/clk
          Clock: (R) clk
       Endpoint: (R) q_reg[1]/d
          Clock: (R) clk

                     Capture       Launch     
        Clock Edge:+    5000            0     
       Src Latency:+       0            0     
       Net Latency:+       0 (I)        0 (I) 
           Arrival:=    5000            0     
                                              
             Setup:-     194                  
     Required Time:=    4806                  
      Launch Clock:-       0                  
         Data Path:-    1482                  
             Slack:=    3324                  

#-------------------------------------------------------------------------------------------------
# Timing Point   Flags    Arc    Edge       Cell         Fanout Load Trans Delay Arrival Instance 
#                                                               (fF)  (ps)  (ps)   (ps)  Location 
#-------------------------------------------------------------------------------------------------
  q_reg[0]/clk   -       -       R     (arrival)             32    -     0     0       0    (-,-) 
  q_reg[0]/q     (u)     clk->q  F     unmapped_d_flop        6  8.3     0   625     625    (-,-) 
  g726/z         (u)     in_1->z R     unmapped_nand2         1  1.9     0   102     727    (-,-) 
  g719/z         (u)     in_1->z R     unmapped_or2           1  1.9     0   102     829    (-,-) 
  g712/z         (u)     in_1->z R     unmapped_or2           1  1.9     0   102     931    (-,-) 
  g710/z         (u)     in_1->z R     unmapped_or2           1  1.9     0   102    1033    (-,-) 
  g708/z         (u)     in_1->z R     unmapped_or2           1  1.9     0   102    1135    (-,-) 
  g707/z         (u)     in_0->z F     unmapped_complex2     32  9.6     0   245    1380    (-,-) 
  g771/z         (u)     in_1->z R     unmapped_complex2      1  1.9     0   102    1482    (-,-) 
  q_reg[1]/d     -       -       R     unmapped_d_flop        1    -     -     0    1482    (-,-) 
#-------------------------------------------------------------------------------------------------

(u) : Net has unmapped pin(s).



Path 32: MET (3324 ps) Setup Check with Pin q_reg[0]/clk->d
          Group: C2C
     Startpoint: (R) q_reg[0]/clk
          Clock: (R) clk
       Endpoint: (R) q_reg[0]/d
          Clock: (R) clk

                     Capture       Launch     
        Clock Edge:+    5000            0     
       Src Latency:+       0            0     
       Net Latency:+       0 (I)        0 (I) 
           Arrival:=    5000            0     
                                              
             Setup:-     194                  
     Required Time:=    4806                  
      Launch Clock:-       0                  
         Data Path:-    1482                  
             Slack:=    3324                  

#-------------------------------------------------------------------------------------------------
# Timing Point   Flags    Arc    Edge       Cell         Fanout Load Trans Delay Arrival Instance 
#                                                               (fF)  (ps)  (ps)   (ps)  Location 
#-------------------------------------------------------------------------------------------------
  q_reg[0]/clk   -       -       R     (arrival)             32    -     0     0       0    (-,-) 
  q_reg[0]/q     (u)     clk->q  F     unmapped_d_flop        6  8.3     0   625     625    (-,-) 
  g726/z         (u)     in_1->z R     unmapped_nand2         1  1.9     0   102     727    (-,-) 
  g719/z         (u)     in_1->z R     unmapped_or2           1  1.9     0   102     829    (-,-) 
  g712/z         (u)     in_1->z R     unmapped_or2           1  1.9     0   102     931    (-,-) 
  g710/z         (u)     in_1->z R     unmapped_or2           1  1.9     0   102    1033    (-,-) 
  g708/z         (u)     in_1->z R     unmapped_or2           1  1.9     0   102    1135    (-,-) 
  g707/z         (u)     in_0->z F     unmapped_complex2     32  9.6     0   245    1380    (-,-) 
  g740/z         (u)     in_1->z R     unmapped_nor2          1  1.9     0   102    1482    (-,-) 
  q_reg[0]/d     -       -       R     unmapped_d_flop        1    -     -     0    1482    (-,-) 
#-------------------------------------------------------------------------------------------------

(u) : Net has unmapped pin(s).

Some unconstrained paths have not been displayed.
Use -unconstrained or set the root attribute 'timing_report_unconstrained' to 'true' to see only these unconstrained paths.

