============================================================
  Generated by:           Genus(TM) Synthesis Solution 20.11-s111_1
  Generated on:           Apr 14 2025  12:55:03 pm
  Module:                 counter
  Operating conditions:   slow (balanced_tree)
  Wireload mode:          enclosed
  Area mode:              timing library
============================================================

Timing
--------

Clock Period 
-------------
clk   5000.0 


  Cost    Critical         Violating 
 Group   Path Slack  TNS     Paths   
-------------------------------------
C2C          1692.2   0.0          0 
C2O        No paths   0.0            
clk        No paths   0.0            
default    No paths   0.0            
I2C        No paths   0.0            
I2O        No paths   0.0            
-------------------------------------
Total                 0.0          0 

Instance Count
--------------
Leaf Instance Count             127 
Physical Instance count           0 
Sequential Instance Count        32 
Combinational Instance Count     95 
Hierarchical Instance Count       0 

Area
----
Cell Area                          283.822
Physical Cell Area                 0.000
Total Cell Area (Cell+Physical)    283.822
Net Area                           52.970
Total Area (Cell+Physical+Net)     336.792

Runtime                            0.0 seconds
Elapsed Runtime                    10 seconds
Genus peak memory usage            1125.36 
Innovus peak memory usage          no_value 
Hostname                           localhost
