
Cadence Tempus(TM) Timing Signoff Solution.
Copyright 2020 Cadence Design Systems, Inc. All rights reserved worldwide.

Version:	v20.20-p001_1, built Wed Dec 2 16:07:28 PST 2020
Options:	
Date:		Wed Mar 12 15:28:50 2025
Host:		APL5.kletech.ac.in (x86_64 w/Linux 4.18.0-425.3.1.el8.x86_64) (6cores*12cpus*12th Gen Intel(R) Core(TM) i5-12500 18432KB)
OS:		Red Hat Enterprise Linux release 8.7 (Ootpa)

License:
		tpsxl	Tempus Timing Signoff Solution XL	20.2	checkout succeeded
		16 CPU jobs allowed with the current license(s). Use set_multi_cpu_usage to set your required CPU count.
Change the soft stacksize limit to 0.2%RAM (63 mbytes). Set global soft_stack_size_limit to change the value.
environment variable TMPDIR is '/tmp/ssv_tmpdir_35129_l8eQ4u'.
<CMD> read_lib /home/01fe21bec223/DFT_TESSENT/TEMPUS/TECHFILES/NangateOpenCellLibrary_slow_conditional_ccs.lib
<CMD> set_global timing_apply_default_primary_input_assertion false
<CMD> read_verilog /home/01fe21bec223/DFT_TESSENT/TEMPUS/NETLIST/s298_opt.v
<CMD> set_top_module s298
#% Begin Load MMMC data ... (date=03/12 15:29:14, mem=759.8M)
Number of views requested 1 are allowed with the current licenses... continuing with set_analysis_view.
#% End Load MMMC data ... (date=03/12 15:29:14, total cpu=0:00:00.0, real=0:00:00.0, peak res=760.3M, current mem=760.3M)
default_emulate_early_rc_corner default_emulate_late_rc_corner default_emulate_rc_corner
Loading view definition file from .ssv_emulate_view_definition_35129.tcl
Reading default_emulate_libset_max timing library '/home/01fe21bec223/DFT_TESSENT/TEMPUS/TECHFILES/NangateOpenCellLibrary_slow_conditional_ccs.lib' ...
Read 134 cells in library 'NangateOpenCellLibrary' 
*** End library_loading (cpu=0.01min, real=0.02min, mem=33.0M, fe_cpu=0.14min, fe_real=0.42min, fe_mem=809.2M) ***
#% Begin Load netlist data ... (date=03/12 15:29:15, mem=768.7M)
*** Begin netlist parsing (mem=809.2M) ***
Reading verilog netlist '/home/01fe21bec223/DFT_TESSENT/TEMPUS/NETLIST/s298_opt.v'

*** Memory Usage v#1 (Current mem = 961.301M, initial mem = 299.711M) ***
*** End netlist parsing (cpu=0:00:00.0, real=0:00:00.0, mem=961.3M) ***
#% End Load netlist data ... (date=03/12 15:29:15, total cpu=0:00:00.1, real=0:00:00.0, peak res=872.5M, current mem=864.7M)
Set top cell to s298.
Starting consistency checks on late and early library sets of delay corner 'default_emulate_delay_corner'
late library set: default_emulate_libset_max
early library set: default_emulate_libset_min
Completed consistency checks. Status: Successful
Starting consistency checks on late and early library sets of delay corner 'default_emulate_delay_corner'
late library set: default_emulate_libset_max
early library set: default_emulate_libset_min
Completed consistency checks. Status: Successful
Building hierarchical netlist for Cell s298 ...
*** Netlist is unique.
** info: there are 150 modules.
** info: there are 71 stdCell insts.

*** Memory Usage v#1 (Current mem = 1169.246M, initial mem = 299.711M) ***
Set Default Net Delay as 1000 ps.
Set Default Net Load as 0.5 pF. 
Set Default Input Pin Transition as 0.1 ps.
/dev/null
Extraction setup Started 
Summary of Active RC-Corners : 
 
 Analysis View: default_emulate_view
    RC-Corner Name        : default_emulate_rc_corner
    RC-Corner Index       : 0
    RC-Corner Temperature : 25 Celsius
    RC-Corner Cap Table   : ''
    RC-Corner PostRoute Res Factor        : 1
    RC-Corner PostRoute Cap Factor        : 1
    RC-Corner PostRoute XCap Factor       : 1
Starting consistency checks on late and early library sets of delay corner 'default_emulate_delay_corner'
late library set: default_emulate_libset_max
early library set: default_emulate_libset_min
Completed consistency checks. Status: Successful
Reading timing constraints file '/dev/null' ...
Current (total cpu=0:00:08.6, real=0:00:25.0, peak res=1218.8M, current mem=1218.8M)
Total number of combinational cells: 92
Total number of sequential cells: 29
Total number of tristate cells: 6
Total number of level shifter cells: 0
Total number of power gating cells: 0
Total number of isolation cells: 0
Total number of power switch cells: 0
Total number of pulse generator cells: 0
Total number of always on buffers: 0
Total number of retention cells: 0
List of usable buffers: BUF_X1 BUF_X2 BUF_X4 BUF_X8 CLKBUF_X1 CLKBUF_X3 CLKBUF_X2
Total number of usable buffers: 7
List of unusable buffers:
Total number of unusable buffers: 0
List of usable inverters: INV_X1 INV_X16 INV_X2 INV_X32 INV_X8 INV_X4
Total number of usable inverters: 6
List of unusable inverters:
Total number of unusable inverters: 0
List of identified usable delay cells: BUF_X16 BUF_X32
Total number of identified usable delay cells: 2
List of identified unusable delay cells:
Total number of identified unusable delay cells: 0
default_emulate_constraint_mode
Extraction setup Started 
Summary of Active RC-Corners : 
 
 Analysis View: default_emulate_view
    RC-Corner Name        : default_emulate_rc_corner
    RC-Corner Index       : 0
    RC-Corner Temperature : 125 Celsius
    RC-Corner Cap Table   : ''
    RC-Corner PostRoute Res Factor        : 1
    RC-Corner PostRoute Cap Factor        : 1
    RC-Corner PostRoute XCap Factor       : 1
Extraction setup Started 
Summary of Active RC-Corners : 
 
 Analysis View: default_emulate_view
    RC-Corner Name        : default_emulate_rc_corner
    RC-Corner Index       : 0
    RC-Corner Temperature : 125 Celsius
    RC-Corner Cap Table   : ''
    RC-Corner PostRoute Res Factor        : 1
    RC-Corner PostRoute Cap Factor        : 1
    RC-Corner PostRoute XCap Factor       : 1
Extraction setup Started 
Summary of Active RC-Corners : 
 
 Analysis View: default_emulate_view
    RC-Corner Name        : default_emulate_rc_corner
    RC-Corner Index       : 0
    RC-Corner Temperature : 125 Celsius
    RC-Corner Cap Table   : ''
    RC-Corner PostRoute Res Factor        : 1
    RC-Corner PostRoute Cap Factor        : 1
    RC-Corner PostRoute XCap Factor       : 1
default_emulate_libset_max default_emulate_libset_min
<CMD> read_sdc /home/01fe21bec223/DFT_TESSENT/TEMPUS/SDC/s298_m.sdc
Current (total cpu=0:00:08.7, real=0:00:25.0, peak res=1248.3M, current mem=1209.3M)
**WARN: (TCLCMD-1461):	Skipped unsupported command: set_units (File /home/01fe21bec223/DFT_TESSENT/TEMPUS/SDC/s298_m.sdc, Line 9).

**WARN: (TCLCMD-1461):	Skipped unsupported command: set_units (File /home/01fe21bec223/DFT_TESSENT/TEMPUS/SDC/s298_m.sdc, Line 10).

s298

Usage: group_path [-help] [-comment <string>] -name <path_group_name> [ [-from <from_list>] [-to <to_list>] [-through <through_list>] ]


Usage: group_path [-help] [-comment <string>] -name <path_group_name> [ [-from <from_list>] [-to <to_list>] [-through <through_list>] ]


Usage: group_path [-help] [-comment <string>] -name <path_group_name> [ [-from <from_list>] [-to <to_list>] [-through <through_list>] ]


Usage: group_path [-help] [-comment <string>] -name <path_group_name> [ [-from <from_list>] [-to <to_list>] [-through <through_list>] ]

INFO (CTE): Reading of timing constraints file /home/01fe21bec223/DFT_TESSENT/TEMPUS/SDC/s298_m.sdc completed, with 2 WARNING
Ending "Constraint file reading stats" (total cpu=0:00:00.0, real=0:00:00.0, peak res=1223.7M, current mem=1223.7M)
Current (total cpu=0:00:08.8, real=0:00:25.0, peak res=1248.3M, current mem=1223.7M)
<CMD> report_clock_timing -type summary > ./TEMPUS_REPORTS_${DATE}/clock_summary.rpt
**WARN: (IMPESI-3468):	User needs to specify -equivalent_waveform_model propagation first before specifying -waveform_compression_mode accurate|clock_detailed .
AAE DB initialization (MEM=1455.25 CPU=0:00:00.0 REAL=0:00:00.0) 
#################################################################################
# Design Name: s298
# Design Mode: 65nm
# Analysis Mode: MMMC OCV 
# Parasitics Mode: No SPEF/RCDB 
# Signoff Settings: SI Off 
#################################################################################
Start delay calculation (fullDC) (1 T). (MEM=1481.52)
/dev/null
End delay calculation. (MEM=1486.14 CPU=0:00:00.0 REAL=0:00:00.0)
End delay calculation (fullDC). (MEM=1486.14 CPU=0:00:00.0 REAL=0:00:00.0)
<CMD> set_global report_timing_format {hpin cell arc slew load delay arrival}
<CMD> check_timing -verbose -type {loops inputs endpoints clocks constant_collision clock_gating_inferred clock_clipping} -include_warning clocks_masked_by_another_clock > ./TEMPUS_REPORTS_${DATE}/check_timing_verbose.rpt
<CMD> check_timing -check_only {clock_crossing} -verbose > ./TEMPUS_REPORTS_${DATE}/clock_crossings.rpt
<CMD> report_clocks -groups > ./TEMPUS_REPORTS_${DATE}/report_clock_groups.rpt
<CMD> report_constraint -all_violators > ./TEMPUS_REPORTS_Mar12-15:29:14/report_allViolators.rpt
Loading  (s298)
Traverse HInst (s298)
-checkType setup                           # enums={setup hold}, default=setup
<CMD> get_time_unit
<CMD> report_timing -machine_readable -max_paths 10000 -max_slack 0.75 -path_exceptions all -late > top.mtarpt
<CMD> load_timing_debug_report -name default_report top.mtarpt
Parsing file top.mtarpt...
invalid command name "write_verilog"
ambiguous command name "write_*": write_anls_command_file write_annotated_transition write_binary_twf write_category_summary write_clock_em_spice write_clock_gate_equivalence_list write_cmd_file write_constraints write_context_aware_aggressor_distance write_def write_design write_eco write_eco_db write_eco_opt_db write_eiv_for_jitter write_extraction_spec write_flop_connectivity_file write_flow write_flow_template write_global_slack_report write_ilm write_ilm_eco_db write_ilm_physical_info write_ipd_rail_voltage write_ipd_scope write_irDrop_file write_irdrop_file write_ldb write_lef_abstract write_lef_library write_length_limited_command ...
...too many match (>30)
ambiguous command name "*_verilog": read_scope_verilog read_verilog
invalid command name "*_hdl"
**WARN: (IMPTCM-19):	Command 'verilogOut' is obsolete and will be removed in future releases. Use 'saveNetlist' instead. You should update 'verilogOut' to 'saveNetlist' in your script.

Usage: saveNetlist [-help] <fileName> [-abstract] [-derivePGPortDir]
                   [-excludeCellDef <string>] [-excludeCellInst <string>]
                   [-excludeIlm] [-excludeTopCellPGPort <string>]
                   [-exportTopPGNets] [-flat] [-flattenBus] [-ilm]
                   [-includeBumpCell] [-includePhysicalCell <string>]
                   [-includePhysicalInst] [-includePowerGround]
                   [-keepAllBackslash] [-lineLength <integer>]
                   [-omitFloatingPort] [-phys] [-removePowerGround]
                   [-replaceTieConnection] [-replaceWorWandWithWire]
                   [-replace_inout_with_output_for_pg_ports]
                   [-topCell <cellName>] [-topModuleFirst]
                   [-useCdsThruForAssign] [-useEEQCellWithLibertyInfo]
                   [-writeSupply0Supply1] [-excludeLeafCell | -onlyLeafCell | -onlyStdCell | -onlyMacro | -module <string>] [-applyMaskShift [-maskShiftSuffix <string>] [-ignoreFixedMask ] [-cellInstanceColor {true | false}] [-cellMasterColor {true | false}] ]

**ERROR: (IMPTCM-32):	Wrong number of arguments specified for command "saveNetlist".

ambiguous command name "*scan": check_scan_chain_loaded check_scan_connected clearscandisplay clearscannetisselected deleteallscancells deletescancell deletescanchain deletescanchainpartition displayscanchain getscanreordermode rdagetscanlist read_scan_control_file refinescanchainstartstopinst report_scan_chain reportscancell reportscanchainpartition scan scanDisconnect scanReorder scanSkipBuffer scanTrace scan_and_check_waveforms scandisconnect scanreorder scanskipbuffer scantrace setscanchainstartstopinststatus setscanreordermode specifyscancell specifyscanchain specifyscanchainpartition ...
...too many match (>30)
save out the reporting file "scanChain.rpt"
invalid command name "write_hdl"
invalid command name "write_verilog"

Usage: write_design [-help] <dir_name> [-force_sdc] [-pg_netlist]
                    [-prefix <name>] [-rc_extract] [-setting <category_list>]
                    [-signoff_eco] -tempus

**ERROR: (IMPTCM-46):	Argument "<dir_name>" is required for command "write_design", either this option is not specified or an option prior to it is not specified correctly.
  
<CMD> write_sdc > ./TEMPUS_REPORTS_${DATE}/tempus_s298.sdc
Generated the file constr.pt in the directory /home/01fe21bec223/DFT_TESSENT/TEMPUS/work
ambiguous command name "*verilog": bin2verilog deftoverilog read_scope_verilog read_verilog verilogOut
**WARN: (IMPTCM-19):	Command 'verilogOut' is obsolete and will be removed in future releases. Use 'saveNetlist' instead. You should update 'verilogOut' to 'saveNetlist' in your script.

Usage: saveNetlist [-help] <fileName> [-abstract] [-derivePGPortDir]
                   [-excludeCellDef <string>] [-excludeCellInst <string>]
                   [-excludeIlm] [-excludeTopCellPGPort <string>]
                   [-exportTopPGNets] [-flat] [-flattenBus] [-ilm]
                   [-includeBumpCell] [-includePhysicalCell <string>]
                   [-includePhysicalInst] [-includePowerGround]
                   [-keepAllBackslash] [-lineLength <integer>]
                   [-omitFloatingPort] [-phys] [-removePowerGround]
                   [-replaceTieConnection] [-replaceWorWandWithWire]
                   [-replace_inout_with_output_for_pg_ports]
                   [-topCell <cellName>] [-topModuleFirst]
                   [-useCdsThruForAssign] [-useEEQCellWithLibertyInfo]
                   [-writeSupply0Supply1] [-excludeLeafCell | -onlyLeafCell | -onlyStdCell | -onlyMacro | -module <string>] [-applyMaskShift [-maskShiftSuffix <string>] [-ignoreFixedMask ] [-cellInstanceColor {true | false}] [-cellMasterColor {true | false}] ]

-help                               # Prints out the command usage
<fileName>                          # Specifies the name of the file where the
                                    # netlist is written (string, required)
-abstract                           # write an empty Verilog module with port
                                    # declarations for the specified module
                                    # (default is the top module) (bool, optional)
-applyMaskShift                     # Add a suffix to the cell name of a leaf
                                    # instance based on the instance's color
                                    # assignments. Note the netlist must be
                                    # unique or -flat must specified for the
                                    # option to take effect. (bool, optional)
-cellInstanceColor {true false}     # Use the instance-based color
                                    # (enum, optional)
-cellMasterColor {true false}       # Use the cell master-based color from the
                                    # Innovus color engine (enum, optional)
-derivePGPortDir                    # Specifies whether to derive (vs. assume)
                                    # directions of implicit PG ports in saving
                                    # a physical netlist. (bool, optional)
-excludeCellDef <string>            # Excludes the definition of the specified
                                    # cells (string, optional)
-excludeCellInst <string>           # Excludes the instances of the specified
                                    # cells from the netlist (string, optional)
-excludeIlm                         # Exclude ilm module (bool, optional)
-excludeLeafCell                    # Excludes leaf cell definitions in the
                                    # netlist (bool, optional)
-excludeTopCellPGPort <string>      # Excludes the specified power and ground
                                    # port(s) from the top cell's module port
                                    # list (string, optional)
-exportTopPGNets                    # Use top-cell PG nets as ports for the top
                                    # module in a physical netlist created with
                                    # -phys or -includePowerGround option.
                                    # (bool, optional)
-flat                               # Writes a flattened Verilog netlist
                                    # (bool, optional)
-flattenBus                         # Writes a flattened-bus Verilog netlist
                                    # (bool, optional)
-ignoreFixedMask                    # Ignore fixedMask of the cell
                                    # (bool, optional)
-ilm                                # Writes out a netlist with ILM guts
                                    # (bool, optional)
-includeBumpCell                    # Writes bump cell information to the
                                    # netlist (bool, optional)
-includePhysicalCell <string>       # Includes the physical instances of the
                                    # specified cells (string, optional)
-includePhysicalInst                # Includes physical instances, such as
                                    # fillers (bool, optional)
-includePowerGround                 # Includes PG terms in module port list
                                    # (bool, optional)
-keepAllBackslash                   # Keeps all backslash in names
                                    # (bool, optional)
-lineLength <integer>               # Specifies the maximum number of
                                    # characters per line for module port lists
                                    # and instance port connections
                                    # (int, optional)
-maskShiftSuffix <string>           # Add a user suffix to the cell name of a
                                    # leaf instance. Note the option needs to
                                    # be used with -applyMaskShift to take
                                    # effect. (string, optional)
-module <string>                    # Saves the netlist of the specified module
                                    # (string, optional)
-omitFloatingPort                   # Omits unconnected instance ports from the
                                    # saved netlist (bool, optional)
-onlyLeafCell                       # Writes only leaf cell definitions in the
                                    # netlist (bool, optional)
-onlyMacro                          # Writes only macro or block cell
                                    # definitions to the netlist (bool, optional)
-onlyStdCell                        # Writes only standard cell instances in
                                    # the netlist (bool, optional)
-phys                               # Same as '-includePowerGround
                                    # -includePhysicalInst' (bool, optional)
-removePowerGround                  # Removes PG ports, PG nets, PG pin
                                    # connections and replaces PG net
                                    # connections on signal pins with 1'b1 or
                                    # 1'b0 (bool, optional)
-replaceTieConnection               # Replaces 1'b1 and 1'b0 constants with
                                    # undriven nets in the output netlist
                                    # (bool, optional)
-replaceWorWandWithWire             # Replace wor/wand with wire statement
                                    # (bool, optional)
-replace_inout_with_output_for_pg_ports    # Change the direction of inout P/G
                                           # ports to output except for the
                                           # ones defined by IEEE1801/UPF.
                                           # Their directions remain unchanged.
                                           # (bool, optional)
-topCell <cellName>                 # Saves the specified module along with its
                                    # submodules (string, optional)
-topModuleFirst                     # Write out top module first
                                    # (bool, optional)
-useCdsThruForAssign                # Replace assign statement with cds_thru,
                                    # the output netlist won't be able to read
                                    # back by Innovus. This is only for third
                                    # party tool. (bool, optional)
-useEEQCellWithLibertyInfo          # use EEQ cell with timing library info as
                                    # the master cell of a leaf instance.
                                    # (bool, optional)
-writeSupply0Supply1                # Write supply0/supply1 for PG nets
                                    # (bool, optional)


**WARN: (IMPTCM-19):	Command 'verilogOut' is obsolete and will be removed in future releases. Use 'saveNetlist' instead. You should update 'verilogOut' to 'saveNetlist' in your script.
Writing Netlist "./TEMPUS_REPORTS_Mar12-15:29:14/s298_tempus_netlist.v" ...
ambiguous command name "scan*": scan scanDisconnect scanReorder scanSkipBuffer scanTrace scan_and_check_waveforms scandisconnect scanreorder scanskipbuffer scantrace

Usage: checkDesign [-help] {[-all [-danglingNet [highlight]]] | [[-io ] [-netlist [-danglingNet [highlight]]] [-physicalLibrary ] [-timingLibrary ] [-powerGround ] [-tieHiLo ] [-floorplan ] [-place ] [-spef ] [-assigns ]]} [[[-noText ] [-outdir <string>] [-browser ]] | [-noHtml [-outfile <string>]]]

**ERROR: (IMPTCM-32):	Wrong number of arguments specified for command "checkDesign".

Creating directory checkDesign.
Design: s298

------ Design Summary:
Total Standard Cell Number   (cells) : 71
Total Block Cell Number      (cells) : 0
Total I/O Pad Cell Number    (cells) : 0
Total Standard Cell Area     ( um^2) : 0.00
Total Block Cell Area        ( um^2) : 0.00
Total I/O Pad Cell Area      ( um^2) : 0.00

------ Design Statistics:

Number of Instances            : 71
Number of Non-uniquified Insts : 62
Number of Nets                 : 93
Average number of Pins per Net : 3.08
Maximum number of Pins in Net  : 16

------ I/O Port summary

Number of Primary I/O Ports    : 15
Number of Input Ports          : 8
Number of Output Ports         : 7
Number of Bidirectional Ports  : 0
Number of Power/Ground Ports   : 0
Number of Floating Ports                     *: 2
Number of Ports Connected to Multiple Pads   *: 0
Number of Ports Connected to Core Instances   : 13
**WARN: (IMPREPO-200):	There are 2 Floating Ports in the top design.
**WARN: (IMPREPO-202):	There are 13 Ports connected to core instances.

------ Design Rule Checking:

Number of Output Pins connect to Power/Ground *: 0
Number of Insts with Input Pins tied together ?: 0
Number of TieHi/Lo term nets not connected to instance's PG terms ?: 0
Number of Input/InOut Floating Pins            : 0
Number of Output Floating Pins                 : 0
Number of Output Term Marked TieHi/Lo         *: 0

Number of nets with tri-state drivers          : 0
Number of nets with parallel drivers           : 0
Number of nets with multiple drivers           : 0
Number of nets with no driver (No FanIn)       : 0
Number of Output Floating nets (No FanOut)     : 16
Number of High Fanout nets (>50)               : 0
**WARN: (IMPREPO-212):	There are 2 Floating I/O Pins.
**WARN: (IMPREPO-213):	There are 13 I/O Pins connected to Non-IO Insts.
Checking for any assigns in the netlist...
  No assigns found.
Design check done.
Report saved in file checkDesign/s298.main.htm.ascii

*** Summary of all messages that are not suppressed in this session:
Severity  ID               Count  Summary                                  
WARNING   IMPREPO-200          1  There are %d Floating Ports in the top d...
WARNING   IMPREPO-202          1  There are %d Ports connected to core ins...
WARNING   IMPREPO-212          1  There are %d Floating I/O Pins.          
WARNING   IMPREPO-213          1  There are %d I/O Pins connected to Non-I...
*** Message Summary: 4 warning(s), 0 error(s)

Design: s298

------ Design Summary:
Total Standard Cell Number   (cells) : 71
Total Block Cell Number      (cells) : 0
Total I/O Pad Cell Number    (cells) : 0
Total Standard Cell Area     ( um^2) : 0.00
Total Block Cell Area        ( um^2) : 0.00
Total I/O Pad Cell Area      ( um^2) : 0.00

------ Design Statistics:

Number of Instances            : 71
Number of Non-uniquified Insts : 62
Number of Nets                 : 93
Average number of Pins per Net : 3.08
Maximum number of Pins in Net  : 16

------ I/O Port summary

Number of Primary I/O Ports    : 15
Number of Input Ports          : 8
Number of Output Ports         : 7
Number of Bidirectional Ports  : 0
Number of Power/Ground Ports   : 0
Number of Floating Ports                     *: 2
Number of Ports Connected to Multiple Pads   *: 0
Number of Ports Connected to Core Instances   : 13
**WARN: (IMPREPO-200):	There are 2 Floating Ports in the top design.
**WARN: (IMPREPO-202):	There are 13 Ports connected to core instances.

------ Design Rule Checking:

Number of Output Pins connect to Power/Ground *: 0
Number of Insts with Input Pins tied together ?: 0
Number of TieHi/Lo term nets not connected to instance's PG terms ?: 0
Number of Input/InOut Floating Pins            : 0
Number of Output Floating Pins                 : 0
Number of Output Term Marked TieHi/Lo         *: 0

Number of nets with tri-state drivers          : 0
Number of nets with parallel drivers           : 0
Number of nets with multiple drivers           : 0
Number of nets with no driver (No FanIn)       : 0
Number of Output Floating nets (No FanOut)     : 16
Number of High Fanout nets (>50)               : 0
**WARN: (IMPREPO-212):	There are 2 Floating I/O Pins.
**WARN: (IMPREPO-213):	There are 13 I/O Pins connected to Non-IO Insts.
Checking for any assigns in the netlist...
  No assigns found.
Design check done.
Report saved in file checkDesign/s298.main.htm.ascii

*** Summary of all messages that are not suppressed in this session:
Severity  ID               Count  Summary                                  
WARNING   IMPREPO-200          1  There are %d Floating Ports in the top d...
WARNING   IMPREPO-202          1  There are %d Ports connected to core ins...
WARNING   IMPREPO-212          1  There are %d Floating I/O Pins.          
WARNING   IMPREPO-213          1  There are %d I/O Pins connected to Non-I...
*** Message Summary: 4 warning(s), 0 error(s)

<CMD> verify_connectivity -type all -error 1000 -warning 50
This command "verify_connectivity -type all -error 1000 ..." required an extra checkout of license tpstso.
Additional license(s) checked out: 1 'Tempus_Timing_Signoff_TSO' license(s)
**ERROR: (IMPVFC-233):	Design must be floorplanned before running 'verify_connectivity'.
**WARN: (IMPVFC-226):	verify_connectivity failed.
<CMD> report_slack_histogram

#####################################################################
# report_slack_histogram at Wed Mar 12 15:57:58 IST 2025
#   slack file: /tmp/ssv_tmpdir_35129_l8eQ4u/.histogram.35129.slk
#   format    : not compact, step=0.5 ns
#   slack (ns): target=0.000  violating_only
#####################################################################

---------------------------------------------
| Slack Range (ns)     |  Count  |     Sum  |
+----------------------+---------+----------+
---------------------------------------------
<CMD> report_slack_histogram

#####################################################################
# report_slack_histogram at Wed Mar 12 15:59:03 IST 2025
#   slack file: /tmp/ssv_tmpdir_35129_l8eQ4u/.histogram.35129.slk
#   format    : not compact, step=0.5 ns
#   slack (ns): target=0.000  violating_only
#####################################################################

---------------------------------------------
| Slack Range (ns)     |  Count  |     Sum  |
+----------------------+---------+----------+
---------------------------------------------
<CMD> report_timing -max_points 50 -machine_readable > s298.mtarpt
**WARN: (TCLCMD-1131):	'The -max_points parameter of the report_timing command is obsolete. The timing engine will map it to -max_paths parameter. For future releases, you should remove this parameter from your scripts.'
<CMD> load_timing_debug_report -name default_report s298.mtarpt
Parsing file s298.mtarpt...
<CMD> report_slack_histogram

#####################################################################
# report_slack_histogram at Wed Mar 12 16:03:15 IST 2025
#   slack file: /tmp/ssv_tmpdir_35129_l8eQ4u/.histogram.35129.slk
#   format    : not compact, step=0.5 ns
#   slack (ns): target=0.000  violating_only
#####################################################################

---------------------------------------------
| Slack Range (ns)     |  Count  |     Sum  |
+----------------------+---------+----------+
---------------------------------------------
<CMD> report_timing -max_points 50 -machine_readable > s298.mtarpt
**WARN: (TCLCMD-1131):	'The -max_points parameter of the report_timing command is obsolete. The timing engine will map it to -max_paths parameter. For future releases, you should remove this parameter from your scripts.'
<CMD> load_timing_debug_report -name default_report s298.mtarpt
Parsing file s298.mtarpt...
<CMD> analyze_paths_by_basic_path_group
INFO(analyze_paths_by_basic_path_group):  examined 28 paths.
INFO(analyze_paths_by_basic_path_group):  created 1 groups.
<CMD> analyze_paths_by_basic_path_group -options

Usage: analyze_paths_by_basic_path_group [-help] [-master <string>]
                                         [-predefined]

**ERROR: (IMPTCM-48):	"-options" is not a legal option for command "analyze_paths_by_basic_path_group". Either the current option or an option prior to it is not specified correctly.
  
<CMD> analyze_paths_by_basic_path_group -help

Usage: analyze_paths_by_basic_path_group [-help] [-master <string>]
                                         [-predefined]

-help                # Prints out the command usage
-master <string>     # Specifies that the analysis should be performed only for
                     # the specified master category. (string, optional)
-predefined          # Creates path categories for user defined path groups.
                     # (bool, optional)


invalid command name "analyse*"
ambiguous command name "analyze*": analyzePinAssignment analyzeSchedulingDataInSDC analyze_ccopt_skew_group_constraints analyze_clock_em analyze_context_aware_aggressor_distance analyze_context_aware_em analyze_esd analyze_esd_network analyze_esd_voltage analyze_external_resistance analyze_jitter analyze_joule_heat analyze_noise analyze_package analyze_package_sgem analyze_paths_by_basic_path_group analyze_paths_by_bottleneck analyze_paths_by_clock_domain analyze_paths_by_critical_false_path analyze_paths_by_drv analyze_paths_by_hier_port analyze_paths_by_hierarchy analyze_paths_by_view analyze_rail analyze_resistance analyze_self_heat analyze_signal_resistance analyze_signal_self_heat analyze_thermal analyzepinassignment analyzeschedulingdatainsdc ...
...too many match (>30)
invalid command name "analyze_scan*"
ambiguous command name "*scan": check_scan_chain_loaded check_scan_connected clearscandisplay clearscannetisselected deleteallscancells deletescancell deletescanchain deletescanchainpartition displayscanchain getscanreordermode rdagetscanlist read_scan_control_file refinescanchainstartstopinst report_scan_chain reportscancell reportscanchainpartition scan scanDisconnect scanReorder scanSkipBuffer scanTrace scan_and_check_waveforms scandisconnect scanreorder scanskipbuffer scantrace setscanchainstartstopinststatus setscanreordermode specifyscancell specifyscanchain specifyscanchainpartition ...
...too many match (>30)
save out the reporting file "scanChain.rpt"
save out the reporting file "scanChain.rpt"
wrong # args: should be "scan string format ?varName ...?"
ambiguous command name "*write": __syn2ambit_write_pbc_constraints __write_all_libs __write_cell_group __write_ignore_group __write_lazy_data __write_ldb __write_lib_globals __write_socv __write_socv_side_file _dbg_ssta_write_all_pin_phase_info _write_aging_stress_data _write_chain_csv _write_cpode_derate_data _write_design_timing _write_lib _write_seq_csv _write_seq_si_csv ccopt_debug_write_dag_as_netlist cte_test_write_mmmc2 pdi_write_rc rdawritesetobjboxlist rdawritesetobjcommand rdawritesetobjpolygon set_flowkit_write_db_args tbfilereadwritestats virtus_path_writer writeAnnotatedTransition writeBinaryTwf writeBumpLocation writeCommandLog writeCommandLogIfAllowed ...
...too many match (>30)
ambiguous command name "*_write": __syn2ambit_write_pbc_constraints __write_all_libs __write_cell_group __write_ignore_group __write_lazy_data __write_ldb __write_lib_globals __write_socv __write_socv_side_file _dbg_ssta_write_all_pin_phase_info _write_aging_stress_data _write_chain_csv _write_cpode_derate_data _write_design_timing _write_lib _write_seq_csv _write_seq_si_csv ccopt_debug_write_dag_as_netlist cte_test_write_mmmc2 pdi_write_rc set_flowkit_write_db_args virtus_path_writer
    Info:    Applicable commands are: 
                 _timing_report_early_late_external_delay       
                 all_clocks                                     
                 all_inputs                                     
                 all_instances                                  
                 all_outputs                                    
                 all_registers                                  
                 auto_slew_and_delay_degradation                
                 auto_wire_load_selection                       
                 cfpv_design_instance_name                      
                 cfpv_design_instance_name                      
                 cfpv_testbench_name                            
                 check_design                                   
                 check_libraries_and_design_compatibility       
                 check_timing                                   
                 clock_gating_regardless_of_downstream_logic    
                 clock_gating_to_be_checked                     
                 create_clock                                   
                 create_generated_clock                         
                 create_mp_constraint_arc                       
                 create_mp_delay_arc                            
                 create_mp_drive_type                           
                 create_mp_load_type                            
                 create_mp_model                                
                 create_mp_path_type                            
                 create_mp_port                                 
                 ctpks_write_def_source_timing                  
                 ctpks_write_def_source_timing                  
                 current_design                                 
                 current_design                                 
                 current_instance                               
                 dcl_add_pincap_to_rcl                          
                 dcl_debug_mode                                 
                 dcl_message_verbosity_level                    
                 dcl_rcl_use_cellpin_name                       
                 dcl_spec_1_4_use_pinname_for_pinprop           
                 dcl_use_ssm_library                            
                 disable_pulsewidth_checks_on_data_pins         
                 do_analyze_crosstalk                           
                 do_cppr_analysis                               
                 do_derive_context                              
                 do_extract_model                               
                 do_remove_design                               
                 do_signalstorm                                 
                 do_time_budget                                 
                 do_xform_fix_design_rule_violations            
                 edifout_designs_cell_name                      
                 edifout_designs_library_name                   
                 edifout_designs_name                           
                 generated_clocks_inherit_uncertainty           
                 generated_clocks_scale_edges                   
                 get_arcs                                       
                 get_capacitance_unit                           
                 get_cell_drive                                 
                 get_cell_pin_load                              
                 get_cells                                      
                 get_clock                                      
                 get_clock_propagation                          
                 get_clock_source                               
                 get_clocks                                     
                 get_constant_for_timing                        
                 get_dcl_calculation_mode                       
                 get_dcl_functional_mode                        
                 get_dcl_functional_mode_array                  
                 get_dcl_level                                  
                 get_derived_clock                              
                 get_designs                                    
                 get_drive_pin                                  
                 get_fanin                                      
                 get_fanout                                     
                 get_flow_compatible_mode                       
                 get_generated_clock                            
                 get_generated_clocks                           
                 get_lib_arcs                                   
                 get_lib_cells                                  
                 get_lib_pins                                   
                 get_libs                                       
                 get_load_pin                                   
                 get_module_worst_slack                         
                 get_nets                                       
                 get_operating_conditions                       
                 get_operating_parameter                        
                 get_operating_voltage                          
                 get_pins                                       
                 get_ports                                      
                 get_propagated_clock                           
                 get_property                                   
                 get_scale_delays                               
                 get_slack                                      
                 get_slew_thresholds                            
                 get_state_of_design                            
                 get_tech_info                                  
                 get_time_borrow_limit                          
                 get_time_unit                                  
                 get_timing                                     
                 get_top_timing_module                          
                 group_path                                     
                 hdl_vhdl_write_architecture                    
                 hdl_vhdl_write_architecture_name               
                 hdl_vhdl_write_bit_type                        
                 hdl_vhdl_write_components                      
                 hdl_vhdl_write_entity                          
                 hdl_vhdl_write_entity_name                     
                 hdl_vhdl_write_packages                        
                 hdl_vhdl_write_version                         
                 hdl_write_gnd_name                             
                 hdl_write_multi_line_port_maps                 
                 hdl_write_top_down                             
                 hdl_write_vdd_name                             
                 ignore_min_design_rule_violations              
                 latch_time_borrow_mode                         
                 lib_build_asynch_arc                           
                 lib_build_asynch_de_assert_arc                 
                 lib_build_timing_cond_default_arc              
                 lib_cell_thresholds_for_reporting              
                 lib_ignore_pad_area                            
                 libcompile                                     
                 load_dcl_rule                                  
                 max_slew_time_limit                            
                 min_slew_time_limit                            
                 pks_def_write_pad_pin_placement                
                 pks_qp_timing_number_round_off                 
                 pvt_early_path                                 
                 pvt_late_path                                  
                 read_alf                                       
                 read_annotated_transition                      
                 read_dotlib                                    
                 read_irdrop                                    
                 read_library_update                            
                 read_load                                      
                 read_ola                                       
                 read_rrf                                       
                 read_sdf                                       
                 read_spef                                      
                 read_spf                                       
                 read_stamp                                     
                 read_tlf                                       
                 remove_assertions                              
                 report_analysis_coverage                       
                 report_annotated_assertions                    
                 report_annotated_check                         
                 report_annotated_delay                         
                 report_annotations                             
                 report_case_analysis                           
                 report_cell_instance_timing                    
                 report_clock_gating_check                      
                 report_clock_timing                            
                 report_clocks                                  
                 report_cppr                                    
                 report_design                                  
                 report_design_rule_violations                  
                 report_etm_arcs                                
                 report_functional_mode                         
                 report_inactive_arcs                           
                 report_library                                 
                 report_min_pulse_width                         
                 report_net                                     
                 report_path_exceptions                         
                 report_path_group_options                      
                 report_path_group_timing                       
                 report_path_groups                             
                 report_poles_residues                          
                 report_ports                                   
                 report_precision                               
                 report_property                                
                 report_timing                                  
                 report_timing_derate                           
                 report_timing_format                           
                 reset_annotated_check                          
                 reset_annotated_delay                          
                 reset_annotated_transition                     
                 reset_capacitance_limit                        
                 reset_capacitance_unit                         
                 reset_case_analysis                            
                 reset_clock                                    
                 reset_clock_gating_check                       
                 reset_clock_info_change                        
                 reset_clock_insertion_delay                    
                 reset_clock_latency                            
                 reset_clock_root                               
                 reset_clock_transition                         
                 reset_clock_uncertainty                        
                 reset_constant_for_timing                      
                 reset_data_check                               
                 reset_dcl_calculation_mode                     
                 reset_dcl_functional_mode                      
                 reset_dcl_level                                
                 reset_default_slew_time                        
                 reset_disable_cell_timing                      
                 reset_disable_clock_gating_check               
                 reset_disable_timing                           
                 reset_drive                                    
                 reset_driving_cell                             
                 reset_external_delay                           
                 reset_fanout_load                              
                 reset_fanout_load_limit                        
                 reset_feedback_loop_snipped_arcs               
                 reset_functional_mode                          
                 reset_generated_clock                          
                 reset_ideal_net                                
                 reset_input_delay                              
                 reset_load                                     
                 reset_max_capacitance                          
                 reset_max_fanout                               
                 reset_max_time_borrow                          
                 reset_max_transition                           
                 reset_min_capacitance                          
                 reset_min_fanout                               
                 reset_min_pulse_width                          
                 reset_min_transition                           
                 reset_num_external_sinks                       
                 reset_num_external_sources                     
                 reset_operating_condition                      
                 reset_operating_parameter                      
                 reset_operating_voltage                        
                 reset_output_delay                             
                 reset_path_exception                           
                 reset_path_group                               
                 reset_port_capacitance                         
                 reset_port_capacitance_limit                   
                 reset_port_wire_load                           
                 reset_propagated_clock                         
                 reset_pulse_clock_max_transition               
                 reset_pulse_clock_max_width                    
                 reset_pulse_clock_min_transition               
                 reset_pulse_clock_min_width                    
                 reset_resistance                               
                 reset_scale_delays                             
                 reset_slew_thresholds                          
                 reset_slew_time                                
                 reset_slew_time_limit                          
                 reset_tech_info                                
                 reset_time_unit                                
                 reset_timing_derate                            
                 reset_wire_capacitance                         
                 reset_wire_load                                
                 reset_wire_load_mode                           
                 reset_wire_load_model                          
                 reset_wire_load_selection_group                
                 reset_wire_load_selection_table                
                 reset_wire_resistance                          
                 save_mp_model                                  
                 sdc_write_unambiguous_names                    
                 sdc_write_unambiguous_names                    
                 select_locv_table                              
                 set_annotated_check                            
                 set_annotated_delay                            
                 set_annotated_transition                       
                 set_capacitance_limit                          
                 set_capacitance_unit                           
                 set_case_analysis                              
                 set_cell_pin_load                              
                 set_clock_gating_check                         
                 set_clock_info_change                          
                 set_clock_latency                              
                 set_clock_propagation                          
                 set_clock_sense                                
                 set_clock_transition                           
                 set_clock_uncertainty                          
                 set_data_check                                 
                 set_dcl_calculation_mode                       
                 set_dcl_functional_mode                        
                 set_dcl_level                                  
                 set_default_slew_time                          
                 set_disable_clock_gating_check                 
                 set_disable_timing                             
                 set_drive                                      
                 set_driving_cell                               
                 set_false_path                                 
                 set_fanout_load                                
                 set_fanout_load_limit                          
                 set_flow_compatible_mode                       
                 set_functional_mode                            
                 set_guard_band_derate                          
                 set_ideal_net                                  
                 set_input_delay                                
                 set_input_transition                           
                 set_load                                       
                 set_max_capacitance                            
                 set_max_delay                                  
                 set_max_fanout                                 
                 set_max_time_borrow                            
                 set_max_transition                             
                 set_min_capacitance                            
                 set_min_delay                                  
                 set_min_fanout                                 
                 set_min_pulse_width                            
                 set_min_transition                             
                 set_mp_area                                    
                 set_mp_global_parameter                        
                 set_mp_max_fanout_limit                        
                 set_mp_min_fanout_limit                        
                 set_mp_port_drive                              
                 set_mp_port_load                               
                 set_mp_port_max_capacitance                    
                 set_mp_port_max_transition                     
                 set_mp_port_min_capacitance                    
                 set_mp_port_min_transition                     
                 set_mp_technology                              
                 set_multicycle_path                            
                 set_num_external_sources                       
                 set_operating_conditions                       
                 set_operating_parameter                        
                 set_output_delay                               
                 set_path_group                                 
                 set_path_group_options                         
                 set_port_fanout_number                         
                 set_port_wire_load                             
                 set_propagated_clock                           
                 set_pulse_clock_max_transition                 
                 set_pulse_clock_max_width                      
                 set_pulse_clock_min_transition                 
                 set_pulse_clock_min_width                      
                 set_resistance                                 
                 set_slew_thresholds                            
                 set_tech_info                                  
                 set_time_borrow_limit                          
                 set_time_unit                                  
                 set_timing_derate                              
                 set_top_timing_module                          
                 set_wire_load                                  
                 set_wire_load_mode                             
                 set_wire_load_model                            
                 set_wire_load_selection_group                  
                 slew_limit                                     
                 slew_propagation_mode                          
                 slew_time_limit                                
                 target_technology                              
                 timing_allow_input_delay_on_clock_source       
                 timing_allow_register_output_as_delay_through  
                 timing_analysis_type                           
                 timing_case_analysis_for_sequential_propagation
                 timing_clock_phase_propagation                 
                 timing_commands_ignore_null_pin_list           
                 timing_cppr_threshold_ps                       
                 timing_disable_bus_checkarcs_due_to_constant   
                 timing_disable_bus_contention_check            
                 timing_disable_clockgating_checks              
                 timing_disable_clockperiod_checks              
                 timing_disable_floating_bus_check              
                 timing_disable_internal_inout_cell_paths       
                 timing_disable_internal_inout_net_arcs         
                 timing_disable_lib_pulsewidth_checks           
                 timing_disable_nochange_checks                 
                 timing_disable_recovery_removal_checks         
                 timing_disable_skew_checks                     
                 timing_disable_test_signal_arc                 
                 timing_driven_cong_analysis                    
                 timing_enable_default_delay_arc                
                 timing_ignore_slew_for_disable_arcs            
                 timing_ignore_when_start_end                   
                 timing_io_use_clock_network_latency            
                 timing_parasitics_delay_model                  
                 timing_path_groups_for_clocks                  
                 timing_reduce_multi_drive_net_arcs             
                 timing_reduce_multi_drive_net_arcs_threshold   
                 timing_remove_clock_reconvergence_pessimism    
                 timing_self_loop_paths_no_skew                 
                 timing_self_loop_paths_no_skew_max_depth       
                 timing_self_loop_paths_no_skew_max_slack       
                 timing_unconstrained_slew_propagation          
                 topt_assert_default_design_rules_on_ports      
                 unload_dcl_rule                                
                 use_drive_cell_design_rules                    
                 use_global_footprint_for_techlibs              
                 write_adb                                      
                 write_assertions                               
                 write_assertions                               
                 write_atpg_info                                
                 write_clock_gating_attribute                   
                 write_constraints                              
                 write_constraints                              
                 write_def                                      
                 write_edif                                     
                 write_gcf_assertions                           
                 write_gcf_assertions                           
                 write_gcf_default_version                      
                 write_global_slack_report                      
                 write_global_slack_report                      
                 write_globals                                  
                 write_gns                                      
                 write_gns_lib                                  
                 write_layer_usages                             
                 write_library_assertions                       
                 write_library_assertions                       
                 write_pdef                                     
                 write_psf                                      
                 write_scan_order_file                          
                 write_sdc                                      
                 write_sdf                                      
                 write_sdf                                      
                 write_sdf_force_calculation                    
                 write_sdf_force_calculation                    
                 write_sdf_use_port_construct                   
                 write_sdf_use_port_construct                   
                 write_sleep_mode_attribute                     
                 write_spf                                      
                 write_spf                                      
                 write_tcf                                      
                 write_timing_windows                           
                 write_timing_windows                           
                 write_timing_windows_gcf_info                  
                 write_timing_windows_gcf_info                  
                 write_verilog                                  
                 write_vhdl                                     
                 write_wdb                                      

invalid command name "write_verilog"
**ERROR: (TCLCMD-982):	Missing required argument '<filename>' in command '_write_design_timing'

**ERROR: (TCLCMD-982):	Missing required argument '<filename>' in command '_write_design_timing'

Worst slack reported in the design = 3.158863 (late)  0.854820 (early)
<CMD> report_analysis_mode
set_analysis_mode -domain allClockDomain -checkType setup -skew true -log true -warn true -sequentialConstProp false -clockPropagation sdcControl -clkSrcPath true -timingSelfLoopsNoSkew false -asyncChecks async -useOutputPinCap true -timeBorrowing true -clockGatingCheck true -enableMultipleDriveNet true -analysisType onChipVariation -cppr none -timingEngine static
<CMD> report_analysis_coverage
    -------------------------------------------------------------------------------------------  
                                   TIMING CHECK COVERAGE SUMMARY                                  
    -------------------------------------------------------------------------------------------  
     Check Type                      No. of   Met              Violated         Untested         
                                     Checks                                                      
    -------------------------------------------------------------------------------------------  
    Hold                           43        28 (65%)         0 (0%)           15 (34%)
    PulseWidth                     29        29 (100%)        0 (0%)           0 (0%)
    Setup                          42        27 (64%)         0 (0%)           15 (35%)
    TimeBorrow                     1         1 (100%)         0 (0%)           0 (0%)
    -------------------------------------------------------------------------------------------
<CMD> report_analysis_coverage > ./TEMPUS_REPORTS_#{DATE}/coverage.rep
**ERROR: (TCLCMD-113):	Could not open file '/home/01fe21bec223/DFT_TESSENT/TEMPUS/work/./TEMPUS_REPORTS_#{DATE}/coverage.rep' to write

<CMD> report_analysis_coverage > ./TEMPUS_REPORTS_${DATE}/coverage.rep
<CMD> report_analysis_summary > ./TEMPUS_REPORTS_${DATE}/summary_analysis.rep
ambiguous command name "*connect*": all_connected ccopt_debug_disconnect check_scan_connected clearsdpobjectconnectivity connectMacroFeedthrough connectPowerRails connectTilePinToGlobalNet connectToGlobalNet connect_clock_tree_mesh_drivers connectmacrofeedthrough connectpowerrails connecttilepintoglobalnet connecttoglobalnet create_global_connect dbGlobalNetConnectionIsDisconnect dbNetProbeUnconnectedRes disconnect disconnectDanglingPort disconnectdanglingport exp_disconnect findptnportsconnectedthruassign getinstconnectedtoptn getsdpobjectconnectivity globalnetconnect highlight_pin_connection hinsttogroupconnection opthangingconnection place_connected ptngetassigninputportsconnectedto ptngetimmediatehtermsconnectedtoterm ptngetimmediatetermsconnectedtohterm ...
...too many match (>30)
ambiguous command name "*connect": all_connected ccopt_debug_disconnect check_scan_connected clearsdpobjectconnectivity connectMacroFeedthrough connectPowerRails connectTilePinToGlobalNet connectToGlobalNet connect_clock_tree_mesh_drivers connectmacrofeedthrough connectpowerrails connecttilepintoglobalnet connecttoglobalnet create_global_connect dbGlobalNetConnectionIsDisconnect dbNetProbeUnconnectedRes disconnect disconnectDanglingPort disconnectdanglingport exp_disconnect findptnportsconnectedthruassign getinstconnectedtoptn getsdpobjectconnectivity globalnetconnect highlight_pin_connection hinsttogroupconnection opthangingconnection place_connected ptngetassigninputportsconnectedto ptngetimmediatehtermsconnectedtoterm ptngetimmediatetermsconnectedtohterm ...
...too many match (>30)
invalid command name "connectivity*"
ambiguous command name "connect*": connectMacroFeedthrough connectPowerRails connectTilePinToGlobalNet connectToGlobalNet connect_clock_tree_mesh_drivers connectmacrofeedthrough connectpowerrails connecttilepintoglobalnet connecttoglobalnet
invalid command name "hold*"
ambiguous command name "*hold": all_hold_analysis_views all_setup_hold_rc_corners coeholdprintworstholdtimingpath dbLayerRuleHasThreshold dbLayerRuleLengthThreshold get_glitch_threshold getclocktermholdlatenciesandclockroots objmgr_setup_hold_merging optSetDontUseCellsLeakageFixholdOptions optholdcachesetupreg2regwns reset_slew_thresholds setThresholdConstraint setXCapThresholds set_aocv_thresholds set_glitch_threshold set_io_thresholds set_siMode_analyzeNoiseThreshold set_siMode_relativeCThreshold set_siMode_totalCThreshold set_slew_thresholds setsimulsetupholdmode setthresholdconstraint setxcapthresholds test_glitch_threshold
<CMD> all_hold_analysis_views
<CMD> ctd_win -id ctdMain
Creating clock tree spec for modes (timing configs): default_emulate_constraint_mode
extract_clock_generator_skew_groups=true: create_ccopt_clock_tree_spec will generate skew groups with a name prefix of "_clock_gen" to balance clock generator connected flops with the clock generator they drive.
Updating latch analysis...
  Leaving CCOpt scope - Updating latch analysis...
  Leaving CCOpt scope - Updating latch analysis done. (took cpu=0:00:00.0 real=0:00:00.0)
Updating latch analysis done.
Analyzing clock structure...
Analyzing clock structure done.
Extracting original clock gating for sclk...
  clock_tree sclk contains 15 sinks and 0 clock gates.
Extracting original clock gating for sclk done.
The skew group sclk/default_emulate_constraint_mode was created. It contains 15 sinks and 1 sources.
Checking clock tree convergence...
Checking clock tree convergence done.
Clock tree timing engine global stage delay update for default_emulate_delay_corner:both.late...
**ERROR: (IMPCCOPT-2174):	Cannot access net RC parasitic data because the design is not in the extracted state. Make sure that SPEF data is loaded.
**DIAG[/icd/cm_t1nb_003/SSV202/Rel/20.20/main/lnx86_64_opt/20.20-p001_1/fe/src/ccopt/analysis/edi/netparasiticsmgr.cpp:80:bool Ccopt::Analysis::Edi::CanGetRcFromExtrNet(dbsNet*)]: NonFatalAssert Failed: Why timing analyzer but no detailed RC?
**DIAG[/icd/cm_t1nb_003/SSV202/Rel/20.20/main/lnx86_64_opt/20.20-p001_1/fe/src/ccopt/analysis/edi/netparasiticsmgr.cpp:80:bool Ccopt::Analysis::Edi::CanGetRcFromExtrNet(dbsNet*)]: NonFatalAssert Failed: Why timing analyzer but no detailed RC?
**DIAG[/icd/cm_t1nb_003/SSV202/Rel/20.20/main/lnx86_64_opt/20.20-p001_1/fe/src/ccopt/analysis/edi/netparasiticsmgr.cpp:80:bool Ccopt::Analysis::Edi::CanGetRcFromExtrNet(dbsNet*)]: NonFatalAssert Failed: Why timing analyzer but no detailed RC?
**ERROR: (IMPCCOPT-2174):	Cannot access net RC parasitic data because the design is not in the extracted state. Make sure that SPEF data is loaded.
**WARN: (IMPCCOPT-2168):	Cannot get non-ILM net parasitics from RCDB for net 'CK' in RC corner default_emulate_rc_corner.
**ERROR: (IMPCCOPT-2175):	Unable to get/extract RC parasitics for net 'CK'.
Clock tree timing engine global stage delay update for default_emulate_delay_corner:both.late done. (took cpu=0:00:00.0 real=0:00:00.0)
*** Statistics for net list s298 ***
Number of cells      = 71
Number of nets       = 91
Number of tri-nets   = 0
Number of degen nets = 14
Number of pins       = 270
Number of i/os       = 15

Number of nets with    1 terms = 14 (15.4%)
Number of nets with    2 terms = 40 (44.0%)
Number of nets with    3 terms = 15 (16.5%)
Number of nets with    4 terms = 10 (11.0%)
Number of nets with    5 terms = 2 (2.2%)
Number of nets with    7 terms = 3 (3.3%)
Number of nets with    8 terms = 3 (3.3%)
Number of nets with    9 terms = 1 (1.1%)
Number of nets with >=10 terms = 3 (3.3%)

*** 22 Primitives used:
Primitive AND2_X2 (2 insts)
Primitive AND2_X4 (1 insts)
Primitive AOI211_X2 (1 insts)
Primitive AOI21_X1 (1 insts)
Primitive AOI21_X2 (2 insts)
Primitive AOI22_X2 (1 insts)
Primitive DLH_X1 (1 insts)
Primitive INV_X1 (1 insts)
Primitive INV_X2 (4 insts)
Primitive INV_X4 (2 insts)
Primitive NAND2_X1 (5 insts)
Primitive NAND2_X2 (7 insts)
Primitive NAND3_X2 (2 insts)
Primitive NOR2_X2 (13 insts)
Primitive NOR3_X2 (3 insts)
Primitive OAI211_X2 (4 insts)
Primitive OAI21_X2 (2 insts)
Primitive OR3_X2 (1 insts)
Primitive SDFF_X2 (14 insts)
Primitive XNOR2_X1 (2 insts)
Primitive XOR2_X1 (1 insts)
Primitive XOR2_X2 (1 insts)
************
invalid command name "mmmc*"
ambiguous command name "*mmmc": __dump_syntech_mmmc_links __initialise_syntech_mmmc_testing __print_mmmc_data ccopt_debug_report_mmmc cte_disabled_mmmc_views cte_mmmc_get_view_pointer cte_mmmc_get_view_pointer_list cte_mmmc_is_hierarchical_end_point cte_mmmc_is_hierarchical_start_point cte_test_write_mmmc2 get_mmmc ismmmcmodeturnedon save_mmmc_constraints set_distribute_mmmc_mode


