Cadence Genus(TM) Synthesis Solution.
Copyright 2021 Cadence Design Systems, Inc. All rights reserved worldwide.
Cadence and the Cadence logo are registered trademarks and Genus is a trademark
of Cadence Design Systems, Inc. in the United States and other countries.

Version: 20.11-s111_1, built Mon Apr 26 02:27:38 PDT 2021
Options: -files cpu_sys.tcl 
Date:    Thu May 01 16:07:11 2025
Host:    APL10.kletech.ac.in (x86_64 w/Linux 4.18.0-553.47.1.el8_10.x86_64) (6cores*12cpus*1physical cpu*12th Gen Intel(R) Core(TM) i5-12500 18432KB) (32336164KB)
PID:     202063
OS:      Red Hat Enterprise Linux release 8.10 (Ootpa)

Checkout succeeded: Genus_Synthesis/EF29107615D411912BD3
	License file: 5280@14.139.1.126
	License Server: 5280@14.139.1.126
Checking out license: Genus_Synthesis


***********************************************************************************************************
***********************************************************************************************************



Loading tool scripts...
Finished loading tool scripts (4 seconds elapsed).

#@ Processing -files option
@genus 1> source cpu_sys.tcl
#@ Begin verbose source ./cpu_sys.tcl
@file(cpu_sys.tcl) 2: read_hdl ../RTL/RTL/cpu_sys.v
Warning : Cannot open file. [VLOGPT-650]
        : File '../RTL/RTL/cpu_sys.v'.
        : The specified file could not be opened.  Check the value of the init_hdl_search_path attribute.
@file(cpu_sys.tcl) 3: read_lib {../../TECHFILES/slow.lib ../../TECHFILES/memories/spram_8192_7_min.lib ../../TECHFILES/memories/spram_8192_5_min.lib ../../TECHFILES/memories/SPRAM_8192x36_min_SP.lib ../../TECHFILES/memories/SPRAM_64x32_min.lib ../../TECHFILES/memories/DPRAM_512x24_min.lib ../../TECHFILES/memories/rd3_512x16_ss_1p62v_125c.lib ../../TECHFILES/memories/rd3_256x8_ss_1p62v_125c.lib}

Threads Configured:8
Warning : Missing sequential block in the sequential cell. [LBR-526]
        : Sequential block (ff/ff_bank/latch/latch_bank) missing in cell(s) 'rd3_512x16'. This may cause potential problems with results of downstream tools (File /home/01fe21bec223/DFT_TESSENT/GENUS/work_cpusys/cpu_sys_syn/../../TECHFILES/memories/rd3_512x16_ss_1p62v_125c.lib)
Warning : Missing sequential block in the sequential cell. [LBR-526]
        : Sequential block (ff/ff_bank/latch/latch_bank) missing in cell(s) 'rd3_256x8'. This may cause potential problems with results of downstream tools (File /home/01fe21bec223/DFT_TESSENT/GENUS/work_cpusys/cpu_sys_syn/../../TECHFILES/memories/rd3_256x8_ss_1p62v_125c.lib)

  Message Summary for Library all 8 libraries:
  ********************************************
  Missing sequential block in the sequential cell. [LBR-526]: 2
  Missing a function attribute in the output pin definition. [LBR-518]: 1
  Missing library level attribute. [LBR-516]: 1
  An unsupported construct was detected in this library. [LBR-40]: 17
  ********************************************
 
Warning : Libraries have inconsistent nominal operating conditions. In the Liberty library, there are attributes called nom_voltage, nom_process and nom_temperature. Genus reports the message, if the respective values of the 2 given .libs differ. [LBR-38]
        : The libraries are 'slow' and 'spram_8192_7_min'.
        : This is a common source of delay calculation confusion and should be avoided.
Warning : Libraries have inconsistent nominal operating conditions. In the Liberty library, there are attributes called nom_voltage, nom_process and nom_temperature. Genus reports the message, if the respective values of the 2 given .libs differ. [LBR-38]
        : The libraries are 'slow' and 'spram_8192_5_min'.
Warning : Libraries have inconsistent nominal operating conditions. In the Liberty library, there are attributes called nom_voltage, nom_process and nom_temperature. Genus reports the message, if the respective values of the 2 given .libs differ. [LBR-38]
        : The libraries are 'slow' and 'SPRAM_8192x36_min_SP'.
Warning : Libraries have inconsistent nominal operating conditions. In the Liberty library, there are attributes called nom_voltage, nom_process and nom_temperature. Genus reports the message, if the respective values of the 2 given .libs differ. [LBR-38]
        : The libraries are 'slow' and 'scl_SPRAM_64x32_min_SP'.
Warning : Libraries have inconsistent nominal operating conditions. In the Liberty library, there are attributes called nom_voltage, nom_process and nom_temperature. Genus reports the message, if the respective values of the 2 given .libs differ. [LBR-38]
        : The libraries are 'slow' and 'DPRAM_512x24_min'.
Warning : Libraries have inconsistent nominal operating conditions. In the Liberty library, there are attributes called nom_voltage, nom_process and nom_temperature. Genus reports the message, if the respective values of the 2 given .libs differ. [LBR-38]
        : The libraries are 'slow' and 'rd3_512x16_ss_1p62v_125c'.
Warning : Libraries have inconsistent nominal operating conditions. In the Liberty library, there are attributes called nom_voltage, nom_process and nom_temperature. Genus reports the message, if the respective values of the 2 given .libs differ. [LBR-38]
        : The libraries are 'slow' and 'rd3_256x8_ss_1p62v_125c'.
Info    : Created nominal operating condition. [LBR-412]
        : Operating condition '_nominal_' was created for the PVT values (1.000000, 1.080000, 125.000000) in library 'slow.lib'.
        : The nominal operating condition is represented, either by the nominal PVT values specified in the library source (via nom_process,nom_voltage and nom_temperature respectively), or by the default PVT values (1.0,1.0,1.0).
Info    : Created nominal operating condition. [LBR-412]
        : Operating condition '_nominal_' was created for the PVT values (0.800000, 1.980000, -40.000000) in library 'spram_8192_7_min.lib'.
Info    : Created nominal operating condition. [LBR-412]
        : Operating condition '_nominal_' was created for the PVT values (0.800000, 1.980000, -40.000000) in library 'spram_8192_5_min.lib'.
Info    : Created nominal operating condition. [LBR-412]
        : Operating condition '_nominal_' was created for the PVT values (0.800000, 1.980000, -40.000000) in library 'SPRAM_8192x36_min_SP.lib'.
Info    : Created nominal operating condition. [LBR-412]
        : Operating condition '_nominal_' was created for the PVT values (0.800000, 1.980000, -40.000000) in library 'SPRAM_64x32_min.lib'.
Info    : Created nominal operating condition. [LBR-412]
        : Operating condition '_nominal_' was created for the PVT values (0.800000, 1.980000, -40.000000) in library 'DPRAM_512x24_min.lib'.
Info    : Created nominal operating condition. [LBR-412]
        : Operating condition '_nominal_' was created for the PVT values (1.000000, 1.620000, 125.000000) in library 'rd3_512x16_ss_1p62v_125c.lib'.
Info    : Created nominal operating condition. [LBR-412]
        : Operating condition '_nominal_' was created for the PVT values (1.000000, 1.620000, 125.000000) in library 'rd3_256x8_ss_1p62v_125c.lib'.
Warning : Libcell has no area attribute.  Defaulting to 0 area. [LBR-43]
        : Assigning 0 area to library cell 'rd3_256x8_ss_1p62v_125c/rd3_256x8'.
        : Specify a valid area value for the libcell.
Warning : Found libraries with and without pg_pin construct. [LBR-12]
        : Libraries with and without pg_pin construct have been loaded.
        : This can lead to issues later in the flow.
Warning : Libcell has no area attribute.  Defaulting to 0 area. [LBR-43]
        : Assigning 0 area to library cell 'rd3_512x16_ss_1p62v_125c/rd3_512x16'.
Warning : Libcell has no area attribute.  Defaulting to 0 area. [LBR-43]
        : Assigning 0 area to library cell 'slow/ADDFHX2'.
Warning : Libcell has no area attribute.  Defaulting to 0 area. [LBR-43]
        : Assigning 0 area to library cell 'slow/ADDFHX4'.
Warning : Libcell has no area attribute.  Defaulting to 0 area. [LBR-43]
        : Assigning 0 area to library cell 'slow/ADDFHXL'.
Warning : Libcell has no area attribute.  Defaulting to 0 area. [LBR-43]
        : Assigning 0 area to library cell 'slow/ADDFXL'.
Warning : Libcell has no area attribute.  Defaulting to 0 area. [LBR-43]
        : Assigning 0 area to library cell 'slow/ADDHX2'.
Warning : Libcell has no area attribute.  Defaulting to 0 area. [LBR-43]
        : Assigning 0 area to library cell 'slow/ADDHXL'.
Warning : Libcell has no area attribute.  Defaulting to 0 area. [LBR-43]
        : Assigning 0 area to library cell 'slow/AND2X4'.
Warning : Libcell has no area attribute.  Defaulting to 0 area. [LBR-43]
        : Assigning 0 area to library cell 'slow/AND2X6'.
Warning : Libcell has no area attribute.  Defaulting to 0 area. [LBR-43]
        : Assigning 0 area to library cell 'slow/AND2XL'.
Warning : Libcell has no area attribute.  Defaulting to 0 area. [LBR-43]
        : Assigning 0 area to library cell 'slow/AND3X1'.
Warning : Libcell has no area attribute.  Defaulting to 0 area. [LBR-43]
        : Assigning 0 area to library cell 'slow/AND3X8'.
Warning : Libcell has no area attribute.  Defaulting to 0 area. [LBR-43]
        : Assigning 0 area to library cell 'slow/AND3XL'.
Warning : Libcell has no area attribute.  Defaulting to 0 area. [LBR-43]
        : Assigning 0 area to library cell 'slow/AND4X1'.
Warning : Libcell has no area attribute.  Defaulting to 0 area. [LBR-43]
        : Assigning 0 area to library cell 'slow/AND4X4'.
Warning : Libcell has no area attribute.  Defaulting to 0 area. [LBR-43]
        : Assigning 0 area to library cell 'slow/AND4X8'.
Warning : Libcell has no area attribute.  Defaulting to 0 area. [LBR-43]
        : Assigning 0 area to library cell 'slow/AND4XL'.
Warning : Libcell has no area attribute.  Defaulting to 0 area. [LBR-43]
        : Assigning 0 area to library cell 'slow/AO21X1'.
Warning : Libcell has no area attribute.  Defaulting to 0 area. [LBR-43]
        : Assigning 0 area to library cell 'slow/AO21X2'.
@file(cpu_sys.tcl) 4: elaborate
  Libraries have 324 usable logic and 126 usable sequential lib-cells.
UM:   flow.cputime  flow.realtime  timing.setup.tns  timing.setup.wns  snapshot
UM:*                                                                   elaborate
@file(cpu_sys.tcl) 5: set_top_module
@file(cpu_sys.tcl) 6: syn_gen
      flow.cputime  flow.realtime  timing.setup.tns  timing.setup.wns  snapshot
UM:*                                                                   syn_gen
#@ End verbose source ./cpu_sys.tcl
1
Encountered problems processing file: cpu_sys.tcl
WARNING: This version of the tool is 1466 days old.
@genus:root: 2> read_hdl ../../RTL/RTL/cpu_sys.v exit
Warning : Cannot open file. [VLOGPT-650]
        : File 'exit'.
@genus:root: 3> clear
@genus:root: 4> exit
Normal exit.