============================================================
  Generated by:           Genus(TM) Synthesis Solution 20.11-s111_1
  Generated on:           Apr 22 2025  03:59:52 pm
  Module:                 CLOCK
  Operating conditions:   slow (balanced_tree)
  Wireload mode:          enclosed
  Area mode:              timing library
============================================================

Some unconstrained paths have not been displayed.
Use -unconstrained or set the root attribute 'timing_report_unconstrained' to 'true' to see only these unconstrained paths.

============================================================
  Generated by:           Genus(TM) Synthesis Solution 20.11-s111_1
  Generated on:           Apr 22 2025  03:59:52 pm
  Module:                 CLOCK
  Operating conditions:   slow (balanced_tree)
  Wireload mode:          enclosed
  Area mode:              timing library
============================================================

No paths found

============================================================
  Generated by:           Genus(TM) Synthesis Solution 20.11-s111_1
  Generated on:           Apr 22 2025  03:59:52 pm
  Module:                 CLOCK
  Operating conditions:   slow (balanced_tree)
  Wireload mode:          enclosed
  Area mode:              timing library
============================================================

No paths found

============================================================
  Generated by:           Genus(TM) Synthesis Solution 20.11-s111_1
  Generated on:           Apr 22 2025  03:59:52 pm
  Module:                 CLOCK
  Operating conditions:   slow (balanced_tree)
  Wireload mode:          enclosed
  Area mode:              timing library
============================================================

No paths found

============================================================
  Generated by:           Genus(TM) Synthesis Solution 20.11-s111_1
  Generated on:           Apr 22 2025  03:59:52 pm
  Module:                 CLOCK
  Operating conditions:   slow (balanced_tree)
  Wireload mode:          enclosed
  Area mode:              timing library
============================================================


Path 1: MET (2748 ps) Setup Check with Pin H_reg_reg[7]/clk->d
          Group: C2C
     Startpoint: (R) H_reg_reg[0]/clk
          Clock: (R) clk
       Endpoint: (R) H_reg_reg[7]/d
          Clock: (R) clk

                     Capture       Launch     
        Clock Edge:+    5000            0     
       Src Latency:+       0            0     
       Net Latency:+       0 (I)        0 (I) 
           Arrival:=    5000            0     
                                              
             Setup:-     194                  
     Required Time:=    4806                  
      Launch Clock:-       0                  
         Data Path:-    2058                  
             Slack:=    2748                  

#-------------------------------------------------------------------------------------------------------
#     Timing Point      Flags     Arc    Edge      Cell        Fanout Load Trans Delay Arrival Instance 
#                                                                     (fF)  (ps)  (ps)   (ps)  Location 
#-------------------------------------------------------------------------------------------------------
  H_reg_reg[0]/clk      -       -        R     (arrival)           25    -     0     0       0    (-,-) 
  H_reg_reg[0]/q        (u)     clk->q   R     unmapped_d_flop      7 11.7     0   639     639    (-,-) 
  add_52_36/g2/z        (u)     in_0->z  F     unmapped_nand2       1  1.6     0   102     741    (-,-) 
  add_52_36/g86/z       (u)     in_0->z  R     unmapped_not         2  3.8     0    64     805    (-,-) 
  add_52_36/g21/z       (u)     in_0->z  F     unmapped_nand2       1  1.6     0   102     907    (-,-) 
  add_52_36/g89/z       (u)     in_0->z  R     unmapped_not         3  5.7     0    82     989    (-,-) 
  add_52_36/g38/z       (u)     in_1->z  F     unmapped_nand2       1  1.6     0   102    1091    (-,-) 
  add_52_36/g91/z       (u)     in_0->z  R     unmapped_not         4  7.6     0    99    1189    (-,-) 
  add_52_36/g56/z       (u)     in_0->z  F     unmapped_nand2       1  1.6     0   102    1291    (-,-) 
  add_52_36/g94/z       (u)     in_0->z  R     unmapped_not         1  1.9     0    47    1338    (-,-) 
  add_52_36/g77/z       (u)     in_0->z  R     unmapped_xnor2       1  1.9     0   180    1518    (-,-) 
  mux_H_next_48_27/g1/z (u)     data0->z R     unmapped_bmux3       1  1.9     0   180    1698    (-,-) 
  mux_H_next_47_32/g1/z (u)     data1->z R     unmapped_bmux3       1  1.9     0   180    1878    (-,-) 
  mux_H_reg_25_22/g1/z  (u)     data1->z R     unmapped_bmux3       1  1.9     0   180    2058    (-,-) 
  H_reg_reg[7]/d        -       -        R     unmapped_d_flop      1    -     -     0    2058    (-,-) 
#-------------------------------------------------------------------------------------------------------

(u) : Net has unmapped pin(s).

============================================================
  Generated by:           Genus(TM) Synthesis Solution 20.11-s111_1
  Generated on:           Apr 22 2025  03:59:52 pm
  Module:                 CLOCK
  Operating conditions:   slow (balanced_tree)
  Wireload mode:          enclosed
  Area mode:              timing library
============================================================

No paths found

