============================================================
  Generated by:           Genus(TM) Synthesis Solution 20.11-s111_1
  Generated on:           Apr 22 2025  03:59:55 pm
  Module:                 CLOCK
  Operating conditions:   slow (balanced_tree)
  Wireload mode:          enclosed
  Area mode:              timing library
============================================================

Some unconstrained paths have not been displayed.
Use -unconstrained or set the root attribute 'timing_report_unconstrained' to 'true' to see only these unconstrained paths.

============================================================
  Generated by:           Genus(TM) Synthesis Solution 20.11-s111_1
  Generated on:           Apr 22 2025  03:59:55 pm
  Module:                 CLOCK
  Operating conditions:   slow (balanced_tree)
  Wireload mode:          enclosed
  Area mode:              timing library
============================================================

No paths found

============================================================
  Generated by:           Genus(TM) Synthesis Solution 20.11-s111_1
  Generated on:           Apr 22 2025  03:59:55 pm
  Module:                 CLOCK
  Operating conditions:   slow (balanced_tree)
  Wireload mode:          enclosed
  Area mode:              timing library
============================================================

No paths found

============================================================
  Generated by:           Genus(TM) Synthesis Solution 20.11-s111_1
  Generated on:           Apr 22 2025  03:59:55 pm
  Module:                 CLOCK
  Operating conditions:   slow (balanced_tree)
  Wireload mode:          enclosed
  Area mode:              timing library
============================================================

No paths found

============================================================
  Generated by:           Genus(TM) Synthesis Solution 20.11-s111_1
  Generated on:           Apr 22 2025  03:59:55 pm
  Module:                 CLOCK
  Operating conditions:   slow (balanced_tree)
  Wireload mode:          enclosed
  Area mode:              timing library
============================================================


Path 1: MET (2360 ps) Setup Check with Pin H_reg_reg[6]/CK->D
          Group: C2C
     Startpoint: (R) S_reg_reg[6]/CK
          Clock: (R) clk
       Endpoint: (R) H_reg_reg[6]/D
          Clock: (R) clk

                     Capture       Launch     
        Clock Edge:+    5000            0     
       Src Latency:+       0            0     
       Net Latency:+       0 (I)        0 (I) 
           Arrival:=    5000            0     
                                              
             Setup:-     199                  
     Required Time:=    4801                  
      Launch Clock:-       0                  
         Data Path:-    2441                  
             Slack:=    2360                  

#-----------------------------------------------------------------------------------------
#  Timing Point   Flags    Arc   Edge   Cell     Fanout Load Trans Delay Arrival Instance 
#                                                       (fF)  (ps)  (ps)   (ps)  Location 
#-----------------------------------------------------------------------------------------
  S_reg_reg[6]/CK -       -      R     (arrival)     25    -     0     0       0    (-,-) 
  S_reg_reg[6]/Q  -       CK->Q  F     DFFR_X1        3  3.3    78   601     601    (-,-) 
  g2371__5122/ZN  -       A2->ZN F     OR2_X2         2  2.9    46   282     883    (-,-) 
  g2349__2883/ZN  -       A3->ZN R     NOR3_X2        4  6.7   303   443    1326    (-,-) 
  g2336__1881/ZN  -       A1->ZN F     NAND2_X2       3  3.9    96   141    1467    (-,-) 
  g2330__8428/ZN  -       A1->ZN R     NOR3_X2        1  2.0   144   193    1660    (-,-) 
  g2285__2802/CO  -       A->CO  R     HA_X1          2  3.6   169   285    1945    (-,-) 
  g2273__6260/CO  -       A->CO  R     HA_X1          1  2.2   114   231    2176    (-,-) 
  g2270__2398/Z   -       B->Z   R     XOR2_X2        1  1.2   121   265    2441    (-,-) 
  H_reg_reg[6]/D  -       -      R     DFFR_X2        1    -     -     0    2441    (-,-) 
#-----------------------------------------------------------------------------------------

============================================================
  Generated by:           Genus(TM) Synthesis Solution 20.11-s111_1
  Generated on:           Apr 22 2025  03:59:55 pm
  Module:                 CLOCK
  Operating conditions:   slow (balanced_tree)
  Wireload mode:          enclosed
  Area mode:              timing library
============================================================

No paths found

