

Working Directory = /home/01fe21bec223/DFT_TESSENT/GENUS/work_cntr
QoS Summary for CLOCK
==========================================================================================
Metric                          generic         map             opt             final          
==========================================================================================
Slack (ps):                     2,946           2,360           2,360           2,360
  R2R (ps):                     2,946           2,360           2,360           2,360
  I2R (ps):                  no_value        no_value        no_value        no_value
  R2O (ps):                  no_value        no_value        no_value        no_value
  I2O (ps):                  no_value        no_value        no_value        no_value
  CG  (ps):                  no_value        no_value        no_value        no_value
TNS (ps):                           0               0               0               0
  R2R (ps):                         0               0               0               0
  I2R (ps):                  no_value        no_value        no_value        no_value
  R2O (ps):                  no_value        no_value        no_value        no_value
  I2O (ps):                  no_value        no_value        no_value        no_value
  CG  (ps):                  no_value        no_value        no_value        no_value
Failing Paths:                      0               0               0               0
Cell Area:                        249             285             279             279
Total Cell Area:                  249             285             279             279
Leaf Instances:                   185             115             106             106
Total Instances:                  185             115             106             106
Utilization (%):                 0.00            0.00            0.00            0.00
Tot. Net Length (um):        no_value        no_value        no_value        no_value
Avg. Net Length (um):        no_value        no_value        no_value        no_value
Route Overflow H (%):        no_value        no_value        no_value        no_value
Route Overflow V (%):        no_value        no_value        no_value        no_value
MBCI(%) (bits/gate) :            0.00            0.00            0.00            0.00
Norm Cong Hotspot Area:
  Max Cong:                  no_value        no_value        no_value        no_value
  Tot Cong:                  no_value        no_value        no_value        no_value
==========================================================================================
CPU  Runtime (h:m:s):        00:30:05        00:30:01        00:30:00        00:30:01
Real Runtime (h:m:s):        00:31:12        00:30:01        00:30:00        00:30:01
CPU  Elapsed (h:m:s):        00:30:07        00:30:08        00:30:08        00:30:09
Real Elapsed (h:m:s):        00:31:13        00:31:14        00:31:14        00:31:15
Memory (MB):                  1083.80         1122.29         1085.27         1086.28
==========================================================================================
==========================================================================================
Flow Settings:
==========================================================================================
Total Runtime (h:m:s): 00:31:14
Total Memory (MB):     1086.28
Executable Version:    20.11-s111_1
==========================================================================================
Total Cell Area =  Cell Area + Physical Cell Area
Total Instances =  Leaf Instances + Physical Instances


