============================================================
  Generated by:           Genus(TM) Synthesis Solution 20.11-s111_1
  Generated on:           Apr 22 2025  03:59:53 pm
  Module:                 CLOCK
  Operating conditions:   slow (balanced_tree)
  Wireload mode:          enclosed
  Area mode:              timing library
============================================================


Path 1: MET (2946 ps) Setup Check with Pin H_reg_reg[6]/clk->d
          Group: C2C
     Startpoint: (R) M_reg_reg[5]/clk
          Clock: (R) clk
       Endpoint: (R) H_reg_reg[6]/d
          Clock: (R) clk

                     Capture       Launch     
        Clock Edge:+    5000            0     
       Src Latency:+       0            0     
       Net Latency:+       0 (I)        0 (I) 
           Arrival:=    5000            0     
                                              
             Setup:-     194                  
     Required Time:=    4806                  
      Launch Clock:-       0                  
         Data Path:-    1860                  
             Slack:=    2946                  

#---------------------------------------------------------------------------------------------------
#  Timing Point    Flags    Arc    Edge       Cell         Fanout Load Trans Delay Arrival Instance 
#                                                                 (fF)  (ps)  (ps)   (ps)  Location 
#---------------------------------------------------------------------------------------------------
  M_reg_reg[5]/clk -       -       R     (arrival)             25    -     0     0       0    (-,-) 
  M_reg_reg[5]/q   (u)     clk->q  R     unmapped_d_flop        5  7.9     0   611     611    (-,-) 
  g1330/z          (u)     in_1->z F     unmapped_nand2         1  1.6     0   102     713    (-,-) 
  g1308/z          (u)     in_1->z F     unmapped_or2           1  1.6     0   102     815    (-,-) 
  g1298/z          (u)     in_1->z F     unmapped_or2           1  1.6     0   102     917    (-,-) 
  g1288/z          (u)     in_0->z F     unmapped_or2           5  8.0     0   168    1085    (-,-) 
  g1276/z          (u)     in_0->z F     unmapped_complex2      1  1.6     0   102    1187    (-,-) 
  g1245/z          (u)     in_1->z F     unmapped_or2          10 16.0     0   213    1400    (-,-) 
  g1233/z          (u)     in_0->z F     unmapped_or2           3  4.8     0   137    1537    (-,-) 
  g979/z           (u)     in_1->z F     unmapped_complex2      2  3.2     0   119    1656    (-,-) 
  g1198/z          (u)     in_0->z F     unmapped_or2           1  1.6     0   102    1758    (-,-) 
  g1199/z          (u)     in_1->z R     unmapped_nand2         1  1.9     0   102    1860    (-,-) 
  H_reg_reg[6]/d   -       -       R     unmapped_d_flop        1    -     -     0    1860    (-,-) 
#---------------------------------------------------------------------------------------------------

(u) : Net has unmapped pin(s).



Path 2: MET (2964 ps) Setup Check with Pin pm_reg_reg/clk->d
          Group: C2C
     Startpoint: (R) M_reg_reg[5]/clk
          Clock: (R) clk
       Endpoint: (R) pm_reg_reg/d
          Clock: (R) clk

                     Capture       Launch     
        Clock Edge:+    5000            0     
       Src Latency:+       0            0     
       Net Latency:+       0 (I)        0 (I) 
           Arrival:=    5000            0     
                                              
             Setup:-     194                  
     Required Time:=    4806                  
      Launch Clock:-       0                  
         Data Path:-    1842                  
             Slack:=    2964                  

#---------------------------------------------------------------------------------------------------
#  Timing Point    Flags    Arc    Edge       Cell         Fanout Load Trans Delay Arrival Instance 
#                                                                 (fF)  (ps)  (ps)   (ps)  Location 
#---------------------------------------------------------------------------------------------------
  M_reg_reg[5]/clk -       -       R     (arrival)             25    -     0     0       0    (-,-) 
  M_reg_reg[5]/q   (u)     clk->q  R     unmapped_d_flop        5  7.9     0   611     611    (-,-) 
  g1330/z          (u)     in_1->z F     unmapped_nand2         1  1.6     0   102     713    (-,-) 
  g1308/z          (u)     in_1->z F     unmapped_or2           1  1.6     0   102     815    (-,-) 
  g1298/z          (u)     in_1->z F     unmapped_or2           1  1.6     0   102     917    (-,-) 
  g1288/z          (u)     in_0->z F     unmapped_or2           5  8.0     0   168    1085    (-,-) 
  g1276/z          (u)     in_0->z F     unmapped_complex2      1  1.6     0   102    1187    (-,-) 
  g1245/z          (u)     in_1->z F     unmapped_or2          10 16.0     0   213    1400    (-,-) 
  g1223/z          (u)     in_0->z F     unmapped_or2           2  3.2     0   119    1519    (-,-) 
  g1212/z          (u)     in_1->z F     unmapped_or2           2  3.2     0   119    1638    (-,-) 
  g1195/z          (u)     in_0->z F     unmapped_or2           1  1.6     0   102    1740    (-,-) 
  g1196/z          (u)     in_1->z R     unmapped_nand2         1  1.9     0   102    1842    (-,-) 
  pm_reg_reg/d     -       -       R     unmapped_d_flop        1    -     -     0    1842    (-,-) 
#---------------------------------------------------------------------------------------------------

(u) : Net has unmapped pin(s).



Path 3: MET (2981 ps) Setup Check with Pin H_reg_reg[2]/clk->d
          Group: C2C
     Startpoint: (R) M_reg_reg[5]/clk
          Clock: (R) clk
       Endpoint: (R) H_reg_reg[2]/d
          Clock: (R) clk

                     Capture       Launch     
        Clock Edge:+    5000            0     
       Src Latency:+       0            0     
       Net Latency:+       0 (I)        0 (I) 
           Arrival:=    5000            0     
                                              
             Setup:-     194                  
     Required Time:=    4806                  
      Launch Clock:-       0                  
         Data Path:-    1825                  
             Slack:=    2981                  

#---------------------------------------------------------------------------------------------------
#  Timing Point    Flags    Arc    Edge       Cell         Fanout Load Trans Delay Arrival Instance 
#                                                                 (fF)  (ps)  (ps)   (ps)  Location 
#---------------------------------------------------------------------------------------------------
  M_reg_reg[5]/clk -       -       R     (arrival)             25    -     0     0       0    (-,-) 
  M_reg_reg[5]/q   (u)     clk->q  R     unmapped_d_flop        5  7.9     0   611     611    (-,-) 
  g1330/z          (u)     in_1->z F     unmapped_nand2         1  1.6     0   102     713    (-,-) 
  g1308/z          (u)     in_1->z F     unmapped_or2           1  1.6     0   102     815    (-,-) 
  g1298/z          (u)     in_1->z F     unmapped_or2           1  1.6     0   102     917    (-,-) 
  g1288/z          (u)     in_0->z F     unmapped_or2           5  8.0     0   168    1085    (-,-) 
  g1276/z          (u)     in_0->z F     unmapped_complex2      1  1.6     0   102    1187    (-,-) 
  g1245/z          (u)     in_1->z F     unmapped_or2          10 16.0     0   213    1400    (-,-) 
  g1223/z          (u)     in_0->z F     unmapped_or2           2  3.2     0   119    1519    (-,-) 
  g1217/z          (u)     in_0->z R     unmapped_nand2         1  1.9     0   102    1621    (-,-) 
  g1200/z          (u)     in_0->z F     unmapped_nand2         1  1.6     0   102    1723    (-,-) 
  g1192/z          (u)     in_0->z R     unmapped_nand2         1  1.9     0   102    1825    (-,-) 
  H_reg_reg[2]/d   -       -       R     unmapped_d_flop        1    -     -     0    1825    (-,-) 
#---------------------------------------------------------------------------------------------------

(u) : Net has unmapped pin(s).



Path 4: MET (2998 ps) Setup Check with Pin H_reg_reg[3]/clk->d
          Group: C2C
     Startpoint: (R) M_reg_reg[5]/clk
          Clock: (R) clk
       Endpoint: (R) H_reg_reg[3]/d
          Clock: (R) clk

                     Capture       Launch     
        Clock Edge:+    5000            0     
       Src Latency:+       0            0     
       Net Latency:+       0 (I)        0 (I) 
           Arrival:=    5000            0     
                                              
             Setup:-     194                  
     Required Time:=    4806                  
      Launch Clock:-       0                  
         Data Path:-    1808                  
             Slack:=    2998                  

#---------------------------------------------------------------------------------------------------
#  Timing Point    Flags    Arc    Edge       Cell         Fanout Load Trans Delay Arrival Instance 
#                                                                 (fF)  (ps)  (ps)   (ps)  Location 
#---------------------------------------------------------------------------------------------------
  M_reg_reg[5]/clk -       -       R     (arrival)             25    -     0     0       0    (-,-) 
  M_reg_reg[5]/q   (u)     clk->q  R     unmapped_d_flop        5  7.9     0   611     611    (-,-) 
  g1330/z          (u)     in_1->z F     unmapped_nand2         1  1.6     0   102     713    (-,-) 
  g1308/z          (u)     in_1->z F     unmapped_or2           1  1.6     0   102     815    (-,-) 
  g1298/z          (u)     in_1->z F     unmapped_or2           1  1.6     0   102     917    (-,-) 
  g1288/z          (u)     in_0->z F     unmapped_or2           5  8.0     0   168    1085    (-,-) 
  g1276/z          (u)     in_0->z F     unmapped_complex2      1  1.6     0   102    1187    (-,-) 
  g1245/z          (u)     in_1->z F     unmapped_or2          10 16.0     0   213    1400    (-,-) 
  g1239/z          (u)     in_0->z F     unmapped_or2           1  1.6     0   102    1502    (-,-) 
  g1213/z          (u)     in_0->z R     unmapped_nand2         1  1.9     0   102    1604    (-,-) 
  g1193/z          (u)     in_0->z F     unmapped_nand2         1  1.6     0   102    1706    (-,-) 
  g1191/z          (u)     in_0->z R     unmapped_nand2         1  1.9     0   102    1808    (-,-) 
  H_reg_reg[3]/d   -       -       R     unmapped_d_flop        1    -     -     0    1808    (-,-) 
#---------------------------------------------------------------------------------------------------

(u) : Net has unmapped pin(s).



Path 5: MET (3065 ps) Setup Check with Pin H_reg_reg[5]/clk->d
          Group: C2C
     Startpoint: (R) M_reg_reg[5]/clk
          Clock: (R) clk
       Endpoint: (R) H_reg_reg[5]/d
          Clock: (R) clk

                     Capture       Launch     
        Clock Edge:+    5000            0     
       Src Latency:+       0            0     
       Net Latency:+       0 (I)        0 (I) 
           Arrival:=    5000            0     
                                              
             Setup:-     194                  
     Required Time:=    4806                  
      Launch Clock:-       0                  
         Data Path:-    1741                  
             Slack:=    3065                  

#---------------------------------------------------------------------------------------------------
#  Timing Point    Flags    Arc    Edge       Cell         Fanout Load Trans Delay Arrival Instance 
#                                                                 (fF)  (ps)  (ps)   (ps)  Location 
#---------------------------------------------------------------------------------------------------
  M_reg_reg[5]/clk -       -       R     (arrival)             25    -     0     0       0    (-,-) 
  M_reg_reg[5]/q   (u)     clk->q  R     unmapped_d_flop        5  7.9     0   611     611    (-,-) 
  g1330/z          (u)     in_1->z F     unmapped_nand2         1  1.6     0   102     713    (-,-) 
  g1308/z          (u)     in_1->z F     unmapped_or2           1  1.6     0   102     815    (-,-) 
  g1298/z          (u)     in_1->z F     unmapped_or2           1  1.6     0   102     917    (-,-) 
  g1288/z          (u)     in_0->z F     unmapped_or2           5  8.0     0   168    1085    (-,-) 
  g1276/z          (u)     in_0->z F     unmapped_complex2      1  1.6     0   102    1187    (-,-) 
  g1245/z          (u)     in_1->z F     unmapped_or2          10 16.0     0   213    1400    (-,-) 
  g1233/z          (u)     in_0->z F     unmapped_or2           3  4.8     0   137    1537    (-,-) 
  g1208/z          (u)     in_0->z F     unmapped_or2           1  1.6     0   102    1639    (-,-) 
  g1209/z          (u)     in_1->z R     unmapped_nand2         1  1.9     0   102    1741    (-,-) 
  H_reg_reg[5]/d   -       -       R     unmapped_d_flop        1    -     -     0    1741    (-,-) 
#---------------------------------------------------------------------------------------------------

(u) : Net has unmapped pin(s).



Path 6: MET (3083 ps) Setup Check with Pin H_reg_reg[7]/clk->d
          Group: C2C
     Startpoint: (R) M_reg_reg[5]/clk
          Clock: (R) clk
       Endpoint: (R) H_reg_reg[7]/d
          Clock: (R) clk

                     Capture       Launch     
        Clock Edge:+    5000            0     
       Src Latency:+       0            0     
       Net Latency:+       0 (I)        0 (I) 
           Arrival:=    5000            0     
                                              
             Setup:-     194                  
     Required Time:=    4806                  
      Launch Clock:-       0                  
         Data Path:-    1723                  
             Slack:=    3083                  

#---------------------------------------------------------------------------------------------------
#  Timing Point    Flags    Arc    Edge       Cell         Fanout Load Trans Delay Arrival Instance 
#                                                                 (fF)  (ps)  (ps)   (ps)  Location 
#---------------------------------------------------------------------------------------------------
  M_reg_reg[5]/clk -       -       R     (arrival)             25    -     0     0       0    (-,-) 
  M_reg_reg[5]/q   (u)     clk->q  R     unmapped_d_flop        5  7.9     0   611     611    (-,-) 
  g1330/z          (u)     in_1->z F     unmapped_nand2         1  1.6     0   102     713    (-,-) 
  g1308/z          (u)     in_1->z F     unmapped_or2           1  1.6     0   102     815    (-,-) 
  g1298/z          (u)     in_1->z F     unmapped_or2           1  1.6     0   102     917    (-,-) 
  g1288/z          (u)     in_0->z F     unmapped_or2           5  8.0     0   168    1085    (-,-) 
  g1276/z          (u)     in_0->z F     unmapped_complex2      1  1.6     0   102    1187    (-,-) 
  g1245/z          (u)     in_1->z F     unmapped_or2          10 16.0     0   213    1400    (-,-) 
  g1224/z          (u)     in_0->z F     unmapped_or2           2  3.2     0   119    1519    (-,-) 
  g1202/z          (u)     in_0->z F     unmapped_or2           1  1.6     0   102    1621    (-,-) 
  g1203/z          (u)     in_1->z R     unmapped_nand2         1  1.9     0   102    1723    (-,-) 
  H_reg_reg[7]/d   -       -       R     unmapped_d_flop        1    -     -     0    1723    (-,-) 
#---------------------------------------------------------------------------------------------------

(u) : Net has unmapped pin(s).



Path 7: MET (3083 ps) Setup Check with Pin H_reg_reg[4]/clk->d
          Group: C2C
     Startpoint: (R) M_reg_reg[5]/clk
          Clock: (R) clk
       Endpoint: (R) H_reg_reg[4]/d
          Clock: (R) clk

                     Capture       Launch     
        Clock Edge:+    5000            0     
       Src Latency:+       0            0     
       Net Latency:+       0 (I)        0 (I) 
           Arrival:=    5000            0     
                                              
             Setup:-     194                  
     Required Time:=    4806                  
      Launch Clock:-       0                  
         Data Path:-    1723                  
             Slack:=    3083                  

#---------------------------------------------------------------------------------------------------
#  Timing Point    Flags    Arc    Edge       Cell         Fanout Load Trans Delay Arrival Instance 
#                                                                 (fF)  (ps)  (ps)   (ps)  Location 
#---------------------------------------------------------------------------------------------------
  M_reg_reg[5]/clk -       -       R     (arrival)             25    -     0     0       0    (-,-) 
  M_reg_reg[5]/q   (u)     clk->q  R     unmapped_d_flop        5  7.9     0   611     611    (-,-) 
  g1330/z          (u)     in_1->z F     unmapped_nand2         1  1.6     0   102     713    (-,-) 
  g1308/z          (u)     in_1->z F     unmapped_or2           1  1.6     0   102     815    (-,-) 
  g1298/z          (u)     in_1->z F     unmapped_or2           1  1.6     0   102     917    (-,-) 
  g1288/z          (u)     in_0->z F     unmapped_or2           5  8.0     0   168    1085    (-,-) 
  g1276/z          (u)     in_0->z F     unmapped_complex2      1  1.6     0   102    1187    (-,-) 
  g1245/z          (u)     in_1->z F     unmapped_or2          10 16.0     0   213    1400    (-,-) 
  g1235/z          (u)     in_0->z F     unmapped_or2           2  3.2     0   119    1519    (-,-) 
  g1205/z          (u)     in_0->z F     unmapped_or2           1  1.6     0   102    1621    (-,-) 
  g1206/z          (u)     in_1->z R     unmapped_nand2         1  1.9     0   102    1723    (-,-) 
  H_reg_reg[4]/d   -       -       R     unmapped_d_flop        1    -     -     0    1723    (-,-) 
#---------------------------------------------------------------------------------------------------

(u) : Net has unmapped pin(s).



Path 8: MET (3083 ps) Setup Check with Pin H_reg_reg[1]/clk->d
          Group: C2C
     Startpoint: (R) M_reg_reg[5]/clk
          Clock: (R) clk
       Endpoint: (R) H_reg_reg[1]/d
          Clock: (R) clk

                     Capture       Launch     
        Clock Edge:+    5000            0     
       Src Latency:+       0            0     
       Net Latency:+       0 (I)        0 (I) 
           Arrival:=    5000            0     
                                              
             Setup:-     194                  
     Required Time:=    4806                  
      Launch Clock:-       0                  
         Data Path:-    1723                  
             Slack:=    3083                  

#---------------------------------------------------------------------------------------------------
#  Timing Point    Flags    Arc    Edge       Cell         Fanout Load Trans Delay Arrival Instance 
#                                                                 (fF)  (ps)  (ps)   (ps)  Location 
#---------------------------------------------------------------------------------------------------
  M_reg_reg[5]/clk -       -       R     (arrival)             25    -     0     0       0    (-,-) 
  M_reg_reg[5]/q   (u)     clk->q  R     unmapped_d_flop        5  7.9     0   611     611    (-,-) 
  g1330/z          (u)     in_1->z F     unmapped_nand2         1  1.6     0   102     713    (-,-) 
  g1308/z          (u)     in_1->z F     unmapped_or2           1  1.6     0   102     815    (-,-) 
  g1298/z          (u)     in_1->z F     unmapped_or2           1  1.6     0   102     917    (-,-) 
  g1288/z          (u)     in_0->z F     unmapped_or2           5  8.0     0   168    1085    (-,-) 
  g1276/z          (u)     in_0->z F     unmapped_complex2      1  1.6     0   102    1187    (-,-) 
  g1245/z          (u)     in_1->z F     unmapped_or2          10 16.0     0   213    1400    (-,-) 
  g960/z           (u)     in_1->z F     unmapped_complex2      2  3.2     0   119    1519    (-,-) 
  g1215/z          (u)     in_0->z F     unmapped_or2           1  1.6     0   102    1621    (-,-) 
  g1216/z          (u)     in_1->z R     unmapped_nand2         1  1.9     0   102    1723    (-,-) 
  H_reg_reg[1]/d   -       -       R     unmapped_d_flop        1    -     -     0    1723    (-,-) 
#---------------------------------------------------------------------------------------------------

(u) : Net has unmapped pin(s).



Path 9: MET (3179 ps) Setup Check with Pin M_reg_reg[7]/clk->d
          Group: C2C
     Startpoint: (R) S_reg_reg[2]/clk
          Clock: (R) clk
       Endpoint: (R) M_reg_reg[7]/d
          Clock: (R) clk

                     Capture       Launch     
        Clock Edge:+    5000            0     
       Src Latency:+       0            0     
       Net Latency:+       0 (I)        0 (I) 
           Arrival:=    5000            0     
                                              
             Setup:-     194                  
     Required Time:=    4806                  
      Launch Clock:-       0                  
         Data Path:-    1628                  
             Slack:=    3179                  

#---------------------------------------------------------------------------------------------------
#  Timing Point    Flags    Arc    Edge       Cell         Fanout Load Trans Delay Arrival Instance 
#                                                                 (fF)  (ps)  (ps)   (ps)  Location 
#---------------------------------------------------------------------------------------------------
  S_reg_reg[2]/clk -       -       R     (arrival)             25    -     0     0       0    (-,-) 
  S_reg_reg[2]/q   (u)     clk->q  F     unmapped_d_flop        6  8.3     0   625     625    (-,-) 
  g855/z           (u)     in_0->z F     unmapped_complex2      2  3.2     0   119     744    (-,-) 
  g1317/z          (u)     in_1->z F     unmapped_or2           2  3.2     0   119     864    (-,-) 
  g1291/z          (u)     in_1->z F     unmapped_or2           1  1.6     0   102     966    (-,-) 
  g1278/z          (u)     in_0->z F     unmapped_or2           8 12.8     0   202    1167    (-,-) 
  g1266/z          (u)     in_1->z F     unmapped_or2           3  4.8     0   137    1304    (-,-) 
  g937/z           (u)     in_1->z F     unmapped_complex2      2  3.2     0   119    1424    (-,-) 
  g1221/z          (u)     in_0->z F     unmapped_or2           1  1.6     0   102    1526    (-,-) 
  g1222/z          (u)     in_1->z R     unmapped_nand2         1  1.9     0   102    1628    (-,-) 
  M_reg_reg[7]/d   -       -       R     unmapped_d_flop        1    -     -     0    1628    (-,-) 
#---------------------------------------------------------------------------------------------------

(u) : Net has unmapped pin(s).



Path 10: MET (3202 ps) Setup Check with Pin H_reg_reg[0]/clk->d
          Group: C2C
     Startpoint: (R) M_reg_reg[5]/clk
          Clock: (R) clk
       Endpoint: (R) H_reg_reg[0]/d
          Clock: (R) clk

                     Capture       Launch     
        Clock Edge:+    5000            0     
       Src Latency:+       0            0     
       Net Latency:+       0 (I)        0 (I) 
           Arrival:=    5000            0     
                                              
             Setup:-     194                  
     Required Time:=    4806                  
      Launch Clock:-       0                  
         Data Path:-    1604                  
             Slack:=    3202                  

#---------------------------------------------------------------------------------------------------
#  Timing Point    Flags    Arc    Edge       Cell         Fanout Load Trans Delay Arrival Instance 
#                                                                 (fF)  (ps)  (ps)   (ps)  Location 
#---------------------------------------------------------------------------------------------------
  M_reg_reg[5]/clk -       -       R     (arrival)             25    -     0     0       0    (-,-) 
  M_reg_reg[5]/q   (u)     clk->q  R     unmapped_d_flop        5  7.9     0   611     611    (-,-) 
  g1330/z          (u)     in_1->z F     unmapped_nand2         1  1.6     0   102     713    (-,-) 
  g1308/z          (u)     in_1->z F     unmapped_or2           1  1.6     0   102     815    (-,-) 
  g1298/z          (u)     in_1->z F     unmapped_or2           1  1.6     0   102     917    (-,-) 
  g1288/z          (u)     in_0->z F     unmapped_or2           5  8.0     0   168    1085    (-,-) 
  g1276/z          (u)     in_0->z F     unmapped_complex2      1  1.6     0   102    1187    (-,-) 
  g1245/z          (u)     in_1->z F     unmapped_or2          10 16.0     0   213    1400    (-,-) 
  g1229/z          (u)     in_1->z F     unmapped_or2           1  1.6     0   102    1502    (-,-) 
  g1230/z          (u)     in_1->z R     unmapped_nand2         1  1.9     0   102    1604    (-,-) 
  H_reg_reg[0]/d   -       -       R     unmapped_d_flop        1    -     -     0    1604    (-,-) 
#---------------------------------------------------------------------------------------------------

(u) : Net has unmapped pin(s).



Path 11: MET (3214 ps) Setup Check with Pin M_reg_reg[3]/clk->d
          Group: C2C
     Startpoint: (R) S_reg_reg[2]/clk
          Clock: (R) clk
       Endpoint: (R) M_reg_reg[3]/d
          Clock: (R) clk

                     Capture       Launch     
        Clock Edge:+    5000            0     
       Src Latency:+       0            0     
       Net Latency:+       0 (I)        0 (I) 
           Arrival:=    5000            0     
                                              
             Setup:-     194                  
     Required Time:=    4806                  
      Launch Clock:-       0                  
         Data Path:-    1593                  
             Slack:=    3214                  

#---------------------------------------------------------------------------------------------------
#  Timing Point    Flags    Arc    Edge       Cell         Fanout Load Trans Delay Arrival Instance 
#                                                                 (fF)  (ps)  (ps)   (ps)  Location 
#---------------------------------------------------------------------------------------------------
  S_reg_reg[2]/clk -       -       R     (arrival)             25    -     0     0       0    (-,-) 
  S_reg_reg[2]/q   (u)     clk->q  R     unmapped_d_flop        6  9.8     0   625     625    (-,-) 
  g855/z           (u)     in_0->z R     unmapped_complex2      2  3.8     0   119     744    (-,-) 
  g1317/z          (u)     in_1->z R     unmapped_or2           2  3.8     0   119     864    (-,-) 
  g1291/z          (u)     in_1->z R     unmapped_or2           1  1.9     0   102     966    (-,-) 
  g1278/z          (u)     in_0->z R     unmapped_or2           8 15.2     0   202    1167    (-,-) 
  g1262/z          (u)     in_1->z R     unmapped_or2           2  3.8     0   119    1287    (-,-) 
  g1250/z          (u)     in_0->z R     unmapped_complex2      1  1.9     0   102    1389    (-,-) 
  g1225/z          (u)     in_0->z F     unmapped_nand2         1  1.6     0   102    1491    (-,-) 
  g1218/z          (u)     in_1->z R     unmapped_nand2         1  1.9     0   102    1593    (-,-) 
  M_reg_reg[3]/d   -       -       R     unmapped_d_flop        1    -     -     0    1593    (-,-) 
#---------------------------------------------------------------------------------------------------

(u) : Net has unmapped pin(s).



Path 12: MET (3244 ps) Setup Check with Pin S_reg_reg[5]/clk->d
          Group: C2C
     Startpoint: (R) S_reg_reg[0]/clk
          Clock: (R) clk
       Endpoint: (R) S_reg_reg[5]/d
          Clock: (R) clk

                     Capture       Launch     
        Clock Edge:+    5000            0     
       Src Latency:+       0            0     
       Net Latency:+       0 (I)        0 (I) 
           Arrival:=    5000            0     
                                              
             Setup:-     194                  
     Required Time:=    4806                  
      Launch Clock:-       0                  
         Data Path:-    1563                  
             Slack:=    3244                  

#---------------------------------------------------------------------------------------------------
#  Timing Point    Flags    Arc    Edge       Cell         Fanout Load Trans Delay Arrival Instance 
#                                                                 (fF)  (ps)  (ps)   (ps)  Location 
#---------------------------------------------------------------------------------------------------
  S_reg_reg[0]/clk -       -       R     (arrival)             25    -     0     0       0    (-,-) 
  S_reg_reg[0]/q   (u)     clk->q  F     unmapped_d_flop        5  6.7     0   611     611    (-,-) 
  g449/z           (u)     in_0->z R     unmapped_nand2         5  9.5     0   168     779    (-,-) 
  g1316/z          (u)     in_0->z R     unmapped_or2           1  1.9     0   102     881    (-,-) 
  g1292/z          (u)     in_1->z R     unmapped_or2           4  7.6     0   154    1036    (-,-) 
  g1279/z          (u)     in_1->z F     unmapped_nand2         1  1.6     0   102    1138    (-,-) 
  g1267/z          (u)     in_0->z R     unmapped_nand2         2  3.8     0   119    1257    (-,-) 
  g1182/z          (u)     in_1->z R     unmapped_complex2      1  1.9     0   102    1359    (-,-) 
  g1234/z          (u)     in_0->z F     unmapped_nand2         1  1.6     0   102    1461    (-,-) 
  g1210/z          (u)     in_1->z R     unmapped_nand2         1  1.9     0   102    1563    (-,-) 
  S_reg_reg[5]/d   -       -       R     unmapped_d_flop        1    -     -     0    1563    (-,-) 
#---------------------------------------------------------------------------------------------------

(u) : Net has unmapped pin(s).



Path 13: MET (3281 ps) Setup Check with Pin M_reg_reg[5]/clk->d
          Group: C2C
     Startpoint: (R) S_reg_reg[2]/clk
          Clock: (R) clk
       Endpoint: (R) M_reg_reg[5]/d
          Clock: (R) clk

                     Capture       Launch     
        Clock Edge:+    5000            0     
       Src Latency:+       0            0     
       Net Latency:+       0 (I)        0 (I) 
           Arrival:=    5000            0     
                                              
             Setup:-     194                  
     Required Time:=    4806                  
      Launch Clock:-       0                  
         Data Path:-    1526                  
             Slack:=    3281                  

#---------------------------------------------------------------------------------------------------
#  Timing Point    Flags    Arc    Edge       Cell         Fanout Load Trans Delay Arrival Instance 
#                                                                 (fF)  (ps)  (ps)   (ps)  Location 
#---------------------------------------------------------------------------------------------------
  S_reg_reg[2]/clk -       -       R     (arrival)             25    -     0     0       0    (-,-) 
  S_reg_reg[2]/q   (u)     clk->q  F     unmapped_d_flop        6  8.3     0   625     625    (-,-) 
  g855/z           (u)     in_0->z F     unmapped_complex2      2  3.2     0   119     744    (-,-) 
  g1317/z          (u)     in_1->z F     unmapped_or2           2  3.2     0   119     864    (-,-) 
  g1291/z          (u)     in_1->z F     unmapped_or2           1  1.6     0   102     966    (-,-) 
  g1278/z          (u)     in_0->z F     unmapped_or2           8 12.8     0   202    1167    (-,-) 
  g1264/z          (u)     in_0->z F     unmapped_complex2      4  6.4     0   154    1322    (-,-) 
  g1247/z          (u)     in_1->z F     unmapped_or2           1  1.6     0   102    1424    (-,-) 
  g1211/z          (u)     in_0->z R     unmapped_nand2         1  1.9     0   102    1526    (-,-) 
  M_reg_reg[5]/d   -       -       R     unmapped_d_flop        1    -     -     0    1526    (-,-) 
#---------------------------------------------------------------------------------------------------

(u) : Net has unmapped pin(s).



Path 14: MET (3281 ps) Setup Check with Pin M_reg_reg[4]/clk->d
          Group: C2C
     Startpoint: (R) S_reg_reg[2]/clk
          Clock: (R) clk
       Endpoint: (R) M_reg_reg[4]/d
          Clock: (R) clk

                     Capture       Launch     
        Clock Edge:+    5000            0     
       Src Latency:+       0            0     
       Net Latency:+       0 (I)        0 (I) 
           Arrival:=    5000            0     
                                              
             Setup:-     194                  
     Required Time:=    4806                  
      Launch Clock:-       0                  
         Data Path:-    1526                  
             Slack:=    3281                  

#---------------------------------------------------------------------------------------------------
#  Timing Point    Flags    Arc    Edge       Cell         Fanout Load Trans Delay Arrival Instance 
#                                                                 (fF)  (ps)  (ps)   (ps)  Location 
#---------------------------------------------------------------------------------------------------
  S_reg_reg[2]/clk -       -       R     (arrival)             25    -     0     0       0    (-,-) 
  S_reg_reg[2]/q   (u)     clk->q  F     unmapped_d_flop        6  8.3     0   625     625    (-,-) 
  g855/z           (u)     in_0->z F     unmapped_complex2      2  3.2     0   119     744    (-,-) 
  g1317/z          (u)     in_1->z F     unmapped_or2           2  3.2     0   119     864    (-,-) 
  g1291/z          (u)     in_1->z F     unmapped_or2           1  1.6     0   102     966    (-,-) 
  g1278/z          (u)     in_0->z F     unmapped_or2           8 12.8     0   202    1167    (-,-) 
  g1264/z          (u)     in_0->z F     unmapped_complex2      4  6.4     0   154    1322    (-,-) 
  g1248/z          (u)     in_1->z F     unmapped_or2           1  1.6     0   102    1424    (-,-) 
  g1219/z          (u)     in_0->z R     unmapped_nand2         1  1.9     0   102    1526    (-,-) 
  M_reg_reg[4]/d   -       -       R     unmapped_d_flop        1    -     -     0    1526    (-,-) 
#---------------------------------------------------------------------------------------------------

(u) : Net has unmapped pin(s).



Path 15: MET (3281 ps) Setup Check with Pin M_reg_reg[2]/clk->d
          Group: C2C
     Startpoint: (R) S_reg_reg[2]/clk
          Clock: (R) clk
       Endpoint: (R) M_reg_reg[2]/d
          Clock: (R) clk

                     Capture       Launch     
        Clock Edge:+    5000            0     
       Src Latency:+       0            0     
       Net Latency:+       0 (I)        0 (I) 
           Arrival:=    5000            0     
                                              
             Setup:-     194                  
     Required Time:=    4806                  
      Launch Clock:-       0                  
         Data Path:-    1526                  
             Slack:=    3281                  

#---------------------------------------------------------------------------------------------------
#  Timing Point    Flags    Arc    Edge       Cell         Fanout Load Trans Delay Arrival Instance 
#                                                                 (fF)  (ps)  (ps)   (ps)  Location 
#---------------------------------------------------------------------------------------------------
  S_reg_reg[2]/clk -       -       R     (arrival)             25    -     0     0       0    (-,-) 
  S_reg_reg[2]/q   (u)     clk->q  F     unmapped_d_flop        6  8.3     0   625     625    (-,-) 
  g855/z           (u)     in_0->z F     unmapped_complex2      2  3.2     0   119     744    (-,-) 
  g1317/z          (u)     in_1->z F     unmapped_or2           2  3.2     0   119     864    (-,-) 
  g1291/z          (u)     in_1->z F     unmapped_or2           1  1.6     0   102     966    (-,-) 
  g1278/z          (u)     in_0->z F     unmapped_or2           8 12.8     0   202    1167    (-,-) 
  g1264/z          (u)     in_0->z F     unmapped_complex2      4  6.4     0   154    1322    (-,-) 
  g1251/z          (u)     in_1->z F     unmapped_or2           1  1.6     0   102    1424    (-,-) 
  g1231/z          (u)     in_0->z R     unmapped_nand2         1  1.9     0   102    1526    (-,-) 
  M_reg_reg[2]/d   -       -       R     unmapped_d_flop        1    -     -     0    1526    (-,-) 
#---------------------------------------------------------------------------------------------------

(u) : Net has unmapped pin(s).



Path 16: MET (3298 ps) Setup Check with Pin M_reg_reg[6]/clk->d
          Group: C2C
     Startpoint: (R) S_reg_reg[2]/clk
          Clock: (R) clk
       Endpoint: (R) M_reg_reg[6]/d
          Clock: (R) clk

                     Capture       Launch     
        Clock Edge:+    5000            0     
       Src Latency:+       0            0     
       Net Latency:+       0 (I)        0 (I) 
           Arrival:=    5000            0     
                                              
             Setup:-     194                  
     Required Time:=    4806                  
      Launch Clock:-       0                  
         Data Path:-    1508                  
             Slack:=    3298                  

#---------------------------------------------------------------------------------------------------
#  Timing Point    Flags    Arc    Edge       Cell         Fanout Load Trans Delay Arrival Instance 
#                                                                 (fF)  (ps)  (ps)   (ps)  Location 
#---------------------------------------------------------------------------------------------------
  S_reg_reg[2]/clk -       -       R     (arrival)             25    -     0     0       0    (-,-) 
  S_reg_reg[2]/q   (u)     clk->q  F     unmapped_d_flop        6  8.3     0   625     625    (-,-) 
  g855/z           (u)     in_0->z F     unmapped_complex2      2  3.2     0   119     744    (-,-) 
  g1317/z          (u)     in_1->z F     unmapped_or2           2  3.2     0   119     864    (-,-) 
  g1291/z          (u)     in_1->z F     unmapped_or2           1  1.6     0   102     966    (-,-) 
  g1278/z          (u)     in_0->z F     unmapped_or2           8 12.8     0   202    1167    (-,-) 
  g1266/z          (u)     in_1->z F     unmapped_or2           3  4.8     0   137    1304    (-,-) 
  g1256/z          (u)     in_0->z F     unmapped_or2           1  1.6     0   102    1406    (-,-) 
  g1257/z          (u)     in_1->z R     unmapped_nand2         1  1.9     0   102    1508    (-,-) 
  M_reg_reg[6]/d   -       -       R     unmapped_d_flop        1    -     -     0    1508    (-,-) 
#---------------------------------------------------------------------------------------------------

(u) : Net has unmapped pin(s).



Path 17: MET (3311 ps) Setup Check with Pin S_reg_reg[3]/clk->d
          Group: C2C
     Startpoint: (R) S_reg_reg[0]/clk
          Clock: (R) clk
       Endpoint: (R) S_reg_reg[3]/d
          Clock: (R) clk

                     Capture       Launch     
        Clock Edge:+    5000            0     
       Src Latency:+       0            0     
       Net Latency:+       0 (I)        0 (I) 
           Arrival:=    5000            0     
                                              
             Setup:-     194                  
     Required Time:=    4806                  
      Launch Clock:-       0                  
         Data Path:-    1496                  
             Slack:=    3311                  

#---------------------------------------------------------------------------------------------------
#  Timing Point    Flags    Arc    Edge       Cell         Fanout Load Trans Delay Arrival Instance 
#                                                                 (fF)  (ps)  (ps)   (ps)  Location 
#---------------------------------------------------------------------------------------------------
  S_reg_reg[0]/clk -       -       R     (arrival)             25    -     0     0       0    (-,-) 
  S_reg_reg[0]/q   (u)     clk->q  F     unmapped_d_flop        5  6.7     0   611     611    (-,-) 
  g449/z           (u)     in_0->z R     unmapped_nand2         5  9.5     0   168     779    (-,-) 
  g1316/z          (u)     in_0->z R     unmapped_or2           1  1.9     0   102     881    (-,-) 
  g1292/z          (u)     in_1->z R     unmapped_or2           4  7.6     0   154    1036    (-,-) 
  g1283/z          (u)     in_1->z F     unmapped_nand2         4  6.4     0   154    1190    (-,-) 
  g1261/z          (u)     in_1->z F     unmapped_or2           1  1.6     0   102    1292    (-,-) 
  g1254/z          (u)     in_1->z R     unmapped_nand2         1  1.9     0   102    1394    (-,-) 
  g1232/z          (u)     in_0->z R     unmapped_complex2      1  1.9     0   102    1496    (-,-) 
  S_reg_reg[3]/d   -       -       R     unmapped_d_flop        1    -     -     0    1496    (-,-) 
#---------------------------------------------------------------------------------------------------

(u) : Net has unmapped pin(s).



Path 18: MET (3316 ps) Setup Check with Pin M_reg_reg[1]/clk->d
          Group: C2C
     Startpoint: (R) S_reg_reg[2]/clk
          Clock: (R) clk
       Endpoint: (R) M_reg_reg[1]/d
          Clock: (R) clk

                     Capture       Launch     
        Clock Edge:+    5000            0     
       Src Latency:+       0            0     
       Net Latency:+       0 (I)        0 (I) 
           Arrival:=    5000            0     
                                              
             Setup:-     194                  
     Required Time:=    4806                  
      Launch Clock:-       0                  
         Data Path:-    1491                  
             Slack:=    3316                  

#---------------------------------------------------------------------------------------------------
#  Timing Point    Flags    Arc    Edge       Cell         Fanout Load Trans Delay Arrival Instance 
#                                                                 (fF)  (ps)  (ps)   (ps)  Location 
#---------------------------------------------------------------------------------------------------
  S_reg_reg[2]/clk -       -       R     (arrival)             25    -     0     0       0    (-,-) 
  S_reg_reg[2]/q   (u)     clk->q  F     unmapped_d_flop        6  8.3     0   625     625    (-,-) 
  g855/z           (u)     in_0->z F     unmapped_complex2      2  3.2     0   119     744    (-,-) 
  g1317/z          (u)     in_1->z F     unmapped_or2           2  3.2     0   119     864    (-,-) 
  g1291/z          (u)     in_1->z F     unmapped_or2           1  1.6     0   102     966    (-,-) 
  g1278/z          (u)     in_0->z F     unmapped_or2           8 12.8     0   202    1167    (-,-) 
  g1263/z          (u)     in_1->z F     unmapped_complex2      2  3.2     0   119    1287    (-,-) 
  g1241/z          (u)     in_0->z F     unmapped_or2           1  1.6     0   102    1389    (-,-) 
  g1242/z          (u)     in_1->z R     unmapped_nand2         1  1.9     0   102    1491    (-,-) 
  M_reg_reg[1]/d   -       -       R     unmapped_d_flop        1    -     -     0    1491    (-,-) 
#---------------------------------------------------------------------------------------------------

(u) : Net has unmapped pin(s).



Path 19: MET (3346 ps) Setup Check with Pin S_reg_reg[4]/clk->d
          Group: C2C
     Startpoint: (R) S_reg_reg[0]/clk
          Clock: (R) clk
       Endpoint: (R) S_reg_reg[4]/d
          Clock: (R) clk

                     Capture       Launch     
        Clock Edge:+    5000            0     
       Src Latency:+       0            0     
       Net Latency:+       0 (I)        0 (I) 
           Arrival:=    5000            0     
                                              
             Setup:-     194                  
     Required Time:=    4806                  
      Launch Clock:-       0                  
         Data Path:-    1461                  
             Slack:=    3346                  

#-------------------------------------------------------------------------------------------------
#  Timing Point    Flags    Arc    Edge      Cell        Fanout Load Trans Delay Arrival Instance 
#                                                               (fF)  (ps)  (ps)   (ps)  Location 
#-------------------------------------------------------------------------------------------------
  S_reg_reg[0]/clk -       -       R     (arrival)           25    -     0     0       0    (-,-) 
  S_reg_reg[0]/q   (u)     clk->q  F     unmapped_d_flop      5  6.7     0   611     611    (-,-) 
  g449/z           (u)     in_0->z R     unmapped_nand2       5  9.5     0   168     779    (-,-) 
  g1316/z          (u)     in_0->z R     unmapped_or2         1  1.9     0   102     881    (-,-) 
  g1292/z          (u)     in_1->z R     unmapped_or2         4  7.6     0   154    1036    (-,-) 
  g1279/z          (u)     in_1->z F     unmapped_nand2       1  1.6     0   102    1138    (-,-) 
  g1267/z          (u)     in_0->z R     unmapped_nand2       2  3.8     0   119    1257    (-,-) 
  g1244/z          (u)     in_1->z F     unmapped_nand2       1  1.6     0   102    1359    (-,-) 
  g1227/z          (u)     in_1->z R     unmapped_nand2       1  1.9     0   102    1461    (-,-) 
  S_reg_reg[4]/d   -       -       R     unmapped_d_flop      1    -     -     0    1461    (-,-) 
#-------------------------------------------------------------------------------------------------

(u) : Net has unmapped pin(s).



Path 20: MET (3412 ps) Setup Check with Pin S_reg_reg[7]/clk->d
          Group: C2C
     Startpoint: (R) S_reg_reg[0]/clk
          Clock: (R) clk
       Endpoint: (R) S_reg_reg[7]/d
          Clock: (R) clk

                     Capture       Launch     
        Clock Edge:+    5000            0     
       Src Latency:+       0            0     
       Net Latency:+       0 (I)        0 (I) 
           Arrival:=    5000            0     
                                              
             Setup:-     194                  
     Required Time:=    4806                  
      Launch Clock:-       0                  
         Data Path:-    1394                  
             Slack:=    3412                  

#---------------------------------------------------------------------------------------------------
#  Timing Point    Flags    Arc    Edge       Cell         Fanout Load Trans Delay Arrival Instance 
#                                                                 (fF)  (ps)  (ps)   (ps)  Location 
#---------------------------------------------------------------------------------------------------
  S_reg_reg[0]/clk -       -       R     (arrival)             25    -     0     0       0    (-,-) 
  S_reg_reg[0]/q   (u)     clk->q  R     unmapped_d_flop        5  7.9     0   611     611    (-,-) 
  g449/z           (u)     in_0->z F     unmapped_nand2         5  8.0     0   168     779    (-,-) 
  g1318/z          (u)     in_0->z F     unmapped_or2           4  6.4     0   154     934    (-,-) 
  g1290/z          (u)     in_1->z F     unmapped_or2           3  4.8     0   137    1071    (-,-) 
  g949/z           (u)     in_1->z F     unmapped_complex2      2  3.2     0   119    1190    (-,-) 
  g1259/z          (u)     in_0->z F     unmapped_or2           1  1.6     0   102    1292    (-,-) 
  g1260/z          (u)     in_1->z R     unmapped_nand2         1  1.9     0   102    1394    (-,-) 
  S_reg_reg[7]/d   -       -       R     unmapped_d_flop        1    -     -     0    1394    (-,-) 
#---------------------------------------------------------------------------------------------------

(u) : Net has unmapped pin(s).



Path 21: MET (3413 ps) Setup Check with Pin S_reg_reg[2]/clk->d
          Group: C2C
     Startpoint: (R) S_reg_reg[0]/clk
          Clock: (R) clk
       Endpoint: (R) S_reg_reg[2]/d
          Clock: (R) clk

                     Capture       Launch     
        Clock Edge:+    5000            0     
       Src Latency:+       0            0     
       Net Latency:+       0 (I)        0 (I) 
           Arrival:=    5000            0     
                                              
             Setup:-     194                  
     Required Time:=    4806                  
      Launch Clock:-       0                  
         Data Path:-    1394                  
             Slack:=    3413                  

#-------------------------------------------------------------------------------------------------
#  Timing Point    Flags    Arc    Edge      Cell        Fanout Load Trans Delay Arrival Instance 
#                                                               (fF)  (ps)  (ps)   (ps)  Location 
#-------------------------------------------------------------------------------------------------
  S_reg_reg[0]/clk -       -       R     (arrival)           25    -     0     0       0    (-,-) 
  S_reg_reg[0]/q   (u)     clk->q  F     unmapped_d_flop      5  6.7     0   611     611    (-,-) 
  g449/z           (u)     in_0->z R     unmapped_nand2       5  9.5     0   168     779    (-,-) 
  g1316/z          (u)     in_0->z R     unmapped_or2         1  1.9     0   102     881    (-,-) 
  g1292/z          (u)     in_1->z R     unmapped_or2         4  7.6     0   154    1036    (-,-) 
  g1283/z          (u)     in_1->z F     unmapped_nand2       4  6.4     0   154    1190    (-,-) 
  g1274/z          (u)     in_1->z F     unmapped_or2         1  1.6     0   102    1292    (-,-) 
  g1252/z          (u)     in_0->z R     unmapped_nand2       1  1.9     0   102    1394    (-,-) 
  S_reg_reg[2]/d   -       -       R     unmapped_d_flop      1    -     -     0    1394    (-,-) 
#-------------------------------------------------------------------------------------------------

(u) : Net has unmapped pin(s).



Path 22: MET (3435 ps) Setup Check with Pin M_reg_reg[0]/clk->d
          Group: C2C
     Startpoint: (R) S_reg_reg[2]/clk
          Clock: (R) clk
       Endpoint: (R) M_reg_reg[0]/d
          Clock: (R) clk

                     Capture       Launch     
        Clock Edge:+    5000            0     
       Src Latency:+       0            0     
       Net Latency:+       0 (I)        0 (I) 
           Arrival:=    5000            0     
                                              
             Setup:-     194                  
     Required Time:=    4806                  
      Launch Clock:-       0                  
         Data Path:-    1371                  
             Slack:=    3435                  

#---------------------------------------------------------------------------------------------------
#  Timing Point    Flags    Arc    Edge       Cell         Fanout Load Trans Delay Arrival Instance 
#                                                                 (fF)  (ps)  (ps)   (ps)  Location 
#---------------------------------------------------------------------------------------------------
  S_reg_reg[2]/clk -       -       R     (arrival)             25    -     0     0       0    (-,-) 
  S_reg_reg[2]/q   (u)     clk->q  F     unmapped_d_flop        6  8.3     0   625     625    (-,-) 
  g855/z           (u)     in_0->z F     unmapped_complex2      2  3.2     0   119     744    (-,-) 
  g1317/z          (u)     in_1->z F     unmapped_or2           2  3.2     0   119     864    (-,-) 
  g1291/z          (u)     in_1->z F     unmapped_or2           1  1.6     0   102     966    (-,-) 
  g1278/z          (u)     in_0->z F     unmapped_or2           8 12.8     0   202    1167    (-,-) 
  g1272/z          (u)     in_1->z F     unmapped_or2           1  1.6     0   102    1269    (-,-) 
  g1273/z          (u)     in_1->z R     unmapped_nand2         1  1.9     0   102    1371    (-,-) 
  M_reg_reg[0]/d   -       -       R     unmapped_d_flop        1    -     -     0    1371    (-,-) 
#---------------------------------------------------------------------------------------------------

(u) : Net has unmapped pin(s).



Path 23: MET (3532 ps) Setup Check with Pin S_reg_reg[6]/clk->d
          Group: C2C
     Startpoint: (R) S_reg_reg[0]/clk
          Clock: (R) clk
       Endpoint: (R) S_reg_reg[6]/d
          Clock: (R) clk

                     Capture       Launch     
        Clock Edge:+    5000            0     
       Src Latency:+       0            0     
       Net Latency:+       0 (I)        0 (I) 
           Arrival:=    5000            0     
                                              
             Setup:-     194                  
     Required Time:=    4806                  
      Launch Clock:-       0                  
         Data Path:-    1275                  
             Slack:=    3532                  

#-------------------------------------------------------------------------------------------------
#  Timing Point    Flags    Arc    Edge      Cell        Fanout Load Trans Delay Arrival Instance 
#                                                               (fF)  (ps)  (ps)   (ps)  Location 
#-------------------------------------------------------------------------------------------------
  S_reg_reg[0]/clk -       -       R     (arrival)           25    -     0     0       0    (-,-) 
  S_reg_reg[0]/q   (u)     clk->q  R     unmapped_d_flop      5  7.9     0   611     611    (-,-) 
  g449/z           (u)     in_0->z F     unmapped_nand2       5  8.0     0   168     779    (-,-) 
  g1318/z          (u)     in_0->z F     unmapped_or2         4  6.4     0   154     934    (-,-) 
  g1290/z          (u)     in_1->z F     unmapped_or2         3  4.8     0   137    1071    (-,-) 
  g1285/z          (u)     in_0->z F     unmapped_or2         1  1.6     0   102    1173    (-,-) 
  g1286/z          (u)     in_1->z R     unmapped_nand2       1  1.9     0   102    1275    (-,-) 
  S_reg_reg[6]/d   -       -       R     unmapped_d_flop      1    -     -     0    1275    (-,-) 
#-------------------------------------------------------------------------------------------------

(u) : Net has unmapped pin(s).



Path 24: MET (3872 ps) Setup Check with Pin S_reg_reg[1]/clk->d
          Group: C2C
     Startpoint: (R) S_reg_reg[0]/clk
          Clock: (R) clk
       Endpoint: (R) S_reg_reg[1]/d
          Clock: (R) clk

                     Capture       Launch     
        Clock Edge:+    5000            0     
       Src Latency:+       0            0     
       Net Latency:+       0 (I)        0 (I) 
           Arrival:=    5000            0     
                                              
             Setup:-     194                  
     Required Time:=    4806                  
      Launch Clock:-       0                  
         Data Path:-     935                  
             Slack:=    3872                  

#-------------------------------------------------------------------------------------------------
#  Timing Point    Flags    Arc    Edge      Cell        Fanout Load Trans Delay Arrival Instance 
#                                                               (fF)  (ps)  (ps)   (ps)  Location 
#-------------------------------------------------------------------------------------------------
  S_reg_reg[0]/clk -       -       R     (arrival)           25    -     0     0       0    (-,-) 
  S_reg_reg[0]/q   (u)     clk->q  R     unmapped_d_flop      5  7.9     0   611     611    (-,-) 
  g952/z           (u)     in_1->z F     unmapped_nand2       2  3.2     0   119     731    (-,-) 
  g1312/z          (u)     in_0->z F     unmapped_or2         1  1.6     0   102     833    (-,-) 
  g1313/z          (u)     in_1->z R     unmapped_nand2       1  1.9     0   102     935    (-,-) 
  S_reg_reg[1]/d   -       -       R     unmapped_d_flop      1    -     -     0     935    (-,-) 
#-------------------------------------------------------------------------------------------------

(u) : Net has unmapped pin(s).



Path 25: MET (3991 ps) Setup Check with Pin S_reg_reg[0]/clk->d
          Group: C2C
     Startpoint: (R) S_reg_reg[0]/clk
          Clock: (R) clk
       Endpoint: (R) S_reg_reg[0]/d
          Clock: (R) clk

                     Capture       Launch     
        Clock Edge:+    5000            0     
       Src Latency:+       0            0     
       Net Latency:+       0 (I)        0 (I) 
           Arrival:=    5000            0     
                                              
             Setup:-     194                  
     Required Time:=    4806                  
      Launch Clock:-       0                  
         Data Path:-     815                  
             Slack:=    3991                  

#---------------------------------------------------------------------------------------------------
#  Timing Point    Flags    Arc    Edge       Cell         Fanout Load Trans Delay Arrival Instance 
#                                                                 (fF)  (ps)  (ps)   (ps)  Location 
#---------------------------------------------------------------------------------------------------
  S_reg_reg[0]/clk -       -       R     (arrival)             25    -     0     0       0    (-,-) 
  S_reg_reg[0]/q   (u)     clk->q  F     unmapped_d_flop        5  6.7     0   611     611    (-,-) 
  g1336/z          (u)     in_0->z F     unmapped_complex2      1  1.6     0   102     713    (-,-) 
  g1337/z          (u)     in_1->z R     unmapped_nand2         1  1.9     0   102     815    (-,-) 
  S_reg_reg[0]/d   -       -       R     unmapped_d_flop        1    -     -     0     815    (-,-) 
#---------------------------------------------------------------------------------------------------

(u) : Net has unmapped pin(s).

Some unconstrained paths have not been displayed.
Use -unconstrained or set the root attribute 'timing_report_unconstrained' to 'true' to see only these unconstrained paths.

