============================================================
  Generated by:           Genus(TM) Synthesis Solution 20.11-s111_1
  Generated on:           Apr 22 2025  03:59:53 pm
  Module:                 CLOCK
  Operating conditions:   slow (balanced_tree)
  Wireload mode:          enclosed
  Area mode:              timing library
============================================================

Timing
--------

Clock Period 
-------------
clk   5000.0 


  Cost    Critical         Violating 
 Group   Path Slack  TNS     Paths   
-------------------------------------
C2C          2945.9   0.0          0 
C2O        No paths   0.0            
clk        No paths   0.0            
default    No paths   0.0            
I2C        No paths   0.0            
I2O        No paths   0.0            
-------------------------------------
Total                 0.0          0 

Instance Count
--------------
Leaf Instance Count             185 
Physical Instance count           0 
Sequential Instance Count        25 
Combinational Instance Count    160 
Hierarchical Instance Count       0 

Area
----
Cell Area                          245.470
Physical Cell Area                 0.000
Total Cell Area (Cell+Physical)    245.470
Net Area                           3.562
Total Area (Cell+Physical+Net)     249.032

Runtime                            0.0 seconds
Elapsed Runtime                    77 seconds
Genus peak memory usage            1083.80 
Innovus peak memory usage          no_value 
Hostname                           localhost
