============================================================
  Generated by:           Genus(TM) Synthesis Solution 20.11-s111_1
  Generated on:           Apr 22 2025  03:59:54 pm
  Module:                 CLOCK
  Operating conditions:   slow (balanced_tree)
  Wireload mode:          enclosed
  Area mode:              timing library
============================================================

Timing
--------

Clock Period 
-------------
clk   5000.0 


  Cost    Critical         Violating 
 Group   Path Slack  TNS     Paths   
-------------------------------------
C2C          2359.8   0.0          0 
C2O        No paths   0.0            
clk        No paths   0.0            
default    No paths   0.0            
I2C        No paths   0.0            
I2O        No paths   0.0            
-------------------------------------
Total                 0.0          0 

Instance Count
--------------
Leaf Instance Count             115 
Physical Instance count           0 
Sequential Instance Count        25 
Combinational Instance Count     90 
Hierarchical Instance Count       0 

Area
----
Cell Area                          241.262
Physical Cell Area                 0.000
Total Cell Area (Cell+Physical)    241.262
Net Area                           44.167
Total Area (Cell+Physical+Net)     285.429

Runtime                            0.0 seconds
Elapsed Runtime                    78 seconds
Genus peak memory usage            1130.29 
Innovus peak memory usage          no_value 
Hostname                           localhost
