============================================================
  Generated by:           Genus(TM) Synthesis Solution 20.11-s111_1
  Generated on:           Apr 22 2025  03:59:54 pm
  Module:                 CLOCK
  Operating conditions:   slow (balanced_tree)
  Wireload mode:          enclosed
  Area mode:              timing library
============================================================

                               Leakage  
  Gate    Instances   Area   Power (nW)          Library          
------------------------------------------------------------------
AND4_X2           1    1.596      7.939    NangateOpenCellLibrary 
AOI21_X2          7    7.448     69.981    NangateOpenCellLibrary 
AOI22_X2          1    1.330      9.474    NangateOpenCellLibrary 
DFFR_X1           8   44.688    288.538    NangateOpenCellLibrary 
DFFR_X2          15   83.790    612.371    NangateOpenCellLibrary 
DFFS_X2           2   10.640     81.595    NangateOpenCellLibrary 
HA_X1             7   18.620     88.792    NangateOpenCellLibrary 
INV_X1            6    3.192     13.178    NangateOpenCellLibrary 
INV_X2           11    5.852     49.648    NangateOpenCellLibrary 
INV_X4            4    2.128     35.149    NangateOpenCellLibrary 
NAND2_X2          6    4.788     35.211    NangateOpenCellLibrary 
NAND3_X2          1    1.064      7.460    NangateOpenCellLibrary 
NAND4_X2          1    1.330      9.941    NangateOpenCellLibrary 
NOR2_X1           1    0.798      2.144    NangateOpenCellLibrary 
NOR2_X2           2    1.596      9.639    NangateOpenCellLibrary 
NOR3_X1           2    2.128      5.117    NangateOpenCellLibrary 
NOR3_X2           6    6.384     34.222    NangateOpenCellLibrary 
NOR4_X1           2    2.660      6.082    NangateOpenCellLibrary 
NOR4_X2           3    3.990     18.717    NangateOpenCellLibrary 
OAI21_X2          5    5.320     35.211    NangateOpenCellLibrary 
OAI22_X2          5    6.650     45.329    NangateOpenCellLibrary 
OR2_X1            1    1.064      4.957    NangateOpenCellLibrary 
OR2_X2            5    5.320     36.862    NangateOpenCellLibrary 
OR2_X4            2    2.128     24.954    NangateOpenCellLibrary 
OR3_X2            3    3.990     23.465    NangateOpenCellLibrary 
XNOR2_X1          2    3.192     13.927    NangateOpenCellLibrary 
XOR2_X1           2    3.192     15.637    NangateOpenCellLibrary 
XOR2_X2           4    6.384     40.973    NangateOpenCellLibrary 
------------------------------------------------------------------
total           115  241.262   1626.512                           


                                          Leakage  Leakage 
     Type      Instances   Area  Area % Power (nW) Power % 
-----------------------------------------------------------
sequential            25 139.118   57.7    982.504    60.4 
inverter              21  11.172    4.6     97.974     6.0 
logic                 69  90.972   37.7    546.034    33.6 
physical_cells         0   0.000    0.0      0.000     0.0 
-----------------------------------------------------------
total                115 241.262  100.0   1626.512   100.0 

