============================================================
  Generated by:           Genus(TM) Synthesis Solution 20.11-s111_1
  Generated on:           Apr 22 2025  03:59:54 pm
  Module:                 CLOCK
  Operating conditions:   slow (balanced_tree)
  Wireload mode:          enclosed
  Area mode:              timing library
============================================================


Path 1: MET (2360 ps) Setup Check with Pin H_reg_reg[6]/CK->D
          Group: C2C
     Startpoint: (R) S_reg_reg[6]/CK
          Clock: (R) clk
       Endpoint: (R) H_reg_reg[6]/D
          Clock: (R) clk

                     Capture       Launch     
        Clock Edge:+    5000            0     
       Src Latency:+       0            0     
       Net Latency:+       0 (I)        0 (I) 
           Arrival:=    5000            0     
                                              
             Setup:-     199                  
     Required Time:=    4801                  
      Launch Clock:-       0                  
         Data Path:-    2441                  
             Slack:=    2360                  

#-----------------------------------------------------------------------------------------
#  Timing Point   Flags    Arc   Edge   Cell     Fanout Load Trans Delay Arrival Instance 
#                                                       (fF)  (ps)  (ps)   (ps)  Location 
#-----------------------------------------------------------------------------------------
  S_reg_reg[6]/CK -       -      R     (arrival)     25    -     0     0       0    (-,-) 
  S_reg_reg[6]/Q  -       CK->Q  F     DFFR_X1        3  3.3    78   601     601    (-,-) 
  g2371__5122/ZN  -       A2->ZN F     OR2_X2         2  2.9    46   282     883    (-,-) 
  g2349__2883/ZN  -       A3->ZN R     NOR3_X2        4  6.7   303   443    1326    (-,-) 
  g2336__1881/ZN  -       A1->ZN F     NAND2_X2       3  3.9    96   141    1467    (-,-) 
  g2330__8428/ZN  -       A1->ZN R     NOR3_X2        1  2.0   144   193    1660    (-,-) 
  g2285__2802/CO  -       A->CO  R     HA_X1          2  3.6   169   285    1945    (-,-) 
  g2273__6260/CO  -       A->CO  R     HA_X1          1  2.2   114   231    2176    (-,-) 
  g2270__2398/Z   -       B->Z   R     XOR2_X2        1  1.2   121   265    2441    (-,-) 
  H_reg_reg[6]/D  -       -      R     DFFR_X2        1    -     -     0    2441    (-,-) 
#-----------------------------------------------------------------------------------------



Path 2: MET (2469 ps) Setup Check with Pin H_reg_reg[5]/CK->D
          Group: C2C
     Startpoint: (R) S_reg_reg[6]/CK
          Clock: (R) clk
       Endpoint: (R) H_reg_reg[5]/D
          Clock: (R) clk

                     Capture       Launch     
        Clock Edge:+    5000            0     
       Src Latency:+       0            0     
       Net Latency:+       0 (I)        0 (I) 
           Arrival:=    5000            0     
                                              
             Setup:-     225                  
     Required Time:=    4775                  
      Launch Clock:-       0                  
         Data Path:-    2306                  
             Slack:=    2469                  

#-----------------------------------------------------------------------------------------
#  Timing Point   Flags    Arc   Edge   Cell     Fanout Load Trans Delay Arrival Instance 
#                                                       (fF)  (ps)  (ps)   (ps)  Location 
#-----------------------------------------------------------------------------------------
  S_reg_reg[6]/CK -       -      R     (arrival)     25    -     0     0       0    (-,-) 
  S_reg_reg[6]/Q  -       CK->Q  F     DFFR_X1        3  3.3    78   601     601    (-,-) 
  g2371__5122/ZN  -       A2->ZN F     OR2_X2         2  2.9    46   282     883    (-,-) 
  g2349__2883/ZN  -       A3->ZN R     NOR3_X2        4  6.7   303   443    1326    (-,-) 
  g2336__1881/ZN  -       A1->ZN F     NAND2_X2       3  3.9    96   141    1467    (-,-) 
  g2330__8428/ZN  -       A1->ZN R     NOR3_X2        1  2.0   144   193    1660    (-,-) 
  g2285__2802/CO  -       A->CO  R     HA_X1          2  3.6   169   285    1945    (-,-) 
  g2273__6260/S   -       A->S   R     HA_X1          1  1.2   183   361    2306    (-,-) 
  H_reg_reg[5]/D  -       -      R     DFFR_X2        1    -     -     0    2306    (-,-) 
#-----------------------------------------------------------------------------------------



Path 3: MET (2470 ps) Setup Check with Pin H_reg_reg[7]/CK->D
          Group: C2C
     Startpoint: (R) S_reg_reg[6]/CK
          Clock: (R) clk
       Endpoint: (F) H_reg_reg[7]/D
          Clock: (R) clk

                     Capture       Launch     
        Clock Edge:+    5000            0     
       Src Latency:+       0            0     
       Net Latency:+       0 (I)        0 (I) 
           Arrival:=    5000            0     
                                              
             Setup:-     300                  
     Required Time:=    4700                  
      Launch Clock:-       0                  
         Data Path:-    2230                  
             Slack:=    2470                  

#-----------------------------------------------------------------------------------------
#  Timing Point   Flags    Arc   Edge   Cell     Fanout Load Trans Delay Arrival Instance 
#                                                       (fF)  (ps)  (ps)   (ps)  Location 
#-----------------------------------------------------------------------------------------
  S_reg_reg[6]/CK -       -      R     (arrival)     25    -     0     0       0    (-,-) 
  S_reg_reg[6]/Q  -       CK->Q  F     DFFR_X1        3  3.3    78   601     601    (-,-) 
  g2371__5122/ZN  -       A2->ZN F     OR2_X2         2  2.9    46   282     883    (-,-) 
  g2349__2883/ZN  -       A3->ZN R     NOR3_X2        4  6.7   303   443    1326    (-,-) 
  g2336__1881/ZN  -       A1->ZN F     NAND2_X2       3  3.9    96   141    1467    (-,-) 
  g2330__8428/ZN  -       A1->ZN R     NOR3_X2        1  2.0   144   193    1660    (-,-) 
  g2285__2802/CO  -       A->CO  R     HA_X1          2  3.6   169   285    1945    (-,-) 
  g2283__5526/ZN  -       A1->ZN F     NAND3_X2       1  1.3    58    85    2030    (-,-) 
  g2274__5107/ZN  -       A->ZN  F     XNOR2_X1       1  1.1    62   200    2230    (-,-) 
  H_reg_reg[7]/D  -       -      F     DFFR_X1        1    -     -     0    2230    (-,-) 
#-----------------------------------------------------------------------------------------



Path 4: MET (2646 ps) Setup Check with Pin M_reg_reg[7]/CK->D
          Group: C2C
     Startpoint: (R) S_reg_reg[6]/CK
          Clock: (R) clk
       Endpoint: (R) M_reg_reg[7]/D
          Clock: (R) clk

                     Capture       Launch     
        Clock Edge:+    5000            0     
       Src Latency:+       0            0     
       Net Latency:+       0 (I)        0 (I) 
           Arrival:=    5000            0     
                                              
             Setup:-     197                  
     Required Time:=    4803                  
      Launch Clock:-       0                  
         Data Path:-    2157                  
             Slack:=    2646                  

#-----------------------------------------------------------------------------------------
#  Timing Point   Flags    Arc   Edge   Cell     Fanout Load Trans Delay Arrival Instance 
#                                                       (fF)  (ps)  (ps)   (ps)  Location 
#-----------------------------------------------------------------------------------------
  S_reg_reg[6]/CK -       -      R     (arrival)     25    -     0     0       0    (-,-) 
  S_reg_reg[6]/Q  -       CK->Q  F     DFFR_X1        3  3.3    78   601     601    (-,-) 
  g2371__5122/ZN  -       A2->ZN F     OR2_X2         2  2.9    46   282     883    (-,-) 
  g2349__2883/ZN  -       A3->ZN R     NOR3_X2        4  6.7   303   443    1326    (-,-) 
  g2346/ZN        -       A->ZN  F     INV_X2         4  5.3    90   151    1476    (-,-) 
  g2341__5122/ZN  -       A1->ZN R     NOR3_X2        1  2.0   144   190    1666    (-,-) 
  g2298__5122/CO  -       A->CO  R     HA_X1          1  2.2   114   226    1892    (-,-) 
  g2281__4319/Z   -       B->Z   R     XOR2_X2        1  1.2   121   265    2157    (-,-) 
  M_reg_reg[7]/D  -       -      R     DFFR_X1        1    -     -     0    2157    (-,-) 
#-----------------------------------------------------------------------------------------



Path 5: MET (2646 ps) Setup Check with Pin H_reg_reg[1]/CK->D
          Group: C2C
     Startpoint: (R) S_reg_reg[6]/CK
          Clock: (R) clk
       Endpoint: (R) H_reg_reg[1]/D
          Clock: (R) clk

                     Capture       Launch     
        Clock Edge:+    5000            0     
       Src Latency:+       0            0     
       Net Latency:+       0 (I)        0 (I) 
           Arrival:=    5000            0     
                                              
             Setup:-     171                  
     Required Time:=    4829                  
      Launch Clock:-       0                  
         Data Path:-    2183                  
             Slack:=    2646                  

#-----------------------------------------------------------------------------------------
#  Timing Point   Flags    Arc   Edge   Cell     Fanout Load Trans Delay Arrival Instance 
#                                                       (fF)  (ps)  (ps)   (ps)  Location 
#-----------------------------------------------------------------------------------------
  S_reg_reg[6]/CK -       -      R     (arrival)     25    -     0     0       0    (-,-) 
  S_reg_reg[6]/Q  -       CK->Q  F     DFFR_X1        3  3.3    78   601     601    (-,-) 
  g2371__5122/ZN  -       A2->ZN F     OR2_X2         2  2.9    46   282     883    (-,-) 
  g2349__2883/ZN  -       A3->ZN R     NOR3_X2        4  6.7   303   443    1326    (-,-) 
  g2336__1881/ZN  -       A1->ZN F     NAND2_X2       3  3.9    96   141    1467    (-,-) 
  g2331/ZN        -       A->ZN  R     INV_X2         4  7.0   154   223    1690    (-,-) 
  g2297__8246/CO  -       A->CO  R     HA_X1          1  2.2   114   229    1919    (-,-) 
  g2282__8428/Z   -       B->Z   R     XOR2_X2        1  1.2   121   265    2183    (-,-) 
  H_reg_reg[1]/D  -       -      R     DFFS_X2        1    -     -     0    2183    (-,-) 
#-----------------------------------------------------------------------------------------



Path 6: MET (2671 ps) Setup Check with Pin M_reg_reg[3]/CK->D
          Group: C2C
     Startpoint: (R) M_reg_reg[2]/CK
          Clock: (R) clk
       Endpoint: (F) M_reg_reg[3]/D
          Clock: (R) clk

                     Capture       Launch     
        Clock Edge:+    5000            0     
       Src Latency:+       0            0     
       Net Latency:+       0 (I)        0 (I) 
           Arrival:=    5000            0     
                                              
             Setup:-     288                  
     Required Time:=    4712                  
      Launch Clock:-       0                  
         Data Path:-    2041                  
             Slack:=    2671                  

#-----------------------------------------------------------------------------------------
#  Timing Point   Flags    Arc   Edge   Cell     Fanout Load Trans Delay Arrival Instance 
#                                                       (fF)  (ps)  (ps)   (ps)  Location 
#-----------------------------------------------------------------------------------------
  M_reg_reg[2]/CK -       -      R     (arrival)     25    -     0     0       0    (-,-) 
  M_reg_reg[2]/Q  -       CK->Q  F     DFFR_X1        3  2.8    73   590     590    (-,-) 
  g2360__5107/ZN  -       A2->ZN F     OR2_X2         2  3.0    46   280     870    (-,-) 
  g2348__6161/ZN  -       A2->ZN R     NOR4_X2        3  4.5   279   398    1268    (-,-) 
  g2345/ZN        -       A->ZN  F     INV_X2         3  4.0    78   126    1394    (-,-) 
  g2335__1617/ZN  -       A2->ZN R     NAND2_X2       4  6.7   170   238    1632    (-,-) 
  g2327__4733/ZN  -       A1->ZN F     NOR4_X1        1  1.2    68   119    1751    (-,-) 
  g2305__1705/ZN  -       A->ZN  R     AOI21_X2       1  1.3   125   233    1984    (-,-) 
  g2303/ZN        -       A->ZN  F     INV_X2         1  1.2    34    56    2041    (-,-) 
  M_reg_reg[3]/D  -       -      F     DFFR_X2        1    -     -     0    2041    (-,-) 
#-----------------------------------------------------------------------------------------



Path 7: MET (2727 ps) Setup Check with Pin H_reg_reg[0]/CK->D
          Group: C2C
     Startpoint: (R) S_reg_reg[6]/CK
          Clock: (R) clk
       Endpoint: (R) H_reg_reg[0]/D
          Clock: (R) clk

                     Capture       Launch     
        Clock Edge:+    5000            0     
       Src Latency:+       0            0     
       Net Latency:+       0 (I)        0 (I) 
           Arrival:=    5000            0     
                                              
             Setup:-     225                  
     Required Time:=    4775                  
      Launch Clock:-       0                  
         Data Path:-    2048                  
             Slack:=    2727                  

#-----------------------------------------------------------------------------------------
#  Timing Point   Flags    Arc   Edge   Cell     Fanout Load Trans Delay Arrival Instance 
#                                                       (fF)  (ps)  (ps)   (ps)  Location 
#-----------------------------------------------------------------------------------------
  S_reg_reg[6]/CK -       -      R     (arrival)     25    -     0     0       0    (-,-) 
  S_reg_reg[6]/Q  -       CK->Q  F     DFFR_X1        3  3.3    78   601     601    (-,-) 
  g2371__5122/ZN  -       A2->ZN F     OR2_X2         2  2.9    46   282     883    (-,-) 
  g2349__2883/ZN  -       A3->ZN R     NOR3_X2        4  6.7   303   443    1326    (-,-) 
  g2336__1881/ZN  -       A1->ZN F     NAND2_X2       3  3.9    96   141    1467    (-,-) 
  g2331/ZN        -       A->ZN  R     INV_X2         4  7.0   154   223    1690    (-,-) 
  g2297__8246/S   -       A->S   R     HA_X1          1  1.2   183   357    2048    (-,-) 
  H_reg_reg[0]/D  -       -      R     DFFR_X2        1    -     -     0    2048    (-,-) 
#-----------------------------------------------------------------------------------------



Path 8: MET (2737 ps) Setup Check with Pin pm_reg_reg/CK->D
          Group: C2C
     Startpoint: (R) S_reg_reg[6]/CK
          Clock: (R) clk
       Endpoint: (F) pm_reg_reg/D
          Clock: (R) clk

                     Capture       Launch     
        Clock Edge:+    5000            0     
       Src Latency:+       0            0     
       Net Latency:+       0 (I)        0 (I) 
           Arrival:=    5000            0     
                                              
             Setup:-     295                  
     Required Time:=    4705                  
      Launch Clock:-       0                  
         Data Path:-    1968                  
             Slack:=    2737                  

#-----------------------------------------------------------------------------------------
#  Timing Point   Flags    Arc   Edge   Cell     Fanout Load Trans Delay Arrival Instance 
#                                                       (fF)  (ps)  (ps)   (ps)  Location 
#-----------------------------------------------------------------------------------------
  S_reg_reg[6]/CK -       -      R     (arrival)     25    -     0     0       0    (-,-) 
  S_reg_reg[6]/Q  -       CK->Q  F     DFFR_X1        3  3.3    78   601     601    (-,-) 
  g2371__5122/ZN  -       A2->ZN F     OR2_X2         2  2.9    46   282     883    (-,-) 
  g2349__2883/ZN  -       A3->ZN R     NOR3_X2        4  6.7   303   443    1326    (-,-) 
  g2336__1881/ZN  -       A1->ZN F     NAND2_X2       3  3.9    96   141    1467    (-,-) 
  g2329__4319/ZN  -       A1->ZN R     NOR3_X2        2  2.9   174   227    1694    (-,-) 
  g2312__9315/ZN  -       A1->ZN F     NAND2_X2       1  1.3    52    77    1771    (-,-) 
  g2291__6783/ZN  -       A->ZN  F     XNOR2_X1       1  1.1    52   197    1968    (-,-) 
  pm_reg_reg/D    -       -      F     DFFR_X1        1    -     -     0    1968    (-,-) 
#-----------------------------------------------------------------------------------------



Path 9: MET (2756 ps) Setup Check with Pin M_reg_reg[6]/CK->D
          Group: C2C
     Startpoint: (R) S_reg_reg[6]/CK
          Clock: (R) clk
       Endpoint: (R) M_reg_reg[6]/D
          Clock: (R) clk

                     Capture       Launch     
        Clock Edge:+    5000            0     
       Src Latency:+       0            0     
       Net Latency:+       0 (I)        0 (I) 
           Arrival:=    5000            0     
                                              
             Setup:-     223                  
     Required Time:=    4777                  
      Launch Clock:-       0                  
         Data Path:-    2021                  
             Slack:=    2756                  

#-----------------------------------------------------------------------------------------
#  Timing Point   Flags    Arc   Edge   Cell     Fanout Load Trans Delay Arrival Instance 
#                                                       (fF)  (ps)  (ps)   (ps)  Location 
#-----------------------------------------------------------------------------------------
  S_reg_reg[6]/CK -       -      R     (arrival)     25    -     0     0       0    (-,-) 
  S_reg_reg[6]/Q  -       CK->Q  F     DFFR_X1        3  3.3    78   601     601    (-,-) 
  g2371__5122/ZN  -       A2->ZN F     OR2_X2         2  2.9    46   282     883    (-,-) 
  g2349__2883/ZN  -       A3->ZN R     NOR3_X2        4  6.7   303   443    1326    (-,-) 
  g2346/ZN        -       A->ZN  F     INV_X2         4  5.3    90   151    1476    (-,-) 
  g2341__5122/ZN  -       A1->ZN R     NOR3_X2        1  2.0   144   190    1666    (-,-) 
  g2298__5122/S   -       A->S   R     HA_X1          1  1.2   184   354    2021    (-,-) 
  M_reg_reg[6]/D  -       -      R     DFFR_X1        1    -     -     0    2021    (-,-) 
#-----------------------------------------------------------------------------------------



Path 10: MET (2762 ps) Setup Check with Pin H_reg_reg[4]/CK->D
          Group: C2C
     Startpoint: (R) S_reg_reg[6]/CK
          Clock: (R) clk
       Endpoint: (R) H_reg_reg[4]/D
          Clock: (R) clk

                     Capture       Launch     
        Clock Edge:+    5000            0     
       Src Latency:+       0            0     
       Net Latency:+       0 (I)        0 (I) 
           Arrival:=    5000            0     
                                              
             Setup:-     223                  
     Required Time:=    4777                  
      Launch Clock:-       0                  
         Data Path:-    2015                  
             Slack:=    2762                  

#-----------------------------------------------------------------------------------------
#  Timing Point   Flags    Arc   Edge   Cell     Fanout Load Trans Delay Arrival Instance 
#                                                       (fF)  (ps)  (ps)   (ps)  Location 
#-----------------------------------------------------------------------------------------
  S_reg_reg[6]/CK -       -      R     (arrival)     25    -     0     0       0    (-,-) 
  S_reg_reg[6]/Q  -       CK->Q  F     DFFR_X1        3  3.3    78   601     601    (-,-) 
  g2371__5122/ZN  -       A2->ZN F     OR2_X2         2  2.9    46   282     883    (-,-) 
  g2349__2883/ZN  -       A3->ZN R     NOR3_X2        4  6.7   303   443    1326    (-,-) 
  g2336__1881/ZN  -       A1->ZN F     NAND2_X2       3  3.9    96   141    1467    (-,-) 
  g2330__8428/ZN  -       A1->ZN R     NOR3_X2        1  2.0   144   193    1660    (-,-) 
  g2285__2802/S   -       A->S   R     HA_X1          1  1.2   184   354    2015    (-,-) 
  H_reg_reg[4]/D  -       -      R     DFFR_X1        1    -     -     0    2015    (-,-) 
#-----------------------------------------------------------------------------------------



Path 11: MET (2854 ps) Setup Check with Pin H_reg_reg[3]/CK->D
          Group: C2C
     Startpoint: (R) S_reg_reg[6]/CK
          Clock: (R) clk
       Endpoint: (R) H_reg_reg[3]/D
          Clock: (R) clk

                     Capture       Launch     
        Clock Edge:+    5000            0     
       Src Latency:+       0            0     
       Net Latency:+       0 (I)        0 (I) 
           Arrival:=    5000            0     
                                              
             Setup:-     214                  
     Required Time:=    4786                  
      Launch Clock:-       0                  
         Data Path:-    1931                  
             Slack:=    2854                  

#-----------------------------------------------------------------------------------------
#  Timing Point   Flags    Arc   Edge   Cell     Fanout Load Trans Delay Arrival Instance 
#                                                       (fF)  (ps)  (ps)   (ps)  Location 
#-----------------------------------------------------------------------------------------
  S_reg_reg[6]/CK -       -      R     (arrival)     25    -     0     0       0    (-,-) 
  S_reg_reg[6]/Q  -       CK->Q  F     DFFR_X1        3  3.3    78   601     601    (-,-) 
  g2371__5122/ZN  -       A2->ZN F     OR2_X2         2  2.9    46   282     883    (-,-) 
  g2349__2883/ZN  -       A3->ZN R     NOR3_X2        4  6.7   303   443    1326    (-,-) 
  g2336__1881/ZN  -       A1->ZN F     NAND2_X2       3  3.9    96   141    1467    (-,-) 
  g2331/ZN        -       A->ZN  R     INV_X2         4  7.0   154   223    1690    (-,-) 
  g2316__2883/ZN  -       A1->ZN F     AOI22_X2       1  1.3    58    90    1781    (-,-) 
  g2293__1617/ZN  -       A1->ZN R     OAI22_X2       1  1.2   156   150    1931    (-,-) 
  H_reg_reg[3]/D  -       -      R     DFFR_X2        1    -     -     0    1931    (-,-) 
#-----------------------------------------------------------------------------------------



Path 12: MET (2860 ps) Setup Check with Pin H_reg_reg[2]/CK->D
          Group: C2C
     Startpoint: (R) S_reg_reg[6]/CK
          Clock: (R) clk
       Endpoint: (R) H_reg_reg[2]/D
          Clock: (R) clk

                     Capture       Launch     
        Clock Edge:+    5000            0     
       Src Latency:+       0            0     
       Net Latency:+       0 (I)        0 (I) 
           Arrival:=    5000            0     
                                              
             Setup:-     185                  
     Required Time:=    4815                  
      Launch Clock:-       0                  
         Data Path:-    1954                  
             Slack:=    2860                  

#-----------------------------------------------------------------------------------------
#  Timing Point   Flags    Arc   Edge   Cell     Fanout Load Trans Delay Arrival Instance 
#                                                       (fF)  (ps)  (ps)   (ps)  Location 
#-----------------------------------------------------------------------------------------
  S_reg_reg[6]/CK -       -      R     (arrival)     25    -     0     0       0    (-,-) 
  S_reg_reg[6]/Q  -       CK->Q  F     DFFR_X1        3  3.3    78   601     601    (-,-) 
  g2371__5122/ZN  -       A2->ZN F     OR2_X2         2  2.9    46   282     883    (-,-) 
  g2349__2883/ZN  -       A3->ZN R     NOR3_X2        4  6.7   303   443    1326    (-,-) 
  g2336__1881/ZN  -       A1->ZN F     NAND2_X2       3  3.9    96   141    1467    (-,-) 
  g2329__4319/ZN  -       A1->ZN R     NOR3_X2        2  2.9   174   227    1694    (-,-) 
  g2318__9945/ZN  -       A->ZN  F     AOI21_X2       1  1.3    58   110    1804    (-,-) 
  g2292__3680/ZN  -       A1->ZN R     OAI22_X2       1  1.2   156   150    1954    (-,-) 
  H_reg_reg[2]/D  -       -      R     DFFS_X2        1    -     -     0    1954    (-,-) 
#-----------------------------------------------------------------------------------------



Path 13: MET (2865 ps) Setup Check with Pin M_reg_reg[4]/CK->D
          Group: C2C
     Startpoint: (R) S_reg_reg[6]/CK
          Clock: (R) clk
       Endpoint: (F) M_reg_reg[4]/D
          Clock: (R) clk

                     Capture       Launch     
        Clock Edge:+    5000            0     
       Src Latency:+       0            0     
       Net Latency:+       0 (I)        0 (I) 
           Arrival:=    5000            0     
                                              
             Setup:-     300                  
     Required Time:=    4700                  
      Launch Clock:-       0                  
         Data Path:-    1835                  
             Slack:=    2865                  

#-----------------------------------------------------------------------------------------
#  Timing Point   Flags    Arc   Edge   Cell     Fanout Load Trans Delay Arrival Instance 
#                                                       (fF)  (ps)  (ps)   (ps)  Location 
#-----------------------------------------------------------------------------------------
  S_reg_reg[6]/CK -       -      R     (arrival)     25    -     0     0       0    (-,-) 
  S_reg_reg[6]/Q  -       CK->Q  F     DFFR_X1        3  3.3    78   601     601    (-,-) 
  g2371__5122/ZN  -       A2->ZN F     OR2_X2         2  2.9    46   282     883    (-,-) 
  g2349__2883/ZN  -       A3->ZN R     NOR3_X2        4  6.7   303   443    1326    (-,-) 
  g2346/ZN        -       A->ZN  F     INV_X2         4  5.3    90   151    1476    (-,-) 
  g2323__6783/ZN  -       A->ZN  R     AOI21_X2       1  1.5   130   252    1728    (-,-) 
  g2307__1881/ZN  -       B1->ZN F     OAI22_X2       1  1.2    56   107    1835    (-,-) 
  M_reg_reg[4]/D  -       -      F     DFFR_X2        1    -     -     0    1835    (-,-) 
#-----------------------------------------------------------------------------------------



Path 14: MET (2865 ps) Setup Check with Pin M_reg_reg[5]/CK->D
          Group: C2C
     Startpoint: (R) S_reg_reg[6]/CK
          Clock: (R) clk
       Endpoint: (F) M_reg_reg[5]/D
          Clock: (R) clk

                     Capture       Launch     
        Clock Edge:+    5000            0     
       Src Latency:+       0            0     
       Net Latency:+       0 (I)        0 (I) 
           Arrival:=    5000            0     
                                              
             Setup:-     300                  
     Required Time:=    4700                  
      Launch Clock:-       0                  
         Data Path:-    1835                  
             Slack:=    2865                  

#-----------------------------------------------------------------------------------------
#  Timing Point   Flags    Arc   Edge   Cell     Fanout Load Trans Delay Arrival Instance 
#                                                       (fF)  (ps)  (ps)   (ps)  Location 
#-----------------------------------------------------------------------------------------
  S_reg_reg[6]/CK -       -      R     (arrival)     25    -     0     0       0    (-,-) 
  S_reg_reg[6]/Q  -       CK->Q  F     DFFR_X1        3  3.3    78   601     601    (-,-) 
  g2371__5122/ZN  -       A2->ZN F     OR2_X2         2  2.9    46   282     883    (-,-) 
  g2349__2883/ZN  -       A3->ZN R     NOR3_X2        4  6.7   303   443    1326    (-,-) 
  g2346/ZN        -       A->ZN  F     INV_X2         4  5.3    90   151    1476    (-,-) 
  g2328__6260/ZN  -       A->ZN  R     AOI21_X2       1  1.5   130   252    1728    (-,-) 
  g2304__7098/ZN  -       B1->ZN F     OAI22_X2       1  1.2    56   107    1835    (-,-) 
  M_reg_reg[5]/D  -       -      F     DFFR_X2        1    -     -     0    1835    (-,-) 
#-----------------------------------------------------------------------------------------



Path 15: MET (2885 ps) Setup Check with Pin S_reg_reg[3]/CK->D
          Group: C2C
     Startpoint: (R) S_reg_reg[6]/CK
          Clock: (R) clk
       Endpoint: (F) S_reg_reg[3]/D
          Clock: (R) clk

                     Capture       Launch     
        Clock Edge:+    5000            0     
       Src Latency:+       0            0     
       Net Latency:+       0 (I)        0 (I) 
           Arrival:=    5000            0     
                                              
             Setup:-     288                  
     Required Time:=    4712                  
      Launch Clock:-       0                  
         Data Path:-    1827                  
             Slack:=    2885                  

#-----------------------------------------------------------------------------------------
#  Timing Point   Flags    Arc   Edge   Cell     Fanout Load Trans Delay Arrival Instance 
#                                                       (fF)  (ps)  (ps)   (ps)  Location 
#-----------------------------------------------------------------------------------------
  S_reg_reg[6]/CK -       -      R     (arrival)     25    -     0     0       0    (-,-) 
  S_reg_reg[6]/Q  -       CK->Q  F     DFFR_X1        3  3.3    78   601     601    (-,-) 
  g2371__5122/ZN  -       A2->ZN F     OR2_X2         2  2.9    46   282     883    (-,-) 
  g2358__6417/ZN  -       A3->ZN R     NOR3_X2        3  4.3   222   352    1234    (-,-) 
  g2343__7482/ZN  -       A1->ZN R     OR2_X4         4  5.4    70   226    1461    (-,-) 
  g2338__5526/ZN  -       A1->ZN F     NOR4_X1        1  1.2    64    79    1540    (-,-) 
  g2311__6161/ZN  -       A->ZN  R     AOI21_X2       1  1.3   125   231    1771    (-,-) 
  g2309/ZN        -       A->ZN  F     INV_X2         1  1.2    34    56    1827    (-,-) 
  S_reg_reg[3]/D  -       -      F     DFFR_X2        1    -     -     0    1827    (-,-) 
#-----------------------------------------------------------------------------------------



Path 16: MET (2892 ps) Setup Check with Pin S_reg_reg[2]/CK->D
          Group: C2C
     Startpoint: (R) S_reg_reg[6]/CK
          Clock: (R) clk
       Endpoint: (F) S_reg_reg[2]/D
          Clock: (R) clk

                     Capture       Launch     
        Clock Edge:+    5000            0     
       Src Latency:+       0            0     
       Net Latency:+       0 (I)        0 (I) 
           Arrival:=    5000            0     
                                              
             Setup:-     288                  
     Required Time:=    4712                  
      Launch Clock:-       0                  
         Data Path:-    1821                  
             Slack:=    2892                  

#-----------------------------------------------------------------------------------------
#  Timing Point   Flags    Arc   Edge   Cell     Fanout Load Trans Delay Arrival Instance 
#                                                       (fF)  (ps)  (ps)   (ps)  Location 
#-----------------------------------------------------------------------------------------
  S_reg_reg[6]/CK -       -      R     (arrival)     25    -     0     0       0    (-,-) 
  S_reg_reg[6]/Q  -       CK->Q  F     DFFR_X1        3  3.3    78   601     601    (-,-) 
  g2371__5122/ZN  -       A2->ZN F     OR2_X2         2  2.9    46   282     883    (-,-) 
  g2358__6417/ZN  -       A3->ZN R     NOR3_X2        3  4.3   222   352    1234    (-,-) 
  g2343__7482/ZN  -       A1->ZN R     OR2_X4         4  5.4    70   226    1461    (-,-) 
  g2340__1705/ZN  -       A1->ZN F     NOR3_X1        1  1.2    62    74    1535    (-,-) 
  g2324__6417/ZN  -       A->ZN  R     AOI21_X2       1  1.3   125   230    1764    (-,-) 
  g2321/ZN        -       A->ZN  F     INV_X2         1  1.2    34    56    1821    (-,-) 
  S_reg_reg[2]/D  -       -      F     DFFR_X2        1    -     -     0    1821    (-,-) 
#-----------------------------------------------------------------------------------------



Path 17: MET (2896 ps) Setup Check with Pin S_reg_reg[4]/CK->D
          Group: C2C
     Startpoint: (R) S_reg_reg[6]/CK
          Clock: (R) clk
       Endpoint: (F) S_reg_reg[4]/D
          Clock: (R) clk

                     Capture       Launch     
        Clock Edge:+    5000            0     
       Src Latency:+       0            0     
       Net Latency:+       0 (I)        0 (I) 
           Arrival:=    5000            0     
                                              
             Setup:-     288                  
     Required Time:=    4712                  
      Launch Clock:-       0                  
         Data Path:-    1816                  
             Slack:=    2896                  

#-----------------------------------------------------------------------------------------
#  Timing Point   Flags    Arc   Edge   Cell     Fanout Load Trans Delay Arrival Instance 
#                                                       (fF)  (ps)  (ps)   (ps)  Location 
#-----------------------------------------------------------------------------------------
  S_reg_reg[6]/CK -       -      R     (arrival)     25    -     0     0       0    (-,-) 
  S_reg_reg[6]/Q  -       CK->Q  F     DFFR_X1        3  3.3    78   601     601    (-,-) 
  g2371__5122/ZN  -       A2->ZN F     OR2_X2         2  2.9    46   282     883    (-,-) 
  g2358__6417/ZN  -       A3->ZN R     NOR3_X2        3  4.3   222   352    1234    (-,-) 
  g2343__7482/ZN  -       A1->ZN R     OR2_X4         4  5.4    70   226    1461    (-,-) 
  g2337__2802/ZN  -       A1->ZN F     NOR3_X1        1  1.2    53    74    1535    (-,-) 
  g2317__1666/ZN  -       A->ZN  R     AOI21_X2       1  1.3   125   225    1759    (-,-) 
  g2315/ZN        -       A->ZN  F     INV_X2         1  1.2    34    56    1816    (-,-) 
  S_reg_reg[4]/D  -       -      F     DFFR_X2        1    -     -     0    1816    (-,-) 
#-----------------------------------------------------------------------------------------



Path 18: MET (2929 ps) Setup Check with Pin M_reg_reg[2]/CK->D
          Group: C2C
     Startpoint: (R) S_reg_reg[6]/CK
          Clock: (R) clk
       Endpoint: (F) M_reg_reg[2]/D
          Clock: (R) clk

                     Capture       Launch     
        Clock Edge:+    5000            0     
       Src Latency:+       0            0     
       Net Latency:+       0 (I)        0 (I) 
           Arrival:=    5000            0     
                                              
             Setup:-     296                  
     Required Time:=    4704                  
      Launch Clock:-       0                  
         Data Path:-    1775                  
             Slack:=    2929                  

#-----------------------------------------------------------------------------------------
#  Timing Point   Flags    Arc   Edge   Cell     Fanout Load Trans Delay Arrival Instance 
#                                                       (fF)  (ps)  (ps)   (ps)  Location 
#-----------------------------------------------------------------------------------------
  S_reg_reg[6]/CK -       -      R     (arrival)     25    -     0     0       0    (-,-) 
  S_reg_reg[6]/Q  -       CK->Q  F     DFFR_X1        3  3.3    78   601     601    (-,-) 
  g2371__5122/ZN  -       A2->ZN F     OR2_X2         2  2.9    46   282     883    (-,-) 
  g2349__2883/ZN  -       A3->ZN R     NOR3_X2        4  6.7   303   443    1326    (-,-) 
  g2346/ZN        -       A->ZN  F     INV_X2         4  5.3    90   151    1476    (-,-) 
  g2334__3680/ZN  -       A1->ZN R     NOR2_X2        2  2.9   130   193    1669    (-,-) 
  g2320__2346/ZN  -       B1->ZN F     OAI22_X2       1  1.1    55   106    1775    (-,-) 
  M_reg_reg[2]/D  -       -      F     DFFR_X1        1    -     -     0    1775    (-,-) 
#-----------------------------------------------------------------------------------------



Path 19: MET (2955 ps) Setup Check with Pin M_reg_reg[1]/CK->D
          Group: C2C
     Startpoint: (R) S_reg_reg[6]/CK
          Clock: (R) clk
       Endpoint: (R) M_reg_reg[1]/D
          Clock: (R) clk

                     Capture       Launch     
        Clock Edge:+    5000            0     
       Src Latency:+       0            0     
       Net Latency:+       0 (I)        0 (I) 
           Arrival:=    5000            0     
                                              
             Setup:-     199                  
     Required Time:=    4801                  
      Launch Clock:-       0                  
         Data Path:-    1846                  
             Slack:=    2955                  

#-----------------------------------------------------------------------------------------
#  Timing Point   Flags    Arc   Edge   Cell     Fanout Load Trans Delay Arrival Instance 
#                                                       (fF)  (ps)  (ps)   (ps)  Location 
#-----------------------------------------------------------------------------------------
  S_reg_reg[6]/CK -       -      R     (arrival)     25    -     0     0       0    (-,-) 
  S_reg_reg[6]/Q  -       CK->Q  F     DFFR_X1        3  3.3    78   601     601    (-,-) 
  g2371__5122/ZN  -       A2->ZN F     OR2_X2         2  2.9    46   282     883    (-,-) 
  g2349__2883/ZN  -       A3->ZN R     NOR3_X2        4  6.7   303   443    1326    (-,-) 
  g2310__5107/CO  -       A->CO  R     HA_X1          1  2.2   114   255    1581    (-,-) 
  g2294__7482/Z   -       B->Z   R     XOR2_X2        1  1.2   121   265    1846    (-,-) 
  M_reg_reg[1]/D  -       -      R     DFFR_X2        1    -     -     0    1846    (-,-) 
#-----------------------------------------------------------------------------------------



Path 20: MET (3062 ps) Setup Check with Pin M_reg_reg[0]/CK->D
          Group: C2C
     Startpoint: (R) S_reg_reg[6]/CK
          Clock: (R) clk
       Endpoint: (R) M_reg_reg[0]/D
          Clock: (R) clk

                     Capture       Launch     
        Clock Edge:+    5000            0     
       Src Latency:+       0            0     
       Net Latency:+       0 (I)        0 (I) 
           Arrival:=    5000            0     
                                              
             Setup:-     224                  
     Required Time:=    4776                  
      Launch Clock:-       0                  
         Data Path:-    1714                  
             Slack:=    3062                  

#-----------------------------------------------------------------------------------------
#  Timing Point   Flags    Arc   Edge   Cell     Fanout Load Trans Delay Arrival Instance 
#                                                       (fF)  (ps)  (ps)   (ps)  Location 
#-----------------------------------------------------------------------------------------
  S_reg_reg[6]/CK -       -      R     (arrival)     25    -     0     0       0    (-,-) 
  S_reg_reg[6]/Q  -       CK->Q  F     DFFR_X1        3  3.3    78   601     601    (-,-) 
  g2371__5122/ZN  -       A2->ZN F     OR2_X2         2  2.9    46   282     883    (-,-) 
  g2349__2883/ZN  -       A3->ZN R     NOR3_X2        4  6.7   303   443    1326    (-,-) 
  g2310__5107/S   -       A->S   R     HA_X1          1  1.2   181   388    1714    (-,-) 
  M_reg_reg[0]/D  -       -      R     DFFR_X2        1    -     -     0    1714    (-,-) 
#-----------------------------------------------------------------------------------------



Path 21: MET (3105 ps) Setup Check with Pin S_reg_reg[5]/CK->D
          Group: C2C
     Startpoint: (R) S_reg_reg[6]/CK
          Clock: (R) clk
       Endpoint: (F) S_reg_reg[5]/D
          Clock: (R) clk

                     Capture       Launch     
        Clock Edge:+    5000            0     
       Src Latency:+       0            0     
       Net Latency:+       0 (I)        0 (I) 
           Arrival:=    5000            0     
                                              
             Setup:-     288                  
     Required Time:=    4712                  
      Launch Clock:-       0                  
         Data Path:-    1607                  
             Slack:=    3105                  

#-----------------------------------------------------------------------------------------
#  Timing Point   Flags    Arc   Edge   Cell     Fanout Load Trans Delay Arrival Instance 
#                                                       (fF)  (ps)  (ps)   (ps)  Location 
#-----------------------------------------------------------------------------------------
  S_reg_reg[6]/CK -       -      R     (arrival)     25    -     0     0       0    (-,-) 
  S_reg_reg[6]/Q  -       CK->Q  F     DFFR_X1        3  3.3    78   601     601    (-,-) 
  g2371__5122/ZN  -       A2->ZN F     OR2_X2         2  2.9    46   282     883    (-,-) 
  g2358__6417/ZN  -       A3->ZN R     NOR3_X2        3  4.3   222   352    1234    (-,-) 
  g2333__7098/ZN  -       B1->ZN F     OAI21_X2       2  2.7    74   121    1355    (-,-) 
  g2319__7410/ZN  -       B1->ZN R     OAI21_X2       1  1.3   106   159    1514    (-,-) 
  g2306__6131/ZN  -       A->ZN  F     OAI21_X2       1  1.2    34    93    1607    (-,-) 
  S_reg_reg[5]/D  -       -      F     DFFR_X2        1    -     -     0    1607    (-,-) 
#-----------------------------------------------------------------------------------------



Path 22: MET (3130 ps) Setup Check with Pin S_reg_reg[7]/CK->D
          Group: C2C
     Startpoint: (R) S_reg_reg[1]/CK
          Clock: (R) clk
       Endpoint: (F) S_reg_reg[7]/D
          Clock: (R) clk

                     Capture       Launch     
        Clock Edge:+    5000            0     
       Src Latency:+       0            0     
       Net Latency:+       0 (I)        0 (I) 
           Arrival:=    5000            0     
                                              
             Setup:-     296                  
     Required Time:=    4704                  
      Launch Clock:-       0                  
         Data Path:-    1574                  
             Slack:=    3130                  

#-----------------------------------------------------------------------------------------
#  Timing Point   Flags    Arc   Edge   Cell     Fanout Load Trans Delay Arrival Instance 
#                                                       (fF)  (ps)  (ps)   (ps)  Location 
#-----------------------------------------------------------------------------------------
  S_reg_reg[1]/CK -       -      R     (arrival)     25    -     0     0       0    (-,-) 
  S_reg_reg[1]/Q  -       CK->Q  F     DFFR_X2        3  3.1    64   612     612    (-,-) 
  g2372__2802/ZN  -       A2->ZN R     NAND2_X2       5  7.6   187   248     860    (-,-) 
  g2367__3680/ZN  -       A1->ZN F     NOR3_X2        3  3.3    59   114     974    (-,-) 
  g2357__9945/ZN  -       A1->ZN F     AND4_X2        1  1.9    47   219    1194    (-,-) 
  g2322__2398/CO  -       A->CO  F     HA_X1          1  1.3    35   155    1348    (-,-) 
  g2308__5115/Z   -       A->Z   F     XOR2_X1        1  1.1    54   226    1574    (-,-) 
  S_reg_reg[7]/D  -       -      F     DFFR_X1        1    -     -     0    1574    (-,-) 
#-----------------------------------------------------------------------------------------



Path 23: MET (3286 ps) Setup Check with Pin S_reg_reg[6]/CK->D
          Group: C2C
     Startpoint: (R) S_reg_reg[1]/CK
          Clock: (R) clk
       Endpoint: (F) S_reg_reg[6]/D
          Clock: (R) clk

                     Capture       Launch     
        Clock Edge:+    5000            0     
       Src Latency:+       0            0     
       Net Latency:+       0 (I)        0 (I) 
           Arrival:=    5000            0     
                                              
             Setup:-     295                  
     Required Time:=    4705                  
      Launch Clock:-       0                  
         Data Path:-    1419                  
             Slack:=    3286                  

#-----------------------------------------------------------------------------------------
#  Timing Point   Flags    Arc   Edge   Cell     Fanout Load Trans Delay Arrival Instance 
#                                                       (fF)  (ps)  (ps)   (ps)  Location 
#-----------------------------------------------------------------------------------------
  S_reg_reg[1]/CK -       -      R     (arrival)     25    -     0     0       0    (-,-) 
  S_reg_reg[1]/Q  -       CK->Q  F     DFFR_X2        3  3.1    64   612     612    (-,-) 
  g2372__2802/ZN  -       A2->ZN R     NAND2_X2       5  7.6   187   248     860    (-,-) 
  g2367__3680/ZN  -       A1->ZN F     NOR3_X2        3  3.3    59   114     974    (-,-) 
  g2357__9945/ZN  -       A1->ZN F     AND4_X2        1  1.9    47   219    1194    (-,-) 
  g2322__2398/S   -       A->S   F     HA_X1          1  1.1    53   226    1419    (-,-) 
  S_reg_reg[6]/D  -       -      F     DFFR_X1        1    -     -     0    1419    (-,-) 
#-----------------------------------------------------------------------------------------



Path 24: MET (3686 ps) Setup Check with Pin S_reg_reg[1]/CK->D
          Group: C2C
     Startpoint: (R) S_reg_reg[0]/CK
          Clock: (R) clk
       Endpoint: (F) S_reg_reg[1]/D
          Clock: (R) clk

                     Capture       Launch     
        Clock Edge:+    5000            0     
       Src Latency:+       0            0     
       Net Latency:+       0 (I)        0 (I) 
           Arrival:=    5000            0     
                                              
             Setup:-     300                  
     Required Time:=    4700                  
      Launch Clock:-       0                  
         Data Path:-    1014                  
             Slack:=    3686                  

#----------------------------------------------------------------------------------------
#  Timing Point   Flags   Arc   Edge   Cell     Fanout Load Trans Delay Arrival Instance 
#                                                      (fF)  (ps)  (ps)   (ps)  Location 
#----------------------------------------------------------------------------------------
  S_reg_reg[0]/CK -       -     R     (arrival)     25    -     0     0       0    (-,-) 
  S_reg_reg[0]/Q  -       CK->Q F     DFFR_X2        3  3.7    68   620     620    (-,-) 
  g2351__2398/CO  -       A->CO F     HA_X1          1  1.3    35   167     787    (-,-) 
  g2339__4733/Z   -       A->Z  F     XOR2_X1        1  1.2    56   228    1014    (-,-) 
  S_reg_reg[1]/D  -       -     F     DFFR_X2        1    -     -     0    1014    (-,-) 
#----------------------------------------------------------------------------------------



Path 25: MET (3843 ps) Setup Check with Pin S_reg_reg[0]/CK->D
          Group: C2C
     Startpoint: (R) S_reg_reg[0]/CK
          Clock: (R) clk
       Endpoint: (F) S_reg_reg[0]/D
          Clock: (R) clk

                     Capture       Launch     
        Clock Edge:+    5000            0     
       Src Latency:+       0            0     
       Net Latency:+       0 (I)        0 (I) 
           Arrival:=    5000            0     
                                              
             Setup:-     299                  
     Required Time:=    4701                  
      Launch Clock:-       0                  
         Data Path:-     858                  
             Slack:=    3843                  

#----------------------------------------------------------------------------------------
#  Timing Point   Flags   Arc   Edge   Cell     Fanout Load Trans Delay Arrival Instance 
#                                                      (fF)  (ps)  (ps)   (ps)  Location 
#----------------------------------------------------------------------------------------
  S_reg_reg[0]/CK -       -     R     (arrival)     25    -     0     0       0    (-,-) 
  S_reg_reg[0]/Q  -       CK->Q F     DFFR_X2        3  3.7    68   620     620    (-,-) 
  g2351__2398/S   -       A->S  F     HA_X1          1  1.2    54   238     858    (-,-) 
  S_reg_reg[0]/D  -       -     F     DFFR_X2        1    -     -     0     858    (-,-) 
#----------------------------------------------------------------------------------------

Some unconstrained paths have not been displayed.
Use -unconstrained or set the root attribute 'timing_report_unconstrained' to 'true' to see only these unconstrained paths.

