###############################################################
#  Generated by:      Cadence Tempus 20.20-p001_1
#  OS:                Linux x86_64(Host ID APL10.kletech.ac.in)
#  Generated on:      Fri Apr 11 11:14:20 2025
#  Design:            vorca
#  Command:           report_timing -early  -max_paths 50 -nworst 1 -path_type full_clock -net  > ${reportDir}/worst_min_path.rpt
###############################################################
Path 1: VIOLATED Removal Check with Pin f_ack_reg/CK 
Endpoint:   f_ack_reg/RN (^) checked with  leading edge of 'clk'
Beginpoint: i_reset_     (^) triggered by  leading edge of '@'
Path Groups: {async_default}
Other End Arrival Time          0.000
+ Removal                       0.124
+ Phase Shift                   0.000
= Required Time                 0.124
  Arrival Time                  0.073
  Slack Time                   -0.050
     Clock Rise Edge                      0.000
     + Input Delay                        0.000
     = Beginpoint Arrival Time            0.000
     Timing Path:
      ---------------------------------------------------------------
      Pin           Edge  Net       Cell     Delay  Arrival  Required  
                                                    Time     Time  
      ---------------------------------------------------------------
      i_reset_      ^     i_reset_  -        -      0.000    0.050  
      U13/A         ^     i_reset_  INVX4    0.000  0.000    0.050  
      U13/Y         v     n126      INVX4    0.028  0.028    0.078  
      U74/A         v     n126      INVX8    0.000  0.028    0.078  
      U74/Y         ^     n128      INVX8    0.046  0.073    0.124  
      f_ack_reg/RN  ^     n128      SDFFRX1  0.000  0.073    0.124  
      ---------------------------------------------------------------
     Clock Rise Edge                      0.000
     = Beginpoint Arrival Time            0.000
     Other End Path:
      ----------------------------------------------------------
      Pin           Edge  Net  Cell     Delay  Arrival  Required  
                                               Time     Time  
      ----------------------------------------------------------
      clk           ^     clk  -        -      0.000    -0.050  
      f_ack_reg/CK  ^     clk  SDFFRX1  0.000  0.000    -0.050  
      ----------------------------------------------------------
Path 2: VIOLATED Removal Check with Pin f_state_reg_1_/CK 
Endpoint:   f_state_reg_1_/RN (^) checked with  leading edge of 'clk'
Beginpoint: i_reset_          (^) triggered by  leading edge of '@'
Path Groups: {async_default}
Other End Arrival Time          0.000
+ Removal                       0.124
+ Phase Shift                   0.000
= Required Time                 0.124
  Arrival Time                  0.073
  Slack Time                   -0.050
     Clock Rise Edge                      0.000
     + Input Delay                        0.000
     = Beginpoint Arrival Time            0.000
     Timing Path:
      --------------------------------------------------------------------
      Pin                Edge  Net       Cell     Delay  Arrival  Required  
                                                         Time     Time  
      --------------------------------------------------------------------
      i_reset_           ^     i_reset_  -        -      0.000    0.050  
      U13/A              ^     i_reset_  INVX4    0.000  0.000    0.050  
      U13/Y              v     n126      INVX4    0.028  0.028    0.078  
      U74/A              v     n126      INVX8    0.000  0.028    0.078  
      U74/Y              ^     n128      INVX8    0.046  0.073    0.124  
      f_state_reg_1_/RN  ^     n128      SDFFRX1  0.000  0.073    0.124  
      --------------------------------------------------------------------
     Clock Rise Edge                      0.000
     = Beginpoint Arrival Time            0.000
     Other End Path:
      ---------------------------------------------------------------
      Pin                Edge  Net  Cell     Delay  Arrival  Required  
                                                    Time     Time  
      ---------------------------------------------------------------
      clk                ^     clk  -        -      0.000    -0.050  
      f_state_reg_1_/CK  ^     clk  SDFFRX1  0.000  0.000    -0.050  
      ---------------------------------------------------------------
Path 3: VIOLATED Removal Check with Pin n_write_reg/CK 
Endpoint:   n_write_reg/RN (^) checked with  leading edge of 'clk'
Beginpoint: i_reset_       (^) triggered by  leading edge of '@'
Path Groups: {async_default}
Other End Arrival Time          0.000
+ Removal                       0.124
+ Phase Shift                   0.000
= Required Time                 0.124
  Arrival Time                  0.075
  Slack Time                   -0.049
     Clock Rise Edge                      0.000
     + Input Delay                        0.000
     = Beginpoint Arrival Time            0.000
     Timing Path:
      -----------------------------------------------------------------
      Pin             Edge  Net       Cell     Delay  Arrival  Required  
                                                      Time     Time  
      -----------------------------------------------------------------
      i_reset_        ^     i_reset_  -        -      0.000    0.049  
      U13/A           ^     i_reset_  INVX4    0.000  0.000    0.049  
      U13/Y           v     n126      INVX4    0.028  0.028    0.077  
      U15/A           v     n126      INVX2    0.000  0.028    0.077  
      U15/Y           ^     n129      INVX2    0.047  0.075    0.124  
      n_write_reg/RN  ^     n129      SDFFRX1  0.000  0.075    0.124  
      -----------------------------------------------------------------
     Clock Rise Edge                      0.000
     = Beginpoint Arrival Time            0.000
     Other End Path:
      ------------------------------------------------------------
      Pin             Edge  Net  Cell     Delay  Arrival  Required  
                                                 Time     Time  
      ------------------------------------------------------------
      clk             ^     clk  -        -      0.000    -0.049  
      n_write_reg/CK  ^     clk  SDFFRX1  0.000  0.000    -0.049  
      ------------------------------------------------------------
Path 4: VIOLATED Removal Check with Pin f_state_reg_2_/CK 
Endpoint:   f_state_reg_2_/RN (^) checked with  leading edge of 'clk'
Beginpoint: i_reset_          (^) triggered by  leading edge of '@'
Path Groups: {async_default}
Other End Arrival Time          0.000
+ Removal                       0.124
+ Phase Shift                   0.000
= Required Time                 0.124
  Arrival Time                  0.075
  Slack Time                   -0.049
     Clock Rise Edge                      0.000
     + Input Delay                        0.000
     = Beginpoint Arrival Time            0.000
     Timing Path:
      --------------------------------------------------------------------
      Pin                Edge  Net       Cell     Delay  Arrival  Required  
                                                         Time     Time  
      --------------------------------------------------------------------
      i_reset_           ^     i_reset_  -        -      0.000    0.049  
      U13/A              ^     i_reset_  INVX4    0.000  0.000    0.049  
      U13/Y              v     n126      INVX4    0.028  0.028    0.077  
      U15/A              v     n126      INVX2    0.000  0.028    0.077  
      U15/Y              ^     n129      INVX2    0.047  0.075    0.124  
      f_state_reg_2_/RN  ^     n129      SDFFRX1  0.000  0.075    0.124  
      --------------------------------------------------------------------
     Clock Rise Edge                      0.000
     = Beginpoint Arrival Time            0.000
     Other End Path:
      ---------------------------------------------------------------
      Pin                Edge  Net  Cell     Delay  Arrival  Required  
                                                    Time     Time  
      ---------------------------------------------------------------
      clk                ^     clk  -        -      0.000    -0.049  
      f_state_reg_2_/CK  ^     clk  SDFFRX1  0.000  0.000    -0.049  
      ---------------------------------------------------------------
Path 5: MET Hold Check with Pin u_survik/o_dbg_config_reg_0_/CK 
Endpoint:   u_survik/o_dbg_config_reg_0_/SE (v) checked with  leading edge of 'clk'
Beginpoint: scan_enable                     (v) triggered by  leading edge of '@'
Path Groups: {clk}
Other End Arrival Time          0.000
+ Hold                          0.000
+ Phase Shift                   0.000
= Required Time                 0.000
  Arrival Time                  0.000
  Slack Time                    0.000
     Clock Rise Edge                      0.000
     + Input Delay                        0.000
     = Beginpoint Arrival Time            0.000
     Timing Path:
      -------------------------------------------------------------------------------------
      Pin                              Edge  Net          Cell     Delay  Arrival  Required  
                                                                          Time     Time  
      -------------------------------------------------------------------------------------
      scan_enable                      v     scan_enable  -        -      0.000    0.000  
      u_survik/o_dbg_config_reg_0_/SE  v     scan_enable  SDFFRX1  0.000  0.000    0.000  
      -------------------------------------------------------------------------------------
     Clock Rise Edge                      0.000
     = Beginpoint Arrival Time            0.000
     Other End Path:
      -----------------------------------------------------------------------------
      Pin                              Edge  Net  Cell     Delay  Arrival  Required  
                                                                  Time     Time  
      -----------------------------------------------------------------------------
      clk                              ^     clk  -        -      0.000    0.000  
      u_survik/o_dbg_config_reg_0_/CK  ^     clk  SDFFRX1  0.000  0.000    0.000  
      -----------------------------------------------------------------------------
Path 6: MET Hold Check with Pin o_reg_read_reg/CK 
Endpoint:   o_reg_read_reg/SE (v) checked with  leading edge of 'clk'
Beginpoint: scan_enable       (v) triggered by  leading edge of '@'
Path Groups: {clk}
Other End Arrival Time          0.000
+ Hold                          0.000
+ Phase Shift                   0.000
= Required Time                 0.000
  Arrival Time                  0.000
  Slack Time                    0.000
     Clock Rise Edge                      0.000
     + Input Delay                        0.000
     = Beginpoint Arrival Time            0.000
     Timing Path:
      -----------------------------------------------------------------------
      Pin                Edge  Net          Cell     Delay  Arrival  Required  
                                                            Time     Time  
      -----------------------------------------------------------------------
      scan_enable        v     scan_enable  -        -      0.000    0.000  
      o_reg_read_reg/SE  v     scan_enable  SDFFRX1  0.000  0.000    0.000  
      -----------------------------------------------------------------------
     Clock Rise Edge                      0.000
     = Beginpoint Arrival Time            0.000
     Other End Path:
      ---------------------------------------------------------------
      Pin                Edge  Net  Cell     Delay  Arrival  Required  
                                                    Time     Time  
      ---------------------------------------------------------------
      clk                ^     clk  -        -      0.000    0.000  
      o_reg_read_reg/CK  ^     clk  SDFFRX1  0.000  0.000    0.000  
      ---------------------------------------------------------------
Path 7: MET Hold Check with Pin f_err_ack_reg/CK 
Endpoint:   f_err_ack_reg/SE (v) checked with  leading edge of 'clk'
Beginpoint: scan_enable      (v) triggered by  leading edge of '@'
Path Groups: {clk}
Other End Arrival Time          0.000
+ Hold                          0.000
+ Phase Shift                   0.000
= Required Time                 0.000
  Arrival Time                  0.000
  Slack Time                    0.000
     Clock Rise Edge                      0.000
     + Input Delay                        0.000
     = Beginpoint Arrival Time            0.000
     Timing Path:
      ----------------------------------------------------------------------
      Pin               Edge  Net          Cell     Delay  Arrival  Required  
                                                           Time     Time  
      ----------------------------------------------------------------------
      scan_enable       v     scan_enable  -        -      0.000    0.000  
      f_err_ack_reg/SE  v     scan_enable  SDFFRX1  0.000  0.000    0.000  
      ----------------------------------------------------------------------
     Clock Rise Edge                      0.000
     = Beginpoint Arrival Time            0.000
     Other End Path:
      --------------------------------------------------------------
      Pin               Edge  Net  Cell     Delay  Arrival  Required  
                                                   Time     Time  
      --------------------------------------------------------------
      clk               ^     clk  -        -      0.000    0.000  
      f_err_ack_reg/CK  ^     clk  SDFFRX1  0.000  0.000    0.000  
      --------------------------------------------------------------
Path 8: MET Hold Check with Pin n_write_reg/CK 
Endpoint:   n_write_reg/SE (v) checked with  leading edge of 'clk'
Beginpoint: scan_enable    (v) triggered by  leading edge of '@'
Path Groups: {clk}
Other End Arrival Time          0.000
+ Hold                          0.000
+ Phase Shift                   0.000
= Required Time                 0.000
  Arrival Time                  0.000
  Slack Time                    0.000
     Clock Rise Edge                      0.000
     + Input Delay                        0.000
     = Beginpoint Arrival Time            0.000
     Timing Path:
      --------------------------------------------------------------------
      Pin             Edge  Net          Cell     Delay  Arrival  Required  
                                                         Time     Time  
      --------------------------------------------------------------------
      scan_enable     v     scan_enable  -        -      0.000    0.000  
      n_write_reg/SE  v     scan_enable  SDFFRX1  0.000  0.000    0.000  
      --------------------------------------------------------------------
     Clock Rise Edge                      0.000
     = Beginpoint Arrival Time            0.000
     Other End Path:
      ------------------------------------------------------------
      Pin             Edge  Net  Cell     Delay  Arrival  Required  
                                                 Time     Time  
      ------------------------------------------------------------
      clk             ^     clk  -        -      0.000    0.000  
      n_write_reg/CK  ^     clk  SDFFRX1  0.000  0.000    0.000  
      ------------------------------------------------------------
Path 9: MET Hold Check with Pin f_ack_reg/CK 
Endpoint:   f_ack_reg/SE (v) checked with  leading edge of 'clk'
Beginpoint: scan_enable  (v) triggered by  leading edge of '@'
Path Groups: {clk}
Other End Arrival Time          0.000
+ Hold                          0.000
+ Phase Shift                   0.000
= Required Time                 0.000
  Arrival Time                  0.000
  Slack Time                    0.000
     Clock Rise Edge                      0.000
     + Input Delay                        0.000
     = Beginpoint Arrival Time            0.000
     Timing Path:
      ------------------------------------------------------------------
      Pin           Edge  Net          Cell     Delay  Arrival  Required  
                                                       Time     Time  
      ------------------------------------------------------------------
      scan_enable   v     scan_enable  -        -      0.000    0.000  
      f_ack_reg/SE  v     scan_enable  SDFFRX1  0.000  0.000    0.000  
      ------------------------------------------------------------------
     Clock Rise Edge                      0.000
     = Beginpoint Arrival Time            0.000
     Other End Path:
      ----------------------------------------------------------
      Pin           Edge  Net  Cell     Delay  Arrival  Required  
                                               Time     Time  
      ----------------------------------------------------------
      clk           ^     clk  -        -      0.000    0.000  
      f_ack_reg/CK  ^     clk  SDFFRX1  0.000  0.000    0.000  
      ----------------------------------------------------------
Path 10: MET Hold Check with Pin f_state_reg_2_/CK 
Endpoint:   f_state_reg_2_/SE (v) checked with  leading edge of 'clk'
Beginpoint: scan_enable       (v) triggered by  leading edge of '@'
Path Groups: {clk}
Other End Arrival Time          0.000
+ Hold                          0.000
+ Phase Shift                   0.000
= Required Time                 0.000
  Arrival Time                  0.000
  Slack Time                    0.000
     Clock Rise Edge                      0.000
     + Input Delay                        0.000
     = Beginpoint Arrival Time            0.000
     Timing Path:
      -----------------------------------------------------------------------
      Pin                Edge  Net          Cell     Delay  Arrival  Required  
                                                            Time     Time  
      -----------------------------------------------------------------------
      scan_enable        v     scan_enable  -        -      0.000    0.000  
      f_state_reg_2_/SE  v     scan_enable  SDFFRX1  0.000  0.000    0.000  
      -----------------------------------------------------------------------
     Clock Rise Edge                      0.000
     = Beginpoint Arrival Time            0.000
     Other End Path:
      ---------------------------------------------------------------
      Pin                Edge  Net  Cell     Delay  Arrival  Required  
                                                    Time     Time  
      ---------------------------------------------------------------
      clk                ^     clk  -        -      0.000    0.000  
      f_state_reg_2_/CK  ^     clk  SDFFRX1  0.000  0.000    0.000  
      ---------------------------------------------------------------
Path 11: MET Hold Check with Pin f_state_reg_1_/CK 
Endpoint:   f_state_reg_1_/SE (v) checked with  leading edge of 'clk'
Beginpoint: scan_enable       (v) triggered by  leading edge of '@'
Path Groups: {clk}
Other End Arrival Time          0.000
+ Hold                          0.000
+ Phase Shift                   0.000
= Required Time                 0.000
  Arrival Time                  0.000
  Slack Time                    0.000
     Clock Rise Edge                      0.000
     + Input Delay                        0.000
     = Beginpoint Arrival Time            0.000
     Timing Path:
      -----------------------------------------------------------------------
      Pin                Edge  Net          Cell     Delay  Arrival  Required  
                                                            Time     Time  
      -----------------------------------------------------------------------
      scan_enable        v     scan_enable  -        -      0.000    0.000  
      f_state_reg_1_/SE  v     scan_enable  SDFFRX1  0.000  0.000    0.000  
      -----------------------------------------------------------------------
     Clock Rise Edge                      0.000
     = Beginpoint Arrival Time            0.000
     Other End Path:
      ---------------------------------------------------------------
      Pin                Edge  Net  Cell     Delay  Arrival  Required  
                                                    Time     Time  
      ---------------------------------------------------------------
      clk                ^     clk  -        -      0.000    0.000  
      f_state_reg_1_/CK  ^     clk  SDFFRX1  0.000  0.000    0.000  
      ---------------------------------------------------------------
Path 12: MET Hold Check with Pin f_state_reg_0_/CK 
Endpoint:   f_state_reg_0_/SE (v) checked with  leading edge of 'clk'
Beginpoint: scan_enable       (v) triggered by  leading edge of '@'
Path Groups: {clk}
Other End Arrival Time          0.000
+ Hold                          0.000
+ Phase Shift                   0.000
= Required Time                 0.000
  Arrival Time                  0.000
  Slack Time                    0.000
     Clock Rise Edge                      0.000
     + Input Delay                        0.000
     = Beginpoint Arrival Time            0.000
     Timing Path:
      -----------------------------------------------------------------------
      Pin                Edge  Net          Cell     Delay  Arrival  Required  
                                                            Time     Time  
      -----------------------------------------------------------------------
      scan_enable        v     scan_enable  -        -      0.000    0.000  
      f_state_reg_0_/SE  v     scan_enable  SDFFRX1  0.000  0.000    0.000  
      -----------------------------------------------------------------------
     Clock Rise Edge                      0.000
     = Beginpoint Arrival Time            0.000
     Other End Path:
      ---------------------------------------------------------------
      Pin                Edge  Net  Cell     Delay  Arrival  Required  
                                                    Time     Time  
      ---------------------------------------------------------------
      clk                ^     clk  -        -      0.000    0.000  
      f_state_reg_0_/CK  ^     clk  SDFFRX1  0.000  0.000    0.000  
      ---------------------------------------------------------------
Path 13: MET Removal Check with Pin o_reg_read_reg/CK 
Endpoint:   o_reg_read_reg/RN (^) checked with  leading edge of 'clk'
Beginpoint: i_reset_          (^) triggered by  leading edge of '@'
Path Groups: {async_default}
Other End Arrival Time          0.000
+ Removal                       0.130
+ Phase Shift                   0.000
= Required Time                 0.130
  Arrival Time                  0.166
  Slack Time                    0.036
     Clock Rise Edge                      0.000
     + Input Delay                        0.000
     = Beginpoint Arrival Time            0.000
     Timing Path:
      --------------------------------------------------------------------
      Pin                Edge  Net       Cell     Delay  Arrival  Required  
                                                         Time     Time  
      --------------------------------------------------------------------
      i_reset_           ^     i_reset_  -        -      0.000    -0.036  
      U13/A              ^     i_reset_  INVX4    0.000  0.000    -0.036  
      U13/Y              v     n126      INVX4    0.028  0.028    -0.008  
      U14/A              v     n126      INVX2    0.000  0.028    -0.008  
      U14/Y              ^     n127      INVX2    0.039  0.067    0.030  
      U17/A              ^     n127      BUFX8    0.000  0.067    0.030  
      U17/Y              ^     n861      BUFX8    0.100  0.166    0.130  
      o_reg_read_reg/RN  ^     n861      SDFFRX1  0.000  0.166    0.130  
      --------------------------------------------------------------------
     Clock Rise Edge                      0.000
     = Beginpoint Arrival Time            0.000
     Other End Path:
      ---------------------------------------------------------------
      Pin                Edge  Net  Cell     Delay  Arrival  Required  
                                                    Time     Time  
      ---------------------------------------------------------------
      clk                ^     clk  -        -      0.000    0.036  
      o_reg_read_reg/CK  ^     clk  SDFFRX1  0.000  0.000    0.036  
      ---------------------------------------------------------------
Path 14: MET Removal Check with Pin f_err_ack_reg/CK 
Endpoint:   f_err_ack_reg/RN (^) checked with  leading edge of 'clk'
Beginpoint: i_reset_         (^) triggered by  leading edge of '@'
Path Groups: {async_default}
Other End Arrival Time          0.000
+ Removal                       0.130
+ Phase Shift                   0.000
= Required Time                 0.130
  Arrival Time                  0.166
  Slack Time                    0.036
     Clock Rise Edge                      0.000
     + Input Delay                        0.000
     = Beginpoint Arrival Time            0.000
     Timing Path:
      -------------------------------------------------------------------
      Pin               Edge  Net       Cell     Delay  Arrival  Required  
                                                        Time     Time  
      -------------------------------------------------------------------
      i_reset_          ^     i_reset_  -        -      0.000    -0.036  
      U13/A             ^     i_reset_  INVX4    0.000  0.000    -0.036  
      U13/Y             v     n126      INVX4    0.028  0.028    -0.008  
      U14/A             v     n126      INVX2    0.000  0.028    -0.008  
      U14/Y             ^     n127      INVX2    0.039  0.067    0.030  
      U19/A             ^     n127      BUFX8    0.000  0.067    0.030  
      U19/Y             ^     n859      BUFX8    0.100  0.166    0.130  
      f_err_ack_reg/RN  ^     n859      SDFFRX1  0.000  0.166    0.130  
      -------------------------------------------------------------------
     Clock Rise Edge                      0.000
     = Beginpoint Arrival Time            0.000
     Other End Path:
      --------------------------------------------------------------
      Pin               Edge  Net  Cell     Delay  Arrival  Required  
                                                   Time     Time  
      --------------------------------------------------------------
      clk               ^     clk  -        -      0.000    0.036  
      f_err_ack_reg/CK  ^     clk  SDFFRX1  0.000  0.000    0.036  
      --------------------------------------------------------------
Path 15: MET Removal Check with Pin f_state_reg_0_/CK 
Endpoint:   f_state_reg_0_/RN (^) checked with  leading edge of 'clk'
Beginpoint: i_reset_          (^) triggered by  leading edge of '@'
Path Groups: {async_default}
Other End Arrival Time          0.000
+ Removal                       0.130
+ Phase Shift                   0.000
= Required Time                 0.130
  Arrival Time                  0.166
  Slack Time                    0.036
     Clock Rise Edge                      0.000
     + Input Delay                        0.000
     = Beginpoint Arrival Time            0.000
     Timing Path:
      --------------------------------------------------------------------
      Pin                Edge  Net       Cell     Delay  Arrival  Required  
                                                         Time     Time  
      --------------------------------------------------------------------
      i_reset_           ^     i_reset_  -        -      0.000    -0.036  
      U13/A              ^     i_reset_  INVX4    0.000  0.000    -0.036  
      U13/Y              v     n126      INVX4    0.028  0.028    -0.008  
      U14/A              v     n126      INVX2    0.000  0.028    -0.008  
      U14/Y              ^     n127      INVX2    0.039  0.067    0.030  
      U18/A              ^     n127      BUFX8    0.000  0.067    0.030  
      U18/Y              ^     n860      BUFX8    0.100  0.166    0.130  
      f_state_reg_0_/RN  ^     n860      SDFFRX1  0.000  0.166    0.130  
      --------------------------------------------------------------------
     Clock Rise Edge                      0.000
     = Beginpoint Arrival Time            0.000
     Other End Path:
      ---------------------------------------------------------------
      Pin                Edge  Net  Cell     Delay  Arrival  Required  
                                                    Time     Time  
      ---------------------------------------------------------------
      clk                ^     clk  -        -      0.000    0.036  
      f_state_reg_0_/CK  ^     clk  SDFFRX1  0.000  0.000    0.036  
      ---------------------------------------------------------------
Path 16: MET Hold Check with Pin f_state_reg_2_/CK 
Endpoint:   f_state_reg_2_/D (v) checked with  leading edge of 'clk'
Beginpoint: i_wr_strb        (^) triggered by  leading edge of '@'
Path Groups: {clk}
Other End Arrival Time          0.000
+ Hold                         -0.028
+ Phase Shift                   0.000
= Required Time                -0.028
  Arrival Time                  0.018
  Slack Time                    0.046
     Clock Rise Edge                      0.000
     + Input Delay                        0.000
     = Beginpoint Arrival Time            0.000
     Timing Path:
      --------------------------------------------------------------------
      Pin               Edge  Net        Cell     Delay  Arrival  Required  
                                                         Time     Time  
      --------------------------------------------------------------------
      i_wr_strb         ^     i_wr_strb  -        -      0.000    -0.046  
      U229/B0           ^     i_wr_strb  AOI21X1  0.000  0.000    -0.046  
      U229/Y            v     N407       AOI21X1  0.018  0.018    -0.028  
      f_state_reg_2_/D  v     N407       SDFFRX1  0.000  0.018    -0.028  
      --------------------------------------------------------------------
     Clock Rise Edge                      0.000
     = Beginpoint Arrival Time            0.000
     Other End Path:
      ---------------------------------------------------------------
      Pin                Edge  Net  Cell     Delay  Arrival  Required  
                                                    Time     Time  
      ---------------------------------------------------------------
      clk                ^     clk  -        -      0.000    0.046  
      f_state_reg_2_/CK  ^     clk  SDFFRX1  0.000  0.000    0.046  
      ---------------------------------------------------------------
Path 17: MET Removal Check with Pin u_survik/o_dbg_config_reg_0_/CK 
Endpoint:   u_survik/o_dbg_config_reg_0_/RN (^) checked with  leading edge of 'clk'
Beginpoint: i_reset_                        (^) triggered by  leading edge of '@'
Path Groups: {async_default}
Other End Arrival Time          0.000
+ Removal                       0.130
+ Phase Shift                   0.000
= Required Time                 0.130
  Arrival Time                  0.179
  Slack Time                    0.049
     Clock Rise Edge                      0.000
     + Input Delay                        0.000
     = Beginpoint Arrival Time            0.000
     Timing Path:
      --------------------------------------------------------------------------------------
      Pin                              Edge  Net           Cell     Delay  Arrival  Required  
                                                                           Time     Time  
      --------------------------------------------------------------------------------------
      i_reset_                         ^     i_reset_      -        -      0.000    -0.049  
      U13/A                            ^     i_reset_      INVX4    0.000  0.000    -0.049  
      U13/Y                            v     n126          INVX4    0.028  0.028    -0.021  
      U74/A                            v     n126          INVX8    0.000  0.028    -0.021  
      U74/Y                            ^     n128          INVX8    0.046  0.073    0.024  
      u_survik/U3/A                    ^     n128          BUFX8    0.000  0.073    0.024  
      u_survik/U3/Y                    ^     u_survik/n39  BUFX8    0.106  0.179    0.130  
      u_survik/o_dbg_config_reg_0_/RN  ^     u_survik/n39  SDFFRX1  0.000  0.179    0.130  
      --------------------------------------------------------------------------------------
     Clock Rise Edge                      0.000
     = Beginpoint Arrival Time            0.000
     Other End Path:
      -----------------------------------------------------------------------------
      Pin                              Edge  Net  Cell     Delay  Arrival  Required  
                                                                  Time     Time  
      -----------------------------------------------------------------------------
      clk                              ^     clk  -        -      0.000    0.049  
      u_survik/o_dbg_config_reg_0_/CK  ^     clk  SDFFRX1  0.000  0.000    0.049  
      -----------------------------------------------------------------------------
Path 18: MET Hold Check with Pin f_ack_reg/CK 
Endpoint:   f_ack_reg/D (v) checked with  leading edge of 'clk'
Beginpoint: i_wr_strb   (^) triggered by  leading edge of '@'
Path Groups: {clk}
Other End Arrival Time          0.000
+ Hold                         -0.026
+ Phase Shift                   0.000
= Required Time                -0.026
  Arrival Time                  0.087
  Slack Time                    0.113
     Clock Rise Edge                      0.000
     + Input Delay                        0.000
     = Beginpoint Arrival Time            0.000
     Timing Path:
      ---------------------------------------------------------------
      Pin          Edge  Net        Cell     Delay  Arrival  Required  
                                                    Time     Time  
      ---------------------------------------------------------------
      i_wr_strb    ^     i_wr_strb  -        -      0.000    -0.113  
      U223/B       ^     i_wr_strb  NOR2X1   0.000  0.000    -0.113  
      U223/Y       v     n150       NOR2X1   0.032  0.032    -0.081  
      U225/A       v     n150       INVX2    0.000  0.032    -0.081  
      U225/Y       ^     N410       INVX2    0.032  0.064    -0.049  
      U230/B       ^     N410       NOR2X1   0.000  0.064    -0.049  
      U230/Y       v     N408       NOR2X1   0.023  0.087    -0.026  
      f_ack_reg/D  v     N408       SDFFRX1  0.000  0.087    -0.026  
      ---------------------------------------------------------------
     Clock Rise Edge                      0.000
     = Beginpoint Arrival Time            0.000
     Other End Path:
      ----------------------------------------------------------
      Pin           Edge  Net  Cell     Delay  Arrival  Required  
                                               Time     Time  
      ----------------------------------------------------------
      clk           ^     clk  -        -      0.000    0.113  
      f_ack_reg/CK  ^     clk  SDFFRX1  0.000  0.000    0.113  
      ----------------------------------------------------------
Path 19: MET Hold Check with Pin f_state_reg_1_/CK 
Endpoint:   f_state_reg_1_/D (v) checked with  leading edge of 'clk'
Beginpoint: i_wr_strb        (^) triggered by  leading edge of '@'
Path Groups: {clk}
Other End Arrival Time          0.000
+ Hold                         -0.026
+ Phase Shift                   0.000
= Required Time                -0.026
  Arrival Time                  0.087
  Slack Time                    0.113
     Clock Rise Edge                      0.000
     + Input Delay                        0.000
     = Beginpoint Arrival Time            0.000
     Timing Path:
      --------------------------------------------------------------------
      Pin               Edge  Net        Cell     Delay  Arrival  Required  
                                                         Time     Time  
      --------------------------------------------------------------------
      i_wr_strb         ^     i_wr_strb  -        -      0.000    -0.113  
      U223/B            ^     i_wr_strb  NOR2X1   0.000  0.000    -0.113  
      U223/Y            v     n150       NOR2X1   0.032  0.032    -0.081  
      U225/A            v     n150       INVX2    0.000  0.032    -0.081  
      U225/Y            ^     N410       INVX2    0.032  0.064    -0.049  
      U226/B            ^     N410       NOR2X1   0.000  0.064    -0.049  
      U226/Y            v     N406       NOR2X1   0.023  0.087    -0.026  
      f_state_reg_1_/D  v     N406       SDFFRX1  0.000  0.087    -0.026  
      --------------------------------------------------------------------
     Clock Rise Edge                      0.000
     = Beginpoint Arrival Time            0.000
     Other End Path:
      ---------------------------------------------------------------
      Pin                Edge  Net  Cell     Delay  Arrival  Required  
                                                    Time     Time  
      ---------------------------------------------------------------
      clk                ^     clk  -        -      0.000    0.113  
      f_state_reg_1_/CK  ^     clk  SDFFRX1  0.000  0.000    0.113  
      ---------------------------------------------------------------
Path 20: MET Hold Check with Pin n_write_reg/CK 
Endpoint:   n_write_reg/D (v) checked with  leading edge of 'clk'
Beginpoint: i_wr_strb     (v) triggered by  leading edge of '@'
Path Groups: {clk}
Other End Arrival Time          0.000
+ Hold                         -0.029
+ Phase Shift                   0.000
= Required Time                -0.029
  Arrival Time                  0.097
  Slack Time                    0.126
     Clock Rise Edge                      0.000
     + Input Delay                        0.000
     = Beginpoint Arrival Time            0.000
     Timing Path:
      -----------------------------------------------------------------
      Pin            Edge  Net        Cell     Delay  Arrival  Required  
                                                      Time     Time  
      -----------------------------------------------------------------
      i_wr_strb      v     i_wr_strb  -        -      0.000    -0.126  
      U231/B0        v     i_wr_strb  AO21X1   0.000  0.000    -0.126  
      U231/Y         v     n842       AO21X1   0.097  0.097    -0.029  
      n_write_reg/D  v     n842       SDFFRX1  0.000  0.097    -0.029  
      -----------------------------------------------------------------
     Clock Rise Edge                      0.000
     = Beginpoint Arrival Time            0.000
     Other End Path:
      ------------------------------------------------------------
      Pin             Edge  Net  Cell     Delay  Arrival  Required  
                                                 Time     Time  
      ------------------------------------------------------------
      clk             ^     clk  -        -      0.000    0.126  
      n_write_reg/CK  ^     clk  SDFFRX1  0.000  0.000    0.126  
      ------------------------------------------------------------
Path 21: MET Hold Check with Pin f_state_reg_0_/CK 
Endpoint:   f_state_reg_0_/D (v) checked with  leading edge of 'clk'
Beginpoint: i_wr_strb        (v) triggered by  leading edge of '@'
Path Groups: {clk}
Other End Arrival Time          0.000
+ Hold                         -0.034
+ Phase Shift                   0.000
= Required Time                -0.034
  Arrival Time                  0.117
  Slack Time                    0.151
     Clock Rise Edge                      0.000
     + Input Delay                        0.000
     = Beginpoint Arrival Time            0.000
     Timing Path:
      --------------------------------------------------------------------
      Pin               Edge  Net        Cell     Delay  Arrival  Required  
                                                         Time     Time  
      --------------------------------------------------------------------
      i_wr_strb         v     i_wr_strb  -        -      0.000    -0.151  
      U223/B            v     i_wr_strb  NOR2X1   0.000  0.000    -0.151  
      U223/Y            ^     n150       NOR2X1   0.054  0.054    -0.097  
      U224/B            ^     n150       NAND2X1  0.000  0.054    -0.097  
      U224/Y            v     N405       NAND2X1  0.062  0.116    -0.034  
      f_state_reg_0_/D  v     N405       SDFFRX1  0.000  0.117    -0.034  
      --------------------------------------------------------------------
     Clock Rise Edge                      0.000
     = Beginpoint Arrival Time            0.000
     Other End Path:
      ---------------------------------------------------------------
      Pin                Edge  Net  Cell     Delay  Arrival  Required  
                                                    Time     Time  
      ---------------------------------------------------------------
      clk                ^     clk  -        -      0.000    0.151  
      f_state_reg_0_/CK  ^     clk  SDFFRX1  0.000  0.000    0.151  
      ---------------------------------------------------------------
Path 22: MET Hold Check with Pin f_state_reg_0_/CK 
Endpoint:   f_state_reg_0_/SI (v) checked with  leading edge of 'clk'
Beginpoint: f_err_ack_reg/Q   (v) triggered by  leading edge of 'clk'
Path Groups: {clk}
Other End Arrival Time          0.000
+ Hold                         -0.026
+ Phase Shift                   0.000
= Required Time                -0.026
  Arrival Time                  0.266
  Slack Time                    0.292
     Clock Rise Edge                      0.000
     = Beginpoint Arrival Time            0.000
     Timing Path:
      ---------------------------------------------------------------------
      Pin                Edge  Net        Cell     Delay  Arrival  Required  
                                                          Time     Time  
      ---------------------------------------------------------------------
      clk                ^     clk        -        -      0.000    -0.292  
      f_err_ack_reg/CK   ^     clk        SDFFRX1  0.000  0.000    -0.292  
      f_err_ack_reg/Q    v     f_err_ack  SDFFRX1  0.266  0.266    -0.026  
      f_state_reg_0_/SI  v     f_err_ack  SDFFRX1  0.000  0.266    -0.026  
      ---------------------------------------------------------------------
     Clock Rise Edge                      0.000
     = Beginpoint Arrival Time            0.000
     Other End Path:
      ---------------------------------------------------------------
      Pin                Edge  Net  Cell     Delay  Arrival  Required  
                                                    Time     Time  
      ---------------------------------------------------------------
      clk                ^     clk  -        -      0.000    0.292  
      f_state_reg_0_/CK  ^     clk  SDFFRX1  0.000  0.000    0.292  
      ---------------------------------------------------------------
Path 23: MET Hold Check with Pin f_state_reg_2_/CK 
Endpoint:   f_state_reg_2_/SI (v) checked with  leading edge of 'clk'
Beginpoint: f_state_reg_1_/Q  (v) triggered by  leading edge of 'clk'
Path Groups: {clk}
Other End Arrival Time          0.000
+ Hold                         -0.026
+ Phase Shift                   0.000
= Required Time                -0.026
  Arrival Time                  0.266
  Slack Time                    0.292
     Clock Rise Edge                      0.000
     = Beginpoint Arrival Time            0.000
     Timing Path:
      ----------------------------------------------------------------------
      Pin                Edge  Net         Cell     Delay  Arrival  Required  
                                                           Time     Time  
      ----------------------------------------------------------------------
      clk                ^     clk         -        -      0.000    -0.292  
      f_state_reg_1_/CK  ^     clk         SDFFRX1  0.000  0.000    -0.292  
      f_state_reg_1_/Q   v     f_state[1]  SDFFRX1  0.266  0.266    -0.026  
      f_state_reg_2_/SI  v     f_state[1]  SDFFRX1  0.000  0.266    -0.026  
      ----------------------------------------------------------------------
     Clock Rise Edge                      0.000
     = Beginpoint Arrival Time            0.000
     Other End Path:
      ---------------------------------------------------------------
      Pin                Edge  Net  Cell     Delay  Arrival  Required  
                                                    Time     Time  
      ---------------------------------------------------------------
      clk                ^     clk  -        -      0.000    0.292  
      f_state_reg_2_/CK  ^     clk  SDFFRX1  0.000  0.000    0.292  
      ---------------------------------------------------------------
Path 24: MET Hold Check with Pin f_state_reg_1_/CK 
Endpoint:   f_state_reg_1_/SI (v) checked with  leading edge of 'clk'
Beginpoint: f_state_reg_0_/Q  (v) triggered by  leading edge of 'clk'
Path Groups: {clk}
Other End Arrival Time          0.000
+ Hold                         -0.028
+ Phase Shift                   0.000
= Required Time                -0.028
  Arrival Time                  0.268
  Slack Time                    0.296
     Clock Rise Edge                      0.000
     = Beginpoint Arrival Time            0.000
     Timing Path:
      ----------------------------------------------------------------------
      Pin                Edge  Net         Cell     Delay  Arrival  Required  
                                                           Time     Time  
      ----------------------------------------------------------------------
      clk                ^     clk         -        -      0.000    -0.296  
      f_state_reg_0_/CK  ^     clk         SDFFRX1  0.000  0.000    -0.296  
      f_state_reg_0_/Q   v     f_state[0]  SDFFRX1  0.268  0.268    -0.028  
      f_state_reg_1_/SI  v     f_state[0]  SDFFRX1  0.000  0.268    -0.028  
      ----------------------------------------------------------------------
     Clock Rise Edge                      0.000
     = Beginpoint Arrival Time            0.000
     Other End Path:
      ---------------------------------------------------------------
      Pin                Edge  Net  Cell     Delay  Arrival  Required  
                                                    Time     Time  
      ---------------------------------------------------------------
      clk                ^     clk  -        -      0.000    0.296  
      f_state_reg_1_/CK  ^     clk  SDFFRX1  0.000  0.000    0.296  
      ---------------------------------------------------------------
Path 25: MET Hold Check with Pin f_err_ack_reg/CK 
Endpoint:   f_err_ack_reg/SI (v) checked with  leading edge of 'clk'
Beginpoint: f_ack_reg/Q      (v) triggered by  leading edge of 'clk'
Path Groups: {clk}
Other End Arrival Time          0.000
+ Hold                         -0.034
+ Phase Shift                   0.000
= Required Time                -0.034
  Arrival Time                  0.274
  Slack Time                    0.308
     Clock Rise Edge                      0.000
     = Beginpoint Arrival Time            0.000
     Timing Path:
      ----------------------------------------------------------------
      Pin               Edge  Net    Cell     Delay  Arrival  Required  
                                                     Time     Time  
      ----------------------------------------------------------------
      clk               ^     clk    -        -      0.000    -0.308  
      f_ack_reg/CK      ^     clk    SDFFRX1  0.000  0.000    -0.308  
      f_ack_reg/Q       v     f_ack  SDFFRX1  0.274  0.274    -0.034  
      f_err_ack_reg/SI  v     f_ack  SDFFRX1  0.000  0.274    -0.034  
      ----------------------------------------------------------------
     Clock Rise Edge                      0.000
     = Beginpoint Arrival Time            0.000
     Other End Path:
      --------------------------------------------------------------
      Pin               Edge  Net  Cell     Delay  Arrival  Required  
                                                   Time     Time  
      --------------------------------------------------------------
      clk               ^     clk  -        -      0.000    0.308  
      f_err_ack_reg/CK  ^     clk  SDFFRX1  0.000  0.000    0.308  
      --------------------------------------------------------------
Path 26: MET Hold Check with Pin n_write_reg/CK 
Endpoint:   n_write_reg/SI   (v) checked with  leading edge of 'clk'
Beginpoint: f_state_reg_2_/Q (v) triggered by  leading edge of 'clk'
Path Groups: {clk}
Other End Arrival Time          0.000
+ Hold                         -0.041
+ Phase Shift                   0.000
= Required Time                -0.041
  Arrival Time                  0.282
  Slack Time                    0.323
     Clock Rise Edge                      0.000
     = Beginpoint Arrival Time            0.000
     Timing Path:
      ----------------------------------------------------------------------
      Pin                Edge  Net         Cell     Delay  Arrival  Required  
                                                           Time     Time  
      ----------------------------------------------------------------------
      clk                ^     clk         -        -      0.000    -0.323  
      f_state_reg_2_/CK  ^     clk         SDFFRX1  0.000  0.000    -0.323  
      f_state_reg_2_/Q   v     f_state[2]  SDFFRX1  0.282  0.282    -0.041  
      n_write_reg/SI     v     f_state[2]  SDFFRX1  0.000  0.282    -0.041  
      ----------------------------------------------------------------------
     Clock Rise Edge                      0.000
     = Beginpoint Arrival Time            0.000
     Other End Path:
      ------------------------------------------------------------
      Pin             Edge  Net  Cell     Delay  Arrival  Required  
                                                 Time     Time  
      ------------------------------------------------------------
      clk             ^     clk  -        -      0.000    0.323  
      n_write_reg/CK  ^     clk  SDFFRX1  0.000  0.000    0.323  
      ------------------------------------------------------------
Path 27: MET Hold Check with Pin o_reg_read_reg/CK 
Endpoint:   o_reg_read_reg/D (v) checked with  leading edge of 'clk'
Beginpoint: test_se          (v) triggered by  leading edge of '@'
Path Groups: {clk}
Other End Arrival Time          0.000
+ Hold                         -0.026
+ Phase Shift                   0.000
= Required Time                -0.026
  Arrival Time                  0.325
  Slack Time                    0.351
     Clock Rise Edge                      0.000
     + Input Delay                        0.000
     = Beginpoint Arrival Time            0.000
     Timing Path:
      --------------------------------------------------------------------------------------
      Pin                              Edge  Net           Cell     Delay  Arrival  Required  
                                                                           Time     Time  
      --------------------------------------------------------------------------------------
      test_se                          v     test_se       -        -      0.000    -0.351  
      o_reg_addr_reg_7__scan_iso_or/B  v     test_se       AND2X1   0.000  0.000    -0.351  
      o_reg_addr_reg_7__scan_iso_or/Y  v     scan_iso_or5  AND2X1   0.124  0.124    -0.227  
      U71/A0                           v     scan_iso_or5  OAI31X1  0.000  0.124    -0.227  
      U71/Y                            ^     n157          OAI31X1  0.158  0.281    -0.070  
      U233/A                           ^     n157          NOR2X1   0.000  0.281    -0.070  
      U233/Y                           v     N420          NOR2X1   0.044  0.325    -0.026  
      o_reg_read_reg/D                 v     N420          SDFFRX1  0.000  0.325    -0.026  
      --------------------------------------------------------------------------------------
     Clock Rise Edge                      0.000
     = Beginpoint Arrival Time            0.000
     Other End Path:
      ---------------------------------------------------------------
      Pin                Edge  Net  Cell     Delay  Arrival  Required  
                                                    Time     Time  
      ---------------------------------------------------------------
      clk                ^     clk  -        -      0.000    0.351  
      o_reg_read_reg/CK  ^     clk  SDFFRX1  0.000  0.000    0.351  
      ---------------------------------------------------------------
Path 28: MET Hold Check with Pin f_err_ack_reg/CK 
Endpoint:   f_err_ack_reg/D (v) checked with  leading edge of 'clk'
Beginpoint: test_se         (^) triggered by  leading edge of '@'
Path Groups: {clk}
Other End Arrival Time          0.000
+ Hold                         -0.026
+ Phase Shift                   0.000
= Required Time                -0.026
  Arrival Time                  0.391
  Slack Time                    0.417
     Clock Rise Edge                      0.000
     + Input Delay                        0.000
     = Beginpoint Arrival Time            0.000
     Timing Path:
      --------------------------------------------------------------------------------------
      Pin                              Edge  Net           Cell     Delay  Arrival  Required  
                                                                           Time     Time  
      --------------------------------------------------------------------------------------
      test_se                          ^     test_se       -        -      0.000    -0.417  
      o_reg_addr_reg_7__scan_iso_or/B  ^     test_se       AND2X1   0.000  0.000    -0.417  
      o_reg_addr_reg_7__scan_iso_or/Y  ^     scan_iso_or5  AND2X1   0.160  0.160    -0.257  
      U71/A0                           ^     scan_iso_or5  OAI31X1  0.000  0.160    -0.257  
      U71/Y                            v     n157          OAI31X1  0.139  0.299    -0.118  
      U235/A                           v     n157          AND2X1   0.000  0.299    -0.118  
      U235/Y                           v     N409          AND2X1   0.092  0.391    -0.026  
      f_err_ack_reg/D                  v     N409          SDFFRX1  0.000  0.391    -0.026  
      --------------------------------------------------------------------------------------
     Clock Rise Edge                      0.000
     = Beginpoint Arrival Time            0.000
     Other End Path:
      --------------------------------------------------------------
      Pin               Edge  Net  Cell     Delay  Arrival  Required  
                                                   Time     Time  
      --------------------------------------------------------------
      clk               ^     clk  -        -      0.000    0.417  
      f_err_ack_reg/CK  ^     clk  SDFFRX1  0.000  0.000    0.417  
      --------------------------------------------------------------
Path 29: MET Hold Check with Pin u_survik/o_dbg_config_reg_0_/CK 
Endpoint:   u_survik/o_dbg_config_reg_0_/D (v) checked with  leading edge of 'clk'
Beginpoint: u_survik/o_dbg_config_reg_0_/Q (v) triggered by  leading edge of 'clk'
Path Groups: {clk}
Other End Arrival Time          0.000
+ Hold                         -0.030
+ Phase Shift                   0.000
= Required Time                -0.030
  Arrival Time                  0.407
  Slack Time                    0.437
     Clock Rise Edge                      0.000
     = Beginpoint Arrival Time            0.000
     Timing Path:
      -----------------------------------------------------------------------------------------
      Pin                              Edge  Net              Cell     Delay  Arrival  Required  
                                                                              Time     Time  
      -----------------------------------------------------------------------------------------
      clk                              ^     clk              -        -      0.000    -0.437  
      u_survik/o_dbg_config_reg_0_/CK  ^     clk              SDFFRX1  0.000  0.000    -0.437  
      u_survik/o_dbg_config_reg_0_/Q   v     o_dbg_config[0]  SDFFRX1  0.273  0.273    -0.164  
      u_survik/U7/A                    v     o_dbg_config[0]  MX2X1    0.000  0.273    -0.164  
      u_survik/U7/Y                    v     u_survik/n51     MX2X1    0.134  0.407    -0.030  
      u_survik/o_dbg_config_reg_0_/D   v     u_survik/n51     SDFFRX1  0.000  0.407    -0.030  
      -----------------------------------------------------------------------------------------
     Clock Rise Edge                      0.000
     = Beginpoint Arrival Time            0.000
     Other End Path:
      -----------------------------------------------------------------------------
      Pin                              Edge  Net  Cell     Delay  Arrival  Required  
                                                                  Time     Time  
      -----------------------------------------------------------------------------
      clk                              ^     clk  -        -      0.000    0.437  
      u_survik/o_dbg_config_reg_0_/CK  ^     clk  SDFFRX1  0.000  0.000    0.437  
      -----------------------------------------------------------------------------

