/siemens/bin/tessent -shell -log pat.log
//  Warning: Tessent user documentation not found
//  Tessent Shell  2022.4    Tue Nov 29 21:19:37 GMT 2022
//                Unpublished work. Copyright 2022 Siemens
//
//      This material contains trade secrets or otherwise confidential 
//  information owned by Siemens Industry Software Inc. or its affiliates 
//   (collectively, "SISW"), or its licensors. Access to and use of this 
//     information is strictly limited as set forth in the Customer's 
//                   applicable agreements with SISW. 
//
//  Siemens software executing under x86-64 Linux on Sat Jun 21 12:19:44 IST 2025.
//  64 bit version
//  Host: CICS3.kletech.ac.in (15509 MB RAM, 7915 MB Swap)
//
//  command: set_context dft -rtl
//  command: read_cell_library ../mdt/slow.atpglib 
//  Reading DFT Library file ../mdt/slow.atpglib
//  Finished reading file ../mdt/slow.atpglib
//  command: read_verilog ../Netlist/sram_sp_16384d_36w_16m_8b.v 
//  command: read_verilog /jk/SCLPDK_V3.0_KIT/scl180/memory/spram/6M1L/SPRAM_8192x36/SPRAM_8192x36.v -interface_only
//  command: read_core_descriptions ../memlibs/SPRAM_8192x36.memlib
//  command: set_simulation_library_sources -v /home/01fe21bec223/DFT/DFT/slow.v
//  command: set_current_design sram_sp_16384d_36w_16m_8b
//  command: set_design_level physical_block
//  command: set_design_level physical_block
//  command: set_dft_specification_requirements -memory_test on
//  command: add_clocks CLK -period 10ns
//  command: check_design_rules 
//  Flattening process completed, cell instances=42, gates=246, PIs=89, POs=36, CPU time=0.00 sec.
//  ---------------------------------------------------------------------------
//  Begin circuit learning analyses.
//  --------------------------------
//  Learning completed, CPU time=0.00 sec.
//  command: set spec [create_dft_specification]
//  sub-command: create_dft_specification 
//  
//  Begin creation of DftSpecification(sram_sp_16384d_36w_16m_8b,rtl)
//    Creation of RtlCells wrapper
//    Creation of IjtagNetwork wrapper
//    Creation of MemoryBist wrapper
//    Creation of MemoryBisr wrapper
//  
//  Done  creation of DftSpecification(sram_sp_16384d_36w_16m_8b,rtl)
//  
/DftSpecification(sram_sp_16384d_36w_16m_8b,rtl)
//  command: report_config_data 

DefaultsSpecification(user) {
}
DftSpecification(sram_sp_16384d_36w_16m_8b,rtl) {
  IjtagNetwork {
    HostScanInterface(ijtag) {
      Sib(sti) {
        Attributes {
          tessent_dft_function : scan_tested_instrument_host;
        }
        Sib(mbist) {
        }
      }
    }
  }
  MemoryBist {
    ijtag_host_interface : Sib(mbist);
    Controller(c1) {
      clock_domain_label : CLK;
      Step {
        MemoryInterface(m1) {
          instance_name : u_bank0_my_sram;
        }
        MemoryInterface(m2) {
          instance_name : u_bank1_my_sram;
        }
      }
    }
  }
}
//  command: process_dft_specification 
//  
//  Begin processing of /DftSpecification(sram_sp_16384d_36w_16m_8b,rtl)
//    --- IP generation phase ---
//    Validation of IjtagNetwork
//    Validation of MemoryBist
//    Processing of RtlCells
//      Generating Verilog RTL Cells
//        Verilog RTL : ./tsdb_outdir/instruments/sram_sp_16384d_36w_16m_8b_rtl_cells.instrument/sram_sp_16384d_36w_16m_8b_rtl_tessent_clk_buf.v
//        Verilog RTL : ./tsdb_outdir/instruments/sram_sp_16384d_36w_16m_8b_rtl_cells.instrument/sram_sp_16384d_36w_16m_8b_rtl_tessent_clk_inv.v
//        Verilog RTL : ./tsdb_outdir/instruments/sram_sp_16384d_36w_16m_8b_rtl_cells.instrument/sram_sp_16384d_36w_16m_8b_rtl_tessent_clk_mux2.v
//        Verilog RTL : ./tsdb_outdir/instruments/sram_sp_16384d_36w_16m_8b_rtl_cells.instrument/sram_sp_16384d_36w_16m_8b_rtl_tessent_posedge_synchronizer_reset.v
//
//      Loading the generated RTL verilog files (2) to enable instantiating the contained modules
//      into the design.
//
//      Loading the generated structural verilog files (2) to enable instantiating the contained modules
//      into the design.
//    Processing of IjtagNetwork
//      Generating design files for IJTAG SIB module sram_sp_16384d_36w_16m_8b_rtl_tessent_sib_1
//        Verilog RTL : ./tsdb_outdir/instruments/sram_sp_16384d_36w_16m_8b_rtl_ijtag.instrument/sram_sp_16384d_36w_16m_8b_rtl_tessent_sib_1.v
//        IJTAG ICL   : ./tsdb_outdir/instruments/sram_sp_16384d_36w_16m_8b_rtl_ijtag.instrument/sram_sp_16384d_36w_16m_8b_rtl_tessent_sib_1.icl
//        TCD Scan    : ./tsdb_outdir/instruments/sram_sp_16384d_36w_16m_8b_rtl_ijtag.instrument/sram_sp_16384d_36w_16m_8b_rtl_tessent_sib_1.tcd_scan
//        CTL         : ./tsdb_outdir/instruments/sram_sp_16384d_36w_16m_8b_rtl_ijtag.instrument/sram_sp_16384d_36w_16m_8b_rtl_tessent_sib_1.ctl
//        TCD         : ./tsdb_outdir/instruments/sram_sp_16384d_36w_16m_8b_rtl_ijtag.instrument/sram_sp_16384d_36w_16m_8b_rtl_tessent_sib_1.tcd
//        PDL         : ./tsdb_outdir/instruments/sram_sp_16384d_36w_16m_8b_rtl_ijtag.instrument/sram_sp_16384d_36w_16m_8b_rtl_tessent_sib_1.pdl
//      Generating design files for IJTAG SIB module sram_sp_16384d_36w_16m_8b_rtl_tessent_sib_2
//        Verilog RTL : ./tsdb_outdir/instruments/sram_sp_16384d_36w_16m_8b_rtl_ijtag.instrument/sram_sp_16384d_36w_16m_8b_rtl_tessent_sib_2.v
//        IJTAG ICL   : ./tsdb_outdir/instruments/sram_sp_16384d_36w_16m_8b_rtl_ijtag.instrument/sram_sp_16384d_36w_16m_8b_rtl_tessent_sib_2.icl
//
//      Loading the generated RTL verilog files (2) to enable instantiating the contained modules
//      into the design.
//    Processing of MemoryBist
//      Generating the IJTAG ICL for the memories.
//      Generating design files for MemoryBist Controller(c1)
//  Warning: There are warnings issued while generating design files for MemoryBist controller(s).
//           Review the messages in the following generation log files:
//           ./tsdb_outdir/instruments/sram_sp_16384d_36w_16m_8b_rtl_mbist.instrument/sram_sp_16384d_36w_16m_8b_rtl_tessent_mbist_c1.generation_log
//      Generating design files for Bist Access Port
//
//      Loading the generated RTL verilog files (4) to enable instantiating the contained modules
//      into the design.
//      Generating design files for MemoryBist controller assembly
//    --- Instrument insertion phase ---
//   Inserting instruments of type 'ijtag'
//   Inserting instruments of type 'memory_bist'
//  
//    Writing out modified source design in ./tsdb_outdir/dft_inserted_designs/sram_sp_16384d_36w_16m_8b_rtl.dft_inserted_design
//    Writing out specification in ./tsdb_outdir/dft_inserted_designs/sram_sp_16384d_36w_16m_8b_rtl.dft_spec
//  
//  Done  processing of DftSpecification(sram_sp_16384d_36w_16m_8b,rtl)
//  
/DftSpecification(sram_sp_16384d_36w_16m_8b,rtl)
//  command: extract_icl 
//  Note: Updating the hierarchical data model to reflect RTL design changes.
//  Writing design source dictionary : ./tsdb_outdir/dft_inserted_designs/sram_sp_16384d_36w_16m_8b_rtl.dft_inserted_design/sram_sp_16384d_36w_16m_8b.design_source_dictionary
//  Warning: Rule FN1 violation occurs 1063 times
//  Warning: Rule FN4 violation occurs 5 times
//  Warning: Rule FP13 violation occurs 79 times
//  Flattening process completed, cell instances=183, gates=885, PIs=96, POs=37, CPU time=0.00 sec.
//  ---------------------------------------------------------------------------
//  Begin circuit learning analyses.
//  --------------------------------
//  Learning completed, CPU time=0.00 sec.
//  ---------------------------------------------------------------------------
//  Begin ICL extraction.
//  ---------------------
//  ICL extraction completed, ICL instances=8, CPU time=0.03 sec.
//  ---------------------------------------------------------------------------
//  ---------------------------------------------------------------------------
//  Begin ICL elaboration and checking.
//  -----------------------------------
//  ICL elaboration completed, CPU time=0.02 sec.
//  ---------------------------------------------------------------------------
//  Writing ICL file : ./tsdb_outdir/dft_inserted_designs/sram_sp_16384d_36w_16m_8b_rtl.dft_inserted_design/sram_sp_16384d_36w_16m_8b.icl
//  Writing consolidated PDL file: ./tsdb_outdir/dft_inserted_designs/sram_sp_16384d_36w_16m_8b_rtl.dft_inserted_design/sram_sp_16384d_36w_16m_8b.pdl
//  Extracting SDC...
//  Writing SDC file: ./tsdb_outdir/dft_inserted_designs/sram_sp_16384d_36w_16m_8b_rtl.dft_inserted_design/sram_sp_16384d_36w_16m_8b.sdc
//  Writing DFT info dictionary: ./tsdb_outdir/dft_inserted_designs/sram_sp_16384d_36w_16m_8b_rtl.dft_inserted_design/sram_sp_16384d_36w_16m_8b.dft_info_dictionary
//  Writing IJTAG graybox files in directory: ./tsdb_outdir/dft_inserted_designs/sram_sp_16384d_36w_16m_8b_rtl.dft_inserted_design/ijtag_graybox
//  command: create_patterns_specification 
//  Creating '/PatternsSpecification(sram_sp_16384d_36w_16m_8b,rtl,signoff)'
//    Getting patterns specifications for the 'ijtag' instrument type
//    Getting patterns specifications for the 'memory_bist' instrument type
/PatternsSpecification(sram_sp_16384d_36w_16m_8b,rtl,signoff)
//  command: process_patterns_specification 
//  
//  Begin processing of /PatternsSpecification(sram_sp_16384d_36w_16m_8b,rtl,signoff)
//  
//    Processing of /PatternsSpecification(sram_sp_16384d_36w_16m_8b,rtl,signoff)/Patterns(ICLNetwork)
//  
//      Creation of pattern 'ICLNetwork'
//        Solving ICLNetworkVerify(sram_sp_16384d_36w_16m_8b)
//  
//      Writing pattern file './tsdb_outdir/patterns/sram_sp_16384d_36w_16m_8b_rtl.patterns_signoff/ICLNetwork.v'
//  
//    Processing of /PatternsSpecification(sram_sp_16384d_36w_16m_8b,rtl,signoff)/Patterns(MemoryBist_P1)
//      Processing of TestStep(go_nogo) instrument 'memory_bist'
//  
//      Creation of pattern 'MemoryBist_P1'
//        Solving TestStep(go_nogo)
//  
//      Writing pattern file './tsdb_outdir/patterns/sram_sp_16384d_36w_16m_8b_rtl.patterns_signoff/MemoryBist_P1.v'
//  
//    Processing of /PatternsSpecification(sram_sp_16384d_36w_16m_8b,rtl,signoff)/Patterns(MemoryBist_ParallelRetentionTest_P1)
//      Processing of TestStep(ParallelRetentionTest) instrument 'memory_bist'
//  
//      Creation of pattern 'MemoryBist_ParallelRetentionTest_P1'
//        Solving TestStep(ParallelRetentionTest)
//  
//      Writing pattern file './tsdb_outdir/patterns/sram_sp_16384d_36w_16m_8b_rtl.patterns_signoff/MemoryBist_ParallelRetentionTest_P1.v'
//      Writing simulation data dictionary file './tsdb_outdir/patterns/sram_sp_16384d_36w_16m_8b_rtl.patterns_signoff/simulation.data_dictionary'
//  
//  Done  processing of /PatternsSpecification(sram_sp_16384d_36w_16m_8b,rtl,signoff)
//  
//  Writing configuration data file './tsdb_outdir/patterns/sram_sp_16384d_36w_16m_8b_rtl.patterns_spec_signoff'.
//  command: run_testbench_simulations -simulator questa -parallel_simulations maxcpu -store_simulation_waveforms on 
Starting 3 simulations for ./simulation_outdir/sram_sp_16384d_36w_16m_8b_rtl.simulation_signoff
//  Waiting for the simulation(s) to complete

unscheduled 0 queued 0 running 0 pass 3 fail 0
//  command: check_testbench_simulations 

unscheduled 0 queued 0 running 0 pass 3 fail 0
//  command: run_synthesis 
//  Error: The default startup file './.synopsys_dc.setup' does not exist.
//  command: report_memory_dft_summary 

// DFT Summary for MemoryBist Controller sram_sp_16384d_36w_16m_8b_rtl_tessent_mbist_c1_controller_inst
// ====================================================================================================
// ----  ---------  -------  ---------  ----------------
// Step  Test Time  Power    Interface  Memory Instances
// ----  ---------  -------  ---------  ----------------
// ALL   1802.34us  39.74mW
// 0     1802.34us  39.74mW  m1         u_bank0_my_sram
//                           m2         u_bank1_my_sram
//
//  command: report_memory_dft_summary -return_dictionary 
SummaryInfo {version 1 current_design sram_sp_16384d_36w_16m_8b DesignInstance {- {module_name sram_sp_16384d_36w_16m_8b design_level physical_block design_instance - DesignId {rtl {Controller {sram_sp_16384d_36w_16m_8b_rtl_tessent_mbist_c1_controller_inst {bist_clock_connection CLK bist_clock_period_ns 10.0 design_instance sram_sp_16384d_36w_16m_8b_rtl_tessent_mbist_c1_controller_inst module_name sram_sp_16384d_36w_16m_8b_rtl_tessent_mbist_c1_controller power_mw 39.74 run_time_ns 1802340.0 Step {0 {StepInfo {power_mw 39.74 run_time_ns 1802340.0 test_cycles 180234 comparator_location per_interface} MemoryInstance {u_bank0_my_sram {power_mw 19.87 interface_id m1 memory_module SPRAM_8192x36 MemoryInterfaceInfo {design_instance u_bank0_my_sram_interface_inst module_name sram_sp_16384d_36w_16m_8b_rtl_tessent_mbist_c1_interface_m1} logical_ports 1RW test_ports 1} u_bank1_my_sram {power_mw 19.87 interface_id m2 memory_module SPRAM_8192x36 MemoryInterfaceInfo {design_instance u_bank1_my_sram_interface_inst module_name sram_sp_16384d_36w_16m_8b_rtl_tessent_mbist_c1_interface_m2} logical_ports 1RW test_ports 1}}}} flop_count 123 soft_instruction_count 0 soft_operation_count 0 soft_operation_length 0 soft_operation_max_strobe_data_out_pipelines 0 soft_operation_signals {} bap_module_name @20591 bist_port @20586}}}}}}}
//  command: report_memory_dft_summary 

// DFT Summary for MemoryBist Controller sram_sp_16384d_36w_16m_8b_rtl_tessent_mbist_c1_controller_inst
// ====================================================================================================
// ----  ---------  -------  ---------  ----------------
// Step  Test Time  Power    Interface  Memory Instances
// ----  ---------  -------  ---------  ----------------
// ALL   1802.34us  39.74mW
// 0     1802.34us  39.74mW  m1         u_bank0_my_sram
//                           m2         u_bank1_my_sram
//
//  command: simulate_forces 
//  Error: This command is not allowed for the current simulation context 'stable_after_setup'.
//         It's allowed only for user-defined simulation contexts.
//  command: check_testbench_simulations 

unscheduled 0 queued 0 running 0 pass 3 fail 0
