   --------------------------------------------------------------------------------------------------------------------------------------------  
    From                         To                           ArcType                      Sense                      Reason                     
   --------------------------------------------------------------------------------------------------------------------------------------------  
   f_state_reg_0_/RN            f_state_reg_0_/QN            preset                       negative_unate             timing_enable_preset_clear_arcs = false
   f_state_reg_0_/RN            f_state_reg_0_/Q             clear                        positive_unate             timing_enable_preset_clear_arcs = false
   f_state_reg_1_/RN            f_state_reg_1_/QN            preset                       negative_unate             timing_enable_preset_clear_arcs = false
   f_state_reg_1_/RN            f_state_reg_1_/Q             clear                        positive_unate             timing_enable_preset_clear_arcs = false
   f_state_reg_2_/RN            f_state_reg_2_/QN            preset                       negative_unate             timing_enable_preset_clear_arcs = false
   f_state_reg_2_/RN            f_state_reg_2_/Q             clear                        positive_unate             timing_enable_preset_clear_arcs = false
   f_ack_reg/RN                 f_ack_reg/QN                 preset                       negative_unate             timing_enable_preset_clear_arcs = false
   f_ack_reg/RN                 f_ack_reg/Q                  clear                        positive_unate             timing_enable_preset_clear_arcs = false
   n_write_reg/RN               n_write_reg/QN               preset                       negative_unate             timing_enable_preset_clear_arcs = false
   n_write_reg/RN               n_write_reg/Q                clear                        positive_unate             timing_enable_preset_clear_arcs = false
   o_reg_addr_reg_7_/RN         o_reg_addr_reg_7_/QN         preset                       negative_unate             timing_enable_preset_clear_arcs = false
   o_reg_addr_reg_7_/RN         o_reg_addr_reg_7_/Q          clear                        positive_unate             timing_enable_preset_clear_arcs = false
   o_reg_addr_reg_6_/RN         o_reg_addr_reg_6_/QN         preset                       negative_unate             timing_enable_preset_clear_arcs = false
   o_reg_addr_reg_6_/RN         o_reg_addr_reg_6_/Q          clear                        positive_unate             timing_enable_preset_clear_arcs = false
   o_reg_addr_reg_5_/RN         o_reg_addr_reg_5_/QN         preset                       negative_unate             timing_enable_preset_clear_arcs = false
   o_reg_addr_reg_5_/RN         o_reg_addr_reg_5_/Q          clear                        positive_unate             timing_enable_preset_clear_arcs = false
   o_reg_addr_reg_4_/RN         o_reg_addr_reg_4_/QN         preset                       negative_unate             timing_enable_preset_clear_arcs = false
   o_reg_addr_reg_4_/RN         o_reg_addr_reg_4_/Q          clear                        positive_unate             timing_enable_preset_clear_arcs = false
   o_reg_addr_reg_3_/RN         o_reg_addr_reg_3_/QN         preset                       negative_unate             timing_enable_preset_clear_arcs = false
   o_reg_addr_reg_3_/RN         o_reg_addr_reg_3_/Q          clear                        positive_unate             timing_enable_preset_clear_arcs = false
   o_reg_addr_reg_2_/RN         o_reg_addr_reg_2_/QN         preset                       negative_unate             timing_enable_preset_clear_arcs = false
   o_reg_addr_reg_2_/RN         o_reg_addr_reg_2_/Q          clear                        positive_unate             timing_enable_preset_clear_arcs = false
   o_reg_addr_reg_1_/RN         o_reg_addr_reg_1_/QN         preset                       negative_unate             timing_enable_preset_clear_arcs = false
   o_reg_addr_reg_1_/RN         o_reg_addr_reg_1_/Q          clear                        positive_unate             timing_enable_preset_clear_arcs = false
   o_reg_addr_reg_0_/RN         o_reg_addr_reg_0_/QN         preset                       negative_unate             timing_enable_preset_clear_arcs = false
   o_reg_addr_reg_0_/RN         o_reg_addr_reg_0_/Q          clear                        positive_unate             timing_enable_preset_clear_arcs = false
   f_err_ack_reg/RN             f_err_ack_reg/QN             preset                       negative_unate             timing_enable_preset_clear_arcs = false
   f_err_ack_reg/RN             f_err_ack_reg/Q              clear                        positive_unate             timing_enable_preset_clear_arcs = false
   f32_mux_1_data_reg_0_/RN     f32_mux_1_data_reg_0_/QN     preset                       negative_unate             timing_enable_preset_clear_arcs = false
   f32_mux_1_data_reg_0_/RN     f32_mux_1_data_reg_0_/Q      clear                        positive_unate             timing_enable_preset_clear_arcs = false
   f32_mux_1_data_reg_1_/RN     f32_mux_1_data_reg_1_/QN     preset                       negative_unate             timing_enable_preset_clear_arcs = false
   f32_mux_1_data_reg_1_/RN     f32_mux_1_data_reg_1_/Q      clear                        positive_unate             timing_enable_preset_clear_arcs = false
   f32_mux_1_data_reg_2_/RN     f32_mux_1_data_reg_2_/QN     preset                       negative_unate             timing_enable_preset_clear_arcs = false
   f32_mux_1_data_reg_2_/RN     f32_mux_1_data_reg_2_/Q      clear                        positive_unate             timing_enable_preset_clear_arcs = false
   f32_mux_1_data_reg_3_/RN     f32_mux_1_data_reg_3_/QN     preset                       negative_unate             timing_enable_preset_clear_arcs = false
   f32_mux_1_data_reg_3_/RN     f32_mux_1_data_reg_3_/Q      clear                        positive_unate             timing_enable_preset_clear_arcs = false
   f32_mux_1_data_reg_4_/RN     f32_mux_1_data_reg_4_/QN     preset                       negative_unate             timing_enable_preset_clear_arcs = false
   f32_mux_1_data_reg_4_/RN     f32_mux_1_data_reg_4_/Q      clear                        positive_unate             timing_enable_preset_clear_arcs = false
   f32_mux_1_data_reg_5_/RN     f32_mux_1_data_reg_5_/QN     preset                       negative_unate             timing_enable_preset_clear_arcs = false
   f32_mux_1_data_reg_5_/RN     f32_mux_1_data_reg_5_/Q      clear                        positive_unate             timing_enable_preset_clear_arcs = false
   f32_mux_1_data_reg_6_/RN     f32_mux_1_data_reg_6_/QN     preset                       negative_unate             timing_enable_preset_clear_arcs = false
   f32_mux_1_data_reg_6_/RN     f32_mux_1_data_reg_6_/Q      clear                        positive_unate             timing_enable_preset_clear_arcs = false
   f32_mux_1_data_reg_7_/RN     f32_mux_1_data_reg_7_/QN     preset                       negative_unate             timing_enable_preset_clear_arcs = false
   f32_mux_1_data_reg_7_/RN     f32_mux_1_data_reg_7_/Q      clear                        positive_unate             timing_enable_preset_clear_arcs = false
   f32_mux_1_data_reg_8_/RN     f32_mux_1_data_reg_8_/QN     preset                       negative_unate             timing_enable_preset_clear_arcs = false
   f32_mux_1_data_reg_8_/RN     f32_mux_1_data_reg_8_/Q      clear                        positive_unate             timing_enable_preset_clear_arcs = false
   f32_mux_1_data_reg_9_/RN     f32_mux_1_data_reg_9_/QN     preset                       negative_unate             timing_enable_preset_clear_arcs = false
   f32_mux_1_data_reg_9_/RN     f32_mux_1_data_reg_9_/Q      clear                        positive_unate             timing_enable_preset_clear_arcs = false
   f32_mux_1_data_reg_10_/RN    f32_mux_1_data_reg_10_/QN    preset                       negative_unate             timing_enable_preset_clear_arcs = false
   f32_mux_1_data_reg_10_/RN    f32_mux_1_data_reg_10_/Q     clear                        positive_unate             timing_enable_preset_clear_arcs = false
   f32_mux_1_data_reg_11_/RN    f32_mux_1_data_reg_11_/QN    preset                       negative_unate             timing_enable_preset_clear_arcs = false
   f32_mux_1_data_reg_11_/RN    f32_mux_1_data_reg_11_/Q     clear                        positive_unate             timing_enable_preset_clear_arcs = false
   f32_mux_1_data_reg_12_/RN    f32_mux_1_data_reg_12_/QN    preset                       negative_unate             timing_enable_preset_clear_arcs = false
   f32_mux_1_data_reg_12_/RN    f32_mux_1_data_reg_12_/Q     clear                        positive_unate             timing_enable_preset_clear_arcs = false
   f32_mux_1_data_reg_13_/RN    f32_mux_1_data_reg_13_/QN    preset                       negative_unate             timing_enable_preset_clear_arcs = false
   f32_mux_1_data_reg_13_/RN    f32_mux_1_data_reg_13_/Q     clear                        positive_unate             timing_enable_preset_clear_arcs = false
   f32_mux_1_data_reg_14_/RN    f32_mux_1_data_reg_14_/QN    preset                       negative_unate             timing_enable_preset_clear_arcs = false
   f32_mux_1_data_reg_14_/RN    f32_mux_1_data_reg_14_/Q     clear                        positive_unate             timing_enable_preset_clear_arcs = false
   f32_mux_1_data_reg_15_/RN    f32_mux_1_data_reg_15_/QN    preset                       negative_unate             timing_enable_preset_clear_arcs = false
   f32_mux_1_data_reg_15_/RN    f32_mux_1_data_reg_15_/Q     clear                        positive_unate             timing_enable_preset_clear_arcs = false
   f32_mux_1_data_reg_16_/RN    f32_mux_1_data_reg_16_/QN    preset                       negative_unate             timing_enable_preset_clear_arcs = false
   f32_mux_1_data_reg_16_/RN    f32_mux_1_data_reg_16_/Q     clear                        positive_unate             timing_enable_preset_clear_arcs = false
   f32_mux_1_data_reg_17_/RN    f32_mux_1_data_reg_17_/QN    preset                       negative_unate             timing_enable_preset_clear_arcs = false
   f32_mux_1_data_reg_17_/RN    f32_mux_1_data_reg_17_/Q     clear                        positive_unate             timing_enable_preset_clear_arcs = false
   f32_mux_1_data_reg_18_/RN    f32_mux_1_data_reg_18_/QN    preset                       negative_unate             timing_enable_preset_clear_arcs = false
   f32_mux_1_data_reg_18_/RN    f32_mux_1_data_reg_18_/Q     clear                        positive_unate             timing_enable_preset_clear_arcs = false
   f32_mux_1_data_reg_19_/RN    f32_mux_1_data_reg_19_/QN    preset                       negative_unate             timing_enable_preset_clear_arcs = false
   f32_mux_1_data_reg_19_/RN    f32_mux_1_data_reg_19_/Q     clear                        positive_unate             timing_enable_preset_clear_arcs = false
   f32_mux_1_data_reg_20_/RN    f32_mux_1_data_reg_20_/QN    preset                       negative_unate             timing_enable_preset_clear_arcs = false
   f32_mux_1_data_reg_20_/RN    f32_mux_1_data_reg_20_/Q     clear                        positive_unate             timing_enable_preset_clear_arcs = false
   f32_mux_1_data_reg_21_/RN    f32_mux_1_data_reg_21_/QN    preset                       negative_unate             timing_enable_preset_clear_arcs = false
   f32_mux_1_data_reg_21_/RN    f32_mux_1_data_reg_21_/Q     clear                        positive_unate             timing_enable_preset_clear_arcs = false
   f32_mux_1_data_reg_22_/RN    f32_mux_1_data_reg_22_/QN    preset                       negative_unate             timing_enable_preset_clear_arcs = false
   f32_mux_1_data_reg_22_/RN    f32_mux_1_data_reg_22_/Q     clear                        positive_unate             timing_enable_preset_clear_arcs = false
   f32_mux_1_data_reg_23_/RN    f32_mux_1_data_reg_23_/QN    preset                       negative_unate             timing_enable_preset_clear_arcs = false
   f32_mux_1_data_reg_23_/RN    f32_mux_1_data_reg_23_/Q     clear                        positive_unate             timing_enable_preset_clear_arcs = false
   f32_mux_1_data_reg_24_/RN    f32_mux_1_data_reg_24_/QN    preset                       negative_unate             timing_enable_preset_clear_arcs = false
   f32_mux_1_data_reg_24_/RN    f32_mux_1_data_reg_24_/Q     clear                        positive_unate             timing_enable_preset_clear_arcs = false
   f32_mux_1_data_reg_25_/RN    f32_mux_1_data_reg_25_/QN    preset                       negative_unate             timing_enable_preset_clear_arcs = false
   f32_mux_1_data_reg_25_/RN    f32_mux_1_data_reg_25_/Q     clear                        positive_unate             timing_enable_preset_clear_arcs = false
   f32_mux_1_data_reg_26_/RN    f32_mux_1_data_reg_26_/QN    preset                       negative_unate             timing_enable_preset_clear_arcs = false
   f32_mux_1_data_reg_26_/RN    f32_mux_1_data_reg_26_/Q     clear                        positive_unate             timing_enable_preset_clear_arcs = false
   f32_mux_1_data_reg_27_/RN    f32_mux_1_data_reg_27_/QN    preset                       negative_unate             timing_enable_preset_clear_arcs = false
   f32_mux_1_data_reg_27_/RN    f32_mux_1_data_reg_27_/Q     clear                        positive_unate             timing_enable_preset_clear_arcs = false
   f32_mux_1_data_reg_28_/RN    f32_mux_1_data_reg_28_/QN    preset                       negative_unate             timing_enable_preset_clear_arcs = false
   f32_mux_1_data_reg_28_/RN    f32_mux_1_data_reg_28_/Q     clear                        positive_unate             timing_enable_preset_clear_arcs = false
   f32_mux_1_data_reg_29_/RN    f32_mux_1_data_reg_29_/QN    preset                       negative_unate             timing_enable_preset_clear_arcs = false
   f32_mux_1_data_reg_29_/RN    f32_mux_1_data_reg_29_/Q     clear                        positive_unate             timing_enable_preset_clear_arcs = false
   f32_mux_1_data_reg_30_/RN    f32_mux_1_data_reg_30_/QN    preset                       negative_unate             timing_enable_preset_clear_arcs = false
   f32_mux_1_data_reg_30_/RN    f32_mux_1_data_reg_30_/Q     clear                        positive_unate             timing_enable_preset_clear_arcs = false
   f32_mux_1_data_reg_31_/RN    f32_mux_1_data_reg_31_/QN    preset                       negative_unate             timing_enable_preset_clear_arcs = false
   f32_mux_1_data_reg_31_/RN    f32_mux_1_data_reg_31_/Q     clear                        positive_unate             timing_enable_preset_clear_arcs = false
   o_reg_read_reg/RN            o_reg_read_reg/QN            preset                       negative_unate             timing_enable_preset_clear_arcs = false
   o_reg_read_reg/RN            o_reg_read_reg/Q             clear                        positive_unate             timing_enable_preset_clear_arcs = false
   f32_mux_0_data_reg_31_/RN    f32_mux_0_data_reg_31_/QN    preset                       negative_unate             timing_enable_preset_clear_arcs = false
   f32_mux_0_data_reg_31_/RN    f32_mux_0_data_reg_31_/Q     clear                        positive_unate             timing_enable_preset_clear_arcs = false
   f32_mux_0_data_reg_30_/RN    f32_mux_0_data_reg_30_/QN    preset                       negative_unate             timing_enable_preset_clear_arcs = false
   f32_mux_0_data_reg_30_/RN    f32_mux_0_data_reg_30_/Q     clear                        positive_unate             timing_enable_preset_clear_arcs = false
   f32_mux_0_data_reg_29_/RN    f32_mux_0_data_reg_29_/QN    preset                       negative_unate             timing_enable_preset_clear_arcs = false
   f32_mux_0_data_reg_29_/RN    f32_mux_0_data_reg_29_/Q     clear                        positive_unate             timing_enable_preset_clear_arcs = false
   f32_mux_0_data_reg_28_/RN    f32_mux_0_data_reg_28_/QN    preset                       negative_unate             timing_enable_preset_clear_arcs = false
   f32_mux_0_data_reg_28_/RN    f32_mux_0_data_reg_28_/Q     clear                        positive_unate             timing_enable_preset_clear_arcs = false
   f32_mux_0_data_reg_27_/RN    f32_mux_0_data_reg_27_/QN    preset                       negative_unate             timing_enable_preset_clear_arcs = false
   f32_mux_0_data_reg_27_/RN    f32_mux_0_data_reg_27_/Q     clear                        positive_unate             timing_enable_preset_clear_arcs = false
   f32_mux_0_data_reg_26_/RN    f32_mux_0_data_reg_26_/QN    preset                       negative_unate             timing_enable_preset_clear_arcs = false
   f32_mux_0_data_reg_26_/RN    f32_mux_0_data_reg_26_/Q     clear                        positive_unate             timing_enable_preset_clear_arcs = false
   f32_mux_0_data_reg_25_/RN    f32_mux_0_data_reg_25_/QN    preset                       negative_unate             timing_enable_preset_clear_arcs = false
   f32_mux_0_data_reg_25_/RN    f32_mux_0_data_reg_25_/Q     clear                        positive_unate             timing_enable_preset_clear_arcs = false
   f32_mux_0_data_reg_24_/RN    f32_mux_0_data_reg_24_/QN    preset                       negative_unate             timing_enable_preset_clear_arcs = false
   f32_mux_0_data_reg_24_/RN    f32_mux_0_data_reg_24_/Q     clear                        positive_unate             timing_enable_preset_clear_arcs = false
   f32_mux_0_data_reg_23_/RN    f32_mux_0_data_reg_23_/QN    preset                       negative_unate             timing_enable_preset_clear_arcs = false
   f32_mux_0_data_reg_23_/RN    f32_mux_0_data_reg_23_/Q     clear                        positive_unate             timing_enable_preset_clear_arcs = false
   f32_mux_0_data_reg_22_/RN    f32_mux_0_data_reg_22_/QN    preset                       negative_unate             timing_enable_preset_clear_arcs = false
   f32_mux_0_data_reg_22_/RN    f32_mux_0_data_reg_22_/Q     clear                        positive_unate             timing_enable_preset_clear_arcs = false
   f32_mux_0_data_reg_21_/RN    f32_mux_0_data_reg_21_/QN    preset                       negative_unate             timing_enable_preset_clear_arcs = false
   f32_mux_0_data_reg_21_/RN    f32_mux_0_data_reg_21_/Q     clear                        positive_unate             timing_enable_preset_clear_arcs = false
   f32_mux_0_data_reg_20_/RN    f32_mux_0_data_reg_20_/QN    preset                       negative_unate             timing_enable_preset_clear_arcs = false
   f32_mux_0_data_reg_20_/RN    f32_mux_0_data_reg_20_/Q     clear                        positive_unate             timing_enable_preset_clear_arcs = false
   f32_mux_0_data_reg_19_/RN    f32_mux_0_data_reg_19_/QN    preset                       negative_unate             timing_enable_preset_clear_arcs = false
   f32_mux_0_data_reg_19_/RN    f32_mux_0_data_reg_19_/Q     clear                        positive_unate             timing_enable_preset_clear_arcs = false
   f32_mux_0_data_reg_18_/RN    f32_mux_0_data_reg_18_/QN    preset                       negative_unate             timing_enable_preset_clear_arcs = false
   f32_mux_0_data_reg_18_/RN    f32_mux_0_data_reg_18_/Q     clear                        positive_unate             timing_enable_preset_clear_arcs = false
   f32_mux_0_data_reg_17_/RN    f32_mux_0_data_reg_17_/QN    preset                       negative_unate             timing_enable_preset_clear_arcs = false
   f32_mux_0_data_reg_17_/RN    f32_mux_0_data_reg_17_/Q     clear                        positive_unate             timing_enable_preset_clear_arcs = false
   f32_mux_0_data_reg_16_/RN    f32_mux_0_data_reg_16_/QN    preset                       negative_unate             timing_enable_preset_clear_arcs = false
   f32_mux_0_data_reg_16_/RN    f32_mux_0_data_reg_16_/Q     clear                        positive_unate             timing_enable_preset_clear_arcs = false
   f32_mux_0_data_reg_0_/RN     f32_mux_0_data_reg_0_/QN     preset                       negative_unate             timing_enable_preset_clear_arcs = false
   f32_mux_0_data_reg_0_/RN     f32_mux_0_data_reg_0_/Q      clear                        positive_unate             timing_enable_preset_clear_arcs = false
   f32_mux_0_data_reg_1_/RN     f32_mux_0_data_reg_1_/QN     preset                       negative_unate             timing_enable_preset_clear_arcs = false
   f32_mux_0_data_reg_1_/RN     f32_mux_0_data_reg_1_/Q      clear                        positive_unate             timing_enable_preset_clear_arcs = false
   f32_mux_0_data_reg_2_/RN     f32_mux_0_data_reg_2_/QN     preset                       negative_unate             timing_enable_preset_clear_arcs = false
   f32_mux_0_data_reg_2_/RN     f32_mux_0_data_reg_2_/Q      clear                        positive_unate             timing_enable_preset_clear_arcs = false
   f32_mux_0_data_reg_3_/RN     f32_mux_0_data_reg_3_/QN     preset                       negative_unate             timing_enable_preset_clear_arcs = false
   f32_mux_0_data_reg_3_/RN     f32_mux_0_data_reg_3_/Q      clear                        positive_unate             timing_enable_preset_clear_arcs = false
   f32_mux_0_data_reg_4_/RN     f32_mux_0_data_reg_4_/QN     preset                       negative_unate             timing_enable_preset_clear_arcs = false
   f32_mux_0_data_reg_4_/RN     f32_mux_0_data_reg_4_/Q      clear                        positive_unate             timing_enable_preset_clear_arcs = false
   f32_mux_0_data_reg_5_/RN     f32_mux_0_data_reg_5_/QN     preset                       negative_unate             timing_enable_preset_clear_arcs = false
   f32_mux_0_data_reg_5_/RN     f32_mux_0_data_reg_5_/Q      clear                        positive_unate             timing_enable_preset_clear_arcs = false
   f32_mux_0_data_reg_6_/RN     f32_mux_0_data_reg_6_/QN     preset                       negative_unate             timing_enable_preset_clear_arcs = false
   f32_mux_0_data_reg_6_/RN     f32_mux_0_data_reg_6_/Q      clear                        positive_unate             timing_enable_preset_clear_arcs = false
   f32_mux_0_data_reg_7_/RN     f32_mux_0_data_reg_7_/QN     preset                       negative_unate             timing_enable_preset_clear_arcs = false
   f32_mux_0_data_reg_7_/RN     f32_mux_0_data_reg_7_/Q      clear                        positive_unate             timing_enable_preset_clear_arcs = false
   f32_mux_0_data_reg_8_/RN     f32_mux_0_data_reg_8_/QN     preset                       negative_unate             timing_enable_preset_clear_arcs = false
   f32_mux_0_data_reg_8_/RN     f32_mux_0_data_reg_8_/Q      clear                        positive_unate             timing_enable_preset_clear_arcs = false
   f32_mux_0_data_reg_9_/RN     f32_mux_0_data_reg_9_/QN     preset                       negative_unate             timing_enable_preset_clear_arcs = false
   f32_mux_0_data_reg_9_/RN     f32_mux_0_data_reg_9_/Q      clear                        positive_unate             timing_enable_preset_clear_arcs = false
   f32_mux_0_data_reg_10_/RN    f32_mux_0_data_reg_10_/QN    preset                       negative_unate             timing_enable_preset_clear_arcs = false
   f32_mux_0_data_reg_10_/RN    f32_mux_0_data_reg_10_/Q     clear                        positive_unate             timing_enable_preset_clear_arcs = false
   f32_mux_0_data_reg_11_/RN    f32_mux_0_data_reg_11_/QN    preset                       negative_unate             timing_enable_preset_clear_arcs = false
   f32_mux_0_data_reg_11_/RN    f32_mux_0_data_reg_11_/Q     clear                        positive_unate             timing_enable_preset_clear_arcs = false
   f32_mux_0_data_reg_12_/RN    f32_mux_0_data_reg_12_/QN    preset                       negative_unate             timing_enable_preset_clear_arcs = false
   f32_mux_0_data_reg_12_/RN    f32_mux_0_data_reg_12_/Q     clear                        positive_unate             timing_enable_preset_clear_arcs = false
   f32_mux_0_data_reg_13_/RN    f32_mux_0_data_reg_13_/QN    preset                       negative_unate             timing_enable_preset_clear_arcs = false
   f32_mux_0_data_reg_13_/RN    f32_mux_0_data_reg_13_/Q     clear                        positive_unate             timing_enable_preset_clear_arcs = false
   f32_mux_0_data_reg_14_/RN    f32_mux_0_data_reg_14_/QN    preset                       negative_unate             timing_enable_preset_clear_arcs = false
   f32_mux_0_data_reg_14_/RN    f32_mux_0_data_reg_14_/Q     clear                        positive_unate             timing_enable_preset_clear_arcs = false
   f32_mux_0_data_reg_15_/RN    f32_mux_0_data_reg_15_/QN    preset                       negative_unate             timing_enable_preset_clear_arcs = false
   f32_mux_0_data_reg_15_/RN    f32_mux_0_data_reg_15_/Q     clear                        positive_unate             timing_enable_preset_clear_arcs = false
   u_survik/o_dbg_config_reg_0_/RN
                                u_survik/o_dbg_config_reg_0_/QN
                                                             preset                       negative_unate             timing_enable_preset_clear_arcs = false
   u_survik/o_dbg_config_reg_0_/RN
                                u_survik/o_dbg_config_reg_0_/Q
                                                             clear                        positive_unate             timing_enable_preset_clear_arcs = false
   u_survik/o_spare_config_reg_31_/RN
                                u_survik/o_spare_config_reg_31_/QN
                                                             preset                       negative_unate             timing_enable_preset_clear_arcs = false
   u_survik/o_spare_config_reg_31_/RN
                                u_survik/o_spare_config_reg_31_/Q
                                                             clear                        positive_unate             timing_enable_preset_clear_arcs = false
   u_survik/o_spare_config_reg_30_/RN
                                u_survik/o_spare_config_reg_30_/QN
                                                             preset                       negative_unate             timing_enable_preset_clear_arcs = false
   u_survik/o_spare_config_reg_30_/RN
                                u_survik/o_spare_config_reg_30_/Q
                                                             clear                        positive_unate             timing_enable_preset_clear_arcs = false
   u_survik/o_spare_config_reg_29_/RN
                                u_survik/o_spare_config_reg_29_/QN
                                                             preset                       negative_unate             timing_enable_preset_clear_arcs = false
   u_survik/o_spare_config_reg_29_/RN
                                u_survik/o_spare_config_reg_29_/Q
                                                             clear                        positive_unate             timing_enable_preset_clear_arcs = false
   u_survik/o_spare_config_reg_28_/RN
                                u_survik/o_spare_config_reg_28_/QN
                                                             preset                       negative_unate             timing_enable_preset_clear_arcs = false
   u_survik/o_spare_config_reg_28_/RN
                                u_survik/o_spare_config_reg_28_/Q
                                                             clear                        positive_unate             timing_enable_preset_clear_arcs = false
   u_survik/o_spare_config_reg_27_/RN
                                u_survik/o_spare_config_reg_27_/QN
                                                             preset                       negative_unate             timing_enable_preset_clear_arcs = false
   u_survik/o_spare_config_reg_27_/RN
                                u_survik/o_spare_config_reg_27_/Q
                                                             clear                        positive_unate             timing_enable_preset_clear_arcs = false
   u_survik/o_spare_config_reg_26_/RN
                                u_survik/o_spare_config_reg_26_/QN
                                                             preset                       negative_unate             timing_enable_preset_clear_arcs = false
   u_survik/o_spare_config_reg_26_/RN
                                u_survik/o_spare_config_reg_26_/Q
                                                             clear                        positive_unate             timing_enable_preset_clear_arcs = false
   u_survik/o_spare_config_reg_25_/RN
                                u_survik/o_spare_config_reg_25_/QN
                                                             preset                       negative_unate             timing_enable_preset_clear_arcs = false
   u_survik/o_spare_config_reg_25_/RN
                                u_survik/o_spare_config_reg_25_/Q
                                                             clear                        positive_unate             timing_enable_preset_clear_arcs = false
   u_survik/o_spare_config_reg_24_/RN
                                u_survik/o_spare_config_reg_24_/QN
                                                             preset                       negative_unate             timing_enable_preset_clear_arcs = false
   u_survik/o_spare_config_reg_24_/RN
                                u_survik/o_spare_config_reg_24_/Q
                                                             clear                        positive_unate             timing_enable_preset_clear_arcs = false
   u_survik/o_spare_config_reg_23_/RN
                                u_survik/o_spare_config_reg_23_/QN
                                                             preset                       negative_unate             timing_enable_preset_clear_arcs = false
   u_survik/o_spare_config_reg_23_/RN
                                u_survik/o_spare_config_reg_23_/Q
                                                             clear                        positive_unate             timing_enable_preset_clear_arcs = false
   u_survik/o_spare_config_reg_22_/RN
                                u_survik/o_spare_config_reg_22_/QN
                                                             preset                       negative_unate             timing_enable_preset_clear_arcs = false
   u_survik/o_spare_config_reg_22_/RN
                                u_survik/o_spare_config_reg_22_/Q
                                                             clear                        positive_unate             timing_enable_preset_clear_arcs = false
   u_survik/o_spare_config_reg_21_/RN
                                u_survik/o_spare_config_reg_21_/QN
                                                             preset                       negative_unate             timing_enable_preset_clear_arcs = false
   u_survik/o_spare_config_reg_21_/RN
                                u_survik/o_spare_config_reg_21_/Q
                                                             clear                        positive_unate             timing_enable_preset_clear_arcs = false
   u_survik/o_spare_config_reg_20_/RN
                                u_survik/o_spare_config_reg_20_/QN
                                                             preset                       negative_unate             timing_enable_preset_clear_arcs = false
   u_survik/o_spare_config_reg_20_/RN
                                u_survik/o_spare_config_reg_20_/Q
                                                             clear                        positive_unate             timing_enable_preset_clear_arcs = false
   u_survik/o_spare_config_reg_19_/RN
                                u_survik/o_spare_config_reg_19_/QN
                                                             preset                       negative_unate             timing_enable_preset_clear_arcs = false
   u_survik/o_spare_config_reg_19_/RN
                                u_survik/o_spare_config_reg_19_/Q
                                                             clear                        positive_unate             timing_enable_preset_clear_arcs = false
   u_survik/o_spare_config_reg_18_/RN
                                u_survik/o_spare_config_reg_18_/QN
                                                             preset                       negative_unate             timing_enable_preset_clear_arcs = false
   u_survik/o_spare_config_reg_18_/RN
                                u_survik/o_spare_config_reg_18_/Q
                                                             clear                        positive_unate             timing_enable_preset_clear_arcs = false
   u_survik/o_spare_config_reg_17_/RN
                                u_survik/o_spare_config_reg_17_/QN
                                                             preset                       negative_unate             timing_enable_preset_clear_arcs = false
   u_survik/o_spare_config_reg_17_/RN
                                u_survik/o_spare_config_reg_17_/Q
                                                             clear                        positive_unate             timing_enable_preset_clear_arcs = false
   u_survik/o_spare_config_reg_16_/RN
                                u_survik/o_spare_config_reg_16_/QN
                                                             preset                       negative_unate             timing_enable_preset_clear_arcs = false
   u_survik/o_spare_config_reg_16_/RN
                                u_survik/o_spare_config_reg_16_/Q
                                                             clear                        positive_unate             timing_enable_preset_clear_arcs = false
   u_survik/o_spare_config_reg_15_/RN
                                u_survik/o_spare_config_reg_15_/QN
                                                             preset                       negative_unate             timing_enable_preset_clear_arcs = false
   u_survik/o_spare_config_reg_15_/RN
                                u_survik/o_spare_config_reg_15_/Q
                                                             clear                        positive_unate             timing_enable_preset_clear_arcs = false
   u_survik/o_spare_config_reg_14_/RN
                                u_survik/o_spare_config_reg_14_/QN
                                                             preset                       negative_unate             timing_enable_preset_clear_arcs = false
   u_survik/o_spare_config_reg_14_/RN
                                u_survik/o_spare_config_reg_14_/Q
                                                             clear                        positive_unate             timing_enable_preset_clear_arcs = false
   u_survik/o_spare_config_reg_13_/RN
                                u_survik/o_spare_config_reg_13_/QN
                                                             preset                       negative_unate             timing_enable_preset_clear_arcs = false
   u_survik/o_spare_config_reg_13_/RN
                                u_survik/o_spare_config_reg_13_/Q
                                                             clear                        positive_unate             timing_enable_preset_clear_arcs = false
   u_survik/o_spare_config_reg_12_/RN
                                u_survik/o_spare_config_reg_12_/QN
                                                             preset                       negative_unate             timing_enable_preset_clear_arcs = false
   u_survik/o_spare_config_reg_12_/RN
                                u_survik/o_spare_config_reg_12_/Q
                                                             clear                        positive_unate             timing_enable_preset_clear_arcs = false
   u_survik/o_spare_config_reg_11_/RN
                                u_survik/o_spare_config_reg_11_/QN
                                                             preset                       negative_unate             timing_enable_preset_clear_arcs = false
   u_survik/o_spare_config_reg_11_/RN
                                u_survik/o_spare_config_reg_11_/Q
                                                             clear                        positive_unate             timing_enable_preset_clear_arcs = false
   u_survik/o_spare_config_reg_10_/RN
                                u_survik/o_spare_config_reg_10_/QN
                                                             preset                       negative_unate             timing_enable_preset_clear_arcs = false
   u_survik/o_spare_config_reg_10_/RN
                                u_survik/o_spare_config_reg_10_/Q
                                                             clear                        positive_unate             timing_enable_preset_clear_arcs = false
   u_survik/o_spare_config_reg_9_/RN
                                u_survik/o_spare_config_reg_9_/QN
                                                             preset                       negative_unate             timing_enable_preset_clear_arcs = false
   u_survik/o_spare_config_reg_9_/RN
                                u_survik/o_spare_config_reg_9_/Q
                                                             clear                        positive_unate             timing_enable_preset_clear_arcs = false
   u_survik/o_spare_config_reg_8_/RN
                                u_survik/o_spare_config_reg_8_/QN
                                                             preset                       negative_unate             timing_enable_preset_clear_arcs = false
   u_survik/o_spare_config_reg_8_/RN
                                u_survik/o_spare_config_reg_8_/Q
                                                             clear                        positive_unate             timing_enable_preset_clear_arcs = false
   u_survik/o_spare_config_reg_7_/RN
                                u_survik/o_spare_config_reg_7_/QN
                                                             preset                       negative_unate             timing_enable_preset_clear_arcs = false
   u_survik/o_spare_config_reg_7_/RN
                                u_survik/o_spare_config_reg_7_/Q
                                                             clear                        positive_unate             timing_enable_preset_clear_arcs = false
   u_survik/o_spare_config_reg_6_/RN
                                u_survik/o_spare_config_reg_6_/QN
                                                             preset                       negative_unate             timing_enable_preset_clear_arcs = false
   u_survik/o_spare_config_reg_6_/RN
                                u_survik/o_spare_config_reg_6_/Q
                                                             clear                        positive_unate             timing_enable_preset_clear_arcs = false
   u_survik/o_spare_config_reg_5_/RN
                                u_survik/o_spare_config_reg_5_/QN
                                                             preset                       negative_unate             timing_enable_preset_clear_arcs = false
   u_survik/o_spare_config_reg_5_/RN
                                u_survik/o_spare_config_reg_5_/Q
                                                             clear                        positive_unate             timing_enable_preset_clear_arcs = false
   u_survik/o_spare_config_reg_4_/RN
                                u_survik/o_spare_config_reg_4_/QN
                                                             preset                       negative_unate             timing_enable_preset_clear_arcs = false
   u_survik/o_spare_config_reg_4_/RN
                                u_survik/o_spare_config_reg_4_/Q
                                                             clear                        positive_unate             timing_enable_preset_clear_arcs = false
   u_survik/o_spare_config_reg_3_/RN
                                u_survik/o_spare_config_reg_3_/QN
                                                             preset                       negative_unate             timing_enable_preset_clear_arcs = false
   u_survik/o_spare_config_reg_3_/RN
                                u_survik/o_spare_config_reg_3_/Q
                                                             clear                        positive_unate             timing_enable_preset_clear_arcs = false
   u_survik/o_spare_config_reg_2_/RN
                                u_survik/o_spare_config_reg_2_/QN
                                                             preset                       negative_unate             timing_enable_preset_clear_arcs = false
   u_survik/o_spare_config_reg_2_/RN
                                u_survik/o_spare_config_reg_2_/Q
                                                             clear                        positive_unate             timing_enable_preset_clear_arcs = false
   u_survik/o_spare_config_reg_1_/RN
                                u_survik/o_spare_config_reg_1_/QN
                                                             preset                       negative_unate             timing_enable_preset_clear_arcs = false
   u_survik/o_spare_config_reg_1_/RN
                                u_survik/o_spare_config_reg_1_/Q
                                                             clear                        positive_unate             timing_enable_preset_clear_arcs = false
   u_survik/o_spare_config_reg_0_/RN
                                u_survik/o_spare_config_reg_0_/QN
                                                             preset                       negative_unate             timing_enable_preset_clear_arcs = false
   u_survik/o_spare_config_reg_0_/RN
                                u_survik/o_spare_config_reg_0_/Q
                                                             clear                        positive_unate             timing_enable_preset_clear_arcs = false
   u_survik/o_adj_config_reg_15_/RN
                                u_survik/o_adj_config_reg_15_/QN
                                                             preset                       negative_unate             timing_enable_preset_clear_arcs = false
   u_survik/o_adj_config_reg_15_/RN
                                u_survik/o_adj_config_reg_15_/Q
                                                             clear                        positive_unate             timing_enable_preset_clear_arcs = false
   u_survik/o_adj_config_reg_14_/RN
                                u_survik/o_adj_config_reg_14_/QN
                                                             preset                       negative_unate             timing_enable_preset_clear_arcs = false
   u_survik/o_adj_config_reg_14_/RN
                                u_survik/o_adj_config_reg_14_/Q
                                                             clear                        positive_unate             timing_enable_preset_clear_arcs = false
   u_survik/o_adj_config_reg_13_/RN
                                u_survik/o_adj_config_reg_13_/QN
                                                             preset                       negative_unate             timing_enable_preset_clear_arcs = false
   u_survik/o_adj_config_reg_13_/RN
                                u_survik/o_adj_config_reg_13_/Q
                                                             clear                        positive_unate             timing_enable_preset_clear_arcs = false
   u_survik/o_adj_config_reg_12_/RN
                                u_survik/o_adj_config_reg_12_/QN
                                                             preset                       negative_unate             timing_enable_preset_clear_arcs = false
   u_survik/o_adj_config_reg_12_/RN
                                u_survik/o_adj_config_reg_12_/Q
                                                             clear                        positive_unate             timing_enable_preset_clear_arcs = false
   u_survik/o_adj_config_reg_11_/RN
                                u_survik/o_adj_config_reg_11_/QN
                                                             preset                       negative_unate             timing_enable_preset_clear_arcs = false
   u_survik/o_adj_config_reg_11_/RN
                                u_survik/o_adj_config_reg_11_/Q
                                                             clear                        positive_unate             timing_enable_preset_clear_arcs = false
   u_survik/o_adj_config_reg_10_/RN
                                u_survik/o_adj_config_reg_10_/QN
                                                             preset                       negative_unate             timing_enable_preset_clear_arcs = false
   u_survik/o_adj_config_reg_10_/RN
                                u_survik/o_adj_config_reg_10_/Q
                                                             clear                        positive_unate             timing_enable_preset_clear_arcs = false
   u_survik/o_adj_config_reg_9_/RN
                                u_survik/o_adj_config_reg_9_/QN
                                                             preset                       negative_unate             timing_enable_preset_clear_arcs = false
   u_survik/o_adj_config_reg_9_/RN
                                u_survik/o_adj_config_reg_9_/Q
                                                             clear                        positive_unate             timing_enable_preset_clear_arcs = false
   u_survik/o_adj_config_reg_8_/RN
                                u_survik/o_adj_config_reg_8_/QN
                                                             preset                       negative_unate             timing_enable_preset_clear_arcs = false
   u_survik/o_adj_config_reg_8_/RN
                                u_survik/o_adj_config_reg_8_/Q
                                                             clear                        positive_unate             timing_enable_preset_clear_arcs = false
   u_survik/o_adj_config_reg_7_/RN
                                u_survik/o_adj_config_reg_7_/QN
                                                             preset                       negative_unate             timing_enable_preset_clear_arcs = false
   u_survik/o_adj_config_reg_7_/RN
                                u_survik/o_adj_config_reg_7_/Q
                                                             clear                        positive_unate             timing_enable_preset_clear_arcs = false
   u_survik/o_adj_config_reg_6_/RN
                                u_survik/o_adj_config_reg_6_/QN
                                                             preset                       negative_unate             timing_enable_preset_clear_arcs = false
   u_survik/o_adj_config_reg_6_/RN
                                u_survik/o_adj_config_reg_6_/Q
                                                             clear                        positive_unate             timing_enable_preset_clear_arcs = false
   u_survik/o_adj_config_reg_5_/RN
                                u_survik/o_adj_config_reg_5_/QN
                                                             preset                       negative_unate             timing_enable_preset_clear_arcs = false
   u_survik/o_adj_config_reg_5_/RN
                                u_survik/o_adj_config_reg_5_/Q
                                                             clear                        positive_unate             timing_enable_preset_clear_arcs = false
   u_survik/o_adj_config_reg_4_/RN
                                u_survik/o_adj_config_reg_4_/QN
                                                             preset                       negative_unate             timing_enable_preset_clear_arcs = false
   u_survik/o_adj_config_reg_4_/RN
                                u_survik/o_adj_config_reg_4_/Q
                                                             clear                        positive_unate             timing_enable_preset_clear_arcs = false
   u_survik/o_adj_config_reg_3_/RN
                                u_survik/o_adj_config_reg_3_/QN
                                                             preset                       negative_unate             timing_enable_preset_clear_arcs = false
   u_survik/o_adj_config_reg_3_/RN
                                u_survik/o_adj_config_reg_3_/Q
                                                             clear                        positive_unate             timing_enable_preset_clear_arcs = false
   u_survik/o_adj_config_reg_2_/RN
                                u_survik/o_adj_config_reg_2_/QN
                                                             preset                       negative_unate             timing_enable_preset_clear_arcs = false
   u_survik/o_adj_config_reg_2_/RN
                                u_survik/o_adj_config_reg_2_/Q
                                                             clear                        positive_unate             timing_enable_preset_clear_arcs = false
   u_survik/o_adj_config_reg_1_/RN
                                u_survik/o_adj_config_reg_1_/QN
                                                             preset                       negative_unate             timing_enable_preset_clear_arcs = false
   u_survik/o_adj_config_reg_1_/RN
                                u_survik/o_adj_config_reg_1_/Q
                                                             clear                        positive_unate             timing_enable_preset_clear_arcs = false
   u_survik/o_adj_config_reg_0_/RN
                                u_survik/o_adj_config_reg_0_/QN
                                                             preset                       negative_unate             timing_enable_preset_clear_arcs = false
   u_survik/o_adj_config_reg_0_/RN
                                u_survik/o_adj_config_reg_0_/Q
                                                             clear                        positive_unate             timing_enable_preset_clear_arcs = false
   --------------------------------------------------------------------------------------------------------------------------------------------
