==============================================================================
name          type       length  si_so_clocks  state   is_non_scannable_reason
------------  ---------  ------  ------------  ------  -----------------------
/\Q_reg[15]   leaf_cell  1       +clk          usable  --                     
/\Q_reg[14]   leaf_cell  1       +clk          usable  --                     
/\Q_reg[11]   leaf_cell  1       +clk          usable  --                     
/\Q_reg[13]   leaf_cell  1       +clk          usable  --                     
/\Q_reg[10]   leaf_cell  1       +clk          usable  --                     
/\Q_reg[12]   leaf_cell  1       +clk          usable  --                     
/\Q_reg[9]    leaf_cell  1       +clk          usable  --                     
/\Q_reg[8]    leaf_cell  1       +clk          usable  --                     
/\Q_reg[7]    leaf_cell  1       +clk          usable  --                     
/\Q_reg[6]    leaf_cell  1       +clk          usable  --                     
/\Q_reg[5]    leaf_cell  1       +clk          usable  --                     
/\Q_reg[4]    leaf_cell  1       +clk          usable  --                     
/\Q_reg[3]    leaf_cell  1       +clk          usable  --                     
/\Q_reg[2]    leaf_cell  1       +clk          usable  --                     
/\Q_reg[1]    leaf_cell  1       +clk          usable  --                     
/\Q_reg[0]    leaf_cell  1       +clk          usable  --                     
