Cadence Genus(TM) Synthesis Solution.
Copyright 2021 Cadence Design Systems, Inc. All rights reserved worldwide.
Cadence and the Cadence logo are registered trademarks and Genus is a trademark
of Cadence Design Systems, Inc. in the United States and other countries.

Version: 20.11-s111_1, built Mon Apr 26 02:27:38 PDT 2021
Options: -files sram_16384.tcl 
Date:    Fri May 02 09:51:13 2025
Host:    APL10.kletech.ac.in (x86_64 w/Linux 4.18.0-553.47.1.el8_10.x86_64) (6cores*12cpus*1physical cpu*12th Gen Intel(R) Core(TM) i5-12500 18432KB) (32336164KB)
PID:     273370
OS:      Red Hat Enterprise Linux release 8.10 (Ootpa)

Checkout succeeded: Genus_Synthesis/EF29107615D411912BD3
	License file: 5280@14.139.1.126
	License Server: 5280@14.139.1.126
Checking out license: Genus_Synthesis


***********************************************************************************************************
***********************************************************************************************************



Loading tool scripts...
Finished loading tool scripts (4 seconds elapsed).

#@ Processing -files option
@genus 1> source sram_16384.tcl
#@ Begin verbose source ./sram_16384.tcl
@file(sram_16384.tcl) 7: read_hdl ../../RTL/RTL/mem_block_16384_36.v
@file(sram_16384.tcl) 8: read_lib {../../TECHFILES/slow.lib ../../TECHFILES/memories/SPRAM_8192x36_min_SP.lib}

Threads Configured:6

  Message Summary for Library both libraries:
  *******************************************
  Missing a function attribute in the output pin definition. [LBR-518]: 1
  Missing library level attribute. [LBR-516]: 1
  An unsupported construct was detected in this library. [LBR-40]: 3
  *******************************************
 
Warning : Libraries have inconsistent nominal operating conditions. In the Liberty library, there are attributes called nom_voltage, nom_process and nom_temperature. Genus reports the message, if the respective values of the 2 given .libs differ. [LBR-38]
        : The libraries are 'slow' and 'SPRAM_8192x36_min_SP'.
        : This is a common source of delay calculation confusion and should be avoided.
Info    : Created nominal operating condition. [LBR-412]
        : Operating condition '_nominal_' was created for the PVT values (1.000000, 1.080000, 125.000000) in library 'slow.lib'.
        : The nominal operating condition is represented, either by the nominal PVT values specified in the library source (via nom_process,nom_voltage and nom_temperature respectively), or by the default PVT values (1.0,1.0,1.0).
Info    : Created nominal operating condition. [LBR-412]
        : Operating condition '_nominal_' was created for the PVT values (0.800000, 1.980000, -40.000000) in library 'SPRAM_8192x36_min_SP.lib'.
Warning : Libcell has no area attribute.  Defaulting to 0 area. [LBR-43]
        : Assigning 0 area to library cell 'slow/ADDFHX2'.
        : Specify a valid area value for the libcell.
Warning : Libcell has no area attribute.  Defaulting to 0 area. [LBR-43]
        : Assigning 0 area to library cell 'slow/ADDFHX4'.
Warning : Libcell has no area attribute.  Defaulting to 0 area. [LBR-43]
        : Assigning 0 area to library cell 'slow/ADDFHXL'.
Warning : Libcell has no area attribute.  Defaulting to 0 area. [LBR-43]
        : Assigning 0 area to library cell 'slow/ADDFXL'.
Warning : Libcell has no area attribute.  Defaulting to 0 area. [LBR-43]
        : Assigning 0 area to library cell 'slow/ADDHX2'.
Warning : Libcell has no area attribute.  Defaulting to 0 area. [LBR-43]
        : Assigning 0 area to library cell 'slow/ADDHXL'.
Warning : Libcell has no area attribute.  Defaulting to 0 area. [LBR-43]
        : Assigning 0 area to library cell 'slow/AND2X4'.
Warning : Libcell has no area attribute.  Defaulting to 0 area. [LBR-43]
        : Assigning 0 area to library cell 'slow/AND2X6'.
Warning : Libcell has no area attribute.  Defaulting to 0 area. [LBR-43]
        : Assigning 0 area to library cell 'slow/AND2XL'.
Warning : Libcell has no area attribute.  Defaulting to 0 area. [LBR-43]
        : Assigning 0 area to library cell 'slow/AND3X1'.
Warning : Libcell has no area attribute.  Defaulting to 0 area. [LBR-43]
        : Assigning 0 area to library cell 'slow/AND3X8'.
Warning : Libcell has no area attribute.  Defaulting to 0 area. [LBR-43]
        : Assigning 0 area to library cell 'slow/AND3XL'.
Warning : Libcell has no area attribute.  Defaulting to 0 area. [LBR-43]
        : Assigning 0 area to library cell 'slow/AND4X1'.
Warning : Libcell has no area attribute.  Defaulting to 0 area. [LBR-43]
        : Assigning 0 area to library cell 'slow/AND4X4'.
Warning : Libcell has no area attribute.  Defaulting to 0 area. [LBR-43]
        : Assigning 0 area to library cell 'slow/AND4X8'.
Warning : Libcell has no area attribute.  Defaulting to 0 area. [LBR-43]
        : Assigning 0 area to library cell 'slow/AND4XL'.
Warning : Libcell has no area attribute.  Defaulting to 0 area. [LBR-43]
        : Assigning 0 area to library cell 'slow/AO21X1'.
Warning : Libcell has no area attribute.  Defaulting to 0 area. [LBR-43]
        : Assigning 0 area to library cell 'slow/AO21X2'.
Warning : Libcell has no area attribute.  Defaulting to 0 area. [LBR-43]
        : Assigning 0 area to library cell 'slow/AO21XL'.
Warning : Libcell has no area attribute.  Defaulting to 0 area. [LBR-43]
        : Assigning 0 area to library cell 'slow/AO22X1'.
Warning : Found libraries with and without pg_pin construct. [LBR-12]
        : Libraries with and without pg_pin construct have been loaded.
        : This can lead to issues later in the flow.
@file(sram_16384.tcl) 9: elaborate
  Libraries have 324 usable logic and 126 usable sequential lib-cells.
Info    : Elaborating Design. [ELAB-1]
        : Elaborating top-level block 'sram_sp_16384d_36w_16m_8b' from file '../../RTL/RTL/mem_block_16384_36.v'.
Info    : Done Elaborating Design. [ELAB-3]
        : Done elaborating 'sram_sp_16384d_36w_16m_8b'.
Checking for analog nets...
Check completed for analog nets.
Checking for source RTL...
Check completed for source RTL.
Running Unified Mux Engine Tricks...
Completed Unified Mux Engine Tricks
--------------------------------------------------------
| Trick             | Accepts | Rejects | Runtime (ms) | 
--------------------------------------------------------
| ume_constant_bmux |       0 |       0 |         0.00 | 
--------------------------------------------------------
Starting clip mux common data inputs [v1.0] (stage: post_elab, startdef: sram_sp_16384d_36w_16m_8b, recur: true)
Completed clip mux common data inputs (accepts: 0, rejects: 0, runtime: 0.000s)
Starting clip the non-user hierarchies [v2.0] (stage: post_elab, startdef: sram_sp_16384d_36w_16m_8b, recur: true)
Completed clip the non-user hierarchies (accepts: 0, rejects: 0, runtime: 0.000s)
UM:   flow.cputime  flow.realtime  timing.setup.tns  timing.setup.wns  snapshot
UM:*                                                                   elaborate
@file(sram_16384.tcl) 10: set_top_module
@file(sram_16384.tcl) 11: syn_gen
##Generic Timing Info for library domain: _default_ typical gate delay: 222.4 ps std_slew: 19.0 ps std_load: 2.2 fF
Starting mux data reorder optimization [v1.0] (stage: pre_to_gen_setup, startdef: sram_sp_16384d_36w_16m_8b, recur: true)
Completed mux data reorder optimization (accepts: 0, rejects: 0, runtime: 0.000s)
Info    : Synthesizing. [SYNTH-1]
        : Synthesizing 'sram_sp_16384d_36w_16m_8b' to generic gates using 'medium' effort.
PBS_Generic-Start - Elapsed_Time 0, CPU_Time 0.0
stamp 'PBS_Generic-Start' being created for table 'pbs_debug'

  Total Time (Wall) |  Stage Time (Wall)  |   % (Wall)   |    Date - Time     |  Memory   | Stage
--------------------+---------------------+--------------+--------------------+-----------+----------------------
 00:00:04(00:00:03) |  00:00:00(00:00:00) |   0.0(  0.0) |    9:51:19 (May02) |  372.9 MB | PBS_Generic-Start
--------------------+---------------------+--------------+--------------------+-----------+----------------------
Number of threads: 8 * 1   (id: pbs_debug, time_info v1.57)
Info: (*N*) indicates data that was populated from previously saved time_info database
Info: CPU time includes time of parent + longest thread
TNS Restructuring config: no_value at stage: generic applied.
Info    : Partition Based Synthesis execution skipped. [PHYS-752]
        : Design size is less than the partition size '100000' for distributed generic optimization to kick in.
Starting mux data reorder optimization [v1.0] (stage: pre_to_gen_setup, startdef: sram_sp_16384d_36w_16m_8b, recur: true)
Completed mux data reorder optimization (accepts: 0, rejects: 0, runtime: 0.000s)
Starting mux data reorder optimization [v1.0] (stage: post_to_gen_setup, startdef: sram_sp_16384d_36w_16m_8b, recur: true)
Completed mux data reorder optimization (accepts: 0, rejects: 0, runtime: 0.000s)
Running Unified Mux Engine Tricks...
Completed Unified Mux Engine Tricks
--------------------------------------------
| Trick | Accepts | Rejects | Runtime (ms) | 
--------------------------------------------
--------------------------------------------
Starting infer macro optimization [v1.0] (stage: pre_rtlopt, startdef: sram_sp_16384d_36w_16m_8b, recur: true)
Completed infer macro optimization (accepts: 0, rejects: 0, runtime: 0.000s)
Starting decode mux sandwich optimization [v2.0] (stage: pre_rtlopt, startdef: sram_sp_16384d_36w_16m_8b, recur: true)
Completed decode mux sandwich optimization (accepts: 0, rejects: 0, runtime: 0.000s)
Starting decode mux optimization [v1.0] (stage: pre_rtlopt, startdef: sram_sp_16384d_36w_16m_8b, recur: true)
Completed decode mux optimization (accepts: 0, rejects: 0, runtime: 0.000s)
Starting chop wide muxes [v1.0] (stage: pre_rtlopt, startdef: sram_sp_16384d_36w_16m_8b, recur: true)
Completed chop wide muxes (accepts: 0, rejects: 0, runtime: 0.000s)
Starting common data mux cascade opt [v1.0] (stage: pre_rtlopt, startdef: sram_sp_16384d_36w_16m_8b, recur: true)
Completed common data mux cascade opt (accepts: 0, rejects: 0, runtime: 0.000s)
Starting mux input consolidation [v1.0] (stage: pre_rtlopt, startdef: sram_sp_16384d_36w_16m_8b, recur: true)
Completed mux input consolidation (accepts: 0, rejects: 0, runtime: 0.000s)
Starting priority mux optimization [v1.0] (stage: pre_rtlopt, startdef: sram_sp_16384d_36w_16m_8b, recur: true)
Completed priority mux optimization (accepts: 0, rejects: 0, runtime: 0.005s)
Starting constant-data mux optimization [v1.0] (stage: pre_rtlopt, startdef: sram_sp_16384d_36w_16m_8b, recur: true)
Completed constant-data mux optimization (accepts: 0, rejects: 0, runtime: 0.000s)
Starting chain-to-tree inequality transform [v2.0] (stage: pre_rtlopt, startdef: sram_sp_16384d_36w_16m_8b, recur: true)
Completed chain-to-tree inequality transform (accepts: 0, rejects: 0, runtime: 0.000s)
Starting reconvergence optimization [v1.0] (stage: pre_rtlopt, startdef: sram_sp_16384d_36w_16m_8b, recur: true)
Completed reconvergence optimization (accepts: 0, rejects: 0, runtime: 0.000s)
Starting logic restructure optimization [v1.0] (stage: pre_rtlopt, startdef: sram_sp_16384d_36w_16m_8b, recur: true)
Completed logic restructure optimization (accepts: 0, rejects: 0, runtime: 0.001s)
Starting common select mux optimization [v1.0] (stage: pre_rtlopt, startdef: sram_sp_16384d_36w_16m_8b, recur: true)
Completed common select mux optimization (accepts: 0, rejects: 0, runtime: 0.000s)
Starting identity transform [v3.0] (stage: pre_rtlopt, startdef: sram_sp_16384d_36w_16m_8b, recur: true)
Completed identity transform (accepts: 0, rejects: 0, runtime: 0.000s)
Starting reduce operator chain [v1.0] (stage: pre_rtlopt, startdef: sram_sp_16384d_36w_16m_8b, recur: true)
Completed reduce operator chain (accepts: 0, rejects: 0, runtime: 0.000s)
Starting common data mux cascade opt [v1.0] (stage: pre_rtlopt, startdef: sram_sp_16384d_36w_16m_8b, recur: true)
Completed common data mux cascade opt (accepts: 0, rejects: 0, runtime: 0.000s)
Starting mux input consolidation [v1.0] (stage: pre_rtlopt, startdef: sram_sp_16384d_36w_16m_8b, recur: true)
Completed mux input consolidation (accepts: 0, rejects: 0, runtime: 0.000s)
Starting optimize datapath elements [v1.0] (stage: pre_rtlopt, startdef: sram_sp_16384d_36w_16m_8b, recur: true)
Completed optimize datapath elements (accepts: 0, rejects: 0, runtime: 0.000s)
Starting clip mux common data inputs [v1.0] (stage: pre_rtlopt, startdef: sram_sp_16384d_36w_16m_8b, recur: true)
Completed clip mux common data inputs (accepts: 0, rejects: 0, runtime: 0.000s)
Starting clip the non-user hierarchies [v2.0] (stage: pre_rtlopt, startdef: sram_sp_16384d_36w_16m_8b, recur: true)
Completed clip the non-user hierarchies (accepts: 0, rejects: 0, runtime: 0.000s)
Running Unified Mux Engine Tricks...
Completed Unified Mux Engine Tricks
--------------------------------------------
| Trick | Accepts | Rejects | Runtime (ms) | 
--------------------------------------------
--------------------------------------------
Number of big hc bmuxes before = 0
Info    : Pre-processed datapath logic. [DPOPT-6]
        : No pre-processing optimizations applied to datapath logic in 'sram_sp_16384d_36w_16m_8b'.
Info    : Optimizing datapath logic. [DPOPT-1]
        : Optimizing datapath logic in 'sram_sp_16384d_36w_16m_8b'.
Info    : Implementing datapath configurations. [DPOPT-3]
        : Implementing datapath configurations for 'CDN_DP_region_1_0'
CSAGen Prep Share:0 Re-Write:0 Speculation: 0
CDN_DP_region_1_0 level = 0 loads = 0 drivers = 0
CDN_DP_region_1_0_c0 in sram_sp_16384d_36w_16m_8b: area: 0 ,dp = 0 mux = 1 sg = slow         worst_clk_period: 0.0000 
    wns: 0  norm_wns:  0.0000 
    fail_endp: 0 
    tns:  0  tns_per_endp:  0.0000   norm_tns_per_endp:  0.0000 
    tns_sense_max:  0.0000  tns_sense_avg:  0.0000   tns_sense_num: 0
 skipped
CDN_DP_region_1_0_c1 in sram_sp_16384d_36w_16m_8b: area: 0 ,dp = 0 mux = 1 sg = fast         worst_clk_period: 0.0000 
    wns: 0  norm_wns:  0.0000 
    fail_endp: 0 
    tns:  0  tns_per_endp:  0.0000   norm_tns_per_endp:  0.0000 
    tns_sense_max:  0.0000  tns_sense_avg:  0.0000   tns_sense_num: 0
 is current best
CDN_DP_region_1_0_c2 in sram_sp_16384d_36w_16m_8b: area: 0 ,dp = 0 mux = 1 sg = very_slow    worst_clk_period: 0.0000 
    wns: 0  norm_wns:  0.0000 
    fail_endp: 0 
    tns:  0  tns_per_endp:  0.0000   norm_tns_per_endp:  0.0000 
    tns_sense_max:  0.0000  tns_sense_avg:  0.0000   tns_sense_num: 0
 is current best
CDN_DP_region_1_0_c3 in sram_sp_16384d_36w_16m_8b: area: 0 ,dp = 0 mux = 1 sg = very_fast    worst_clk_period: 0.0000 
    wns: 0  norm_wns:  0.0000 
    fail_endp: 0 
    tns:  0  tns_per_endp:  0.0000   norm_tns_per_endp:  0.0000 
    tns_sense_max:  0.0000  tns_sense_avg:  0.0000   tns_sense_num: 0
 is current best
CDN_DP_region_1_0_c4 in sram_sp_16384d_36w_16m_8b: area: 0 ,dp = 0 mux = 1 sg = very_fast    worst_clk_period: 0.0000 
    wns: 0  norm_wns:  0.0000 
    fail_endp: 0 
    tns:  0  tns_per_endp:  0.0000   norm_tns_per_endp:  0.0000 
    tns_sense_max:  0.0000  tns_sense_avg:  0.0000   tns_sense_num: 0
 is current best
CDN_DP_region_1_0_c5 in sram_sp_16384d_36w_16m_8b: area: 0 ,dp = 0 mux = 1 sg = very_fast    worst_clk_period: 0.0000 
    wns: 0  norm_wns:  0.0000 
    fail_endp: 0 
    tns:  0  tns_per_endp:  0.0000   norm_tns_per_endp:  0.0000 
    tns_sense_max:  0.0000  tns_sense_avg:  0.0000   tns_sense_num: 0
 is current best
CDN_DP_region_1_0_c6 in sram_sp_16384d_36w_16m_8b: area: 0 ,dp = 0 mux = 1 sg = very_fast    worst_clk_period: 0.0000 
    wns: 0  norm_wns:  0.0000 
    fail_endp: 0 
    tns:  0  tns_per_endp:  0.0000   norm_tns_per_endp:  0.0000 
    tns_sense_max:  0.0000  tns_sense_avg:  0.0000   tns_sense_num: 0
 is current best
CDN_DP_region_1_0_c7 in sram_sp_16384d_36w_16m_8b: area: 0 ,dp = 0 mux = 1 sg = very_fast    worst_clk_period: 0.0000 
    wns: 0  norm_wns:  0.0000 
    fail_endp: 0 
    tns:  0  tns_per_endp:  0.0000   norm_tns_per_endp:  0.0000 
    tns_sense_max:  0.0000  tns_sense_avg:  0.0000   tns_sense_num: 0
 is current best
Best config: CDN_DP_region_1_0_c7 in sram_sp_16384d_36w_16m_8b: area: 0 ,dp = 0 mux = 1 sg = very_fast    worst_clk_period: 0.0000 
    wns: 0  norm_wns:  0.0000 
    fail_endp: 0 
    tns:  0  tns_per_endp:  0.0000   norm_tns_per_endp:  0.0000 
    tns_sense_max:  0.0000  tns_sense_avg:  0.0000   tns_sense_num: 0
  Smallest config area : 0.  Fastest config wns;  0
##>+----------------------------------------------------------------------------------------------------------------------------------------------------------------+
##>Summary table of configs (Best config is CDN_DP_region_1_0_c7)
##>+----------------------------------------------------------------------------------------------------------------------------------------------------------------+
##>                     0                  1                  2                  3                  4                  5                  6                  7            
##>+----------------------------------------------------------------------------------------------------------------------------------------------------------------+
##>           Area                0                  0                  0                  0                  0                  0                  0                  0  
##>            WNS    +214748364.70      +214748364.70      +214748364.70      +214748364.70      +214748364.70      +214748364.70      +214748364.70      +214748364.70  
##>            TNS                0                  0                  0                  0                  0                  0                  0                  0  
##>    Num Rewrite                0                  0                  0                  0                  0                  0                  0                  0  
##>     Num Factor                0                  0                  0                  0                  0                  0                  0                  0  
##>      Num Share                0                  0                  0                  0                  0                  0                  0                  0  
##>   Num CmultCse                0                  0                  0                  0                  0                  0                  0                  0  
##>   Num Downsize                0                  0                  0                  0                  0                  0                  0                  0  
##>  Num Speculate                0                  0                  0                  0                  0                  0                  0                  0  
##>     Runtime(s)                0                  0                  0                  0                  0                  0                  0                  0  
+----------------------------------------------------------------------------------------------------------------------------------------------------------------+
##>
##>
##>+------------------------------------------------------------------------------------------------------------------------------------------------------------+
##>Optimization Step DEBUG Table for config CDN_DP_region_1_0_c7
##>
##>                          Step                        Area   ( % Chg)        WNS (Change)        TNS (Change)          Runtime (s)        Comment                   
##>+------------------------------------------------------------------------------------------------------------------------------------------------------------+
##>EquationExtraction              START                      0 (      )    214748364.70 (        )             0 (        )              
##>                                  END                      0 (  -nan)    214748364.70 (   +0.00)             0 (       0)           0  
##>createMaxCarrySave              START                      0 (  -nan)    214748364.70 (   +0.00)             0 (       0)              
##> datapath_rewrite_one_def       START                      0 (  -nan)    214748364.70 (   +0.00)             0 (       0)              
##>                                  END                      0 (  -nan)    214748364.70 (   +0.00)             0 (       0)           0  
##> csa_opto                       START                      0 (  -nan)    214748364.70 (   +0.00)             0 (       0)              
##>                                  END                      0 (  -nan)    214748364.70 (   +0.00)             0 (       0)           0  
##>                                  END                      0 (  -nan)    214748364.70 (   +0.00)             0 (       0)           0  
##>canonicalize_by_names           START                      0 (  -nan)    214748364.70 (   +0.00)             0 (       0)              
##>                                  END                      0 (  -nan)    214748364.70 (   +0.00)             0 (       0)           0  
##>datapath_rewrite_post_csa_one_  START                      0 (  -nan)    214748364.70 (   +0.00)             0 (       0)              
##>                                  END                      0 (  -nan)    214748364.70 (   +0.00)             0 (       0)           0  
##>datapath_csa_factoring_one_gde  START                      0 (  -nan)    214748364.70 (   +0.00)             0 (       0)              
##>                                  END                      0 (  -nan)    214748364.70 (   +0.00)             0 (       0)           0  
##>dpopt_share_one_def             START                      0 (  -nan)    214748364.70 (   +0.00)             0 (       0)              
##>                                  END                      0 (  -nan)    214748364.70 (   +0.00)             0 (       0)           0  
##>datapath_rewrite_post_share     START                      0 (  -nan)    214748364.70 (   +0.00)             0 (       0)              
##>                                  END                      0 (  -nan)    214748364.70 (   +0.00)             0 (       0)           0  
##>dp_combine_const_mult_with_com  START                      0 (  -nan)    214748364.70 (   +0.00)             0 (       0)              
##>                                  END                      0 (  -nan)    214748364.70 (   +0.00)             0 (       0)           0  
##>dp_operator_level_decompositio  START                      0 (  -nan)    214748364.70 (   +0.00)             0 (       0)              
##>                                  END                      0 (  -nan)    214748364.70 (   +0.00)             0 (       0)           0  
##>selective_flatten_dp_config     START                      0 (  -nan)    214748364.70 (   +0.00)             0 (       0)              
##>                                  END                      0 (  -nan)    214748364.70 (   +0.00)             0 (       0)           0  
##>createMaxCarrySave              START                      0 (  -nan)    214748364.70 (   +0.00)             0 (       0)              
##> datapath_rewrite_one_def       START                      0 (  -nan)    214748364.70 (   +0.00)             0 (       0)              
##>  fast_cse_elim                 START                      0 (  -nan)    214748364.70 (   +0.00)             0 (       0)              
##>                                  END                      0 (  -nan)    214748364.70 (   +0.00)             0 (       0)           0  
##>  fast_cse_elim                 START                      0 (  -nan)    214748364.70 (   +0.00)             0 (       0)              
##>                                  END                      0 (  -nan)    214748364.70 (   +0.00)             0 (       0)           0  
##>                                  END                      0 (  -nan)    214748364.70 (   +0.00)             0 (       0)           0  
##> csa_opto                       START                      0 (  -nan)    214748364.70 (   +0.00)             0 (       0)              
##>                                  END                      0 (  -nan)    214748364.70 (   +0.00)             0 (       0)           0  
##>                                  END                      0 (  -nan)    214748364.70 (   +0.00)             0 (       0)           0  
##>context_based_simplify          START                      0 (  -nan)    214748364.70 (   +0.00)             0 (       0)              
##>                                  END                      0 (  -nan)    214748364.70 (   +0.00)             0 (       0)           0  
##>group_csa_final_adder_dp        START                      0 (  -nan)    214748364.70 (   +0.00)             0 (       0)              
##>                                  END                      0 (  -nan)    214748364.70 (   +0.00)             0 (       0)           0  
##>dpopt_flatten_critical_muxes_i  START                      0 (  -nan)    214748364.70 (   +0.00)             0 (       0)              
##>                                  END                      0 (  -nan)    214748364.70 (   +0.00)             0 (       0)           0  
##>create_score                    START                      0 (  -nan)    214748364.70 (   +0.00)             0 (       0)              
##>                                  END                      0 (  -nan)    214748364.70 (   +0.00)             0 (       0)           0  
##>+------------------------------------------------------------------------------------------------------------------------------------------------------------+
Committed config: CDN_DP_region_1_0_c7
Info    : Done implementing datapath configurations. [DPOPT-4]
        : Selected 'very_fast' configuration 7 for module 'CDN_DP_region_1_0'.
          Optimizations applied to 'very_fast' configuration:
            rewriting(0), factoring(0), sharing(0), cmultcse(0), downsizing(0), speculation(0)
Info    : Done optimizing datapath logic. [DPOPT-2]
        : Done optimizing datapath logic in 'sram_sp_16384d_36w_16m_8b'.
Number of big hc bmuxes after = 0
Starting logic reduction [v1.0] (stage: post_rtlopt, startdef: sram_sp_16384d_36w_16m_8b, recur: true)
Completed logic reduction (accepts: 0, rejects: 0, runtime: 0.000s)
Starting mux data reorder optimization [v1.0] (stage: post_rtlopt, startdef: sram_sp_16384d_36w_16m_8b, recur: true)
Completed mux data reorder optimization (accepts: 0, rejects: 0, runtime: 0.000s)
Starting mux speculation [v1.0] (stage: post_muxopt, startdef: sram_sp_16384d_36w_16m_8b, recur: true)
Starting speculation optimization
Completed speculation optimization (accepts:0)
Completed mux speculation (accepts: 0, rejects: 0, runtime: 0.004s)
==================================
Stage : to_generic 
==================================
  =================
   Message Summary
  =================
--------------------------------------------------------------------------------
|    Id    |  Sev   |Count |                   Message Text                    |
--------------------------------------------------------------------------------
| CDFG-500 |Info    |    1 |Unused module input port.                          |
|          |        |      |(In port definition within the module, the input p |
|          |        |      | ort is not used in any assignment statements or   |
|          |        |      | conditional expressions for decision statements.  |
| CDFG-738 |Info    |    1 |Common subexpression eliminated.                   |
| CDFG-739 |Info    |    1 |Common subexpression kept.                         |
| CWD-19   |Info    |    2 |An implementation was inferred.                    |
| DPOPT-1  |Info    |    1 |Optimizing datapath logic.                         |
| DPOPT-2  |Info    |    1 |Done optimizing datapath logic.                    |
| DPOPT-3  |Info    |    1 |Implementing datapath configurations.              |
| DPOPT-4  |Info    |    1 |Done implementing datapath configurations.         |
| DPOPT-6  |Info    |    1 |Pre-processed datapath logic.                      |
| ELAB-1   |Info    |    1 |Elaborating Design.                                |
| ELAB-2   |Info    |    1 |Elaborating Subdesign.                             |
| ELAB-3   |Info    |    1 |Done Elaborating Design.                           |
| LBR-12   |Warning |    1 |Found libraries with and without pg_pin construct. |
|          |        |      |This can lead to issues later in the flow.         |
| LBR-38   |Warning |    1 |Libraries have inconsistent nominal operating      |
|          |        |      | conditions. In the Liberty library, there are     |
|          |        |      | attributes called nom_voltage, nom_process and    |
|          |        |      | nom_temperature. Genus reports the message, if    |
|          |        |      | the respective values of the 2 given .libs        |
|          |        |      | differ.                                           |
|          |        |      |This is a common source of delay calculation       |
|          |        |      | confusion and should be avoided.                  |
| LBR-40   |Info    |    3 |An unsupported construct was detected in this      |
|          |        |      | library.                                          |
|          |        |      |Check to see if this construct is really needed    |
|          |        |      | for synthesis. Many liberty constructs are not    |
|          |        |      | actually required.                                |
| LBR-41   |Info    |   37 |An output library pin lacks a function attribute.  |
|          |        |      |If the remainder of this library cell's semantic   |
|          |        |      | checks are successful, it will be considered as a |
|          |        |      | timing-model                                      |
|          |        |      | (because one of its outputs does not have a valid |
|          |        |      | function.                                         |
| LBR-43   |Warning |  485 |Libcell has no area attribute.  Defaulting to 0    |
|          |        |      | area.                                             |
|          |        |      |Specify a valid area value for the libcell.        |
| LBR-155  |Info    |  248 |Mismatch in unateness between 'timing_sense'       |
|          |        |      | attribute and the function.                       |
|          |        |      |The 'timing_sense' attribute will be respected.    |
| LBR-161  |Info    |    1 |Setting the maximum print count of this message to |
|          |        |      | 10 if information_level is less than 9.           |
| LBR-162  |Info    |  124 |Both 'pos_unate' and 'neg_unate' timing_sense arcs |
|          |        |      | have been processed.                              |
|          |        |      |Setting the 'timing_sense' to non_unate.           |
| LBR-170  |Info    |   64 |Ignoring specified timing sense.                   |
|          |        |      |Timing sense should never be set with              |
|          |        |      | 'rising_edge' or 'falling_edge' timing type.      |
| LBR-412  |Info    |    2 |Created nominal operating condition.               |
|          |        |      |The nominal operating condition is represented,    |
|          |        |      | either by the nominal PVT values specified in the |
|          |        |      | library source                                    |
|          |        |      | (via nom_process,nom_voltage and nom_temperature  |
|          |        |      | respectively)                                     |
|          |        |      | , or by the default PVT values (1.0,1.0,1.0).     |
| LBR-516  |Info    |    1 |Missing library level attribute.                   |
| LBR-518  |Info    |    1 |Missing a function attribute in the output pin     |
|          |        |      | definition.                                       |
| PHYS-752 |Info    |    1 |Partition Based Synthesis execution skipped.       |
| SYNTH-1  |Info    |    1 |Synthesizing.                                      |
--------------------------------------------------------------------------------
Mapper: Libraries have:
	domain _default_: 324 combo usable cells and 126 sequential usable cells
Multi-threaded constant propagation [1|0] ...
Multi-threaded Virtual Mapping    (8 threads, 8 of 12 CPUs usable)
==================================
Stage : first_condense 
==================================
  =================
   Message Summary
  =================
--------------------------------------------------------------------------------
|   Id   |Sev  |Count |                     Message Text                       |
--------------------------------------------------------------------------------
| GLO-51 |Info |    2 |Hierarchical instance automatically ungrouped.          |
|        |     |      |Hierarchical instances can be automatically ungrouped   |
|        |     |      | to allow for better area or timing optimization. To    |
|        |     |      | prevent this ungroup, set the root-level attribute     |
|        |     |      | 'auto_ungroup' to 'none'. You can also prevent         |
|        |     |      | individual ungroup with setting the attribute          |
|        |     |      | 'ungroup_ok' of instances or modules to 'false'.       |
--------------------------------------------------------------------------------
 
Global mapping target info
==========================
Cost Group 'default' target slack: Unconstrained

PBS_Generic_Opt-Post - Elapsed_Time 0, CPU_Time 0.9613339999999999
stamp 'PBS_Generic_Opt-Post' being created for table 'pbs_debug'

  Total Time (Wall) |  Stage Time (Wall)  |   % (Wall)   |    Date - Time     |  Memory   | Stage
--------------------+---------------------+--------------+--------------------+-----------+----------------------
 00:00:04(00:00:03) |  00:00:00(00:00:00) |   0.0(  0.0) |    9:51:19 (May02) |  372.9 MB | PBS_Generic-Start
--------------------+---------------------+--------------+--------------------+-----------+----------------------
 00:00:04(00:00:03) |  00:00:00(00:00:00) | 100.0(  0.0) |    9:51:19 (May02) |  372.9 MB | PBS_Generic_Opt-Post
--------------------+---------------------+--------------+--------------------+-----------+----------------------
Number of threads: 8 * 1   (id: pbs_debug, time_info v1.57)
Info: (*N*) indicates data that was populated from previously saved time_info database
Info: CPU time includes time of parent + longest thread
PBS_Generic-Postgen HBO Optimizations - Elapsed_Time 0, CPU_Time 0.0
stamp 'PBS_Generic-Postgen HBO Optimizations' being created for table 'pbs_debug'

  Total Time (Wall) |  Stage Time (Wall)  |   % (Wall)   |    Date - Time     |  Memory   | Stage
--------------------+---------------------+--------------+--------------------+-----------+----------------------
 00:00:04(00:00:03) |  00:00:00(00:00:00) |   0.0(  0.0) |    9:51:19 (May02) |  372.9 MB | PBS_Generic-Start
--------------------+---------------------+--------------+--------------------+-----------+----------------------
 00:00:04(00:00:03) |  00:00:00(00:00:00) | 100.0(  0.0) |    9:51:19 (May02) |  372.9 MB | PBS_Generic_Opt-Post
--------------------+---------------------+--------------+--------------------+-----------+----------------------
 00:00:04(00:00:03) |  00:00:00(00:00:00) |   0.0(  0.0) |    9:51:19 (May02) |  372.9 MB | PBS_Generic-Postgen HBO Optimizations
--------------------+---------------------+--------------+--------------------+-----------+----------------------
Number of threads: 8 * 1   (id: pbs_debug, time_info v1.57)
Info: (*N*) indicates data that was populated from previously saved time_info database
Info: CPU time includes time of parent + longest thread
##>=================== Cadence Confidential (Generic-Logical) ===================
##>=================== Cadence Confidential (Generic-Logical) ===================
##>Main Thread Summary:
##>----------------------------------------------------------------------------------------
##>STEP                           Elapsed       WNS       TNS     Insts      Area    Memory
##>----------------------------------------------------------------------------------------
##>G:Initial                            0         -         -        48    249374       372
##>G:Setup                              0         -         -         -         -         -
##>G:Launch ST                          0         -         -         -         -         -
##>G:Design Partition                   0         -         -         -         -         -
##>G:Create Partition Netlists          0         -         -         -         -         -
##>G:Init Power                         0         -         -         -         -         -
##>G:Budgeting                          0         -         -         -         -         -
##>G:Derenv-DB                          0         -         -         -         -         -
##>G:Debug Outputs                      0         -         -         -         -         -
##>G:ST loading                         0         -         -         -         -         -
##>G:Distributed                        0         -         -         -         -         -
##>G:Timer                              0         -         -         -         -         -
##>G:Assembly                           0         -         -         -         -         -
##>G:DFT                                0         -         -         -         -         -
##>G:Const Prop                         0         -         -       114    249374       372
##>G:Misc                               0
##>----------------------------------------------------------------------------------------
##>Total Elapsed                        0
##>========================================================================================
Info    : Done synthesizing. [SYNTH-2]
        : Done synthesizing 'sram_sp_16384d_36w_16m_8b' to generic gates.
      flow.cputime  flow.realtime  timing.setup.tns  timing.setup.wns  snapshot
UM:*                                                                   syn_gen
@file(sram_16384.tcl) 12: syn_map
##Generic Timing Info for library domain: _default_ typical gate delay: 222.4 ps std_slew: 19.0 ps std_load: 2.2 fF
Info    : Mapping. [SYNTH-4]
        : Mapping 'sram_sp_16384d_36w_16m_8b' using 'high' effort.
Mapper: Libraries have:
	domain _default_: 324 combo usable cells and 126 sequential usable cells
Configuring mapper costing (none)
TNS Restructuring config: no_value at stage: map applied.
PBS_TechMap-Start - Elapsed_Time 0, CPU_Time 0.0
stamp 'PBS_TechMap-Start' being created for table 'pbs_debug'

  Total Time (Wall) |  Stage Time (Wall)  |   % (Wall)   |    Date - Time     |  Memory   | Stage
--------------------+---------------------+--------------+--------------------+-----------+----------------------
 00:00:04(00:00:03) |  00:00:00(00:00:00) |   0.0(  0.0) |    9:51:19 (May02) |  372.9 MB | PBS_Generic-Start
--------------------+---------------------+--------------+--------------------+-----------+----------------------
 00:00:04(00:00:03) |  00:00:00(00:00:00) | 100.0(  0.0) |    9:51:19 (May02) |  372.9 MB | PBS_Generic_Opt-Post
--------------------+---------------------+--------------+--------------------+-----------+----------------------
 00:00:04(00:00:03) |  00:00:00(00:00:00) |   0.0(  0.0) |    9:51:19 (May02) |  372.9 MB | PBS_Generic-Postgen HBO Optimizations
--------------------+---------------------+--------------+--------------------+-----------+----------------------
 00:00:04(00:00:03) |  00:00:00(00:00:00) |   0.0(  0.0) |    9:51:19 (May02) |  372.9 MB | PBS_TechMap-Start
--------------------+---------------------+--------------+--------------------+-----------+----------------------
Number of threads: 8 * 1   (id: pbs_debug, time_info v1.57)
Info: (*N*) indicates data that was populated from previously saved time_info database
Info: CPU time includes time of parent + longest thread
PBS_TechMap-Premap HBO Optimizations - Elapsed_Time 0, CPU_Time 0.0
stamp 'PBS_TechMap-Premap HBO Optimizations' being created for table 'pbs_debug'

  Total Time (Wall) |  Stage Time (Wall)  |   % (Wall)   |    Date - Time     |  Memory   | Stage
--------------------+---------------------+--------------+--------------------+-----------+----------------------
 00:00:04(00:00:03) |  00:00:00(00:00:00) |   0.0(  0.0) |    9:51:19 (May02) |  372.9 MB | PBS_Generic-Start
--------------------+---------------------+--------------+--------------------+-----------+----------------------
 00:00:04(00:00:03) |  00:00:00(00:00:00) | 100.0(  0.0) |    9:51:19 (May02) |  372.9 MB | PBS_Generic_Opt-Post
--------------------+---------------------+--------------+--------------------+-----------+----------------------
 00:00:04(00:00:03) |  00:00:00(00:00:00) |   0.0(  0.0) |    9:51:19 (May02) |  372.9 MB | PBS_Generic-Postgen HBO Optimizations
--------------------+---------------------+--------------+--------------------+-----------+----------------------
 00:00:04(00:00:03) |  00:00:00(00:00:00) |   0.0(  0.0) |    9:51:19 (May02) |  372.9 MB | PBS_TechMap-Start
--------------------+---------------------+--------------+--------------------+-----------+----------------------
 00:00:04(00:00:03) |  00:00:00(00:00:00) |   0.0(  0.0) |    9:51:19 (May02) |  372.9 MB | PBS_TechMap-Premap HBO Optimizations
--------------------+---------------------+--------------+--------------------+-----------+----------------------
Number of threads: 8 * 1   (id: pbs_debug, time_info v1.57)
Info: (*N*) indicates data that was populated from previously saved time_info database
Info: CPU time includes time of parent + longest thread
Info    : Partition Based Synthesis execution skipped. [PHYS-752]
        : Design size is less than the partition size '100000' for distributed mapping optimization to kick in.
Mapper: Libraries have:
	domain _default_: 324 combo usable cells and 126 sequential usable cells
Multi-threaded Virtual Mapping    (8 threads, 8 of 12 CPUs usable)
 
Global mapping target info
==========================
Cost Group 'default' target slack: Unconstrained

Multi-threaded Technology Mapping (8 threads, 8 of 12 CPUs usable)
 
Global mapping status
=====================
                                    Worst 
                           Total  Weighted
Operation                   Area  Neg Slk Worst Path
 global_map               249375        0  N/A

    Cost Group            Target    Slack    Diff.  Constr.
-----------------------------------------------------------
       default          unconst. unconst.              N.A. 

 
Global incremental target info
==============================
Cost Group 'default' target slack: Unconstrained

==================================
Stage : global_incr_map 
==================================
  =================
   Message Summary
  =================
-------------------------------------------------------------------------
|    Id    |Sev  |Count |                 Message Text                  |
-------------------------------------------------------------------------
| PA-7     |Info |    2 |Resetting power analysis results.              |
|          |     |      |All computed switching activities are removed. |
| PHYS-752 |Info |    1 |Partition Based Synthesis execution skipped.   |
| SYNTH-2  |Info |    1 |Done synthesizing.                             |
| SYNTH-4  |Info |    1 |Mapping.                                       |
-------------------------------------------------------------------------
 
Global incremental optimization status
======================================
                                    Worst 
                           Total  Weighted
Operation                   Area  Neg Slk Worst Path
 global_incr              249375        0  N/A

    Cost Group            Target    Slack    Diff.  Constr.
-----------------------------------------------------------
       default          unconst. unconst.              N.A. 

INFO: skipping constant propagation
PBS_Techmap-Global Mapping - Elapsed_Time 1, CPU_Time 0.9087370000000004
stamp 'PBS_Techmap-Global Mapping' being created for table 'pbs_debug'

  Total Time (Wall) |  Stage Time (Wall)  |   % (Wall)   |    Date - Time     |  Memory   | Stage
--------------------+---------------------+--------------+--------------------+-----------+----------------------
 00:00:04(00:00:03) |  00:00:00(00:00:00) |   0.0(  0.0) |    9:51:19 (May02) |  372.9 MB | PBS_Generic-Start
--------------------+---------------------+--------------+--------------------+-----------+----------------------
 00:00:04(00:00:03) |  00:00:00(00:00:00) |  51.4(  0.0) |    9:51:19 (May02) |  372.9 MB | PBS_Generic_Opt-Post
--------------------+---------------------+--------------+--------------------+-----------+----------------------
 00:00:04(00:00:03) |  00:00:00(00:00:00) |   0.0(  0.0) |    9:51:19 (May02) |  372.9 MB | PBS_Generic-Postgen HBO Optimizations
--------------------+---------------------+--------------+--------------------+-----------+----------------------
 00:00:04(00:00:03) |  00:00:00(00:00:00) |   0.0(  0.0) |    9:51:19 (May02) |  372.9 MB | PBS_TechMap-Start
--------------------+---------------------+--------------+--------------------+-----------+----------------------
 00:00:04(00:00:03) |  00:00:00(00:00:00) |   0.0(  0.0) |    9:51:19 (May02) |  372.9 MB | PBS_TechMap-Premap HBO Optimizations
--------------------+---------------------+--------------+--------------------+-----------+----------------------
 00:00:05(00:00:04) |  00:00:00(00:00:01) |  48.6(100.0) |    9:51:20 (May02) |  372.9 MB | PBS_Techmap-Global Mapping
--------------------+---------------------+--------------+--------------------+-----------+----------------------
Number of threads: 8 * 1   (id: pbs_debug, time_info v1.57)
Info: (*N*) indicates data that was populated from previously saved time_info database
Info: CPU time includes time of parent + longest thread
Info    : Command 'commit_power_intent' cannot proceed as there is no power intent loaded. [CPI-506]
        : Command 'commit_power_intent' requires a valid power_intent to be loaded.
Info    : Forcing flat compare. [CFM-212]
        : No hierarchies found in design.
Info    : Wrote formal verification information. [CFM-5]
        : Wrote 'fv/sram_sp_16384d_36w_16m_8b/fv_map.fv.json' for netlist 'fv/sram_sp_16384d_36w_16m_8b/fv_map.v.gz'.
Info    : Wrote dofile. [CFM-1]
        : Dofile is 'fv/sram_sp_16384d_36w_16m_8b/rtl_to_fv_map.do'.
        : Alias mapping flow is enabled.
PBS_TechMap-Datapath Postmap Operations - Elapsed_Time 0, CPU_Time 0.0
stamp 'PBS_TechMap-Datapath Postmap Operations' being created for table 'pbs_debug'

  Total Time (Wall) |  Stage Time (Wall)  |   % (Wall)   |    Date - Time     |  Memory   | Stage
--------------------+---------------------+--------------+--------------------+-----------+----------------------
 00:00:04(00:00:03) |  00:00:00(00:00:00) |   0.0(  0.0) |    9:51:19 (May02) |  372.9 MB | PBS_Generic-Start
--------------------+---------------------+--------------+--------------------+-----------+----------------------
 00:00:04(00:00:03) |  00:00:00(00:00:00) |  51.4(  0.0) |    9:51:19 (May02) |  372.9 MB | PBS_Generic_Opt-Post
--------------------+---------------------+--------------+--------------------+-----------+----------------------
 00:00:04(00:00:03) |  00:00:00(00:00:00) |   0.0(  0.0) |    9:51:19 (May02) |  372.9 MB | PBS_Generic-Postgen HBO Optimizations
--------------------+---------------------+--------------+--------------------+-----------+----------------------
 00:00:04(00:00:03) |  00:00:00(00:00:00) |   0.0(  0.0) |    9:51:19 (May02) |  372.9 MB | PBS_TechMap-Start
--------------------+---------------------+--------------+--------------------+-----------+----------------------
 00:00:04(00:00:03) |  00:00:00(00:00:00) |   0.0(  0.0) |    9:51:19 (May02) |  372.9 MB | PBS_TechMap-Premap HBO Optimizations
--------------------+---------------------+--------------+--------------------+-----------+----------------------
 00:00:05(00:00:04) |  00:00:00(00:00:01) |  48.6(100.0) |    9:51:20 (May02) |  372.9 MB | PBS_Techmap-Global Mapping
--------------------+---------------------+--------------+--------------------+-----------+----------------------
 00:00:05(00:00:04) |  00:00:00(00:00:00) |   0.0(  0.0) |    9:51:20 (May02) |  372.9 MB | PBS_TechMap-Datapath Postmap Operations
--------------------+---------------------+--------------+--------------------+-----------+----------------------
Number of threads: 8 * 1   (id: pbs_debug, time_info v1.57)
Info: (*N*) indicates data that was populated from previously saved time_info database
Info: CPU time includes time of parent + longest thread
PBS_TechMap-Postmap HBO Optimizations - Elapsed_Time 0, CPU_Time -0.0008319999999999439
stamp 'PBS_TechMap-Postmap HBO Optimizations' being created for table 'pbs_debug'

  Total Time (Wall) |  Stage Time (Wall)  |   % (Wall)   |    Date - Time     |  Memory   | Stage
--------------------+---------------------+--------------+--------------------+-----------+----------------------
 00:00:04(00:00:03) |  00:00:00(00:00:00) |   0.0(  0.0) |    9:51:19 (May02) |  372.9 MB | PBS_Generic-Start
--------------------+---------------------+--------------+--------------------+-----------+----------------------
 00:00:04(00:00:03) |  00:00:00(00:00:00) |  51.4(  0.0) |    9:51:19 (May02) |  372.9 MB | PBS_Generic_Opt-Post
--------------------+---------------------+--------------+--------------------+-----------+----------------------
 00:00:04(00:00:03) |  00:00:00(00:00:00) |   0.0(  0.0) |    9:51:19 (May02) |  372.9 MB | PBS_Generic-Postgen HBO Optimizations
--------------------+---------------------+--------------+--------------------+-----------+----------------------
 00:00:04(00:00:03) |  00:00:00(00:00:00) |   0.0(  0.0) |    9:51:19 (May02) |  372.9 MB | PBS_TechMap-Start
--------------------+---------------------+--------------+--------------------+-----------+----------------------
 00:00:04(00:00:03) |  00:00:00(00:00:00) |   0.0(  0.0) |    9:51:19 (May02) |  372.9 MB | PBS_TechMap-Premap HBO Optimizations
--------------------+---------------------+--------------+--------------------+-----------+----------------------
 00:00:05(00:00:04) |  00:00:00(00:00:01) |  48.6(100.0) |    9:51:20 (May02) |  372.9 MB | PBS_Techmap-Global Mapping
--------------------+---------------------+--------------+--------------------+-----------+----------------------
 00:00:05(00:00:04) |  00:00:00(00:00:00) |   0.0(  0.0) |    9:51:20 (May02) |  372.9 MB | PBS_TechMap-Datapath Postmap Operations
--------------------+---------------------+--------------+--------------------+-----------+----------------------
 00:00:05(00:00:04) |  00:00:00(00:00:00) |  -0.0(  0.0) |    9:51:20 (May02) |  372.9 MB | PBS_TechMap-Postmap HBO Optimizations
--------------------+---------------------+--------------+--------------------+-----------+----------------------
Number of threads: 8 * 1   (id: pbs_debug, time_info v1.57)
Info: (*N*) indicates data that was populated from previously saved time_info database
Info: CPU time includes time of parent + longest thread
 Doing ConstProp on design:sram_sp_16384d_36w_16m_8b ... 

IOPT-REDREM: Performing redundancy removal: Detected 0 redundant wires. CPU time 0.000 seconds.

PBS_TechMap-Postmap Clock Gating - Elapsed_Time 0, CPU_Time 0.0
stamp 'PBS_TechMap-Postmap Clock Gating' being created for table 'pbs_debug'

  Total Time (Wall) |  Stage Time (Wall)  |   % (Wall)   |    Date - Time     |  Memory   | Stage
--------------------+---------------------+--------------+--------------------+-----------+----------------------
 00:00:04(00:00:03) |  00:00:00(00:00:00) |   0.0(  0.0) |    9:51:19 (May02) |  372.9 MB | PBS_Generic-Start
--------------------+---------------------+--------------+--------------------+-----------+----------------------
 00:00:04(00:00:03) |  00:00:00(00:00:00) |  51.4(  0.0) |    9:51:19 (May02) |  372.9 MB | PBS_Generic_Opt-Post
--------------------+---------------------+--------------+--------------------+-----------+----------------------
 00:00:04(00:00:03) |  00:00:00(00:00:00) |   0.0(  0.0) |    9:51:19 (May02) |  372.9 MB | PBS_Generic-Postgen HBO Optimizations
--------------------+---------------------+--------------+--------------------+-----------+----------------------
 00:00:04(00:00:03) |  00:00:00(00:00:00) |   0.0(  0.0) |    9:51:19 (May02) |  372.9 MB | PBS_TechMap-Start
--------------------+---------------------+--------------+--------------------+-----------+----------------------
 00:00:04(00:00:03) |  00:00:00(00:00:00) |   0.0(  0.0) |    9:51:19 (May02) |  372.9 MB | PBS_TechMap-Premap HBO Optimizations
--------------------+---------------------+--------------+--------------------+-----------+----------------------
 00:00:05(00:00:04) |  00:00:00(00:00:01) |  48.6(100.0) |    9:51:20 (May02) |  372.9 MB | PBS_Techmap-Global Mapping
--------------------+---------------------+--------------+--------------------+-----------+----------------------
 00:00:05(00:00:04) |  00:00:00(00:00:00) |   0.0(  0.0) |    9:51:20 (May02) |  372.9 MB | PBS_TechMap-Datapath Postmap Operations
--------------------+---------------------+--------------+--------------------+-----------+----------------------
 00:00:05(00:00:04) |  00:00:00(00:00:00) |  -0.0(  0.0) |    9:51:20 (May02) |  372.9 MB | PBS_TechMap-Postmap HBO Optimizations
--------------------+---------------------+--------------+--------------------+-----------+----------------------
 00:00:05(00:00:04) |  00:00:00(00:00:00) |   0.0(  0.0) |    9:51:20 (May02) |  372.9 MB | PBS_TechMap-Postmap Clock Gating
--------------------+---------------------+--------------+--------------------+-----------+----------------------
Number of threads: 8 * 1   (id: pbs_debug, time_info v1.57)
Info: (*N*) indicates data that was populated from previously saved time_info database
Info: CPU time includes time of parent + longest thread
-------------------------------------------------------------------------------
 hi_fo_buf                249375        0         0         0        0        0

           Trick     Calls     Accepts   Attempts    Time(secs) 
-----------------------------------------------------------
       hi_fo_buf         0  (        0 /        0 )  0.00

 
Incremental optimization status
===============================
                                    Worst     Total - - - - DRC Totals - - - -
                           Total  Weighted     Neg      Max       Max     Max  
Operation                   Area  Neg Slk     Slack    Trans      Cap   Fanout 
 init_delay               249375        0         0         0        0        0

           Trick     Calls     Accepts   Attempts    Time(secs) 
-----------------------------------------------------------
       crit_upsz         0  (        0 /        0 )  0.00
    plc_bal_star         0  (        0 /        0 )  0.00
     drc_buftimb         0  (        0 /        0 )  0.00
          plc_st         0  (        0 /        0 )  0.00
    plc_st_fence         0  (        0 /        0 )  0.00
        plc_star         0  (        0 /        0 )  0.00
      plc_laf_st         0  (        0 /        0 )  0.00
 plc_laf_st_fence         0  (        0 /        0 )  0.00
     drc_buftims         0  (        0 /        0 )  0.00
            fopt         0  (        0 /        0 )  0.00
   plc_laf_lo_st         0  (        0 /        0 )  0.00
       plc_lo_st         0  (        0 /        0 )  0.00
        mb_split         0  (        0 /        0 )  0.00

 
Local TNS optimization status
=============================
                                    Worst     Total - - - - DRC Totals - - - -
                           Total  Weighted     Neg      Max       Max     Max  
Operation                   Area  Neg Slk     Slack    Trans      Cap   Fanout 
 init_tns                 249375        0         0         0        0        0

           Trick     Calls     Accepts   Attempts    Time(secs) 
-----------------------------------------------------------
    plc_bal_star         0  (        0 /        0 )  0.00
     drc_buftimb         0  (        0 /        0 )  0.00
     drc_buftims         0  (        0 /        0 )  0.00
       crit_upsz         0  (        0 /        0 )  0.00
   plc_laf_lo_st         0  (        0 /        0 )  0.00
       plc_lo_st         0  (        0 /        0 )  0.00
            fopt         0  (        0 /        0 )  0.00
       crit_dnsz         0  (        0 /        0 )  0.00
             dup         0  (        0 /        0 )  0.00
        setup_dn         0  (        0 /        0 )  0.00
        mb_split         0  (        0 /        0 )  0.00

PBS_TechMap-Postmap Cleanup - Elapsed_Time 0, CPU_Time -0.0003540000000006316
stamp 'PBS_TechMap-Postmap Cleanup' being created for table 'pbs_debug'

  Total Time (Wall) |  Stage Time (Wall)  |   % (Wall)   |    Date - Time     |  Memory   | Stage
--------------------+---------------------+--------------+--------------------+-----------+----------------------
 00:00:04(00:00:03) |  00:00:00(00:00:00) |   0.0(  0.0) |    9:51:19 (May02) |  372.9 MB | PBS_Generic-Start
--------------------+---------------------+--------------+--------------------+-----------+----------------------
 00:00:04(00:00:03) |  00:00:00(00:00:00) |  51.4(  0.0) |    9:51:19 (May02) |  372.9 MB | PBS_Generic_Opt-Post
--------------------+---------------------+--------------+--------------------+-----------+----------------------
 00:00:04(00:00:03) |  00:00:00(00:00:00) |   0.0(  0.0) |    9:51:19 (May02) |  372.9 MB | PBS_Generic-Postgen HBO Optimizations
--------------------+---------------------+--------------+--------------------+-----------+----------------------
 00:00:04(00:00:03) |  00:00:00(00:00:00) |   0.0(  0.0) |    9:51:19 (May02) |  372.9 MB | PBS_TechMap-Start
--------------------+---------------------+--------------+--------------------+-----------+----------------------
 00:00:04(00:00:03) |  00:00:00(00:00:00) |   0.0(  0.0) |    9:51:19 (May02) |  372.9 MB | PBS_TechMap-Premap HBO Optimizations
--------------------+---------------------+--------------+--------------------+-----------+----------------------
 00:00:05(00:00:04) |  00:00:00(00:00:01) |  48.6(100.0) |    9:51:20 (May02) |  372.9 MB | PBS_Techmap-Global Mapping
--------------------+---------------------+--------------+--------------------+-----------+----------------------
 00:00:05(00:00:04) |  00:00:00(00:00:00) |   0.0(  0.0) |    9:51:20 (May02) |  372.9 MB | PBS_TechMap-Datapath Postmap Operations
--------------------+---------------------+--------------+--------------------+-----------+----------------------
 00:00:05(00:00:04) |  00:00:00(00:00:00) |  -0.0(  0.0) |    9:51:20 (May02) |  372.9 MB | PBS_TechMap-Postmap HBO Optimizations
--------------------+---------------------+--------------+--------------------+-----------+----------------------
 00:00:05(00:00:04) |  00:00:00(00:00:00) |   0.0(  0.0) |    9:51:20 (May02) |  372.9 MB | PBS_TechMap-Postmap Clock Gating
--------------------+---------------------+--------------+--------------------+-----------+----------------------
 00:00:05(00:00:04) |  00:00:00(00:00:00) |  -0.0(  0.0) |    9:51:20 (May02) |  372.9 MB | PBS_TechMap-Postmap Cleanup
--------------------+---------------------+--------------+--------------------+-----------+----------------------
Number of threads: 8 * 1   (id: pbs_debug, time_info v1.57)
Info: (*N*) indicates data that was populated from previously saved time_info database
Info: CPU time includes time of parent + longest thread
PBS_Techmap-Post_MBCI - Elapsed_Time 0, CPU_Time 0.0
stamp 'PBS_Techmap-Post_MBCI' being created for table 'pbs_debug'

  Total Time (Wall) |  Stage Time (Wall)  |   % (Wall)   |    Date - Time     |  Memory   | Stage
--------------------+---------------------+--------------+--------------------+-----------+----------------------
 00:00:04(00:00:03) |  00:00:00(00:00:00) |   0.0(  0.0) |    9:51:19 (May02) |  372.9 MB | PBS_Generic-Start
--------------------+---------------------+--------------+--------------------+-----------+----------------------
 00:00:04(00:00:03) |  00:00:00(00:00:00) |  51.4(  0.0) |    9:51:19 (May02) |  372.9 MB | PBS_Generic_Opt-Post
--------------------+---------------------+--------------+--------------------+-----------+----------------------
 00:00:04(00:00:03) |  00:00:00(00:00:00) |   0.0(  0.0) |    9:51:19 (May02) |  372.9 MB | PBS_Generic-Postgen HBO Optimizations
--------------------+---------------------+--------------+--------------------+-----------+----------------------
 00:00:04(00:00:03) |  00:00:00(00:00:00) |   0.0(  0.0) |    9:51:19 (May02) |  372.9 MB | PBS_TechMap-Start
--------------------+---------------------+--------------+--------------------+-----------+----------------------
 00:00:04(00:00:03) |  00:00:00(00:00:00) |   0.0(  0.0) |    9:51:19 (May02) |  372.9 MB | PBS_TechMap-Premap HBO Optimizations
--------------------+---------------------+--------------+--------------------+-----------+----------------------
 00:00:05(00:00:04) |  00:00:00(00:00:01) |  48.6(100.0) |    9:51:20 (May02) |  372.9 MB | PBS_Techmap-Global Mapping
--------------------+---------------------+--------------+--------------------+-----------+----------------------
 00:00:05(00:00:04) |  00:00:00(00:00:00) |   0.0(  0.0) |    9:51:20 (May02) |  372.9 MB | PBS_TechMap-Datapath Postmap Operations
--------------------+---------------------+--------------+--------------------+-----------+----------------------
 00:00:05(00:00:04) |  00:00:00(00:00:00) |  -0.0(  0.0) |    9:51:20 (May02) |  372.9 MB | PBS_TechMap-Postmap HBO Optimizations
--------------------+---------------------+--------------+--------------------+-----------+----------------------
 00:00:05(00:00:04) |  00:00:00(00:00:00) |   0.0(  0.0) |    9:51:20 (May02) |  372.9 MB | PBS_TechMap-Postmap Clock Gating
--------------------+---------------------+--------------+--------------------+-----------+----------------------
 00:00:05(00:00:04) |  00:00:00(00:00:00) |  -0.0(  0.0) |    9:51:20 (May02) |  372.9 MB | PBS_TechMap-Postmap Cleanup
--------------------+---------------------+--------------+--------------------+-----------+----------------------
 00:00:05(00:00:04) |  00:00:00(00:00:00) |   0.0(  0.0) |    9:51:20 (May02) |  372.9 MB | PBS_Techmap-Post_MBCI
--------------------+---------------------+--------------+--------------------+-----------+----------------------
Number of threads: 8 * 1   (id: pbs_debug, time_info v1.57)
Info: (*N*) indicates data that was populated from previously saved time_info database
Info: CPU time includes time of parent + longest thread
##>=================== Cadence Confidential (Mapping-Logical) ===================
##>Main Thread Summary:
##>----------------------------------------------------------------------------------------
##>STEP                           Elapsed       WNS       TNS     Insts      Area    Memory
##>----------------------------------------------------------------------------------------
##>M:Initial                            0         -         -       114    249374       372
##>M:Pre Cleanup                        0         -         -       114    249374       372
##>M:Setup                              0         -         -         -         -         -
##>M:Launch ST                          0         -         -         -         -         -
##>M:Design Partition                   0         -         -         -         -         -
##>M:Create Partition Netlists          0         -         -         -         -         -
##>M:Init Power                         0         -         -         -         -         -
##>M:Budgeting                          0         -         -         -         -         -
##>M:Derenv-DB                          0         -         -         -         -         -
##>M:Debug Outputs                      0         -         -         -         -         -
##>M:ST loading                         0         -         -         -         -         -
##>M:Distributed                        0         -         -         -         -         -
##>M:Timer                              0         -         -         -         -         -
##>M:Assembly                           0         -         -         -         -         -
##>M:DFT                                0         -         -         -         -         -
##>M:DP Operations                      0         -         -        42    249374       372
##>M:Const Prop                         0         -         0        42    249374       372
##>M:Cleanup                            0         -         0        42    249374       372
##>M:MBCI                               0         -         -        42    249374       372
##>M:Const Gate Removal                 0         -         -         -         -         -
##>M:Misc                               1
##>----------------------------------------------------------------------------------------
##>Total Elapsed                        1
##>========================================================================================
Info    : Done mapping. [SYNTH-5]
        : Done mapping 'sram_sp_16384d_36w_16m_8b'.
      flow.cputime  flow.realtime  timing.setup.tns  timing.setup.wns  snapshot
UM:*                                                                   syn_map
@file(sram_16384.tcl) 13: syn_opt
Info    : Incrementally optimizing. [SYNTH-7]
        : Incrementally optimizing 'sram_sp_16384d_36w_16m_8b' using 'high' effort.
 
Incremental optimization status
===============================
                                    Worst     Total - - - - DRC Totals - - - -
                           Total  Weighted     Neg      Max       Max     Max  
Operation                   Area  Neg Slk     Slack    Trans      Cap   Fanout 
 init_iopt                249375        0         0         0        0        0
IOPT-REDREM: Performing redundancy removal: Detected 0 redundant wires. CPU time 0.000 seconds.

-------------------------------------------------------------------------------
 const_prop               249375        0         0         0        0        0
-------------------------------------------------------------------------------
 hi_fo_buf                249375        0         0         0        0        0

           Trick     Calls     Accepts   Attempts    Time(secs) 
-----------------------------------------------------------
       hi_fo_buf         0  (        0 /        0 )  0.00

 
Incremental optimization status
===============================
                                    Worst     Total - - - - DRC Totals - - - -
                           Total  Weighted     Neg      Max       Max     Max  
Operation                   Area  Neg Slk     Slack    Trans      Cap   Fanout 
 init_delay               249375        0         0         0        0        0

           Trick     Calls     Accepts   Attempts    Time(secs) 
-----------------------------------------------------------
        crit_msz         0  (        0 /        0 )  0.00
       crit_upsz         0  (        0 /        0 )  0.00
       crit_slew         0  (        0 /        0 )  0.00
        setup_dn         0  (        0 /        0 )  0.00
    plc_bal_star         0  (        0 /        0 )  0.00
     drc_buftimb         0  (        0 /        0 )  0.00
          plc_st         0  (        0 /        0 )  0.00
    plc_st_fence         0  (        0 /        0 )  0.00
        plc_star         0  (        0 /        0 )  0.00
      plc_laf_st         0  (        0 /        0 )  0.00
 plc_laf_st_fence         0  (        0 /        0 )  0.00
     drc_buftims         0  (        0 /        0 )  0.00
   plc_laf_lo_st         0  (        0 /        0 )  0.00
       plc_lo_st         0  (        0 /        0 )  0.00
            fopt         0  (        0 /        0 )  0.00
       crit_swap         0  (        0 /        0 )  0.00
       mux2_swap         0  (        0 /        0 )  0.00
       crit_dnsz         0  (        0 /        0 )  0.00
       load_swap         0  (        0 /        0 )  0.00
            fopt         0  (        0 /        0 )  0.00
        setup_dn         0  (        0 /        0 )  0.00
       load_isol         0  (        0 /        0 )  0.00
       load_isol         0  (        0 /        0 )  0.00
        move_for         0  (        0 /        0 )  0.00
        move_for         0  (        0 /        0 )  0.00
          rem_bi         0  (        0 /        0 )  0.00
         offload         0  (        0 /        0 )  0.00
          rem_bi         0  (        0 /        0 )  0.00
         offload         0  (        0 /        0 )  0.00
           phase         0  (        0 /        0 )  0.00
        in_phase         0  (        0 /        0 )  0.00
       merge_bit         0  (        0 /        0 )  0.00
     merge_idrvr         0  (        0 /        0 )  0.00
     merge_iload         0  (        0 /        0 )  0.00
    merge_idload         0  (        0 /        0 )  0.00
      merge_drvr         0  (        0 /        0 )  0.00
      merge_load         0  (        0 /        0 )  0.00
          decomp         0  (        0 /        0 )  0.00
        p_decomp         0  (        0 /        0 )  0.00
        levelize         0  (        0 /        0 )  0.00
        mb_split         0  (        0 /        0 )  0.00
             dup         0  (        0 /        0 )  0.00
      mux_retime         0  (        0 /        0 )  0.00
         buf2inv         0  (        0 /        0 )  0.00
             exp         0  (        0 /        0 )  0.00
       gate_deco         0  (        0 /        0 )  0.00
       gcomp_tim         0  (        0 /        0 )  0.00
  inv_pair_2_buf         0  (        0 /        0 )  0.00


           Trick     Calls     Accepts   Attempts    Time(secs) 
-----------------------------------------------------------
         crr_220         0  (        0 /        0 )  0.00
        crr_glob         0  (        0 /        0 )  0.00
         crr_200         0  (        0 /        0 )  0.00
        crr_glob         0  (        0 /        0 )  0.00
         crr_300         0  (        0 /        0 )  0.00
        crr_glob         0  (        0 /        0 )  0.00
         crr_400         0  (        0 /        0 )  0.00
        crr_glob         0  (        0 /        0 )  0.00
         crr_111         0  (        0 /        0 )  0.00
        crr_glob         0  (        0 /        0 )  0.00
         crr_210         0  (        0 /        0 )  0.00
        crr_glob         0  (        0 /        0 )  0.00
         crr_110         0  (        0 /        0 )  0.00
        crr_glob         0  (        0 /        0 )  0.00
         crr_101         0  (        0 /        0 )  0.00
        crr_glob         0  (        0 /        0 )  0.00
         crr_201         0  (        0 /        0 )  0.00
        crr_glob         0  (        0 /        0 )  0.00
         crr_211         0  (        0 /        0 )  0.00
        crr_glob         0  (        0 /        0 )  0.00
        crit_msz         0  (        0 /        0 )  0.00
       crit_upsz         0  (        0 /        0 )  0.00
       crit_slew         0  (        0 /        0 )  0.00
        setup_dn         0  (        0 /        0 )  0.00
    plc_bal_star         0  (        0 /        0 )  0.00
     drc_buftimb         0  (        0 /        0 )  0.00
          plc_st         0  (        0 /        0 )  0.00
    plc_st_fence         0  (        0 /        0 )  0.00
        plc_star         0  (        0 /        0 )  0.00
      plc_laf_st         0  (        0 /        0 )  0.00
 plc_laf_st_fence         0  (        0 /        0 )  0.00
     drc_buftims         0  (        0 /        0 )  0.00
       plc_lo_st         0  (        0 /        0 )  0.00
            fopt         0  (        0 /        0 )  0.00
       crit_swap         0  (        0 /        0 )  0.00
       mux2_swap         0  (        0 /        0 )  0.00
       crit_dnsz         0  (        0 /        0 )  0.00
       load_swap         0  (        0 /        0 )  0.00
            fopt         0  (        0 /        0 )  0.00
        setup_dn         0  (        0 /        0 )  0.00
       load_isol         0  (        0 /        0 )  0.00
       load_isol         0  (        0 /        0 )  0.00
        move_for         0  (        0 /        0 )  0.00
        move_for         0  (        0 /        0 )  0.00
          rem_bi         0  (        0 /        0 )  0.00
         offload         0  (        0 /        0 )  0.00
          rem_bi         0  (        0 /        0 )  0.00
         offload         0  (        0 /        0 )  0.00
       merge_bit         0  (        0 /        0 )  0.00
     merge_idrvr         0  (        0 /        0 )  0.00
     merge_iload         0  (        0 /        0 )  0.00
    merge_idload         0  (        0 /        0 )  0.00
      merge_drvr         0  (        0 /        0 )  0.00
      merge_load         0  (        0 /        0 )  0.00
           phase         0  (        0 /        0 )  0.00
          decomp         0  (        0 /        0 )  0.00
        p_decomp         0  (        0 /        0 )  0.00
        levelize         0  (        0 /        0 )  0.00
        mb_split         0  (        0 /        0 )  0.00
        in_phase         0  (        0 /        0 )  0.00
             dup         0  (        0 /        0 )  0.00
      mux_retime         0  (        0 /        0 )  0.00
         buf2inv         0  (        0 /        0 )  0.00
             exp         0  (        0 /        0 )  0.00
       gate_deco         0  (        0 /        0 )  0.00
       gcomp_tim         0  (        0 /        0 )  0.00
  inv_pair_2_buf         0  (        0 /        0 )  0.00
 init_drc                 249375        0         0         0        0        0

           Trick     Calls     Accepts   Attempts    Time(secs) 
-----------------------------------------------------------
          plc_st         0  (        0 /        0 )  0.00
        plc_star         0  (        0 /        0 )  0.00
        drc_bufs         0  (        0 /        0 )  0.00
        drc_fopt         0  (        0 /        0 )  0.00
        drc_bufb         0  (        0 /        0 )  0.00
      simple_buf         0  (        0 /        0 )  0.00
             dup         0  (        0 /        0 )  0.00
       crit_dnsz         0  (        0 /        0 )  0.00
       crit_upsz         0  (        0 /        0 )  0.00
       crit_slew         0  (        0 /        0 )  0.00


           Trick     Calls     Accepts   Attempts    Time(secs) 
-----------------------------------------------------------
          plc_st         0  (        0 /        0 )  0.00
        plc_star         0  (        0 /        0 )  0.00
      drc_buf_sp         0  (        0 /        0 )  0.00
        drc_bufs         0  (        0 /        0 )  0.00
        drc_fopt         0  (        0 /        0 )  0.00
        drc_bufb         0  (        0 /        0 )  0.00
      simple_buf         0  (        0 /        0 )  0.00
             dup         0  (        0 /        0 )  0.00
       crit_dnsz         0  (        0 /        0 )  0.00
       crit_upsz         0  (        0 /        0 )  0.00


           Trick     Calls     Accepts   Attempts    Time(secs) 
-----------------------------------------------------------
          plc_st         0  (        0 /        0 )  0.00
        plc_star         0  (        0 /        0 )  0.00
      drc_buf_sp         0  (        0 /        0 )  0.00
        drc_bufs         0  (        0 /        0 )  0.00
        drc_fopt         0  (        0 /        0 )  0.00
        drc_bufb         0  (        0 /        0 )  0.00
             dup         0  (        0 /        0 )  0.00
       crit_dnsz         0  (        0 /        0 )  0.00
       crit_upsz         0  (        0 /        0 )  0.00

 init_tns                 249375        0         0         0        0        0

           Trick     Calls     Accepts   Attempts    Time(secs) 
-----------------------------------------------------------
            fopt         0  (        0 /        0 )  0.00
    plc_bal_star         0  (        0 /        0 )  0.00
     drc_buftimb         0  (        0 /        0 )  0.00
     drc_buftims         0  (        0 /        0 )  0.00
        crit_msz         0  (        0 /        0 )  0.00
       crit_upsz         0  (        0 /        0 )  0.00
   plc_laf_lo_st         0  (        0 /        0 )  0.00
       plc_lo_st         0  (        0 /        0 )  0.00
       crit_swap         0  (        0 /        0 )  0.00
       mux2_swap         0  (        0 /        0 )  0.00
       crit_dnsz         0  (        0 /        0 )  0.00
       load_swap         0  (        0 /        0 )  0.00
            fopt         0  (        0 /        0 )  0.00
        setup_dn         0  (        0 /        0 )  0.00
       load_isol         0  (        0 /        0 )  0.00
       load_isol         0  (        0 /        0 )  0.00
        move_for         0  (        0 /        0 )  0.00
        move_for         0  (        0 /        0 )  0.00
          rem_bi         0  (        0 /        0 )  0.00
         offload         0  (        0 /        0 )  0.00
          rem_bi         0  (        0 /        0 )  0.00
         offload         0  (        0 /        0 )  0.00
       merge_bit         0  (        0 /        0 )  0.00
     merge_idrvr         0  (        0 /        0 )  0.00
     merge_iload         0  (        0 /        0 )  0.00
    merge_idload         0  (        0 /        0 )  0.00
      merge_drvr         0  (        0 /        0 )  0.00
      merge_load         0  (        0 /        0 )  0.00
           phase         0  (        0 /        0 )  0.00
          decomp         0  (        0 /        0 )  0.00
        p_decomp         0  (        0 /        0 )  0.00
        levelize         0  (        0 /        0 )  0.00
        mb_split         0  (        0 /        0 )  0.00
             dup         0  (        0 /        0 )  0.00
      mux_retime         0  (        0 /        0 )  0.00
       crr_local         0  (        0 /        0 )  0.00
         buf2inv         0  (        0 /        0 )  0.00

 init_area                249375        0         0         0        0        0

           Trick     Calls     Accepts   Attempts    Time(secs) 
-----------------------------------------------------------
           undup         0  (        0 /        0 )  0.00
         rem_buf         0  (        0 /        0 )  0.00
         rem_inv         0  (        0 /        0 )  0.00
        merge_bi         0  (        0 /        0 )  0.00
      rem_inv_qb         0  (        0 /        0 )  0.00
    seq_res_area         0  (        0 /        0 )  0.00
        io_phase         0  (        0 /        0 )  0.00
       gate_comp         0  (        0 /        0 )  0.00
       gcomp_mog         0  (        0 /        0 )  0.00
       glob_area         3  (        0 /        3 )  0.00
       area_down         0  (        0 /        0 )  0.00
      size_n_buf         0  (        0 /        0 )  0.00
  gate_deco_area         0  (        0 /        0 )  0.00
         rem_buf         0  (        0 /        0 )  0.00
         rem_inv         0  (        0 /        0 )  0.00
        merge_bi         0  (        0 /        0 )  0.00
      rem_inv_qb         0  (        0 /        0 )  0.00

 
Incremental optimization status
===============================
                                    Worst     Total - - - - DRC Totals - - - -
                           Total  Weighted     Neg      Max       Max     Max  
Operation                   Area  Neg Slk     Slack    Trans      Cap   Fanout 
 init_delay               249375        0         0         0        0        0

           Trick     Calls     Accepts   Attempts    Time(secs) 
-----------------------------------------------------------
        crit_msz         0  (        0 /        0 )  0.00
       crit_upsz         0  (        0 /        0 )  0.00
       crit_slew         0  (        0 /        0 )  0.00
        setup_dn         0  (        0 /        0 )  0.00
    plc_bal_star         0  (        0 /        0 )  0.00
     drc_buftimb         0  (        0 /        0 )  0.00
          plc_st         0  (        0 /        0 )  0.00
    plc_st_fence         0  (        0 /        0 )  0.00
        plc_star         0  (        0 /        0 )  0.00
      plc_laf_st         0  (        0 /        0 )  0.00
 plc_laf_st_fence         0  (        0 /        0 )  0.00
     drc_buftims         0  (        0 /        0 )  0.00
   plc_laf_lo_st         0  (        0 /        0 )  0.00
       plc_lo_st         0  (        0 /        0 )  0.00
            fopt         0  (        0 /        0 )  0.00
       crit_swap         0  (        0 /        0 )  0.00
       mux2_swap         0  (        0 /        0 )  0.00
       crit_dnsz         0  (        0 /        0 )  0.00
       load_swap         0  (        0 /        0 )  0.00
            fopt         0  (        0 /        0 )  0.00
        setup_dn         0  (        0 /        0 )  0.00
       load_isol         0  (        0 /        0 )  0.00
       load_isol         0  (        0 /        0 )  0.00
        move_for         0  (        0 /        0 )  0.00
        move_for         0  (        0 /        0 )  0.00
          rem_bi         0  (        0 /        0 )  0.00
         offload         0  (        0 /        0 )  0.00
          rem_bi         0  (        0 /        0 )  0.00
         offload         0  (        0 /        0 )  0.00
           phase         0  (        0 /        0 )  0.00
        in_phase         0  (        0 /        0 )  0.00
       merge_bit         0  (        0 /        0 )  0.00
     merge_idrvr         0  (        0 /        0 )  0.00
     merge_iload         0  (        0 /        0 )  0.00
    merge_idload         0  (        0 /        0 )  0.00
      merge_drvr         0  (        0 /        0 )  0.00
      merge_load         0  (        0 /        0 )  0.00
          decomp         0  (        0 /        0 )  0.00
        p_decomp         0  (        0 /        0 )  0.00
        levelize         0  (        0 /        0 )  0.00
        mb_split         0  (        0 /        0 )  0.00
             dup         0  (        0 /        0 )  0.00
      mux_retime         0  (        0 /        0 )  0.00
         buf2inv         0  (        0 /        0 )  0.00
             exp         0  (        0 /        0 )  0.00
       gate_deco         0  (        0 /        0 )  0.00
       gcomp_tim         0  (        0 /        0 )  0.00
  inv_pair_2_buf         0  (        0 /        0 )  0.00

 init_drc                 249375        0         0         0        0        0

           Trick     Calls     Accepts   Attempts    Time(secs) 
-----------------------------------------------------------
          plc_st         0  (        0 /        0 )  0.00
        plc_star         0  (        0 /        0 )  0.00
        drc_bufs         0  (        0 /        0 )  0.00
        drc_fopt         0  (        0 /        0 )  0.00
        drc_bufb         0  (        0 /        0 )  0.00
      simple_buf         0  (        0 /        0 )  0.00
             dup         0  (        0 /        0 )  0.00
       crit_dnsz         0  (        0 /        0 )  0.00
       crit_upsz         0  (        0 /        0 )  0.00
       crit_slew         0  (        0 /        0 )  0.00


           Trick     Calls     Accepts   Attempts    Time(secs) 
-----------------------------------------------------------
          plc_st         0  (        0 /        0 )  0.00
        plc_star         0  (        0 /        0 )  0.00
        drc_bufs         0  (        0 /        0 )  0.00
        drc_fopt         0  (        0 /        0 )  0.00
        drc_bufb         0  (        0 /        0 )  0.00
      simple_buf         0  (        0 /        0 )  0.00
             dup         0  (        0 /        0 )  0.00
       crit_dnsz         0  (        0 /        0 )  0.00
       crit_upsz         0  (        0 /        0 )  0.00


           Trick     Calls     Accepts   Attempts    Time(secs) 
-----------------------------------------------------------
          plc_st         0  (        0 /        0 )  0.00
        plc_star         0  (        0 /        0 )  0.00
        drc_bufs         0  (        0 /        0 )  0.00
        drc_fopt         0  (        0 /        0 )  0.00
        drc_bufb         0  (        0 /        0 )  0.00
             dup         0  (        0 /        0 )  0.00
       crit_dnsz         0  (        0 /        0 )  0.00
       crit_upsz         0  (        0 /        0 )  0.00

==================================
Stage : incr_opt 
==================================
  =================
   Message Summary
  =================
--------------------------------------------------------------------------------
|   Id    |Sev  |Count |                     Message Text                      |
--------------------------------------------------------------------------------
| CFM-1   |Info |    1 |Wrote dofile.                                          |
| CFM-5   |Info |    1 |Wrote formal verification information.                 |
| CFM-212 |Info |    1 |Forcing flat compare.                                  |
| CPI-506 |Info |    1 |Command 'commit_power_intent' cannot proceed as there  |
|         |     |      | is no power intent loaded.                            |
| PA-7    |Info |    4 |Resetting power analysis results.                      |
|         |     |      |All computed switching activities are removed.         |
| SYNTH-5 |Info |    1 |Done mapping.                                          |
| SYNTH-7 |Info |    1 |Incrementally optimizing.                              |
--------------------------------------------------------------------------------
Info    : Done incrementally optimizing. [SYNTH-8]
        : Done incrementally optimizing 'sram_sp_16384d_36w_16m_8b'.
      flow.cputime  flow.realtime  timing.setup.tns  timing.setup.wns  snapshot
UM:*                                                                   syn_opt
@file(sram_16384.tcl) 14: report_gates
============================================================
  Generated by:           Genus(TM) Synthesis Solution 20.11-s111_1
  Generated on:           May 02 2025  09:51:20 am
  Module:                 sram_sp_16384d_36w_16m_8b
  Technology libraries:   slow 
                          SPRAM_8192x36_min_SP 4.0
  Operating conditions:   slow (balanced_tree)
  Wireload mode:          segmented
  Area mode:              timing library
============================================================

                                     
     Gate      Instances     Area            Library         
-------------------------------------------------------------
CLKMX2X6              36       0.000    slow                 
NAND2BX4               3       0.000    slow                 
OR2X2                  1       0.000    slow                 
SPRAM_8192x36          2  249374.000    SPRAM_8192x36_min_SP 
-------------------------------------------------------------
total                 42  249374.000                         


*INFO : Above table contains 3 Lib-Cell having zero area.


       Library       Instances    Area    Instances % 
------------------------------------------------------
SPRAM_8192x36_min_SP         2 249374.000         4.8 
slow                        40      0.000        95.2 

                                           
     Type      Instances    Area    Area % 
-------------------------------------------
timing_model           2 249374.000  100.0 
logic                 40      0.000    0.0 
physical_cells         0      0.000    0.0 
-------------------------------------------
total                 42 249374.000  100.0 

@file(sram_16384.tcl) 15: write_hdl > sram_sp_16384d_36w_16m_8b.v
@file(sram_16384.tcl) 16: write_hdl

// Generated by Cadence Genus(TM) Synthesis Solution 20.11-s111_1
// Generated on: May  2 2025 09:51:20 IST (May  2 2025 04:21:20 UTC)

// Verification Directory fv/sram_sp_16384d_36w_16m_8b 

module sram_sp_16384d_36w_16m_8b(CLK, CEN, GWEN, A, D, WEN, Q);
  input CLK, CEN, GWEN;
  input [13:0] A;
  input [35:0] D, WEN;
  output [35:0] Q;
  wire CLK, CEN, GWEN;
  wire [13:0] A;
  wire [35:0] D, WEN;
  wire [35:0] Q;
  wire [35:0] q0;
  wire [35:0] q1;
  wire csb0, csb1, web0, web1;
  SPRAM_8192x36 u_bank0_my_sram(.CE (CLK), .OEB (1'b0), .CSB (csb0),
       .WEB (web0), .A (A[12:0]), .I (D), .O (q0));
  SPRAM_8192x36 u_bank1_my_sram(.CE (CLK), .OEB (1'b0), .CSB (csb1),
       .WEB (web1), .A (A[12:0]), .I (D), .O (q1));
  CLKMX2X6 g1049__2398(.A (q0[6]), .B (q1[6]), .S0 (A[13]), .Y (Q[6]));
  NAND2BX4 g1050__5107(.AN (csb1), .B (GWEN), .Y (web1));
  CLKMX2X6 g1051__6260(.A (q0[29]), .B (q1[29]), .S0 (A[13]), .Y
       (Q[29]));
  CLKMX2X6 g1052__4319(.A (q0[22]), .B (q1[22]), .S0 (A[13]), .Y
       (Q[22]));
  CLKMX2X6 g1053__8428(.A (q0[9]), .B (q1[9]), .S0 (A[13]), .Y (Q[9]));
  CLKMX2X6 g1054__5526(.A (q0[8]), .B (q1[8]), .S0 (A[13]), .Y (Q[8]));
  CLKMX2X6 g1055__6783(.A (q0[7]), .B (q1[7]), .S0 (A[13]), .Y (Q[7]));
  CLKMX2X6 g1056__3680(.A (q0[28]), .B (q1[28]), .S0 (A[13]), .Y
       (Q[28]));
  CLKMX2X6 g1057__1617(.A (q0[21]), .B (q1[21]), .S0 (A[13]), .Y
       (Q[21]));
  NAND2BX4 g1058__2802(.AN (csb0), .B (GWEN), .Y (web0));
  CLKMX2X6 g1059__1705(.A (q0[20]), .B (q1[20]), .S0 (A[13]), .Y
       (Q[20]));
  CLKMX2X6 g1060__5122(.A (q0[5]), .B (q1[5]), .S0 (A[13]), .Y (Q[5]));
  CLKMX2X6 g1061__8246(.A (q0[4]), .B (q1[4]), .S0 (A[13]), .Y (Q[4]));
  CLKMX2X6 g1062__7098(.A (q0[35]), .B (q1[35]), .S0 (A[13]), .Y
       (Q[35]));
  CLKMX2X6 g1063__6131(.A (q0[27]), .B (q1[27]), .S0 (A[13]), .Y
       (Q[27]));
  CLKMX2X6 g1064__1881(.A (q0[19]), .B (q1[19]), .S0 (A[13]), .Y
       (Q[19]));
  CLKMX2X6 g1065__5115(.A (q0[3]), .B (q1[3]), .S0 (A[13]), .Y (Q[3]));
  CLKMX2X6 g1066__7482(.A (q0[2]), .B (q1[2]), .S0 (A[13]), .Y (Q[2]));
  CLKMX2X6 g1067__4733(.A (q0[18]), .B (q1[18]), .S0 (A[13]), .Y
       (Q[18]));
  CLKMX2X6 g1068__6161(.A (q0[15]), .B (q1[15]), .S0 (A[13]), .Y
       (Q[15]));
  CLKMX2X6 g1069__9315(.A (q0[32]), .B (q1[32]), .S0 (A[13]), .Y
       (Q[32]));
  CLKMX2X6 g1070__9945(.A (q0[0]), .B (q1[0]), .S0 (A[13]), .Y (Q[0]));
  CLKMX2X6 g1071__2883(.A (q0[31]), .B (q1[31]), .S0 (A[13]), .Y
       (Q[31]));
  CLKMX2X6 g1072__2346(.A (q0[26]), .B (q1[26]), .S0 (A[13]), .Y
       (Q[26]));
  CLKMX2X6 g1073__1666(.A (q0[17]), .B (q1[17]), .S0 (A[13]), .Y
       (Q[17]));
  CLKMX2X6 g1074__7410(.A (q0[34]), .B (q1[34]), .S0 (A[13]), .Y
       (Q[34]));
  CLKMX2X6 g1075__6417(.A (q0[33]), .B (q1[33]), .S0 (A[13]), .Y
       (Q[33]));
  CLKMX2X6 g1076__5477(.A (q0[16]), .B (q1[16]), .S0 (A[13]), .Y
       (Q[16]));
  CLKMX2X6 g1077__2398(.A (q0[1]), .B (q1[1]), .S0 (A[13]), .Y (Q[1]));
  CLKMX2X6 g1078__5107(.A (q0[30]), .B (q1[30]), .S0 (A[13]), .Y
       (Q[30]));
  CLKMX2X6 g1079__6260(.A (q0[25]), .B (q1[25]), .S0 (A[13]), .Y
       (Q[25]));
  CLKMX2X6 g1080__4319(.A (q0[14]), .B (q1[14]), .S0 (A[13]), .Y
       (Q[14]));
  CLKMX2X6 g1081__8428(.A (q0[24]), .B (q1[24]), .S0 (A[13]), .Y
       (Q[24]));
  CLKMX2X6 g1082__5526(.A (q0[13]), .B (q1[13]), .S0 (A[13]), .Y
       (Q[13]));
  CLKMX2X6 g1083__6783(.A (q0[12]), .B (q1[12]), .S0 (A[13]), .Y
       (Q[12]));
  CLKMX2X6 g1084__3680(.A (q0[23]), .B (q1[23]), .S0 (A[13]), .Y
       (Q[23]));
  CLKMX2X6 g1085__1617(.A (q0[11]), .B (q1[11]), .S0 (A[13]), .Y
       (Q[11]));
  CLKMX2X6 g1086__2802(.A (q0[10]), .B (q1[10]), .S0 (A[13]), .Y
       (Q[10]));
  NAND2BX4 g1087__1705(.AN (CEN), .B (A[13]), .Y (csb1));
  OR2X2 g1088__5122(.A (A[13]), .B (CEN), .Y (csb0));
endmodule

#@ End verbose source ./sram_16384.tcl
WARNING: This version of the tool is 1466 days old.
