
Cadence Tempus(TM) Timing Signoff Solution.
Copyright 2020 Cadence Design Systems, Inc. All rights reserved worldwide.

Version:	v20.20-p001_1, built Wed Dec 2 16:07:28 PST 2020
Options:	
Date:		Mon Apr  7 15:13:24 2025
Host:		APL10.kletech.ac.in (x86_64 w/Linux 4.18.0-553.47.1.el8_10.x86_64) (6cores*12cpus*12th Gen Intel(R) Core(TM) i5-12500 18432KB)
OS:		Red Hat Enterprise Linux release 8.10 (Ootpa)

License:
		tpsxl	Tempus Timing Signoff Solution XL	20.2	checkout succeeded
		16 CPU jobs allowed with the current license(s). Use set_multi_cpu_usage to set your required CPU count.
Change the soft stacksize limit to 0.2%RAM (63 mbytes). Set global soft_stack_size_limit to change the value.
environment variable TMPDIR is '/tmp/ssv_tmpdir_27944_cCQW4G'.
Suppress "**WARN ..." messages.
<CMD> read_design /home/01fe21bec223/DFT/DFT/vorca/work/vorca.dat vorca
# Tempus Timing Signoff Solution 20.20-p001_1
# read_design
#  dir /home/01fe21bec223/DFT/DFT/vorca/work/vorca.dat vorca
**WARN: (IMPDC-3276):	set_use_elmore_delay_limit command is no longer supported. It will be ignored.
Set Default Input Pin Transition as 0.1 ps.
Loading design 'vorca' saved by 'Tempus' '20.20-p001_1' on 'Wed Apr 2 10:39:59 2025'.
#% Begin Load MMMC data ... (date=04/07 15:13:52, mem=721.0M)
Number of views requested 1 are allowed with the current licenses... continuing with set_analysis_view.
#% End Load MMMC data ... (date=04/07 15:13:52, total cpu=0:00:00.0, real=0:00:00.0, peak res=721.0M, current mem=720.5M)
default_emulate_early_rc_corner default_emulate_late_rc_corner default_emulate_rc_corner
Loading view definition file from /home/01fe21bec223/DFT/DFT/vorca/work/vorca.dat/viewDefinition.tcl
Reading default_emulate_libset_max timing library '/home/01fe21bec223/DFT/DFT/vorca/Tech_files/slow.lib' ...
Read 477 cells in library 'slow' 
*** End library_loading (cpu=0.00min, real=0.00min, mem=19.0M, fe_cpu=0.14min, fe_real=0.47min, fe_mem=720.6M) ***
#% Begin Load netlist data ... (date=04/07 15:13:52, mem=727.1M)
*** Begin netlist parsing (mem=720.6M) ***
Reading verilogBinary netlist '/home/01fe21bec223/DFT/DFT/vorca/work/vorca.dat/vorca.v.bin'

*** Memory Usage v#1 (Current mem = 882.688M, initial mem = 299.730M) ***
*** End netlist parsing (cpu=0:00:00.0, real=0:00:00.0, mem=882.7M) ***
#% End Load netlist data ... (date=04/07 15:13:52, total cpu=0:00:00.2, real=0:00:00.0, peak res=837.4M, current mem=828.1M)
Top level cell is vorca.
Starting consistency checks on late and early library sets of delay corner 'default_emulate_delay_corner'
late library set: default_emulate_libset_max
early library set: default_emulate_libset_min
Completed consistency checks. Status: Successful
Starting consistency checks on late and early library sets of delay corner 'default_emulate_delay_corner'
late library set: default_emulate_libset_max
early library set: default_emulate_libset_min
Completed consistency checks. Status: Successful
Building hierarchical netlist for Cell vorca ...
*** Netlist is unique.
** info: there are 479 modules.
** info: there are 1038 stdCell insts.

*** Memory Usage v#1 (Current mem = 1094.719M, initial mem = 299.730M) ***
Loading tempus db preserve file
Set Default Net Delay as 1000 ps.
Set Default Net Load as 0.5 pF. 
Set Default Input Pin Transition as 0.1 ps.
Loading preference file /home/01fe21bec223/DFT/DFT/vorca/work/vorca.dat/gui.pref.tcl ...
AAE_INFO: switching -siAware from false to true ...
/dev/null
Starting consistency checks on late and early library sets of delay corner 'default_emulate_delay_corner'
late library set: default_emulate_libset_max
early library set: default_emulate_libset_min
Completed consistency checks. Status: Successful
Total number of combinational cells: 316
Total number of sequential cells: 150
Total number of tristate cells: 10
Total number of level shifter cells: 0
Total number of power gating cells: 0
Total number of isolation cells: 0
Total number of power switch cells: 0
Total number of pulse generator cells: 0
Total number of always on buffers: 0
Total number of retention cells: 0
List of usable buffers: BUFX12 BUFX16 BUFX2 BUFX20 BUFX3 BUFX4 CLKBUFX12 CLKBUFX16 CLKBUFX2 CLKBUFX20 CLKBUFX4 CLKBUFX6 CLKBUFX8 BUFX8 CLKBUFX3 BUFX6
Total number of usable buffers: 16
List of unusable buffers:
Total number of unusable buffers: 0
List of usable inverters: CLKINVX1 CLKINVX12 CLKINVX16 CLKINVX2 CLKINVX20 CLKINVX3 CLKINVX4 CLKINVX6 INVX1 INVX12 INVX2 INVX3 CLKINVX8 INVX20 INVX4 INVX6 INVX16 INVXL INVX8
Total number of usable inverters: 19
List of unusable inverters:
Total number of unusable inverters: 0
List of identified usable delay cells: DLY1X4 DLY2X4 DLY3X4 DLY1X1 DLY4X1 DLY2X1 DLY4X4 DLY3X1
Total number of identified usable delay cells: 8
List of identified unusable delay cells:
Total number of identified unusable delay cells: 0
default_emulate_constraint_mode
#% Begin Load MMMC data post ... (date=04/07 15:13:53, mem=1144.8M)
#% End Load MMMC data post ... (date=04/07 15:13:53, total cpu=0:00:00.0, real=0:00:00.0, peak res=1144.8M, current mem=1144.8M)
Set Default Input Pin Transition as 0.1 ps.
Extraction setup Started 
Summary of Active RC-Corners : 
 
 Analysis View: default_emulate_view
    RC-Corner Name        : default_emulate_rc_corner
    RC-Corner Index       : 0
    RC-Corner Temperature : 125 Celsius
    RC-Corner Cap Table   : ''
    RC-Corner PostRoute Res Factor        : 1
    RC-Corner PostRoute Cap Factor        : 1
    RC-Corner PostRoute XCap Factor       : 1
#% Begin Load power constraints ... (date=04/07 15:13:53, mem=1146.4M)
#% End Load power constraints ... (date=04/07 15:13:53, total cpu=0:00:00.0, real=0:00:00.0, peak res=1146.9M, current mem=1146.9M)
default_emulate_delay_corner default_emulate_delay_corner_max default_emulate_delay_corner_min
#% Begin load AAE data ... (date=04/07 15:13:53, mem=1228.8M)
**WARN: (IMPESI-3468):	User needs to specify -equivalent_waveform_model propagation first before specifying -waveform_compression_mode accurate|clock_detailed .
AAE DB initialization (MEM=1426.5 CPU=0:00:00.0 REAL=0:00:00.0) 
/dev/null
/dev/null
#% End load AAE data ... (date=04/07 15:13:53, total cpu=0:00:00.2, real=0:00:00.0, peak res=1241.3M, current mem=1241.3M)
**WARN: (IMPCTE-107):	The following globals have been obsoleted since version 20.20-p001_1. They will be removed in the next release. 
timing_enable_default_delay_arc
Un-suppress "**WARN ..." messages.
Loading  (vorca)
Traverse HInst (vorca)
**ERROR: (TCLCMD-929):	Command foreach_in_collection exited: wrong # args: should be "puts ?-nonewline? ?channelId? string"

**ERROR: (TCLCMD-929):	Command foreach_in_collection exited: wrong # args: should be "puts ?-nonewline? ?channelId? string"

