============================================================
  Generated by:           Genus(TM) Synthesis Solution 20.11-s111_1
  Generated on:           Apr 26 2025  02:05:34 pm
  Module:                 cpu_sys_emep_top
  Technology libraries:   NangateOpenCellLibrary revision 1.0
                          rf_2p_136d_74w_1m_4b 1.1
                          rf_2p_256d_76w_1m_4b 1.1
                          rf_2p_512d_76w_2m_4b 1.1
                          sram_sp_16384d_36w_16m_8b 1.1
                          sram_sp_32768d_33w_16m_8b 1.1
                          sram_sp_512d_32w_4m_2b 1.1
                          slow 
  Operating conditions:   slow (balanced_tree)
  Wireload mode:          enclosed
  Area mode:              timing library
============================================================

                                                   
           Gate            Instances      Area                Library           
--------------------------------------------------------------------------------
AND2_X1                          180       191.520    NangateOpenCellLibrary    
AND2_X2                           42        44.688    NangateOpenCellLibrary    
AND2_X4                         9997     10636.808    NangateOpenCellLibrary    
AND3_X2                            5         6.650    NangateOpenCellLibrary    
AND3_X4                          562       747.460    NangateOpenCellLibrary    
AND4_X2                          595       949.620    NangateOpenCellLibrary    
AND4_X4                           26        41.496    NangateOpenCellLibrary    
AOI211_X1                       2251      2993.830    NangateOpenCellLibrary    
AOI211_X2                         22        29.260    NangateOpenCellLibrary    
AOI21_X1                        7542      8024.688    NangateOpenCellLibrary    
AOI21_X2                          51        54.264    NangateOpenCellLibrary    
AOI21_X4                           4         7.448    NangateOpenCellLibrary    
AOI221_X1                       6586     10511.256    NangateOpenCellLibrary    
AOI221_X2                        201       320.796    NangateOpenCellLibrary    
AOI222_X1                       5929     11039.798    NangateOpenCellLibrary    
AOI222_X2                        103       219.184    NangateOpenCellLibrary    
AOI22_X1                       18565     24691.450    NangateOpenCellLibrary    
AOI22_X2                          92       122.360    NangateOpenCellLibrary    
AOI22_X4                          67       160.398    NangateOpenCellLibrary    
BUF_X16                            4         6.384    NangateOpenCellLibrary    
BUF_X4                           273       217.854    NangateOpenCellLibrary    
BUF_X8                            25        26.600    NangateOpenCellLibrary    
CLKBUF_X2                          3         2.394    NangateOpenCellLibrary    
CLKBUF_X3                        179       142.842    NangateOpenCellLibrary    
DFFR_X1                           13        72.618    NangateOpenCellLibrary    
DFFR_X2                        47500    265335.000    NangateOpenCellLibrary    
DFFS_X1                            7        37.240    NangateOpenCellLibrary    
DFFS_X2                         2661     14156.520    NangateOpenCellLibrary    
DFF_X1                             1         4.522    NangateOpenCellLibrary    
DFF_X2                          4656     21054.432    NangateOpenCellLibrary    
FA_X1                            529      2251.424    NangateOpenCellLibrary    
HA_X1                           1162      3090.920    NangateOpenCellLibrary    
INV_X1                          1556       827.792    NangateOpenCellLibrary    
INV_X16                           41        54.530    NangateOpenCellLibrary    
INV_X2                         10220      5437.040    NangateOpenCellLibrary    
INV_X32                           19        40.432    NangateOpenCellLibrary    
INV_X4                         19237     10234.084    NangateOpenCellLibrary    
INV_X8                           121        96.558    NangateOpenCellLibrary    
MUX2_X1                          770      1433.740    NangateOpenCellLibrary    
MUX2_X2                         1722      3206.364    NangateOpenCellLibrary    
NAND2_X1                       21386     17066.028    NangateOpenCellLibrary    
NAND2_X2                         663       529.074    NangateOpenCellLibrary    
NAND2_X4                         126       167.580    NangateOpenCellLibrary    
NAND3_X1                        3902      4151.728    NangateOpenCellLibrary    
NAND3_X2                          61        64.904    NangateOpenCellLibrary    
NAND3_X4                          83       154.546    NangateOpenCellLibrary    
NAND4_X1                        4977      6619.410    NangateOpenCellLibrary    
NAND4_X2                          29        38.570    NangateOpenCellLibrary    
NAND4_X4                           2         4.788    NangateOpenCellLibrary    
NOR2_X1                        17674     14103.852    NangateOpenCellLibrary    
NOR2_X2                          983       784.434    NangateOpenCellLibrary    
NOR2_X4                           84       111.720    NangateOpenCellLibrary    
NOR3_X1                         2318      2466.352    NangateOpenCellLibrary    
NOR3_X2                           69        73.416    NangateOpenCellLibrary    
NOR3_X4                            4         7.448    NangateOpenCellLibrary    
NOR4_X1                         2237      2975.210    NangateOpenCellLibrary    
NOR4_X2                           27        35.910    NangateOpenCellLibrary    
OAI211_X1                       3147      4185.510    NangateOpenCellLibrary    
OAI211_X2                         67        89.110    NangateOpenCellLibrary    
OAI211_X4                          1         2.394    NangateOpenCellLibrary    
OAI21_X1                       17157     18255.048    NangateOpenCellLibrary    
OAI21_X2                         150       159.600    NangateOpenCellLibrary    
OAI21_X4                          14        26.068    NangateOpenCellLibrary    
OAI221_X1                       5861      9354.156    NangateOpenCellLibrary    
OAI221_X2                        311       496.356    NangateOpenCellLibrary    
OAI222_X1                       1620      3447.360    NangateOpenCellLibrary    
OAI222_X2                         62       131.936    NangateOpenCellLibrary    
OAI22_X1                        6445      8571.850    NangateOpenCellLibrary    
OAI22_X2                         113       150.290    NangateOpenCellLibrary    
OAI22_X4                          11        26.334    NangateOpenCellLibrary    
OAI33_X1                         254       472.948    NangateOpenCellLibrary    
OR2_X1                             2         2.128    NangateOpenCellLibrary    
OR2_X2                          1129      1201.256    NangateOpenCellLibrary    
OR2_X4                          3737      3976.168    NangateOpenCellLibrary    
OR3_X2                           471       626.430    NangateOpenCellLibrary    
OR3_X4                           629       836.570    NangateOpenCellLibrary    
OR4_X1                           910      1452.360    NangateOpenCellLibrary    
OR4_X4                             7        11.172    NangateOpenCellLibrary    
SDFFR_X1                           7        48.412    NangateOpenCellLibrary    
SDFFR_X2                        3062     21176.792    NangateOpenCellLibrary    
SDFFS_X2                          55       395.010    NangateOpenCellLibrary    
SDFF_X2                           68       416.024    NangateOpenCellLibrary    
TLATNTSCAX2                      109         0.000    slow                      
TLATNTSCAX6                     2401         0.000    slow                      
XNOR2_X1                        6720     10725.120    NangateOpenCellLibrary    
XNOR2_X2                         727      1160.292    NangateOpenCellLibrary    
XOR2_X1                        22276     35552.496    NangateOpenCellLibrary    
XOR2_X2                          237       378.252    NangateOpenCellLibrary    
rf_2p_136d_74w_1m_4b               8   8000000.000    rf_2p_136d_74w_1m_4b      
rf_2p_256d_76w_1m_4b               4   4000000.000    rf_2p_256d_76w_1m_4b      
rf_2p_512d_76w_2m_4b               4   4000000.000    rf_2p_512d_76w_2m_4b      
sram_sp_16384d_36w_16m_8b          4   4000000.000    sram_sp_16384d_36w_16m_8b 
sram_sp_32768d_33w_16m_8b          6   6000000.000    sram_sp_32768d_33w_16m_8b 
sram_sp_512d_32w_4m_2b             2   2000000.000    sram_sp_512d_32w_4m_2b    
--------------------------------------------------------------------------------
total                         275932  28571204.676                              


         Library          Instances     Area    Instances % 
------------------------------------------------------------
NangateOpenCellLibrary       273394  571204.676        99.1 
rf_2p_136d_74w_1m_4b              8 8000000.000         0.0 
rf_2p_256d_76w_1m_4b              4 4000000.000         0.0 
rf_2p_512d_76w_2m_4b              4 4000000.000         0.0 
slow                           2510       0.000         0.9 
sram_sp_16384d_36w_16m_8b         4 4000000.000         0.0 
sram_sp_32768d_33w_16m_8b         6 6000000.000         0.0 
sram_sp_512d_32w_4m_2b            2 2000000.000         0.0 

                                                           
            Type             Instances     Area     Area % 
-----------------------------------------------------------
timing_model                        28 28000000.000   98.0 
sequential                       58030   322696.570    1.1 
inverter                         31194    16690.436    0.1 
buffer                             484      396.074    0.0 
clock_gating_integrated_cell      2510        0.000    0.0 
logic                           183686   231421.596    0.8 
physical_cells                       0        0.000    0.0 
-----------------------------------------------------------
total                           275932 28571204.676  100.0 

