###############################################################
#  Generated by:      Cadence Tempus 20.20-p001_1
#  OS:                Linux x86_64(Host ID APL10.kletech.ac.in)
#  Generated on:      Mon Apr  7 11:27:50 2025
#  Design:            f32_data_reg_module
#  Command:           check_timing -verbose > ${reportDir}/check_timing.rpt
###############################################################
    -------------------------------------------------------------------------------  
                                 TIMING CHECK SUMMARY                                
    -------------------------------------------------------------------------------  
     Warning                            Warning Description              Number of   
                                                                         Warnings    
    -------------------------------------------------------------------------------  
    clock_expected           Clock not found where clock is expected    32
    no_drive                 No drive assertion                         68
    no_input_delay           No input delay assertion with respect to clock
                                                                        68
    uncons_endpoint          Unconstrained signal arriving at end point 98
    -------------------------------------------------------------------------------
    ------------------------------------------  
               TIMING CHECK DETAIL              
    ------------------------------------------  
     Pin                              Warning   
    ------------------------------------------  
    f32_data_reg_0_/CK               Clock not found where clock is expected
    f32_data_reg_1_/CK               Clock not found where clock is expected
    f32_data_reg_2_/CK               Clock not found where clock is expected
    f32_data_reg_3_/CK               Clock not found where clock is expected
    f32_data_reg_4_/CK               Clock not found where clock is expected
    f32_data_reg_5_/CK               Clock not found where clock is expected
    f32_data_reg_6_/CK               Clock not found where clock is expected
    f32_data_reg_7_/CK               Clock not found where clock is expected
    f32_data_reg_8_/CK               Clock not found where clock is expected
    f32_data_reg_9_/CK               Clock not found where clock is expected
    f32_data_reg_10_/CK              Clock not found where clock is expected
    f32_data_reg_11_/CK              Clock not found where clock is expected
    f32_data_reg_12_/CK              Clock not found where clock is expected
    f32_data_reg_13_/CK              Clock not found where clock is expected
    f32_data_reg_14_/CK              Clock not found where clock is expected
    f32_data_reg_15_/CK              Clock not found where clock is expected
    f32_data_reg_16_/CK              Clock not found where clock is expected
    f32_data_reg_17_/CK              Clock not found where clock is expected
    f32_data_reg_18_/CK              Clock not found where clock is expected
    f32_data_reg_19_/CK              Clock not found where clock is expected
    f32_data_reg_20_/CK              Clock not found where clock is expected
    f32_data_reg_21_/CK              Clock not found where clock is expected
    f32_data_reg_22_/CK              Clock not found where clock is expected
    f32_data_reg_23_/CK              Clock not found where clock is expected
    f32_data_reg_24_/CK              Clock not found where clock is expected
    f32_data_reg_25_/CK              Clock not found where clock is expected
    f32_data_reg_26_/CK              Clock not found where clock is expected
    f32_data_reg_27_/CK              Clock not found where clock is expected
    f32_data_reg_28_/CK              Clock not found where clock is expected
    f32_data_reg_29_/CK              Clock not found where clock is expected
    f32_data_reg_30_/CK              Clock not found where clock is expected
    f32_data_reg_31_/CK              Clock not found where clock is expected
    i_wr_data[31]                    No drive assertion
    i_wr_data[30]                    No drive assertion
    i_wr_data[29]                    No drive assertion
    i_wr_data[28]                    No drive assertion
    i_wr_data[27]                    No drive assertion
    i_wr_data[26]                    No drive assertion
    i_wr_data[25]                    No drive assertion
    i_wr_data[24]                    No drive assertion
    i_wr_data[23]                    No drive assertion
    i_wr_data[22]                    No drive assertion
    i_wr_data[21]                    No drive assertion
    i_wr_data[20]                    No drive assertion
    i_wr_data[19]                    No drive assertion
    i_wr_data[18]                    No drive assertion
    i_wr_data[17]                    No drive assertion
    i_wr_data[16]                    No drive assertion
    i_wr_data[15]                    No drive assertion
    i_wr_data[14]                    No drive assertion
    i_wr_data[13]                    No drive assertion
    i_wr_data[12]                    No drive assertion
    i_wr_data[11]                    No drive assertion
    i_wr_data[10]                    No drive assertion
    i_wr_data[9]                     No drive assertion
    i_wr_data[8]                     No drive assertion
    i_wr_data[7]                     No drive assertion
    i_wr_data[6]                     No drive assertion
    i_wr_data[5]                     No drive assertion
    i_wr_data[4]                     No drive assertion
    i_wr_data[3]                     No drive assertion
    i_wr_data[2]                     No drive assertion
    i_wr_data[1]                     No drive assertion
    i_wr_data[0]                     No drive assertion
    i_agg_su_count_a[31]             No drive assertion
    i_agg_su_count_a[30]             No drive assertion
    i_agg_su_count_a[29]             No drive assertion
    i_agg_su_count_a[28]             No drive assertion
    i_agg_su_count_a[27]             No drive assertion
    i_agg_su_count_a[26]             No drive assertion
    i_agg_su_count_a[25]             No drive assertion
    i_agg_su_count_a[24]             No drive assertion
    i_agg_su_count_a[23]             No drive assertion
    i_agg_su_count_a[22]             No drive assertion
    i_agg_su_count_a[21]             No drive assertion
    i_agg_su_count_a[20]             No drive assertion
    i_agg_su_count_a[19]             No drive assertion
    i_agg_su_count_a[18]             No drive assertion
    i_agg_su_count_a[17]             No drive assertion
    i_agg_su_count_a[16]             No drive assertion
    i_agg_su_count_a[15]             No drive assertion
    i_agg_su_count_a[14]             No drive assertion
    i_agg_su_count_a[13]             No drive assertion
    i_agg_su_count_a[12]             No drive assertion
    i_agg_su_count_a[11]             No drive assertion
    i_agg_su_count_a[10]             No drive assertion
    i_agg_su_count_a[9]              No drive assertion
    i_agg_su_count_a[8]              No drive assertion
    i_agg_su_count_a[7]              No drive assertion
    i_agg_su_count_a[6]              No drive assertion
    i_agg_su_count_a[5]              No drive assertion
    i_agg_su_count_a[4]              No drive assertion
    i_agg_su_count_a[3]              No drive assertion
    i_agg_su_count_a[2]              No drive assertion
    i_agg_su_count_a[1]              No drive assertion
    i_agg_su_count_a[0]              No drive assertion
    scan_enable                      No drive assertion
    net121977                        No drive assertion
    test_si1                         No drive assertion
    raw_scan_en                      No drive assertion
    i_wr_data[31]                    No input delay assertion with respect to clock
    i_wr_data[30]                    No input delay assertion with respect to clock
    i_wr_data[29]                    No input delay assertion with respect to clock
    i_wr_data[28]                    No input delay assertion with respect to clock
    i_wr_data[27]                    No input delay assertion with respect to clock
    i_wr_data[26]                    No input delay assertion with respect to clock
    i_wr_data[25]                    No input delay assertion with respect to clock
    i_wr_data[24]                    No input delay assertion with respect to clock
    i_wr_data[23]                    No input delay assertion with respect to clock
    i_wr_data[22]                    No input delay assertion with respect to clock
    i_wr_data[21]                    No input delay assertion with respect to clock
    i_wr_data[20]                    No input delay assertion with respect to clock
    i_wr_data[19]                    No input delay assertion with respect to clock
    i_wr_data[18]                    No input delay assertion with respect to clock
    i_wr_data[17]                    No input delay assertion with respect to clock
    i_wr_data[16]                    No input delay assertion with respect to clock
    i_wr_data[15]                    No input delay assertion with respect to clock
    i_wr_data[14]                    No input delay assertion with respect to clock
    i_wr_data[13]                    No input delay assertion with respect to clock
    i_wr_data[12]                    No input delay assertion with respect to clock
    i_wr_data[11]                    No input delay assertion with respect to clock
    i_wr_data[10]                    No input delay assertion with respect to clock
    i_wr_data[9]                     No input delay assertion with respect to clock
    i_wr_data[8]                     No input delay assertion with respect to clock
    i_wr_data[7]                     No input delay assertion with respect to clock
    i_wr_data[6]                     No input delay assertion with respect to clock
    i_wr_data[5]                     No input delay assertion with respect to clock
    i_wr_data[4]                     No input delay assertion with respect to clock
    i_wr_data[3]                     No input delay assertion with respect to clock
    i_wr_data[2]                     No input delay assertion with respect to clock
    i_wr_data[1]                     No input delay assertion with respect to clock
    i_wr_data[0]                     No input delay assertion with respect to clock
    i_agg_su_count_a[31]             No input delay assertion with respect to clock
    i_agg_su_count_a[30]             No input delay assertion with respect to clock
    i_agg_su_count_a[29]             No input delay assertion with respect to clock
    i_agg_su_count_a[28]             No input delay assertion with respect to clock
    i_agg_su_count_a[27]             No input delay assertion with respect to clock
    i_agg_su_count_a[26]             No input delay assertion with respect to clock
    i_agg_su_count_a[25]             No input delay assertion with respect to clock
    i_agg_su_count_a[24]             No input delay assertion with respect to clock
    i_agg_su_count_a[23]             No input delay assertion with respect to clock
    i_agg_su_count_a[22]             No input delay assertion with respect to clock
    i_agg_su_count_a[21]             No input delay assertion with respect to clock
    i_agg_su_count_a[20]             No input delay assertion with respect to clock
    i_agg_su_count_a[19]             No input delay assertion with respect to clock
    i_agg_su_count_a[18]             No input delay assertion with respect to clock
    i_agg_su_count_a[17]             No input delay assertion with respect to clock
    i_agg_su_count_a[16]             No input delay assertion with respect to clock
    i_agg_su_count_a[15]             No input delay assertion with respect to clock
    i_agg_su_count_a[14]             No input delay assertion with respect to clock
    i_agg_su_count_a[13]             No input delay assertion with respect to clock
    i_agg_su_count_a[12]             No input delay assertion with respect to clock
    i_agg_su_count_a[11]             No input delay assertion with respect to clock
    i_agg_su_count_a[10]             No input delay assertion with respect to clock
    i_agg_su_count_a[9]              No input delay assertion with respect to clock
    i_agg_su_count_a[8]              No input delay assertion with respect to clock
    i_agg_su_count_a[7]              No input delay assertion with respect to clock
    i_agg_su_count_a[6]              No input delay assertion with respect to clock
    i_agg_su_count_a[5]              No input delay assertion with respect to clock
    i_agg_su_count_a[4]              No input delay assertion with respect to clock
    i_agg_su_count_a[3]              No input delay assertion with respect to clock
    i_agg_su_count_a[2]              No input delay assertion with respect to clock
    i_agg_su_count_a[1]              No input delay assertion with respect to clock
    i_agg_su_count_a[0]              No input delay assertion with respect to clock
    scan_enable                      No input delay assertion with respect to clock
    net121977                        No input delay assertion with respect to clock
    test_si1                         No input delay assertion with respect to clock
    raw_scan_en                      No input delay assertion with respect to clock
    f32_data_reg_0_/D                Unconstrained signal arriving at end point
    f32_data_reg_0_/SE               Unconstrained signal arriving at end point
    f32_data_reg_0_/SI               Unconstrained signal arriving at end point
    f32_data_reg_1_/D                Unconstrained signal arriving at end point
    f32_data_reg_1_/SE               Unconstrained signal arriving at end point
    f32_data_reg_1_/SI               Unconstrained signal arriving at end point
    f32_data_reg_2_/D                Unconstrained signal arriving at end point
    f32_data_reg_2_/SE               Unconstrained signal arriving at end point
    f32_data_reg_2_/SI               Unconstrained signal arriving at end point
    f32_data_reg_3_/D                Unconstrained signal arriving at end point
    f32_data_reg_3_/SE               Unconstrained signal arriving at end point
    f32_data_reg_3_/SI               Unconstrained signal arriving at end point
    f32_data_reg_4_/D                Unconstrained signal arriving at end point
    f32_data_reg_4_/SE               Unconstrained signal arriving at end point
    f32_data_reg_4_/SI               Unconstrained signal arriving at end point
    f32_data_reg_5_/D                Unconstrained signal arriving at end point
    f32_data_reg_5_/SE               Unconstrained signal arriving at end point
    f32_data_reg_5_/SI               Unconstrained signal arriving at end point
    f32_data_reg_6_/D                Unconstrained signal arriving at end point
    f32_data_reg_6_/SE               Unconstrained signal arriving at end point
    f32_data_reg_6_/SI               Unconstrained signal arriving at end point
    f32_data_reg_7_/D                Unconstrained signal arriving at end point
    f32_data_reg_7_/SE               Unconstrained signal arriving at end point
    f32_data_reg_7_/SI               Unconstrained signal arriving at end point
    f32_data_reg_8_/D                Unconstrained signal arriving at end point
    f32_data_reg_8_/SE               Unconstrained signal arriving at end point
    f32_data_reg_8_/SI               Unconstrained signal arriving at end point
    f32_data_reg_9_/D                Unconstrained signal arriving at end point
    f32_data_reg_9_/SE               Unconstrained signal arriving at end point
    f32_data_reg_9_/SI               Unconstrained signal arriving at end point
    f32_data_reg_10_/D               Unconstrained signal arriving at end point
    f32_data_reg_10_/SE              Unconstrained signal arriving at end point
    f32_data_reg_10_/SI              Unconstrained signal arriving at end point
    f32_data_reg_11_/D               Unconstrained signal arriving at end point
    test_so1                         Unconstrained signal arriving at end point
    n_94_                            Unconstrained signal arriving at end point
    f32_data_reg_11_/SE              Unconstrained signal arriving at end point
    f32_data_reg_11_/SI              Unconstrained signal arriving at end point
    f32_data_reg_12_/D               Unconstrained signal arriving at end point
    f32_data_reg_12_/SE              Unconstrained signal arriving at end point
    f32_data_reg_12_/SI              Unconstrained signal arriving at end point
    f32_data_reg_13_/D               Unconstrained signal arriving at end point
    f32_data_reg_13_/SE              Unconstrained signal arriving at end point
    f32_data_reg_13_/SI              Unconstrained signal arriving at end point
    f32_data_reg_14_/D               Unconstrained signal arriving at end point
    f32_data_reg_14_/SE              Unconstrained signal arriving at end point
    f32_data_reg_14_/SI              Unconstrained signal arriving at end point
    f32_data_reg_15_/D               Unconstrained signal arriving at end point
    f32_data_reg_15_/SE              Unconstrained signal arriving at end point
    f32_data_reg_15_/SI              Unconstrained signal arriving at end point
    f32_data_reg_16_/D               Unconstrained signal arriving at end point
    f32_data_reg_16_/SE              Unconstrained signal arriving at end point
    f32_data_reg_16_/SI              Unconstrained signal arriving at end point
    f32_data_reg_17_/D               Unconstrained signal arriving at end point
    f32_data_reg_17_/SE              Unconstrained signal arriving at end point
    f32_data_reg_17_/SI              Unconstrained signal arriving at end point
    f32_data_reg_18_/D               Unconstrained signal arriving at end point
    f32_data_reg_18_/SE              Unconstrained signal arriving at end point
    f32_data_reg_18_/SI              Unconstrained signal arriving at end point
    f32_data_reg_19_/D               Unconstrained signal arriving at end point
    f32_data_reg_19_/SE              Unconstrained signal arriving at end point
    f32_data_reg_19_/SI              Unconstrained signal arriving at end point
    f32_data_reg_20_/D               Unconstrained signal arriving at end point
    f32_data_reg_20_/SE              Unconstrained signal arriving at end point
    f32_data_reg_20_/SI              Unconstrained signal arriving at end point
    f32_data_reg_21_/D               Unconstrained signal arriving at end point
    f32_data_reg_21_/SE              Unconstrained signal arriving at end point
    f32_data_reg_21_/SI              Unconstrained signal arriving at end point
    f32_data_reg_22_/D               Unconstrained signal arriving at end point
    f32_data_reg_22_/SE              Unconstrained signal arriving at end point
    f32_data_reg_22_/SI              Unconstrained signal arriving at end point
    f32_data_reg_23_/D               Unconstrained signal arriving at end point
    f32_data_reg_23_/SE              Unconstrained signal arriving at end point
    f32_data_reg_23_/SI              Unconstrained signal arriving at end point
    f32_data_reg_24_/D               Unconstrained signal arriving at end point
    f32_data_reg_24_/SE              Unconstrained signal arriving at end point
    f32_data_reg_24_/SI              Unconstrained signal arriving at end point
    f32_data_reg_25_/D               Unconstrained signal arriving at end point
    f32_data_reg_25_/SE              Unconstrained signal arriving at end point
    f32_data_reg_25_/SI              Unconstrained signal arriving at end point
    f32_data_reg_26_/D               Unconstrained signal arriving at end point
    f32_data_reg_26_/SE              Unconstrained signal arriving at end point
    f32_data_reg_26_/SI              Unconstrained signal arriving at end point
    f32_data_reg_27_/D               Unconstrained signal arriving at end point
    f32_data_reg_27_/SE              Unconstrained signal arriving at end point
    f32_data_reg_27_/SI              Unconstrained signal arriving at end point
    f32_data_reg_28_/D               Unconstrained signal arriving at end point
    f32_data_reg_28_/SE              Unconstrained signal arriving at end point
    f32_data_reg_28_/SI              Unconstrained signal arriving at end point
    f32_data_reg_29_/D               Unconstrained signal arriving at end point
    f32_data_reg_29_/SE              Unconstrained signal arriving at end point
    f32_data_reg_29_/SI              Unconstrained signal arriving at end point
    f32_data_reg_30_/D               Unconstrained signal arriving at end point
    f32_data_reg_30_/SE              Unconstrained signal arriving at end point
    f32_data_reg_30_/SI              Unconstrained signal arriving at end point
    f32_data_reg_31_/D               Unconstrained signal arriving at end point
    f32_data_reg_31_/SE              Unconstrained signal arriving at end point
    f32_data_reg_31_/SI              Unconstrained signal arriving at end point
    -----------------------------------------------------------------
