============================================================
  Generated by:           Genus(TM) Synthesis Solution 20.11-s111_1
  Generated on:           Apr 14 2025  04:46:52 pm
  Module:                 random_counter_lfsr
  Technology library:     NangateOpenCellLibrary revision 1.0
  Operating conditions:   slow 
  Interconnect mode:      global
  Area mode:              physical library
============================================================

                              Leakage  
  Gate    Instances   Area  Power (nW)          Library          
-----------------------------------------------------------------
DFFRS_X1          2  14.364     79.566    NangateOpenCellLibrary 
DFFRS_X2          3  21.546    133.116    NangateOpenCellLibrary 
INV_X1            1   0.532      2.077    NangateOpenCellLibrary 
NAND2_X1          5   3.990     16.047    NangateOpenCellLibrary 
OR2_X1            5   5.320     24.786    NangateOpenCellLibrary 
XOR2_X1           1   1.596      7.493    NangateOpenCellLibrary 
-----------------------------------------------------------------
total            17  47.348    263.087                           


                                         Leakage  Leakage 
     Type      Instances  Area  Area % Power (nW) Power % 
----------------------------------------------------------
sequential             5 35.910   75.8    212.682    80.8 
inverter               1  0.532    1.1      2.077     0.8 
logic                 11 10.906   23.0     48.327    18.4 
physical_cells         0  0.000    0.0      0.000     0.0 
----------------------------------------------------------
total                 17 47.348  100.0    263.087   100.0 

