============================================================
  Generated by:           Genus(TM) Synthesis Solution 20.11-s111_1
  Generated on:           Apr 14 2025  04:46:53 pm
  Module:                 random_counter_lfsr
  Operating conditions:   slow 
  Interconnect mode:      global
  Area mode:              physical library
============================================================


Path 1: MET (3972 ps) Setup Check with Pin u2_q_reg/CK->D
          Group: clk
     Startpoint: (R) u1_q_reg/CK
          Clock: (R) clk
       Endpoint: (F) u2_q_reg/D
          Clock: (R) clk

                     Capture       Launch     
        Clock Edge:+    5000            0     
       Src Latency:+       0            0     
       Net Latency:+       0 (I)        0 (I) 
           Arrival:=    5000            0     
                                              
             Setup:-     264                  
     Required Time:=    4736                  
      Launch Clock:-       0                  
         Data Path:-     764                  
             Slack:=    3972                  

#---------------------------------------------------------------------------------------
# Timing Point   Flags   Arc   Edge   Cell     Fanout Load Trans Delay Arrival Instance 
#                                                     (fF)  (ps)  (ps)   (ps)  Location 
#---------------------------------------------------------------------------------------
  u1_q_reg/CK    -       -     R     (arrival)      5    -     0     0       0    (-,-) 
  u1_q_reg/Q     -       CK->Q F     DFFRS_X1       2  1.4    38   498     498    (-,-) 
  g128__2398/Z   -       B->Z  F     XOR2_X1        1  1.0    54   266     764    (-,-) 
  u2_q_reg/D     -       -     F     DFFRS_X1       1    -     -     0     764    (-,-) 
#---------------------------------------------------------------------------------------

