============================================================
  Generated by:           Genus(TM) Synthesis Solution 20.11-s111_1
  Generated on:           Apr 14 2025  04:46:53 pm
  Module:                 random_counter_lfsr
  Operating conditions:   slow 
  Interconnect mode:      global
  Area mode:              physical library
============================================================


Path 1: MET (3972 ps) Setup Check with Pin u2_q_reg/CK->D
          Group: clk
     Startpoint: (R) u1_q_reg/CK
          Clock: (R) clk
       Endpoint: (F) u2_q_reg/D
          Clock: (R) clk

                     Capture       Launch     
        Clock Edge:+    5000            0     
       Src Latency:+       0            0     
       Net Latency:+       0 (I)        0 (I) 
           Arrival:=    5000            0     
                                              
             Setup:-     264                  
     Required Time:=    4736                  
      Launch Clock:-       0                  
         Data Path:-     764                  
             Slack:=    3972                  

#---------------------------------------------------------------------------------------
# Timing Point   Flags   Arc   Edge   Cell     Fanout Load Trans Delay Arrival Instance 
#                                                     (fF)  (ps)  (ps)   (ps)  Location 
#---------------------------------------------------------------------------------------
  u1_q_reg/CK    -       -     R     (arrival)      5    -     0     0       0    (-,-) 
  u1_q_reg/Q     -       CK->Q F     DFFRS_X1       2  1.4    38   498     498    (-,-) 
  g128__2398/Z   -       B->Z  F     XOR2_X1        1  1.0    54   266     764    (-,-) 
  u2_q_reg/D     -       -     F     DFFRS_X1       1    -     -     0     764    (-,-) 
#---------------------------------------------------------------------------------------



Path 2: MET (4246 ps) Setup Check with Pin u0_q_reg/CK->D
          Group: clk
     Startpoint: (R) u4_q_reg/CK
          Clock: (R) clk
       Endpoint: (F) u0_q_reg/D
          Clock: (R) clk

                     Capture       Launch     
        Clock Edge:+    5000            0     
       Src Latency:+       0            0     
       Net Latency:+       0 (I)        0 (I) 
           Arrival:=    5000            0     
                                              
             Setup:-     260                  
     Required Time:=    4740                  
      Launch Clock:-       0                  
         Data Path:-     494                  
             Slack:=    4246                  

#---------------------------------------------------------------------------------------
# Timing Point   Flags   Arc   Edge   Cell     Fanout Load Trans Delay Arrival Instance 
#                                                     (fF)  (ps)  (ps)   (ps)  Location 
#---------------------------------------------------------------------------------------
  u4_q_reg/CK    -       -     R     (arrival)      5    -     0     0       0    (-,-) 
  u4_q_reg/Q     -       CK->Q F     DFFRS_X2       3  2.1    33   494     494    (-,-) 
  u0_q_reg/D     -       -     F     DFFRS_X2       3    -     -     0     494    (-,-) 
#---------------------------------------------------------------------------------------



Path 3: MET (4251 ps) Setup Check with Pin u3_q_reg/CK->D
          Group: clk
     Startpoint: (R) u2_q_reg/CK
          Clock: (R) clk
       Endpoint: (F) u3_q_reg/D
          Clock: (R) clk

                     Capture       Launch     
        Clock Edge:+    5000            0     
       Src Latency:+       0            0     
       Net Latency:+       0 (I)        0 (I) 
           Arrival:=    5000            0     
                                              
             Setup:-     260                  
     Required Time:=    4740                  
      Launch Clock:-       0                  
         Data Path:-     489                  
             Slack:=    4251                  

#---------------------------------------------------------------------------------------
# Timing Point   Flags   Arc   Edge   Cell     Fanout Load Trans Delay Arrival Instance 
#                                                     (fF)  (ps)  (ps)   (ps)  Location 
#---------------------------------------------------------------------------------------
  u2_q_reg/CK    -       -     R     (arrival)      5    -     0     0       0    (-,-) 
  u2_q_reg/Q     -       CK->Q F     DFFRS_X1       2  1.0    34   489     489    (-,-) 
  u3_q_reg/D     -       -     F     DFFRS_X2       2    -     -     0     489    (-,-) 
#---------------------------------------------------------------------------------------



Path 4: MET (4263 ps) Setup Check with Pin u4_q_reg/CK->D
          Group: clk
     Startpoint: (R) u3_q_reg/CK
          Clock: (R) clk
       Endpoint: (F) u4_q_reg/D
          Clock: (R) clk

                     Capture       Launch     
        Clock Edge:+    5000            0     
       Src Latency:+       0            0     
       Net Latency:+       0 (I)        0 (I) 
           Arrival:=    5000            0     
                                              
             Setup:-     257                  
     Required Time:=    4743                  
      Launch Clock:-       0                  
         Data Path:-     480                  
             Slack:=    4263                  

#---------------------------------------------------------------------------------------
# Timing Point   Flags   Arc   Edge   Cell     Fanout Load Trans Delay Arrival Instance 
#                                                     (fF)  (ps)  (ps)   (ps)  Location 
#---------------------------------------------------------------------------------------
  u3_q_reg/CK    -       -     R     (arrival)      5    -     0     0       0    (-,-) 
  u3_q_reg/Q     -       CK->Q F     DFFRS_X2       2  1.0    26   480     480    (-,-) 
  u4_q_reg/D     -       -     F     DFFRS_X2       2    -     -     0     480    (-,-) 
#---------------------------------------------------------------------------------------



Path 5: MET (4267 ps) Setup Check with Pin u1_q_reg/CK->D
          Group: clk
     Startpoint: (R) u0_q_reg/CK
          Clock: (R) clk
       Endpoint: (F) u1_q_reg/D
          Clock: (R) clk

                     Capture       Launch     
        Clock Edge:+    5000            0     
       Src Latency:+       0            0     
       Net Latency:+       0 (I)        0 (I) 
           Arrival:=    5000            0     
                                              
             Setup:-     252                  
     Required Time:=    4748                  
      Launch Clock:-       0                  
         Data Path:-     481                  
             Slack:=    4267                  

#---------------------------------------------------------------------------------------
# Timing Point   Flags   Arc   Edge   Cell     Fanout Load Trans Delay Arrival Instance 
#                                                     (fF)  (ps)  (ps)   (ps)  Location 
#---------------------------------------------------------------------------------------
  u0_q_reg/CK    -       -     R     (arrival)      5    -     0     0       0    (-,-) 
  u0_q_reg/Q     -       CK->Q F     DFFRS_X2       2  1.1    27   481     481    (-,-) 
  u1_q_reg/D     -       -     F     DFFRS_X1       2    -     -     0     481    (-,-) 
#---------------------------------------------------------------------------------------

Some unconstrained paths have not been displayed.
Use -unconstrained or set the root attribute 'timing_report_unconstrained' to 'true' to see only these unconstrained paths.

