============================================================
  Generated by:           Genus(TM) Synthesis Solution 20.11-s111_1
  Generated on:           Apr 14 2025  04:46:55 pm
  Module:                 random_counter_lfsr
  Operating conditions:   slow 
  Interconnect mode:      global
  Area mode:              physical library
============================================================

Timing
--------

Clock Period 
-------------
clk   5000.0 


  Cost    Critical         Violating 
 Group   Path Slack  TNS     Paths   
-------------------------------------
clk          3971.5   0.0          0 
default    No paths   0.0            
-------------------------------------
Total                 0.0          0 

Instance Count
--------------
Leaf Instance Count             17 
Physical Instance count          0 
Sequential Instance Count        5 
Combinational Instance Count    12 
Hierarchical Instance Count      0 

Area
----
Cell Area                          47.348
Physical Cell Area                 0.000
Total Cell Area (Cell+Physical)    47.348
Net Area                           18.419
Total Area (Cell+Physical+Net)     65.767

Runtime                            0.0 seconds
Elapsed Runtime                    11 seconds
Genus peak memory usage            1060.51 
Innovus peak memory usage          no_value 
Hostname                           localhost
