
********************************************************************************
*                                                                              *
*                                 memlibCertify                                *
*                               Version: 2022.4                                *
*                                                                              *
********************************************************************************

Command-line: 

  /siemens/bin/memlibc  \
    -memLib DPRAM_512x24.memlib  \
    -extension v:vg  \
    -simModelFile /jk/SCLPDK_V3.0_KIT/scl180/memory/dpram/6M1L/DPRAM_512x24/DPRAM_512x24.v  \
    -tshell  \
    -verilogOptionFile ../VerilogOptions

  -Found memory template: [DPRAM_512x24]
  -MemoryType : sram
  -CellName : DPRAM_512x24
  -OperationSet : Sync
  -Memory algorithm : SMARCH

Generating MemoryBist configuration files
Generating Tessent Shell Do Files

Info: Type 'make all' to execute the memory library certification process
      or execute the particular certification process phases with
        make gen       # Create/Process DFT specification
        make testbench # Create/Process Patterns specification
        make sim_rtl   # Run testbench simulations
