Cadence Genus(TM) Synthesis Solution.
Copyright 2021 Cadence Design Systems, Inc. All rights reserved worldwide.
Cadence and the Cadence logo are registered trademarks and Genus is a trademark
of Cadence Design Systems, Inc. in the United States and other countries.

Version: 20.11-s111_1, built Mon Apr 26 02:27:38 PDT 2021
Options: -files dram_256d.tcl 
Date:    Thu May 01 15:49:23 2025
Host:    APL10.kletech.ac.in (x86_64 w/Linux 4.18.0-553.47.1.el8_10.x86_64) (6cores*12cpus*1physical cpu*12th Gen Intel(R) Core(TM) i5-12500 18432KB) (32336164KB)
PID:     199672
OS:      Red Hat Enterprise Linux release 8.10 (Ootpa)

Checkout succeeded: Genus_Synthesis/EF29107615D411912BD3
	License file: 5280@14.139.1.126
	License Server: 5280@14.139.1.126
Checking out license: Genus_Synthesis


***********************************************************************************************************
***********************************************************************************************************



Loading tool scripts...
Finished loading tool scripts (4 seconds elapsed).

#@ Processing -files option
@genus 1> source dram_256d.tcl
#@ Begin verbose source ./dram_256d.tcl
@file(dram_256d.tcl) 1: read_hdl ../../RTL/RTL/rf_2p_256d_76w_1m_4b.v
@file(dram_256d.tcl) 2: read_lib {../../TECHFILES/slow.lib ../../TECHFILES/memories/rd3_256x8_ss_1p62v_125c.lib}

Threads Configured:6
Warning : Missing sequential block in the sequential cell. [LBR-526]
        : Sequential block (ff/ff_bank/latch/latch_bank) missing in cell(s) 'rd3_256x8'. This may cause potential problems with results of downstream tools (File /home/01fe21bec223/DFT_TESSENT/GENUS/work_cpusys/dram_256d/../../TECHFILES/memories/rd3_256x8_ss_1p62v_125c.lib)

  Message Summary for Library both libraries:
  *******************************************
  Missing sequential block in the sequential cell. [LBR-526]: 1
  Missing a function attribute in the output pin definition. [LBR-518]: 1
  Missing library level attribute. [LBR-516]: 1
  An unsupported construct was detected in this library. [LBR-40]: 1
  *******************************************
 
Warning : Libraries have inconsistent nominal operating conditions. In the Liberty library, there are attributes called nom_voltage, nom_process and nom_temperature. Genus reports the message, if the respective values of the 2 given .libs differ. [LBR-38]
        : The libraries are 'slow' and 'rd3_256x8_ss_1p62v_125c'.
        : This is a common source of delay calculation confusion and should be avoided.
Info    : Created nominal operating condition. [LBR-412]
        : Operating condition '_nominal_' was created for the PVT values (1.000000, 1.080000, 125.000000) in library 'slow.lib'.
        : The nominal operating condition is represented, either by the nominal PVT values specified in the library source (via nom_process,nom_voltage and nom_temperature respectively), or by the default PVT values (1.0,1.0,1.0).
Info    : Created nominal operating condition. [LBR-412]
        : Operating condition '_nominal_' was created for the PVT values (1.000000, 1.620000, 125.000000) in library 'rd3_256x8_ss_1p62v_125c.lib'.
Warning : Libcell has no area attribute.  Defaulting to 0 area. [LBR-43]
        : Assigning 0 area to library cell 'rd3_256x8_ss_1p62v_125c/rd3_256x8'.
        : Specify a valid area value for the libcell.
Warning : Libcell has no area attribute.  Defaulting to 0 area. [LBR-43]
        : Assigning 0 area to library cell 'slow/ADDFHX2'.
Warning : Libcell has no area attribute.  Defaulting to 0 area. [LBR-43]
        : Assigning 0 area to library cell 'slow/ADDFHX4'.
Warning : Libcell has no area attribute.  Defaulting to 0 area. [LBR-43]
        : Assigning 0 area to library cell 'slow/ADDFHXL'.
Warning : Libcell has no area attribute.  Defaulting to 0 area. [LBR-43]
        : Assigning 0 area to library cell 'slow/ADDFXL'.
Warning : Libcell has no area attribute.  Defaulting to 0 area. [LBR-43]
        : Assigning 0 area to library cell 'slow/ADDHX2'.
Warning : Libcell has no area attribute.  Defaulting to 0 area. [LBR-43]
        : Assigning 0 area to library cell 'slow/ADDHXL'.
Warning : Libcell has no area attribute.  Defaulting to 0 area. [LBR-43]
        : Assigning 0 area to library cell 'slow/AND2X4'.
Warning : Libcell has no area attribute.  Defaulting to 0 area. [LBR-43]
        : Assigning 0 area to library cell 'slow/AND2X6'.
Warning : Libcell has no area attribute.  Defaulting to 0 area. [LBR-43]
        : Assigning 0 area to library cell 'slow/AND2XL'.
Warning : Libcell has no area attribute.  Defaulting to 0 area. [LBR-43]
        : Assigning 0 area to library cell 'slow/AND3X1'.
Warning : Libcell has no area attribute.  Defaulting to 0 area. [LBR-43]
        : Assigning 0 area to library cell 'slow/AND3X8'.
Warning : Libcell has no area attribute.  Defaulting to 0 area. [LBR-43]
        : Assigning 0 area to library cell 'slow/AND3XL'.
Warning : Libcell has no area attribute.  Defaulting to 0 area. [LBR-43]
        : Assigning 0 area to library cell 'slow/AND4X1'.
Warning : Libcell has no area attribute.  Defaulting to 0 area. [LBR-43]
        : Assigning 0 area to library cell 'slow/AND4X4'.
Warning : Libcell has no area attribute.  Defaulting to 0 area. [LBR-43]
        : Assigning 0 area to library cell 'slow/AND4X8'.
Warning : Libcell has no area attribute.  Defaulting to 0 area. [LBR-43]
        : Assigning 0 area to library cell 'slow/AND4XL'.
Warning : Libcell has no area attribute.  Defaulting to 0 area. [LBR-43]
        : Assigning 0 area to library cell 'slow/AO21X1'.
Warning : Libcell has no area attribute.  Defaulting to 0 area. [LBR-43]
        : Assigning 0 area to library cell 'slow/AO21X2'.
Warning : Libcell has no area attribute.  Defaulting to 0 area. [LBR-43]
        : Assigning 0 area to library cell 'slow/AO21XL'.
@file(dram_256d.tcl) 3: elaborate
  Libraries have 324 usable logic and 126 usable sequential lib-cells.
Info    : Elaborating Design. [ELAB-1]
        : Elaborating top-level block 'rf_2p_256d_76w_1m_4b' from file '../../RTL/RTL/rf_2p_256d_76w_1m_4b.v'.
Warning : Libpin is wider than connected signal. [CDFG-467]
        : Signal width (1) does not match width of input port 'A1' (8) of instance 'u_dpram_256x8' of libcell 'rd3_256x8' in file '../../RTL/RTL/rf_2p_256d_76w_1m_4b.v' on line 206.
        : This may cause simulation mismatches between the original and synthesized designs.
Warning : Libpin is wider than connected signal. [CDFG-467]
        : Signal width (1) does not match width of input port 'A2' (8) of instance 'u_dpram_256x8' of libcell 'rd3_256x8' in file '../../RTL/RTL/rf_2p_256d_76w_1m_4b.v' on line 206.
Warning : Connected signal is wider than module port. [CDFG-464]
        : Signal width (8) does not match width of input port 'A1' (1) of instance 'u_rd3_0' of module 'rf_256x8' in file '../../RTL/RTL/rf_2p_256d_76w_1m_4b.v' on line 18.
        : This may cause simulation mismatches between the original and synthesized designs.
Warning : Connected signal is wider than module port. [CDFG-464]
        : Signal width (8) does not match width of input port 'A2' (1) of instance 'u_rd3_0' of module 'rf_256x8' in file '../../RTL/RTL/rf_2p_256d_76w_1m_4b.v' on line 18.
Warning : Connected signal is wider than module port. [CDFG-464]
        : Signal width (8) does not match width of input port 'A1' (1) of instance 'u_rd3_1' of module 'rf_256x8' in file '../../RTL/RTL/rf_2p_256d_76w_1m_4b.v' on line 35.
Warning : Connected signal is wider than module port. [CDFG-464]
        : Signal width (8) does not match width of input port 'A2' (1) of instance 'u_rd3_1' of module 'rf_256x8' in file '../../RTL/RTL/rf_2p_256d_76w_1m_4b.v' on line 35.
Warning : Connected signal is wider than module port. [CDFG-464]
        : Signal width (8) does not match width of input port 'A1' (1) of instance 'u_rd3_2' of module 'rf_256x8' in file '../../RTL/RTL/rf_2p_256d_76w_1m_4b.v' on line 52.
Warning : Connected signal is wider than module port. [CDFG-464]
        : Signal width (8) does not match width of input port 'A2' (1) of instance 'u_rd3_2' of module 'rf_256x8' in file '../../RTL/RTL/rf_2p_256d_76w_1m_4b.v' on line 52.
Warning : Connected signal is wider than module port. [CDFG-464]
        : Signal width (8) does not match width of input port 'A1' (1) of instance 'u_rd3_3' of module 'rf_256x8' in file '../../RTL/RTL/rf_2p_256d_76w_1m_4b.v' on line 69.
Warning : Connected signal is wider than module port. [CDFG-464]
        : Signal width (8) does not match width of input port 'A2' (1) of instance 'u_rd3_3' of module 'rf_256x8' in file '../../RTL/RTL/rf_2p_256d_76w_1m_4b.v' on line 69.
Warning : Connected signal is wider than module port. [CDFG-464]
        : Signal width (8) does not match width of input port 'A1' (1) of instance 'u_rd3_4' of module 'rf_256x8' in file '../../RTL/RTL/rf_2p_256d_76w_1m_4b.v' on line 86.
Warning : Connected signal is wider than module port. [CDFG-464]
        : Signal width (8) does not match width of input port 'A2' (1) of instance 'u_rd3_4' of module 'rf_256x8' in file '../../RTL/RTL/rf_2p_256d_76w_1m_4b.v' on line 86.
Warning : Connected signal is wider than module port. [CDFG-464]
        : Signal width (8) does not match width of input port 'A1' (1) of instance 'u_rd3_5' of module 'rf_256x8' in file '../../RTL/RTL/rf_2p_256d_76w_1m_4b.v' on line 103.
Warning : Connected signal is wider than module port. [CDFG-464]
        : Signal width (8) does not match width of input port 'A2' (1) of instance 'u_rd3_5' of module 'rf_256x8' in file '../../RTL/RTL/rf_2p_256d_76w_1m_4b.v' on line 103.
Warning : Connected signal is wider than module port. [CDFG-464]
        : Signal width (8) does not match width of input port 'A1' (1) of instance 'u_rd3_6' of module 'rf_256x8' in file '../../RTL/RTL/rf_2p_256d_76w_1m_4b.v' on line 120.
Warning : Connected signal is wider than module port. [CDFG-464]
        : Signal width (8) does not match width of input port 'A2' (1) of instance 'u_rd3_6' of module 'rf_256x8' in file '../../RTL/RTL/rf_2p_256d_76w_1m_4b.v' on line 120.
Warning : Connected signal is wider than module port. [CDFG-464]
        : Signal width (8) does not match width of input port 'A1' (1) of instance 'u_rd3_7' of module 'rf_256x8' in file '../../RTL/RTL/rf_2p_256d_76w_1m_4b.v' on line 137.
Warning : Connected signal is wider than module port. [CDFG-464]
        : Signal width (8) does not match width of input port 'A2' (1) of instance 'u_rd3_7' of module 'rf_256x8' in file '../../RTL/RTL/rf_2p_256d_76w_1m_4b.v' on line 137.
Warning : Connected signal is wider than module port. [CDFG-464]
        : Signal width (8) does not match width of input port 'A1' (1) of instance 'u_rd3_8' of module 'rf_256x8' in file '../../RTL/RTL/rf_2p_256d_76w_1m_4b.v' on line 154.
Warning : Connected signal is wider than module port. [CDFG-464]
        : Signal width (8) does not match width of input port 'A2' (1) of instance 'u_rd3_8' of module 'rf_256x8' in file '../../RTL/RTL/rf_2p_256d_76w_1m_4b.v' on line 154.
Warning : Connected signal is wider than module port. [CDFG-464]
        : Signal width (8) does not match width of input port 'A1' (1) of instance 'u_rd3_9' of module 'rf_256x8' in file '../../RTL/RTL/rf_2p_256d_76w_1m_4b.v' on line 170.
Warning : Connected signal is wider than module port. [CDFG-464]
        : Signal width (8) does not match width of input port 'A2' (1) of instance 'u_rd3_9' of module 'rf_256x8' in file '../../RTL/RTL/rf_2p_256d_76w_1m_4b.v' on line 170.
Warning : Undriven module input port. [ELABUTL-127]
        : Undriven bits of port 'A1' of instance 'u_dpram_256x8' of module 'rd3_256x8' in file '../../RTL/RTL/rf_2p_256d_76w_1m_4b.v' on line 206, column 29, hid = 0.
        : Run check_design to check 'Undriven Port(s)/Pin(s)' section for all undriven module input ports. It is better to double confirm with designer if these undriven ports are expected. During syn_gen the undriven ports are controlled by attribute 'hdl_unconnected_value', the default value is 0.
Warning : Undriven module input port. [ELABUTL-127]
        : Undriven bits of port 'A2' of instance 'u_dpram_256x8' of module 'rd3_256x8' in file '../../RTL/RTL/rf_2p_256d_76w_1m_4b.v' on line 206, column 29, hid = 0.
Info    : Done Elaborating Design. [ELAB-3]
        : Done elaborating 'rf_2p_256d_76w_1m_4b'.
Checking for analog nets...
Check completed for analog nets.
Checking for source RTL...
Check completed for source RTL.
Running Unified Mux Engine Tricks...
Completed Unified Mux Engine Tricks
--------------------------------------------------------
| Trick             | Accepts | Rejects | Runtime (ms) | 
--------------------------------------------------------
| ume_constant_bmux |       0 |       0 |         0.00 | 
--------------------------------------------------------
Starting clip mux common data inputs [v1.0] (stage: post_elab, startdef: rf_2p_256d_76w_1m_4b, recur: true)
Completed clip mux common data inputs (accepts: 0, rejects: 0, runtime: 0.000s)
Starting clip the non-user hierarchies [v2.0] (stage: post_elab, startdef: rf_2p_256d_76w_1m_4b, recur: true)
Completed clip the non-user hierarchies (accepts: 0, rejects: 0, runtime: 0.000s)
UM:   flow.cputime  flow.realtime  timing.setup.tns  timing.setup.wns  snapshot
UM:*                                                                   elaborate
@file(dram_256d.tcl) 4: set_top_module
@file(dram_256d.tcl) 5: syn_gen
Info    : Undriven module input port. [ELABUTL-131]
        : Assuming a logic '0' value for undriven bits of port 'A1' of instance 'u_dpram_256x8' of module 'rd3_256x8'.
        : The 'hdl_unconnected_value' attribute controls treatment of undriven input port.
Info    : Undriven module input port. [ELABUTL-131]
        : Assuming a logic '0' value for undriven bits of port 'A2' of instance 'u_dpram_256x8' of module 'rd3_256x8'.
##Generic Timing Info for library domain: _default_ typical gate delay: 108.0 ps std_slew: 19.0 ps std_load: 2.2 fF
Starting mux data reorder optimization [v1.0] (stage: pre_to_gen_setup, startdef: rf_2p_256d_76w_1m_4b, recur: true)
Completed mux data reorder optimization (accepts: 0, rejects: 0, runtime: 0.000s)
Info    : Unmapping. [SYNTH-10]
        : Unmapping 'rf_2p_256d_76w_1m_4b'.
Info    : Done unmapping. [SYNTH-11]
        : Done unmapping 'rf_2p_256d_76w_1m_4b'.
Info    : Synthesizing. [SYNTH-1]
        : Synthesizing 'rf_2p_256d_76w_1m_4b' to generic gates using 'medium' effort.
PBS_Generic-Start - Elapsed_Time 0, CPU_Time 0.0
stamp 'PBS_Generic-Start' being created for table 'pbs_debug'

  Total Time (Wall) |  Stage Time (Wall)  |   % (Wall)   |    Date - Time     |  Memory   | Stage
--------------------+---------------------+--------------+--------------------+-----------+----------------------
 00:00:05(00:00:02) |  00:00:00(00:00:00) |   0.0(  0.0) |   15:49:28 (May01) |  175.7 MB | PBS_Generic-Start
--------------------+---------------------+--------------+--------------------+-----------+----------------------
Number of threads: 8 * 1   (id: pbs_debug, time_info v1.57)
Info: (*N*) indicates data that was populated from previously saved time_info database
Info: CPU time includes time of parent + longest thread
TNS Restructuring config: no_value at stage: generic applied.
Info    : Partition Based Synthesis execution skipped. [PHYS-752]
        : Design size is less than the partition size '100000' for distributed generic optimization to kick in.
Starting mux data reorder optimization [v1.0] (stage: pre_to_gen_setup, startdef: rf_2p_256d_76w_1m_4b, recur: true)
Completed mux data reorder optimization (accepts: 0, rejects: 0, runtime: 0.000s)
Starting mux data reorder optimization [v1.0] (stage: post_to_gen_setup, startdef: rf_2p_256d_76w_1m_4b, recur: true)
Completed mux data reorder optimization (accepts: 0, rejects: 0, runtime: 0.000s)
Info    : Unmapping. [SYNTH-10]
        : Unmapping 'rf_2p_256d_76w_1m_4b'.
Info    : Done unmapping. [SYNTH-11]
        : Done unmapping 'rf_2p_256d_76w_1m_4b'.
Running Unified Mux Engine Tricks...
Completed Unified Mux Engine Tricks
--------------------------------------------
| Trick | Accepts | Rejects | Runtime (ms) | 
--------------------------------------------
--------------------------------------------
Starting infer macro optimization [v1.0] (stage: pre_rtlopt, startdef: rf_2p_256d_76w_1m_4b, recur: true)
Completed infer macro optimization (accepts: 0, rejects: 0, runtime: 0.000s)
Starting decode mux sandwich optimization [v2.0] (stage: pre_rtlopt, startdef: rf_2p_256d_76w_1m_4b, recur: true)
Completed decode mux sandwich optimization (accepts: 0, rejects: 0, runtime: 0.000s)
Starting decode mux optimization [v1.0] (stage: pre_rtlopt, startdef: rf_2p_256d_76w_1m_4b, recur: true)
Completed decode mux optimization (accepts: 0, rejects: 0, runtime: 0.000s)
Starting chop wide muxes [v1.0] (stage: pre_rtlopt, startdef: rf_2p_256d_76w_1m_4b, recur: true)
Completed chop wide muxes (accepts: 0, rejects: 0, runtime: 0.000s)
Starting common data mux cascade opt [v1.0] (stage: pre_rtlopt, startdef: rf_2p_256d_76w_1m_4b, recur: true)
Completed common data mux cascade opt (accepts: 0, rejects: 0, runtime: 0.000s)
Starting mux input consolidation [v1.0] (stage: pre_rtlopt, startdef: rf_2p_256d_76w_1m_4b, recur: true)
Completed mux input consolidation (accepts: 0, rejects: 0, runtime: 0.000s)
Starting priority mux optimization [v1.0] (stage: pre_rtlopt, startdef: rf_2p_256d_76w_1m_4b, recur: true)
Completed priority mux optimization (accepts: 0, rejects: 0, runtime: 0.008s)
Starting constant-data mux optimization [v1.0] (stage: pre_rtlopt, startdef: rf_2p_256d_76w_1m_4b, recur: true)
Completed constant-data mux optimization (accepts: 0, rejects: 0, runtime: 0.000s)
Starting chain-to-tree inequality transform [v2.0] (stage: pre_rtlopt, startdef: rf_2p_256d_76w_1m_4b, recur: true)
Completed chain-to-tree inequality transform (accepts: 0, rejects: 0, runtime: 0.000s)
Starting reconvergence optimization [v1.0] (stage: pre_rtlopt, startdef: rf_2p_256d_76w_1m_4b, recur: true)
Completed reconvergence optimization (accepts: 0, rejects: 0, runtime: 0.000s)
Starting logic restructure optimization [v1.0] (stage: pre_rtlopt, startdef: rf_2p_256d_76w_1m_4b, recur: true)
Completed logic restructure optimization (accepts: 0, rejects: 0, runtime: 0.000s)
Starting common select mux optimization [v1.0] (stage: pre_rtlopt, startdef: rf_2p_256d_76w_1m_4b, recur: true)
Completed common select mux optimization (accepts: 0, rejects: 0, runtime: 0.000s)
Starting identity transform [v3.0] (stage: pre_rtlopt, startdef: rf_2p_256d_76w_1m_4b, recur: true)
Completed identity transform (accepts: 0, rejects: 0, runtime: 0.000s)
Starting reduce operator chain [v1.0] (stage: pre_rtlopt, startdef: rf_2p_256d_76w_1m_4b, recur: true)
Completed reduce operator chain (accepts: 0, rejects: 0, runtime: 0.000s)
Starting common data mux cascade opt [v1.0] (stage: pre_rtlopt, startdef: rf_2p_256d_76w_1m_4b, recur: true)
Completed common data mux cascade opt (accepts: 0, rejects: 0, runtime: 0.000s)
Starting mux input consolidation [v1.0] (stage: pre_rtlopt, startdef: rf_2p_256d_76w_1m_4b, recur: true)
Completed mux input consolidation (accepts: 0, rejects: 0, runtime: 0.000s)
Starting optimize datapath elements [v1.0] (stage: pre_rtlopt, startdef: rf_2p_256d_76w_1m_4b, recur: true)
Completed optimize datapath elements (accepts: 0, rejects: 0, runtime: 0.000s)
Starting clip mux common data inputs [v1.0] (stage: pre_rtlopt, startdef: rf_2p_256d_76w_1m_4b, recur: true)
Completed clip mux common data inputs (accepts: 0, rejects: 0, runtime: 0.000s)
Starting clip the non-user hierarchies [v2.0] (stage: pre_rtlopt, startdef: rf_2p_256d_76w_1m_4b, recur: true)
Completed clip the non-user hierarchies (accepts: 0, rejects: 0, runtime: 0.000s)
Running Unified Mux Engine Tricks...
Completed Unified Mux Engine Tricks
--------------------------------------------
| Trick | Accepts | Rejects | Runtime (ms) | 
--------------------------------------------
--------------------------------------------
Number of big hc bmuxes before = 0
Info    : Pre-processed datapath logic. [DPOPT-6]
        : No pre-processing optimizations applied to datapath logic in 'rf_2p_256d_76w_1m_4b'.
Info    : Skipping datapath optimization. [DPOPT-5]
        : There is no datapath logic in 'rf_2p_256d_76w_1m_4b'.
Number of big hc bmuxes after = 0
Starting logic reduction [v1.0] (stage: post_rtlopt, startdef: rf_2p_256d_76w_1m_4b, recur: true)
Completed logic reduction (accepts: 0, rejects: 0, runtime: 0.000s)
Starting mux data reorder optimization [v1.0] (stage: post_rtlopt, startdef: rf_2p_256d_76w_1m_4b, recur: true)
Completed mux data reorder optimization (accepts: 0, rejects: 0, runtime: 0.000s)
Starting mux speculation [v1.0] (stage: post_muxopt, startdef: rf_2p_256d_76w_1m_4b, recur: true)
Starting speculation optimization
Completed speculation optimization (accepts:0)
Completed mux speculation (accepts: 0, rejects: 0, runtime: 0.008s)
==================================
Stage : to_generic 
==================================
  =================
   Message Summary
  =================
--------------------------------------------------------------------------------
|     Id      |  Sev   |Count |                 Message Text                   |
--------------------------------------------------------------------------------
| CDFG-464    |Warning |   20 |Connected signal is wider than module port.     |
|             |        |      |This may cause simulation mismatches between    |
|             |        |      | the original and synthesized designs.          |
| CDFG-467    |Warning |    2 |Libpin is wider than connected signal.          |
|             |        |      |This may cause simulation mismatches between    |
|             |        |      | the original and synthesized designs.          |
| DPOPT-5     |Info    |    1 |Skipping datapath optimization.                 |
| DPOPT-6     |Info    |    1 |Pre-processed datapath logic.                   |
| ELAB-1      |Info    |    1 |Elaborating Design.                             |
| ELAB-2      |Info    |    1 |Elaborating Subdesign.                          |
| ELAB-3      |Info    |    1 |Done Elaborating Design.                        |
| ELABUTL-127 |Warning |    2 |Undriven module input port.                     |
|             |        |      |Run check_design to check 'Undriven Port(s)     |
|             |        |      | /Pin(s)                                        |
|             |        |      | ' section for all undriven module input ports. |
|             |        |      | It is better to double confirm with designer   |
|             |        |      | if these undriven ports are expected. During   |
|             |        |      | syn_gen the undriven ports are controlled by   |
|             |        |      | attribute 'hdl_unconnected_value', the default |
|             |        |      | value is 0.                                    |
| ELABUTL-131 |Info    |    2 |Undriven module input port.                     |
|             |        |      |The 'hdl_unconnected_value' attribute controls  |
|             |        |      | treatment of undriven input port.              |
| LBR-38      |Warning |    1 |Libraries have inconsistent nominal operating   |
|             |        |      | conditions. In the Liberty library, there are  |
|             |        |      | attributes called nom_voltage, nom_process and |
|             |        |      | nom_temperature. Genus reports the message, if |
|             |        |      | the respective values of the 2 given .libs     |
|             |        |      | differ.                                        |
|             |        |      |This is a common source of delay calculation    |
|             |        |      | confusion and should be avoided.               |
| LBR-40      |Info    |    1 |An unsupported construct was detected in this   |
|             |        |      | library.                                       |
|             |        |      |Check to see if this construct is really needed |
|             |        |      | for synthesis. Many liberty constructs are not |
|             |        |      | actually required.                             |
| LBR-41      |Info    |   17 |An output library pin lacks a function          |
|             |        |      | attribute.                                     |
|             |        |      |If the remainder of this library cell's         |
|             |        |      | semantic checks are successful, it will be     |
|             |        |      | considered as a timing-model                   |
|             |        |      | (because one of its outputs does not have a va |
|             |        |      | lid function.                                  |
| LBR-43      |Warning |  486 |Libcell has no area attribute.  Defaulting to 0 |
|             |        |      | area.                                          |
|             |        |      |Specify a valid area value for the libcell.     |
| LBR-155     |Info    |  248 |Mismatch in unateness between 'timing_sense'    |
|             |        |      | attribute and the function.                    |
|             |        |      |The 'timing_sense' attribute will be respected. |
| LBR-161     |Info    |    1 |Setting the maximum print count of this message |
|             |        |      | to 10 if information_level is less than 9.     |
| LBR-162     |Info    |  124 |Both 'pos_unate' and 'neg_unate' timing_sense   |
|             |        |      | arcs have been processed.                      |
|             |        |      |Setting the 'timing_sense' to non_unate.        |
| LBR-170     |Info    |   64 |Ignoring specified timing sense.                |
|             |        |      |Timing sense should never be set with           |
|             |        |      | 'rising_edge' or 'falling_edge' timing type.   |
| LBR-412     |Info    |    2 |Created nominal operating condition.            |
|             |        |      |The nominal operating condition is represented, |
|             |        |      | either by the nominal PVT values specified in  |
|             |        |      | the library source                             |
|             |        |      | (via nom_process,nom_voltage and nom_temperatu |
|             |        |      | re respectively)                               |
|             |        |      | , or by the default PVT values (1.0,1.0,1.0).  |
| LBR-516     |Info    |    1 |Missing library level attribute.                |
| LBR-518     |Info    |    1 |Missing a function attribute in the output pin  |
|             |        |      | definition.                                    |
| LBR-526     |Warning |    1 |Missing sequential block in the sequential      |
|             |        |      | cell.                                          |
| PHYS-752    |Info    |    1 |Partition Based Synthesis execution skipped.    |
| SYNTH-1     |Info    |    1 |Synthesizing.                                   |
| SYNTH-10    |Info    |    2 |Unmapping.                                      |
| SYNTH-11    |Info    |    2 |Done unmapping.                                 |
--------------------------------------------------------------------------------
Mapper: Libraries have:
	domain _default_: 324 combo usable cells and 126 sequential usable cells
Multi-threaded constant propagation [1|0] ...
Multi-threaded Virtual Mapping    (8 threads, 8 of 12 CPUs usable)
==================================
Stage : first_condense 
==================================
  =================
   Message Summary
  =================
--------------------------------------------------------------------------------
|   Id   |Sev  |Count |                     Message Text                       |
--------------------------------------------------------------------------------
| GLO-51 |Info |   10 |Hierarchical instance automatically ungrouped.          |
|        |     |      |Hierarchical instances can be automatically ungrouped   |
|        |     |      | to allow for better area or timing optimization. To    |
|        |     |      | prevent this ungroup, set the root-level attribute     |
|        |     |      | 'auto_ungroup' to 'none'. You can also prevent         |
|        |     |      | individual ungroup with setting the attribute          |
|        |     |      | 'ungroup_ok' of instances or modules to 'false'.       |
--------------------------------------------------------------------------------
 
Global mapping target info
==========================
Cost Group 'default' target slack: Unconstrained

PBS_Generic_Opt-Post - Elapsed_Time 1, CPU_Time -0.05201399999999978
stamp 'PBS_Generic_Opt-Post' being created for table 'pbs_debug'

  Total Time (Wall) |  Stage Time (Wall)  |   % (Wall)   |    Date - Time     |  Memory   | Stage
--------------------+---------------------+--------------+--------------------+-----------+----------------------
 00:00:05(00:00:02) |  00:00:00(00:00:00) |  -0.0(  0.0) |   15:49:28 (May01) |  175.7 MB | PBS_Generic-Start
--------------------+---------------------+--------------+--------------------+-----------+----------------------
 00:00:04(00:00:03) |  00:00:00(00:00:01) | 100.0(100.0) |   15:49:29 (May01) |  576.1 MB | PBS_Generic_Opt-Post
--------------------+---------------------+--------------+--------------------+-----------+----------------------
Number of threads: 8 * 1   (id: pbs_debug, time_info v1.57)
Info: (*N*) indicates data that was populated from previously saved time_info database
Info: CPU time includes time of parent + longest thread
PBS_Generic-Postgen HBO Optimizations - Elapsed_Time 0, CPU_Time 0.0
stamp 'PBS_Generic-Postgen HBO Optimizations' being created for table 'pbs_debug'

  Total Time (Wall) |  Stage Time (Wall)  |   % (Wall)   |    Date - Time     |  Memory   | Stage
--------------------+---------------------+--------------+--------------------+-----------+----------------------
 00:00:05(00:00:02) |  00:00:00(00:00:00) |  -0.0(  0.0) |   15:49:28 (May01) |  175.7 MB | PBS_Generic-Start
--------------------+---------------------+--------------+--------------------+-----------+----------------------
 00:00:04(00:00:03) |  00:00:00(00:00:01) | 100.0(100.0) |   15:49:29 (May01) |  576.1 MB | PBS_Generic_Opt-Post
--------------------+---------------------+--------------+--------------------+-----------+----------------------
 00:00:04(00:00:03) |  00:00:00(00:00:00) |  -0.0(  0.0) |   15:49:29 (May01) |  576.1 MB | PBS_Generic-Postgen HBO Optimizations
--------------------+---------------------+--------------+--------------------+-----------+----------------------
Number of threads: 8 * 1   (id: pbs_debug, time_info v1.57)
Info: (*N*) indicates data that was populated from previously saved time_info database
Info: CPU time includes time of parent + longest thread
##>=================== Cadence Confidential (Generic-Logical) ===================
##>=================== Cadence Confidential (Generic-Logical) ===================
##>Main Thread Summary:
##>----------------------------------------------------------------------------------------
##>STEP                           Elapsed       WNS       TNS     Insts      Area    Memory
##>----------------------------------------------------------------------------------------
##>G:Initial                            0         -         -        10         0       175
##>G:Setup                              0         -         -         -         -         -
##>G:Launch ST                          0         -         -         -         -         -
##>G:Design Partition                   0         -         -         -         -         -
##>G:Create Partition Netlists          0         -         -         -         -         -
##>G:Init Power                         0         -         -         -         -         -
##>G:Budgeting                          0         -         -         -         -         -
##>G:Derenv-DB                          0         -         -         -         -         -
##>G:Debug Outputs                      0         -         -         -         -         -
##>G:ST loading                         0         -         -         -         -         -
##>G:Distributed                        0         -         -         -         -         -
##>G:Timer                              0         -         -         -         -         -
##>G:Assembly                           0         -         -         -         -         -
##>G:DFT                                0         -         -         -         -         -
##>G:Const Prop                         0         -         -        10         0       576
##>G:Misc                               1
##>----------------------------------------------------------------------------------------
##>Total Elapsed                        1
##>========================================================================================
Info    : Done synthesizing. [SYNTH-2]
        : Done synthesizing 'rf_2p_256d_76w_1m_4b' to generic gates.
      flow.cputime  flow.realtime  timing.setup.tns  timing.setup.wns  snapshot
UM:*                                                                   syn_gen
@file(dram_256d.tcl) 6: syn_map
##Generic Timing Info for library domain: _default_ typical gate delay: 108.0 ps std_slew: 19.0 ps std_load: 2.2 fF
Error   : Invalid usage of synthesis command. [SYNTH-27] [syn_map]
        : Command "syn_map" should not be run on a design that has been already synthesized to mapped gates. For optimizing it further, run syn_opt command with appropriate options.
        : Synthesis commands should be run on a design with suitable state. For example, 'syn_map -physical' should not be run on a design with unplaced generic gates. In this case, 'syn_generic -physical' should be run before 'syn_map -physical' or 'syn_map' should be run without '-physical' option.
      flow.cputime  flow.realtime  timing.setup.tns  timing.setup.wns  snapshot
UM:*                                                                   syn_map
#@ End verbose source ./dram_256d.tcl
1
Encountered problems processing file: dram_256d.tcl
WARNING: This version of the tool is 1466 days old.
@genus:root: 2> syn_opt
Info    : Incrementally optimizing. [SYNTH-7]
        : Incrementally optimizing 'rf_2p_256d_76w_1m_4b' using 'high' effort.
 
Incremental optimization status
===============================
                                    Worst     Total - - DRC Totals - -
                           Total  Weighted     Neg      Max       Max 
Operation                   Area  Neg Slk     Slack    Trans      Cap 
 init_iopt                     0        0         0         0        0
IOPT-REDREM: Performing redundancy removal: Detected 0 redundant wires. CPU time 0.000 seconds.

-------------------------------------------------------------------------------
 const_prop                    0        0         0         0        0
-------------------------------------------------------------------------------
 hi_fo_buf                     0        0         0         0        0

           Trick     Calls     Accepts   Attempts    Time(secs) 
-----------------------------------------------------------
       hi_fo_buf         0  (        0 /        0 )  0.00

 
Incremental optimization status
===============================
                                    Worst     Total - - DRC Totals - -
                           Total  Weighted     Neg      Max       Max 
Operation                   Area  Neg Slk     Slack    Trans      Cap 
 init_delay                    0        0         0         0        0

           Trick     Calls     Accepts   Attempts    Time(secs) 
-----------------------------------------------------------
        crit_msz         0  (        0 /        0 )  0.00
       crit_upsz         0  (        0 /        0 )  0.00
       crit_slew         0  (        0 /        0 )  0.00
        setup_dn         0  (        0 /        0 )  0.00
    plc_bal_star         0  (        0 /        0 )  0.00
     drc_buftimb         0  (        0 /        0 )  0.00
          plc_st         0  (        0 /        0 )  0.00
    plc_st_fence         0  (        0 /        0 )  0.00
        plc_star         0  (        0 /        0 )  0.00
      plc_laf_st         0  (        0 /        0 )  0.00
 plc_laf_st_fence         0  (        0 /        0 )  0.00
     drc_buftims         0  (        0 /        0 )  0.00
   plc_laf_lo_st         0  (        0 /        0 )  0.00
       plc_lo_st         0  (        0 /        0 )  0.00
            fopt         0  (        0 /        0 )  0.00
       crit_swap         0  (        0 /        0 )  0.00
       mux2_swap         0  (        0 /        0 )  0.00
       crit_dnsz         0  (        0 /        0 )  0.00
       load_swap         0  (        0 /        0 )  0.00
            fopt         0  (        0 /        0 )  0.00
        setup_dn         0  (        0 /        0 )  0.00
       load_isol         0  (        0 /        0 )  0.00
       load_isol         0  (        0 /        0 )  0.00
        move_for         0  (        0 /        0 )  0.00
        move_for         0  (        0 /        0 )  0.00
          rem_bi         0  (        0 /        0 )  0.00
         offload         0  (        0 /        0 )  0.00
          rem_bi         0  (        0 /        0 )  0.00
         offload         0  (        0 /        0 )  0.00
           phase         0  (        0 /        0 )  0.00
        in_phase         0  (        0 /        0 )  0.00
       merge_bit         0  (        0 /        0 )  0.00
     merge_idrvr         0  (        0 /        0 )  0.00
     merge_iload         0  (        0 /        0 )  0.00
    merge_idload         0  (        0 /        0 )  0.00
      merge_drvr         0  (        0 /        0 )  0.00
      merge_load         0  (        0 /        0 )  0.00
          decomp         0  (        0 /        0 )  0.00
        p_decomp         0  (        0 /        0 )  0.00
        levelize         0  (        0 /        0 )  0.00
        mb_split         0  (        0 /        0 )  0.00
             dup         0  (        0 /        0 )  0.00
      mux_retime         0  (        0 /        0 )  0.00
         buf2inv         0  (        0 /        0 )  0.00
             exp         0  (        0 /        0 )  0.00
       gate_deco         0  (        0 /        0 )  0.00
       gcomp_tim         0  (        0 /        0 )  0.00
  inv_pair_2_buf         0  (        0 /        0 )  0.00


           Trick     Calls     Accepts   Attempts    Time(secs) 
-----------------------------------------------------------
         crr_220         0  (        0 /        0 )  0.00
        crr_glob         0  (        0 /        0 )  0.00
         crr_200         0  (        0 /        0 )  0.00
        crr_glob         0  (        0 /        0 )  0.00
         crr_300         0  (        0 /        0 )  0.00
        crr_glob         0  (        0 /        0 )  0.00
         crr_400         0  (        0 /        0 )  0.00
        crr_glob         0  (        0 /        0 )  0.00
         crr_111         0  (        0 /        0 )  0.00
        crr_glob         0  (        0 /        0 )  0.00
         crr_210         0  (        0 /        0 )  0.00
        crr_glob         0  (        0 /        0 )  0.00
         crr_110         0  (        0 /        0 )  0.00
        crr_glob         0  (        0 /        0 )  0.00
         crr_101         0  (        0 /        0 )  0.00
        crr_glob         0  (        0 /        0 )  0.00
         crr_201         0  (        0 /        0 )  0.00
        crr_glob         0  (        0 /        0 )  0.00
         crr_211         0  (        0 /        0 )  0.00
        crr_glob         0  (        0 /        0 )  0.00
        crit_msz         0  (        0 /        0 )  0.00
       crit_upsz         0  (        0 /        0 )  0.00
       crit_slew         0  (        0 /        0 )  0.00
        setup_dn         0  (        0 /        0 )  0.00
    plc_bal_star         0  (        0 /        0 )  0.00
     drc_buftimb         0  (        0 /        0 )  0.00
          plc_st         0  (        0 /        0 )  0.00
    plc_st_fence         0  (        0 /        0 )  0.00
        plc_star         0  (        0 /        0 )  0.00
      plc_laf_st         0  (        0 /        0 )  0.00
 plc_laf_st_fence         0  (        0 /        0 )  0.00
     drc_buftims         0  (        0 /        0 )  0.00
       plc_lo_st         0  (        0 /        0 )  0.00
            fopt         0  (        0 /        0 )  0.00
       crit_swap         0  (        0 /        0 )  0.00
       mux2_swap         0  (        0 /        0 )  0.00
       crit_dnsz         0  (        0 /        0 )  0.00
       load_swap         0  (        0 /        0 )  0.00
            fopt         0  (        0 /        0 )  0.00
        setup_dn         0  (        0 /        0 )  0.00
       load_isol         0  (        0 /        0 )  0.00
       load_isol         0  (        0 /        0 )  0.00
        move_for         0  (        0 /        0 )  0.00
        move_for         0  (        0 /        0 )  0.00
          rem_bi         0  (        0 /        0 )  0.00
         offload         0  (        0 /        0 )  0.00
          rem_bi         0  (        0 /        0 )  0.00
         offload         0  (        0 /        0 )  0.00
       merge_bit         0  (        0 /        0 )  0.00
     merge_idrvr         0  (        0 /        0 )  0.00
     merge_iload         0  (        0 /        0 )  0.00
    merge_idload         0  (        0 /        0 )  0.00
      merge_drvr         0  (        0 /        0 )  0.00
      merge_load         0  (        0 /        0 )  0.00
           phase         0  (        0 /        0 )  0.00
          decomp         0  (        0 /        0 )  0.00
        p_decomp         0  (        0 /        0 )  0.00
        levelize         0  (        0 /        0 )  0.00
        mb_split         0  (        0 /        0 )  0.00
        in_phase         0  (        0 /        0 )  0.00
             dup         0  (        0 /        0 )  0.00
      mux_retime         0  (        0 /        0 )  0.00
         buf2inv         0  (        0 /        0 )  0.00
             exp         0  (        0 /        0 )  0.00
       gate_deco         0  (        0 /        0 )  0.00
       gcomp_tim         0  (        0 /        0 )  0.00
  inv_pair_2_buf         0  (        0 /        0 )  0.00
 init_drc                      0        0         0         0        0

           Trick     Calls     Accepts   Attempts    Time(secs) 
-----------------------------------------------------------
          plc_st         0  (        0 /        0 )  0.00
        plc_star         0  (        0 /        0 )  0.00
        drc_bufs         0  (        0 /        0 )  0.00
        drc_fopt         0  (        0 /        0 )  0.00
        drc_bufb         0  (        0 /        0 )  0.00
      simple_buf         0  (        0 /        0 )  0.00
             dup         0  (        0 /        0 )  0.00
       crit_dnsz         0  (        0 /        0 )  0.00
       crit_upsz         0  (        0 /        0 )  0.00
       crit_slew         0  (        0 /        0 )  0.00


           Trick     Calls     Accepts   Attempts    Time(secs) 
-----------------------------------------------------------
          plc_st         0  (        0 /        0 )  0.00
        plc_star         0  (        0 /        0 )  0.00
      drc_buf_sp         0  (        0 /        0 )  0.00
        drc_bufs         0  (        0 /        0 )  0.00
        drc_fopt         0  (        0 /        0 )  0.00
        drc_bufb         0  (        0 /        0 )  0.00
      simple_buf         0  (        0 /        0 )  0.00
             dup         0  (        0 /        0 )  0.00
       crit_dnsz         0  (        0 /        0 )  0.00
       crit_upsz         0  (        0 /        0 )  0.00


           Trick     Calls     Accepts   Attempts    Time(secs) 
-----------------------------------------------------------
          plc_st         0  (        0 /        0 )  0.00
        plc_star         0  (        0 /        0 )  0.00
      drc_buf_sp         0  (        0 /        0 )  0.00
        drc_bufs         0  (        0 /        0 )  0.00
        drc_fopt         0  (        0 /        0 )  0.00
        drc_bufb         0  (        0 /        0 )  0.00
             dup         0  (        0 /        0 )  0.00
       crit_dnsz         0  (        0 /        0 )  0.00
       crit_upsz         0  (        0 /        0 )  0.00

 init_tns                      0        0         0         0        0

           Trick     Calls     Accepts   Attempts    Time(secs) 
-----------------------------------------------------------
            fopt         0  (        0 /        0 )  0.00
    plc_bal_star         0  (        0 /        0 )  0.00
     drc_buftimb         0  (        0 /        0 )  0.00
     drc_buftims         0  (        0 /        0 )  0.00
        crit_msz         0  (        0 /        0 )  0.00
       crit_upsz         0  (        0 /        0 )  0.00
   plc_laf_lo_st         0  (        0 /        0 )  0.00
       plc_lo_st         0  (        0 /        0 )  0.00
       crit_swap         0  (        0 /        0 )  0.00
       mux2_swap         0  (        0 /        0 )  0.00
       crit_dnsz         0  (        0 /        0 )  0.00
       load_swap         0  (        0 /        0 )  0.00
            fopt         0  (        0 /        0 )  0.00
        setup_dn         0  (        0 /        0 )  0.00
       load_isol         0  (        0 /        0 )  0.00
       load_isol         0  (        0 /        0 )  0.00
        move_for         0  (        0 /        0 )  0.00
        move_for         0  (        0 /        0 )  0.00
          rem_bi         0  (        0 /        0 )  0.00
         offload         0  (        0 /        0 )  0.00
          rem_bi         0  (        0 /        0 )  0.00
         offload         0  (        0 /        0 )  0.00
       merge_bit         0  (        0 /        0 )  0.00
     merge_idrvr         0  (        0 /        0 )  0.00
     merge_iload         0  (        0 /        0 )  0.00
    merge_idload         0  (        0 /        0 )  0.00
      merge_drvr         0  (        0 /        0 )  0.00
      merge_load         0  (        0 /        0 )  0.00
           phase         0  (        0 /        0 )  0.00
          decomp         0  (        0 /        0 )  0.00
        p_decomp         0  (        0 /        0 )  0.00
        levelize         0  (        0 /        0 )  0.00
        mb_split         0  (        0 /        0 )  0.00
             dup         0  (        0 /        0 )  0.00
      mux_retime         0  (        0 /        0 )  0.00
       crr_local         0  (        0 /        0 )  0.00
         buf2inv         0  (        0 /        0 )  0.00

 init_area                     0        0         0         0        0

           Trick     Calls     Accepts   Attempts    Time(secs) 
-----------------------------------------------------------
           undup         0  (        0 /        0 )  0.00
         rem_buf         0  (        0 /        0 )  0.00
         rem_inv         0  (        0 /        0 )  0.00
        merge_bi         0  (        0 /        0 )  0.00
      rem_inv_qb         0  (        0 /        0 )  0.00
    seq_res_area         0  (        0 /        0 )  0.00
        io_phase         0  (        0 /        0 )  0.00
       gate_comp         0  (        0 /        0 )  0.00
       gcomp_mog         0  (        0 /        0 )  0.00
       glob_area         1  (        0 /        1 )  0.00
       area_down         0  (        0 /        0 )  0.00
      size_n_buf         0  (        0 /        0 )  0.00
  gate_deco_area         0  (        0 /        0 )  0.00
         rem_buf         0  (        0 /        0 )  0.00
         rem_inv         0  (        0 /        0 )  0.00
        merge_bi         0  (        0 /        0 )  0.00
      rem_inv_qb         0  (        0 /        0 )  0.00

 
Incremental optimization status
===============================
                                    Worst     Total - - DRC Totals - -
                           Total  Weighted     Neg      Max       Max 
Operation                   Area  Neg Slk     Slack    Trans      Cap 
 init_delay                    0        0         0         0        0

           Trick     Calls     Accepts   Attempts    Time(secs) 
-----------------------------------------------------------
        crit_msz         0  (        0 /        0 )  0.00
       crit_upsz         0  (        0 /        0 )  0.00
       crit_slew         0  (        0 /        0 )  0.00
        setup_dn         0  (        0 /        0 )  0.00
    plc_bal_star         0  (        0 /        0 )  0.00
     drc_buftimb         0  (        0 /        0 )  0.00
          plc_st         0  (        0 /        0 )  0.00
    plc_st_fence         0  (        0 /        0 )  0.00
        plc_star         0  (        0 /        0 )  0.00
      plc_laf_st         0  (        0 /        0 )  0.00
 plc_laf_st_fence         0  (        0 /        0 )  0.00
     drc_buftims         0  (        0 /        0 )  0.00
   plc_laf_lo_st         0  (        0 /        0 )  0.00
       plc_lo_st         0  (        0 /        0 )  0.00
            fopt         0  (        0 /        0 )  0.00
       crit_swap         0  (        0 /        0 )  0.00
       mux2_swap         0  (        0 /        0 )  0.00
       crit_dnsz         0  (        0 /        0 )  0.00
       load_swap         0  (        0 /        0 )  0.00
            fopt         0  (        0 /        0 )  0.00
        setup_dn         0  (        0 /        0 )  0.00
       load_isol         0  (        0 /        0 )  0.00
       load_isol         0  (        0 /        0 )  0.00
        move_for         0  (        0 /        0 )  0.00
        move_for         0  (        0 /        0 )  0.00
          rem_bi         0  (        0 /        0 )  0.00
         offload         0  (        0 /        0 )  0.00
          rem_bi         0  (        0 /        0 )  0.00
         offload         0  (        0 /        0 )  0.00
           phase         0  (        0 /        0 )  0.00
        in_phase         0  (        0 /        0 )  0.00
       merge_bit         0  (        0 /        0 )  0.00
     merge_idrvr         0  (        0 /        0 )  0.00
     merge_iload         0  (        0 /        0 )  0.00
    merge_idload         0  (        0 /        0 )  0.00
      merge_drvr         0  (        0 /        0 )  0.00
      merge_load         0  (        0 /        0 )  0.00
          decomp         0  (        0 /        0 )  0.00
        p_decomp         0  (        0 /        0 )  0.00
        levelize         0  (        0 /        0 )  0.00
        mb_split         0  (        0 /        0 )  0.00
             dup         0  (        0 /        0 )  0.00
      mux_retime         0  (        0 /        0 )  0.00
         buf2inv         0  (        0 /        0 )  0.00
             exp         0  (        0 /        0 )  0.00
       gate_deco         0  (        0 /        0 )  0.00
       gcomp_tim         0  (        0 /        0 )  0.00
  inv_pair_2_buf         0  (        0 /        0 )  0.00

 init_drc                      0        0         0         0        0

           Trick     Calls     Accepts   Attempts    Time(secs) 
-----------------------------------------------------------
          plc_st         0  (        0 /        0 )  0.00
        plc_star         0  (        0 /        0 )  0.00
        drc_bufs         0  (        0 /        0 )  0.00
        drc_fopt         0  (        0 /        0 )  0.00
        drc_bufb         0  (        0 /        0 )  0.00
      simple_buf         0  (        0 /        0 )  0.00
             dup         0  (        0 /        0 )  0.00
       crit_dnsz         0  (        0 /        0 )  0.00
       crit_upsz         0  (        0 /        0 )  0.00
       crit_slew         0  (        0 /        0 )  0.00


           Trick     Calls     Accepts   Attempts    Time(secs) 
-----------------------------------------------------------
          plc_st         0  (        0 /        0 )  0.00
        plc_star         0  (        0 /        0 )  0.00
        drc_bufs         0  (        0 /        0 )  0.00
        drc_fopt         0  (        0 /        0 )  0.00
        drc_bufb         0  (        0 /        0 )  0.00
      simple_buf         0  (        0 /        0 )  0.00
             dup         0  (        0 /        0 )  0.00
       crit_dnsz         0  (        0 /        0 )  0.00
       crit_upsz         0  (        0 /        0 )  0.00


           Trick     Calls     Accepts   Attempts    Time(secs) 
-----------------------------------------------------------
          plc_st         0  (        0 /        0 )  0.00
        plc_star         0  (        0 /        0 )  0.00
        drc_bufs         0  (        0 /        0 )  0.00
        drc_fopt         0  (        0 /        0 )  0.00
        drc_bufb         0  (        0 /        0 )  0.00
             dup         0  (        0 /        0 )  0.00
       crit_dnsz         0  (        0 /        0 )  0.00
       crit_upsz         0  (        0 /        0 )  0.00

==================================
Stage : incr_opt 
==================================
  =================
   Message Summary
  =================
--------------------------------------------------------------------------------
|    Id    | Sev  |Count |                    Message Text                     |
--------------------------------------------------------------------------------
| PA-7     |Info  |    2 |Resetting power analysis results.                    |
|          |      |      |All computed switching activities are removed.       |
| SYNTH-2  |Info  |    1 |Done synthesizing.                                   |
| SYNTH-7  |Info  |    1 |Incrementally optimizing.                            |
| SYNTH-27 |Error |    1 |Invalid usage of synthesis command.                  |
|          |      |      |Synthesis commands should be run on a design with    |
|          |      |      | suitable state. For example, 'syn_map -physical'    |
|          |      |      | should not be run on a design with unplaced generic |
|          |      |      | gates. In this case, 'syn_generic -physical' should |
|          |      |      | be run before 'syn_map -physical' or 'syn_map'      |
|          |      |      | should be run without '-physical' option.           |
--------------------------------------------------------------------------------
Info    : Done incrementally optimizing. [SYNTH-8]
        : Done incrementally optimizing 'rf_2p_256d_76w_1m_4b'.
      flow.cputime  flow.realtime  timing.setup.tns  timing.setup.wns  snapshot
UM:*                                                                   syn_opt
@genus:root: 3> report_gates
============================================================
  Generated by:           Genus(TM) Synthesis Solution 20.11-s111_1
  Generated on:           May 01 2025  03:50:16 pm
  Module:                 rf_2p_256d_76w_1m_4b
  Technology libraries:   slow 
                          rd3_256x8_ss_1p62v_125c 1
  Operating conditions:   slow (balanced_tree)
  Wireload mode:          enclosed
  Area mode:              timing library
============================================================

                            
   Gate    Instances  Area            Library          
-------------------------------------------------------
rd3_256x8         10  0.000    rd3_256x8_ss_1p62v_125c 
-------------------------------------------------------
total             10  0.000                            


*INFO : Above table contains 1 Lib-Cell having zero area.


                                      
     Type      Instances  Area Area % 
--------------------------------------
timing_model          10 0.000    0.0 
physical_cells         0 0.000    0.0 
--------------------------------------
total                 10 0.000    0.0 

@genus:root: 4> write_hdl > rf_2p_256d_76w_1m_4b.v
@genus:root: 5> write_hdl

// Generated by Cadence Genus(TM) Synthesis Solution 20.11-s111_1
// Generated on: May  1 2025 15:50:19 IST (May  1 2025 10:20:19 UTC)

// Verification Directory fv/rf_2p_256d_76w_1m_4b 

module rf_2p_256d_76w_1m_4b(CLKA, CENA, AA, CLKB, CENB, AB, DB, QA);
  input CLKA, CENA, CLKB, CENB;
  input [7:0] AA, AB;
  input [75:0] DB;
  output [75:0] QA;
  wire CLKA, CENA, CLKB, CENB;
  wire [7:0] AA, AB;
  wire [75:0] DB;
  wire [75:0] QA;
  wire u_rd3_0_n_35, u_rd3_0_n_36, u_rd3_0_n_37, u_rd3_0_n_38,
       u_rd3_0_n_39, u_rd3_0_n_40, u_rd3_0_n_41, u_rd3_0_n_42;
  wire u_rd3_1_n_35, u_rd3_1_n_36, u_rd3_1_n_37, u_rd3_1_n_38,
       u_rd3_1_n_39, u_rd3_1_n_40, u_rd3_1_n_41, u_rd3_1_n_42;
  wire u_rd3_2_n_35, u_rd3_2_n_36, u_rd3_2_n_37, u_rd3_2_n_38,
       u_rd3_2_n_39, u_rd3_2_n_40, u_rd3_2_n_41, u_rd3_2_n_42;
  wire u_rd3_3_n_35, u_rd3_3_n_36, u_rd3_3_n_37, u_rd3_3_n_38,
       u_rd3_3_n_39, u_rd3_3_n_40, u_rd3_3_n_41, u_rd3_3_n_42;
  wire u_rd3_4_n_35, u_rd3_4_n_36, u_rd3_4_n_37, u_rd3_4_n_38,
       u_rd3_4_n_39, u_rd3_4_n_40, u_rd3_4_n_41, u_rd3_4_n_42;
  wire u_rd3_5_n_35, u_rd3_5_n_36, u_rd3_5_n_37, u_rd3_5_n_38,
       u_rd3_5_n_39, u_rd3_5_n_40, u_rd3_5_n_41, u_rd3_5_n_42;
  wire u_rd3_6_n_35, u_rd3_6_n_36, u_rd3_6_n_37, u_rd3_6_n_38,
       u_rd3_6_n_39, u_rd3_6_n_40, u_rd3_6_n_41, u_rd3_6_n_42;
  wire u_rd3_7_n_35, u_rd3_7_n_36, u_rd3_7_n_37, u_rd3_7_n_38,
       u_rd3_7_n_39, u_rd3_7_n_40, u_rd3_7_n_41, u_rd3_7_n_42;
  wire u_rd3_8_n_35, u_rd3_8_n_36, u_rd3_8_n_37, u_rd3_8_n_38,
       u_rd3_8_n_39, u_rd3_8_n_40, u_rd3_8_n_41, u_rd3_8_n_42;
  wire u_rd3_9_n_31, u_rd3_9_n_32, u_rd3_9_n_33, u_rd3_9_n_34,
       u_rd3_9_n_35, u_rd3_9_n_36, u_rd3_9_n_37, u_rd3_9_n_38;
  wire u_rd3_9_n_39, u_rd3_9_n_40, u_rd3_9_n_41, u_rd3_9_n_42;
  rd3_256x8 u_rd3_0_u_dpram_256x8(.CE1 (CLKA), .CE2 (CLKB), .CSB1
       (CENA), .CSB2 (CENB), .OEB1 (1'b0), .OEB2 (1'b1), .WEB1 (1'b1),
       .WEB2 (1'b0), .A1 ({7'b0, AA[0]}), .A2 ({7'b0, AB[0]}), .I1
       (8'b0), .I2 (DB[7:0]), .O1 (QA[7:0]), .O2 ({u_rd3_0_n_42,
       u_rd3_0_n_41, u_rd3_0_n_40, u_rd3_0_n_39, u_rd3_0_n_38,
       u_rd3_0_n_37, u_rd3_0_n_36, u_rd3_0_n_35}));
  rd3_256x8 u_rd3_1_u_dpram_256x8(.CE1 (CLKA), .CE2 (CLKB), .CSB1
       (CENA), .CSB2 (CENB), .OEB1 (1'b0), .OEB2 (1'b1), .WEB1 (1'b1),
       .WEB2 (1'b0), .A1 ({7'b0, AA[0]}), .A2 ({7'b0, AB[0]}), .I1
       (8'b0), .I2 (DB[15:8]), .O1 (QA[15:8]), .O2 ({u_rd3_1_n_42,
       u_rd3_1_n_41, u_rd3_1_n_40, u_rd3_1_n_39, u_rd3_1_n_38,
       u_rd3_1_n_37, u_rd3_1_n_36, u_rd3_1_n_35}));
  rd3_256x8 u_rd3_2_u_dpram_256x8(.CE1 (CLKA), .CE2 (CLKB), .CSB1
       (CENA), .CSB2 (CENB), .OEB1 (1'b0), .OEB2 (1'b1), .WEB1 (1'b1),
       .WEB2 (1'b0), .A1 ({7'b0, AA[0]}), .A2 ({7'b0, AB[0]}), .I1
       (8'b0), .I2 (DB[23:16]), .O1 (QA[23:16]), .O2 ({u_rd3_2_n_42,
       u_rd3_2_n_41, u_rd3_2_n_40, u_rd3_2_n_39, u_rd3_2_n_38,
       u_rd3_2_n_37, u_rd3_2_n_36, u_rd3_2_n_35}));
  rd3_256x8 u_rd3_3_u_dpram_256x8(.CE1 (CLKA), .CE2 (CLKB), .CSB1
       (CENA), .CSB2 (CENB), .OEB1 (1'b0), .OEB2 (1'b1), .WEB1 (1'b1),
       .WEB2 (1'b0), .A1 ({7'b0, AA[0]}), .A2 ({7'b0, AB[0]}), .I1
       (8'b0), .I2 (DB[31:24]), .O1 (QA[31:24]), .O2 ({u_rd3_3_n_42,
       u_rd3_3_n_41, u_rd3_3_n_40, u_rd3_3_n_39, u_rd3_3_n_38,
       u_rd3_3_n_37, u_rd3_3_n_36, u_rd3_3_n_35}));
  rd3_256x8 u_rd3_4_u_dpram_256x8(.CE1 (CLKA), .CE2 (CLKB), .CSB1
       (CENA), .CSB2 (CENB), .OEB1 (1'b0), .OEB2 (1'b1), .WEB1 (1'b1),
       .WEB2 (1'b0), .A1 ({7'b0, AA[0]}), .A2 ({7'b0, AB[0]}), .I1
       (8'b0), .I2 (DB[39:32]), .O1 (QA[39:32]), .O2 ({u_rd3_4_n_42,
       u_rd3_4_n_41, u_rd3_4_n_40, u_rd3_4_n_39, u_rd3_4_n_38,
       u_rd3_4_n_37, u_rd3_4_n_36, u_rd3_4_n_35}));
  rd3_256x8 u_rd3_5_u_dpram_256x8(.CE1 (CLKA), .CE2 (CLKB), .CSB1
       (CENA), .CSB2 (CENB), .OEB1 (1'b0), .OEB2 (1'b1), .WEB1 (1'b1),
       .WEB2 (1'b0), .A1 ({7'b0, AA[0]}), .A2 ({7'b0, AB[0]}), .I1
       (8'b0), .I2 (DB[47:40]), .O1 (QA[47:40]), .O2 ({u_rd3_5_n_42,
       u_rd3_5_n_41, u_rd3_5_n_40, u_rd3_5_n_39, u_rd3_5_n_38,
       u_rd3_5_n_37, u_rd3_5_n_36, u_rd3_5_n_35}));
  rd3_256x8 u_rd3_6_u_dpram_256x8(.CE1 (CLKA), .CE2 (CLKB), .CSB1
       (CENA), .CSB2 (CENB), .OEB1 (1'b0), .OEB2 (1'b1), .WEB1 (1'b1),
       .WEB2 (1'b0), .A1 ({7'b0, AA[0]}), .A2 ({7'b0, AB[0]}), .I1
       (8'b0), .I2 (DB[55:48]), .O1 (QA[55:48]), .O2 ({u_rd3_6_n_42,
       u_rd3_6_n_41, u_rd3_6_n_40, u_rd3_6_n_39, u_rd3_6_n_38,
       u_rd3_6_n_37, u_rd3_6_n_36, u_rd3_6_n_35}));
  rd3_256x8 u_rd3_7_u_dpram_256x8(.CE1 (CLKA), .CE2 (CLKB), .CSB1
       (CENA), .CSB2 (CENB), .OEB1 (1'b0), .OEB2 (1'b1), .WEB1 (1'b1),
       .WEB2 (1'b0), .A1 ({7'b0, AA[0]}), .A2 ({7'b0, AB[0]}), .I1
       (8'b0), .I2 (DB[63:56]), .O1 (QA[63:56]), .O2 ({u_rd3_7_n_42,
       u_rd3_7_n_41, u_rd3_7_n_40, u_rd3_7_n_39, u_rd3_7_n_38,
       u_rd3_7_n_37, u_rd3_7_n_36, u_rd3_7_n_35}));
  rd3_256x8 u_rd3_8_u_dpram_256x8(.CE1 (CLKA), .CE2 (CLKB), .CSB1
       (CENA), .CSB2 (CENB), .OEB1 (1'b0), .OEB2 (1'b1), .WEB1 (1'b1),
       .WEB2 (1'b0), .A1 ({7'b0, AA[0]}), .A2 ({7'b0, AB[0]}), .I1
       (8'b0), .I2 (DB[71:64]), .O1 (QA[71:64]), .O2 ({u_rd3_8_n_42,
       u_rd3_8_n_41, u_rd3_8_n_40, u_rd3_8_n_39, u_rd3_8_n_38,
       u_rd3_8_n_37, u_rd3_8_n_36, u_rd3_8_n_35}));
  rd3_256x8 u_rd3_9_u_dpram_256x8(.CE1 (CLKA), .CE2 (CLKB), .CSB1
       (CENA), .CSB2 (CENB), .OEB1 (1'b0), .OEB2 (1'b1), .WEB1 (1'b1),
       .WEB2 (1'b0), .A1 ({7'b0, AA[0]}), .A2 ({7'b0, AB[0]}), .I1
       (8'b0), .I2 ({4'b0, DB[75:72]}), .O1 ({u_rd3_9_n_34,
       u_rd3_9_n_33, u_rd3_9_n_32, u_rd3_9_n_31, QA[75:72]}), .O2
       ({u_rd3_9_n_42, u_rd3_9_n_41, u_rd3_9_n_40, u_rd3_9_n_39,
       u_rd3_9_n_38, u_rd3_9_n_37, u_rd3_9_n_36, u_rd3_9_n_35}));
endmodule

