###############################################################
#  Generated by:      Cadence Tempus 20.20-p001_1
#  OS:                Linux x86_64(Host ID APL5.kletech.ac.in)
#  Generated on:      Wed Mar 12 15:29:16 2025
#  Design:            s298
#  Command:           check_timing -verbose -type {loops inputs endpoints clocks constant_collision clock_gating_inferred clock_clipping} -include_warning clocks_masked_by_another_clock > ./TEMPUS_REPORTS_${DATE}/check_timing_verbose.rpt
###############################################################
    -------------------------------------------------------------------------------  
                                 TIMING CHECK SUMMARY                                
    -------------------------------------------------------------------------------  
     Warning                            Warning Description              Number of   
                                                                         Warnings    
    -------------------------------------------------------------------------------  
    clock_expected           Clock not found where clock is expected    0
    ideal_clock_waveform     Clock waveform is ideal                    1
    clocks_masked_by_another_clock
                             Clock(s) in fanin cone are dropped due to another clock
                                                                        0
    master_clk_edge_not_reaching
                             Master clock edge does not reach the generated clock target
                                                                        0
    pulse_non-pulse_clock_merge
                             Merge of pulse and non-pulse clock paths   0
    partial_input_delay      Missing specific (rise/fall) input delay assertion with respect to clock
                                                                        0
    no_gen_clock_source      No clock source found for generated clock  0
    no_drive                 No drive assertion                         8
    no_input_delay           No input delay assertion with respect to clock
                                                                        7
    invalid_pll_configuration
                             No valid path exists from output pin to feedback pin of PLL
                                                                        0
    loop                     Timing loop found in the design            0
    uncons_endpoint          Unconstrained signal arriving at end point 22
    -------------------------------------------------------------------------------
    ------------------------------------------  
               TIMING CHECK DETAIL              
    ------------------------------------------  
     Pin                              Warning   
    ------------------------------------------  
    GND                              No drive assertion
    VDD                              No drive assertion
    CK                               No drive assertion
    G0                               No drive assertion
    G1                               No drive assertion
    G2                               No drive assertion
    ts_si[0]                         No drive assertion
    scan_en                          No drive assertion
    GND                              No input delay assertion with respect to clock
    VDD                              No input delay assertion with respect to clock
    G0                               No input delay assertion with respect to clock
    G1                               No input delay assertion with respect to clock
    G2                               No input delay assertion with respect to clock
    ts_si[0]                         No input delay assertion with respect to clock
    scan_en                          No input delay assertion with respect to clock
    DFF_2/q_reg/SE                   Unconstrained signal arriving at end point
    G117                             Unconstrained signal arriving at end point
    G118                             Unconstrained signal arriving at end point
    DFF_4/q_reg/SE                   Unconstrained signal arriving at end point
    G132                             Unconstrained signal arriving at end point
    G133                             Unconstrained signal arriving at end point
    G66                              Unconstrained signal arriving at end point
    G67                              Unconstrained signal arriving at end point
    DFF_5/q_reg/SE                   Unconstrained signal arriving at end point
    ts_so[0]                         Unconstrained signal arriving at end point
    DFF_6/q_reg/SE                   Unconstrained signal arriving at end point
    DFF_8/q_reg/SE                   Unconstrained signal arriving at end point
    DFF_7/q_reg/SE                   Unconstrained signal arriving at end point
    DFF_9/q_reg/SE                   Unconstrained signal arriving at end point
    DFF_3/q_reg/SE                   Unconstrained signal arriving at end point
    DFF_10/q_reg/SE                  Unconstrained signal arriving at end point
    DFF_11/q_reg/SE                  Unconstrained signal arriving at end point
    DFF_12/q_reg/SE                  Unconstrained signal arriving at end point
    DFF_13/q_reg/SE                  Unconstrained signal arriving at end point
    DFF_1/q_reg/SE                   Unconstrained signal arriving at end point
    DFF_0/q_reg/SE                   Unconstrained signal arriving at end point
    DFF_0/q_reg/SI                   Unconstrained signal arriving at end point
    -----------------------------------------------------------------
    --------------------------------  
       TIMING CHECK IDEAL CLOCKS      
    --------------------------------  
     Clock Waveform                   
    --------------------------------  
    sclk
    --------------------------------
