
Cadence Tempus(TM) Timing Signoff Solution.
Copyright 2020 Cadence Design Systems, Inc. All rights reserved worldwide.

Version:	v20.20-p001_1, built Wed Dec 2 16:07:28 PST 2020
Options:	
Date:		Sat Apr  5 15:06:03 2025
Host:		APL9.kletech.ac.in (x86_64 w/Linux 4.18.0-425.3.1.el8.x86_64) (6cores*12cpus*12th Gen Intel(R) Core(TM) i5-12500 18432KB)
OS:		Red Hat Enterprise Linux release 8.7 (Ootpa)

License:
		tpsxl	Tempus Timing Signoff Solution XL	20.2	checkout succeeded
		16 CPU jobs allowed with the current license(s). Use set_multi_cpu_usage to set your required CPU count.
Change the soft stacksize limit to 0.2%RAM (63 mbytes). Set global soft_stack_size_limit to change the value.
environment variable TMPDIR is '/tmp/ssv_tmpdir_98720_zYzIUc'.
<CMD> read_lib ../Tech_files/slow.lib
<CMD> read_lib -lef ../Tech_files/all.lef
<CMD> read_verilog ../Netlist/scan_netlist.v
<CMD> set_top_module
#% Begin Load MMMC data ... (date=04/05 15:06:28, mem=772.2M)
Number of views requested 1 are allowed with the current licenses... continuing with set_analysis_view.
#% End Load MMMC data ... (date=04/05 15:06:28, total cpu=0:00:00.0, real=0:00:00.0, peak res=772.6M, current mem=772.6M)
default_emulate_early_rc_corner default_emulate_late_rc_corner default_emulate_rc_corner

Loading LEF file ../Tech_files/all.lef ...
Set DBUPerIGU to M2 pitch 1320.
**WARN: (IMPLF-200):	Pin 'A' in macro 'ANTENNA' has no ANTENNAGATEAREA value defined. The library data is incomplete and some process antenna rules will not be checked correctly.
**WARN: (IMPLF-201):	Pin 'Q[0]' in macro 'rom_512x16A' has no ANTENNADIFFAREA value defined. The library data is incomplete and some process antenna rules will not be checked correctly.
**WARN: (IMPLF-201):	Pin 'Q[10]' in macro 'rom_512x16A' has no ANTENNADIFFAREA value defined. The library data is incomplete and some process antenna rules will not be checked correctly.
**WARN: (IMPLF-201):	Pin 'Q[11]' in macro 'rom_512x16A' has no ANTENNADIFFAREA value defined. The library data is incomplete and some process antenna rules will not be checked correctly.
**WARN: (IMPLF-201):	Pin 'Q[12]' in macro 'rom_512x16A' has no ANTENNADIFFAREA value defined. The library data is incomplete and some process antenna rules will not be checked correctly.
**WARN: (IMPLF-201):	Pin 'Q[13]' in macro 'rom_512x16A' has no ANTENNADIFFAREA value defined. The library data is incomplete and some process antenna rules will not be checked correctly.
**WARN: (IMPLF-201):	Pin 'Q[14]' in macro 'rom_512x16A' has no ANTENNADIFFAREA value defined. The library data is incomplete and some process antenna rules will not be checked correctly.
**WARN: (IMPLF-201):	Pin 'Q[15]' in macro 'rom_512x16A' has no ANTENNADIFFAREA value defined. The library data is incomplete and some process antenna rules will not be checked correctly.
**WARN: (IMPLF-201):	Pin 'Q[1]' in macro 'rom_512x16A' has no ANTENNADIFFAREA value defined. The library data is incomplete and some process antenna rules will not be checked correctly.
**WARN: (IMPLF-201):	Pin 'Q[2]' in macro 'rom_512x16A' has no ANTENNADIFFAREA value defined. The library data is incomplete and some process antenna rules will not be checked correctly.
**WARN: (IMPLF-201):	Pin 'Q[3]' in macro 'rom_512x16A' has no ANTENNADIFFAREA value defined. The library data is incomplete and some process antenna rules will not be checked correctly.
**WARN: (IMPLF-201):	Pin 'Q[4]' in macro 'rom_512x16A' has no ANTENNADIFFAREA value defined. The library data is incomplete and some process antenna rules will not be checked correctly.
**WARN: (IMPLF-201):	Pin 'Q[5]' in macro 'rom_512x16A' has no ANTENNADIFFAREA value defined. The library data is incomplete and some process antenna rules will not be checked correctly.
**WARN: (IMPLF-201):	Pin 'Q[6]' in macro 'rom_512x16A' has no ANTENNADIFFAREA value defined. The library data is incomplete and some process antenna rules will not be checked correctly.
**WARN: (IMPLF-201):	Pin 'Q[7]' in macro 'rom_512x16A' has no ANTENNADIFFAREA value defined. The library data is incomplete and some process antenna rules will not be checked correctly.
**WARN: (IMPLF-201):	Pin 'Q[8]' in macro 'rom_512x16A' has no ANTENNADIFFAREA value defined. The library data is incomplete and some process antenna rules will not be checked correctly.
**WARN: (IMPLF-201):	Pin 'Q[9]' in macro 'rom_512x16A' has no ANTENNADIFFAREA value defined. The library data is incomplete and some process antenna rules will not be checked correctly.
**WARN: (IMPLF-201):	Pin 'Q[0]' in macro 'ram_256x16A' has no ANTENNADIFFAREA value defined. The library data is incomplete and some process antenna rules will not be checked correctly.
**WARN: (IMPLF-201):	Pin 'Q[10]' in macro 'ram_256x16A' has no ANTENNADIFFAREA value defined. The library data is incomplete and some process antenna rules will not be checked correctly.
**WARN: (IMPLF-201):	Pin 'Q[11]' in macro 'ram_256x16A' has no ANTENNADIFFAREA value defined. The library data is incomplete and some process antenna rules will not be checked correctly.
**WARN: (IMPLF-201):	Pin 'Q[12]' in macro 'ram_256x16A' has no ANTENNADIFFAREA value defined. The library data is incomplete and some process antenna rules will not be checked correctly.
**WARN: (EMS-62):	Message <IMPLF-201> has exceeded the default message display limit of 20.
To avoid this warning, increase the display limit per unique message by
using the set_message -limit <number> command.
The message limit can be removed by using the set_message -no_limit command.
Note that setting a very large number using the set_message -limit command
or removing the message limit using the set_message -no_limit command can
significantly increase the log file size.
To suppress a message, use the set_message -suppress command.
**WARN: (IMPLF-200):	Pin 'PAD' in macro 'PDB04DGZ' has no ANTENNAGATEAREA value defined. The library data is incomplete and some process antenna rules will not be checked correctly.
**WARN: (IMPLF-200):	Pin 'OEN' in macro 'PDB04DGZ' has no ANTENNAGATEAREA value defined. The library data is incomplete and some process antenna rules will not be checked correctly.
**WARN: (IMPLF-200):	Pin 'I' in macro 'PDB04DGZ' has no ANTENNAGATEAREA value defined. The library data is incomplete and some process antenna rules will not be checked correctly.

viaInitial starts at Sat Apr  5 15:06:28 2025
**WARN: (IMPPP-557):	A single-layer VIARULE GENERATE for turn-vias is obsolete and is being ignored. Remove this statement from the technology file: VIARULE TURNM1 GENERATE.
**WARN: (IMPPP-557):	A single-layer VIARULE GENERATE for turn-vias is obsolete and is being ignored. Remove this statement from the technology file: VIARULE TURNM2 GENERATE.
**WARN: (IMPPP-557):	A single-layer VIARULE GENERATE for turn-vias is obsolete and is being ignored. Remove this statement from the technology file: VIARULE TURNM3 GENERATE.
**WARN: (IMPPP-557):	A single-layer VIARULE GENERATE for turn-vias is obsolete and is being ignored. Remove this statement from the technology file: VIARULE TURNM4 GENERATE.
**WARN: (IMPPP-557):	A single-layer VIARULE GENERATE for turn-vias is obsolete and is being ignored. Remove this statement from the technology file: VIARULE TURNM5 GENERATE.
**WARN: (IMPPP-557):	A single-layer VIARULE GENERATE for turn-vias is obsolete and is being ignored. Remove this statement from the technology file: VIARULE TURNM6 GENERATE.
viaInitial ends at Sat Apr  5 15:06:28 2025

##  Check design process and node:  
##  Both design process and tech node are not set.

Loading view definition file from .ssv_emulate_view_definition_98720.tcl
Reading default_emulate_libset_max timing library '/home/01fe21bec223/DFT/DFT/vorca/Tech_files/slow.lib' ...
Read 477 cells in library 'slow' 
*** End library_loading (cpu=0.00min, real=0.00min, mem=29.0M, fe_cpu=0.14min, fe_real=0.42min, fe_mem=856.8M) ***
#% Begin Load netlist data ... (date=04/05 15:06:28, mem=831.0M)
*** Begin netlist parsing (mem=856.8M) ***
**WARN: (IMPVL-159):	Pin 'VSS' of cell 'OAI211XL' is defined in LEF but not in the timing library.
**WARN: (IMPVL-159):	Pin 'VDD' of cell 'OAI211XL' is defined in LEF but not in the timing library.
**WARN: (IMPVL-159):	Pin 'VSS' of cell 'SEDFFHQX1' is defined in LEF but not in the timing library.
**WARN: (IMPVL-159):	Pin 'VDD' of cell 'SEDFFHQX1' is defined in LEF but not in the timing library.
**WARN: (IMPVL-159):	Pin 'VSS' of cell 'EDFFTRX2' is defined in LEF but not in the timing library.
**WARN: (IMPVL-159):	Pin 'VDD' of cell 'EDFFTRX2' is defined in LEF but not in the timing library.
**WARN: (IMPVL-159):	Pin 'VSS' of cell 'NOR3X4' is defined in LEF but not in the timing library.
**WARN: (IMPVL-159):	Pin 'VDD' of cell 'NOR3X4' is defined in LEF but not in the timing library.
**WARN: (IMPVL-159):	Pin 'VSS' of cell 'DFFHQX4' is defined in LEF but not in the timing library.
**WARN: (IMPVL-159):	Pin 'VDD' of cell 'DFFHQX4' is defined in LEF but not in the timing library.
**WARN: (IMPVL-159):	Pin 'VSS' of cell 'OAI222XL' is defined in LEF but not in the timing library.
**WARN: (IMPVL-159):	Pin 'VDD' of cell 'OAI222XL' is defined in LEF but not in the timing library.
**WARN: (IMPVL-159):	Pin 'VSS' of cell 'NOR4X4' is defined in LEF but not in the timing library.
**WARN: (IMPVL-159):	Pin 'VDD' of cell 'NOR4X4' is defined in LEF but not in the timing library.
**WARN: (IMPVL-159):	Pin 'VSS' of cell 'NOR4BXL' is defined in LEF but not in the timing library.
**WARN: (IMPVL-159):	Pin 'VDD' of cell 'NOR4BXL' is defined in LEF but not in the timing library.
**WARN: (IMPVL-159):	Pin 'VSS' of cell 'NAND4BBX1' is defined in LEF but not in the timing library.
**WARN: (IMPVL-159):	Pin 'VDD' of cell 'NAND4BBX1' is defined in LEF but not in the timing library.
**WARN: (IMPVL-159):	Pin 'VSS' of cell 'MXI2X4' is defined in LEF but not in the timing library.
**WARN: (IMPVL-159):	Pin 'VDD' of cell 'MXI2X4' is defined in LEF but not in the timing library.
**WARN: (EMS-62):	Message <IMPVL-159> has exceeded the default message display limit of 20.
To avoid this warning, increase the display limit per unique message by
using the set_message -limit <number> command.
The message limit can be removed by using the set_message -no_limit command.
Note that setting a very large number using the set_message -limit command
or removing the message limit using the set_message -no_limit command can
significantly increase the log file size.
To suppress a message, use the set_message -suppress command.
**ERROR: (IMPVL-209):	In Verilog file '../Netlist/scan_netlist.v', check line 307 near the text '0x0' for the issue: 'syntax error'.  Update the text accordingly.
Verilog file '../Netlist/scan_netlist.v' has errors!  See above.

*** Memory Usage v#1 (Current mem = 936.785M, initial mem = 299.711M) ***
#% End Load netlist data ... (date=04/05 15:06:28, total cpu=0:00:00.2, real=0:00:00.0, peak res=860.4M, current mem=860.4M)
**ERROR: (IMPVL-902):	Failed to read netlist ../Netlist/scan_netlist.v. See previous error messages for details.  Resolve the issues and reload the design.

<CMD> read_lib ../Tech_files/slow.lib
**WARN: (UI-235):	The  timing library file ../Tech_files/slow.lib has already been scheduled for reading, skip this specification for this read_lib command.
<CMD> read_lib -lef ../Tech_files/all.lef
**WARN: (UI-235):	The LEF file ../Tech_files/all.lef has already been scheduled for reading, skip this specification for this read_lib command.
<CMD> read_verilog ../Netlist/scan_netlist.v
<CMD> set_top_module
#% Begin Load MMMC data ... (date=04/05 15:08:41, mem=859.8M)
Extraction setup Started 
Tempus Timing Signoff Solution terminated by internal (SEGV) error/signal...
Current time: Sat Apr  5 15:08:42 2025
*** Stack trace:
*** Stack trace:
/icp/SSV202/tools.lnx86/ssv/bin/64bit/tempus[0x139d2835]
/icp/SSV202/tools.lnx86/ssv/bin/64bit/tempus(syStackTrace+0xb6)[0x139d2cb7]
/icp/SSV202/tools.lnx86/ssv/bin/64bit/tempus[0x509e83e]
/lib64/libpthread.so.0(+0x12cef)[0x7f99d3066cef]
/icp/SSV202/tools.lnx86/ssv/bin/64bit/tempus(_ZN12peLayerPitch17computeLayerPitchEv+0x4f)[0xd04a6bf]
/icp/SSV202/tools.lnx86/ssv/bin/64bit/tempus(_ZN14peEngineClient16getLayerInfoByIdERSt6vectorI11eeLayerInfoSaIS1_EE+0xb0e)[0xd0414fe]
/icp/SSV202/tools.lnx86/ssv/bin/64bit/tempus(_ZN14peEngineClient12getLayerInfoERSt6vectorI11eeLayerInfoSaIS1_EE+0xafe)[0xd0422be]
/icp/SSV202/tools.lnx86/ssv/bin/64bit/tempus(_ZN21eeExtEngineDesignData12setLayerInfoEv+0x4b)[0x5658f9b]
/icp/SSV202/tools.lnx86/ssv/bin/64bit/tempus[0xcf61f78]
/icp/SSV202/tools.lnx86/ssv/bin/64bit/tempus(_Z10dbMCRCInitv+0x8)[0xcf69db8]
/icp/SSV202/tools.lnx86/ssv/bin/64bit/tempus(_Z28peiInitializeExtractionSetUpb+0x27)[0xcf69ef7]
/icp/SSV202/tools.lnx86/ssv/bin/64bit/tempus[0x1024f202]
/icp/SSV202/tools.lnx86/ssv/bin/64bit/tempus(_ZN6TAMmmc14updateRcCornerEP14TAMmmcRcCornerPKcf9tabooleanR18TAMmmcTripleFactorS4_fS4_S6_S4_S6_S4_fS4_fS4_S6_S4_S6_S4_S3_S3_S3_fS4_S3_+0x397)[0x13c574a7]
/icp/SSV202/tools.lnx86/ssv/bin/64bit/tempus(_Z30TaCmd_createOrUpdate_rc_cornerPvP10Tcl_InterpiPPc9tabooleanP6tcmCmd+0x88f)[0x14eb05ff]
/icp/SSV202/tools.lnx86/ssv/bin/64bit/tempus(_ZN10tcmBaseCmd7executeEP10Tcl_InterpiPPc+0x2d3)[0x15e9f273]
/icp/SSV202/tools.lnx86/ssv/bin/64bit/tempus(_ZN6tcmMgr9cmdParserEPvP10Tcl_InterpiPPc+0x693)[0x15e92423]
/icp/SSV202/tools.lnx86/ssv/bin/64bit/tempus(TclInvokeStringCommand+0x7f)[0x21d1d7df]
/icp/SSV202/tools.lnx86/ssv/bin/64bit/tempus(TclNRRunCallbacks+0x46)[0x21d22156]
/icp/SSV202/tools.lnx86/ssv/bin/64bit/tempus[0x21d24627]
/icp/SSV202/tools.lnx86/ssv/bin/64bit/tempus(Tcl_EvalEx+0x15)[0x21d24f55]
/icp/SSV202/tools.lnx86/ssv/bin/64bit/tempus(TclNREvalObjEx+0x6e)[0x21d24ffe]
/icp/SSV202/tools.lnx86/ssv/bin/64bit/tempus[0x21dda9aa]
/icp/SSV202/tools.lnx86/ssv/bin/64bit/tempus[0x21d38250]
/icp/SSV202/tools.lnx86/ssv/bin/64bit/tempus(TclNRRunCallbacks+0x46)[0x21d22156]
/icp/SSV202/tools.lnx86/ssv/bin/64bit/tempus[0x21d24627]
/icp/SSV202/tools.lnx86/ssv/bin/64bit/tempus(Tcl_EvalEx+0x15)[0x21d24f55]
/icp/SSV202/tools.lnx86/ssv/bin/64bit/tempus(TclNREvalObjEx+0x6e)[0x21d24ffe]
/icp/SSV202/tools.lnx86/ssv/bin/64bit/tempus[0x21dda9aa]
/icp/SSV202/tools.lnx86/ssv/bin/64bit/tempus[0x21d38250]
/icp/SSV202/tools.lnx86/ssv/bin/64bit/tempus(TclNRRunCallbacks+0x46)[0x21d22156]
/icp/SSV202/tools.lnx86/ssv/bin/64bit/tempus(Tcl_RecordAndEvalObj+0xf3)[0x21dc09f3]
/icp/SSV202/tools.lnx86/ssv/bin/64bit/tempus(Tcl_RecordAndEval+0x37)[0x21dc0b57]
/icp/SSV202/tools.lnx86/ssv/bin/64bit/tempus(_Z17rdaEditCmdLineEndPc+0x33c)[0x51d9e2c]
/icp/SSV202/tools.lnx86/ssv/bin/64bit/tempus(_ZN9seConsole7sesMode9DoExecuteERKSsPv+0xc6)[0x102fcde6]
/icp/SSV202/tools.lnx86/ssv/bin/64bit/tempus(_ZN7Redline9EmacsMode10AcceptLineEv+0x3b)[0x1161771b]
/icp/SSV202/tools.lnx86/ssv/bin/64bit/tempus(_ZN7Redline11ModeCommandINS_9EmacsModeEE15CommandFnNoKeysERKN5boost8functionIFvRS1_EEERNS_6EditorE+0x60)[0x1161fc90]
/icp/SSV202/tools.lnx86/ssv/bin/64bit/tempus(_ZN5boost6detail8function26void_function_obj_invoker2INS_3_bi6bind_tINS3_11unspecifiedENS_8functionIFvRN7Redline6EditorEEEENS3_5list1INS_3argILi1EEEEEEEvS9_RKNS7_14KeyCombinationEE6invokeERNS1_15function_bufferES9_SJ_+0x1a)[0x1162f50a]
/icp/SSV202/tools.lnx86/ssv/bin/64bit/tempus(_ZNK7Redline7Command3RunERNS_6EditorERKNS_14KeyCombinationE+0x1b)[0x1162f22b]
/icp/SSV202/tools.lnx86/ssv/bin/64bit/tempus(_ZN7Redline6Editor9Internals3RunEb+0xdf)[0x11613d3f]
/icp/SSV202/tools.lnx86/ssv/bin/64bit/tempus[0x21e250d6]
/icp/SSV202/tools.lnx86/ssv/bin/64bit/tempus(Tcl_ServiceEvent+0x86)[0x21de6b26]
/icp/SSV202/tools.lnx86/ssv/bin/64bit/tempus(Tcl_DoOneEvent+0x128)[0x21de6e28]
/icp/SSV202/tools.lnx86/lib/64bit/libtq.so(_ZN17TqEventDispatcher13processEventsE6QFlagsIN10QEventLoop17ProcessEventsFlagEE+0x69)[0x7f99daf5b239]
/icp/SSV202/tools.lnx86/Qt/v5//64bit/lib/libcdsQt5Core.so.5(_ZN10QEventLoop4execE6QFlagsINS_17ProcessEventsFlagEE+0xe9)[0x7f99da11a0c9]
/icp/SSV202/tools.lnx86/Qt/v5//64bit/lib/libcdsQt5Core.so.5(_ZN16QCoreApplication4execEv+0x83)[0x7f99da122953]
/icp/SSV202/tools.lnx86/lib/64bit/libtq.so(_ZN13TqApplication4execEv+0x176)[0x7f99daf5a896]
/icp/SSV202/tools.lnx86/ssv/bin/64bit/tempus(_Z12edi_app_initP10Tcl_Interp+0x280)[0x50a2420]
/icp/SSV202/tools.lnx86/ssv/bin/64bit/tempus(Tcl_MainEx+0x176)[0x21de1666]
/icp/SSV202/tools.lnx86/ssv/bin/64bit/tempus[0x50b181a]
/icp/SSV202/tools.lnx86/ssv/bin/64bit/tempus(main+0x5b)[0x46fbb2b]
/lib64/libc.so.6(__libc_start_main+0xe4)[0x7f99d241bd84]
/icp/SSV202/tools.lnx86/ssv/bin/64bit/tempus[0x509b430]
========================================
               pstack
========================================
========================================
                gdb
========================================
Using: gdb
Could not find platform independent libraries <prefix>
Could not find platform dependent libraries <exec_prefix>
Consider setting $PYTHONHOME to <prefix>[:<exec_prefix>]
Fatal Python error: Py_Initialize: Unable to get the locale encoding
ModuleNotFoundError: No module named 'encodings'

Current thread 0x00007fe6fa2460c0 (most recent call first):

*** Memory Usage v#1 (Current mem = 908.047M, initial mem = 299.711M) ***

*** Summary of all messages that are not suppressed in this session:
Severity  ID               Count  Summary                                  
WARNING   IMPLF-200            4  Pin '%s' in macro '%s' has no ANTENNAGAT...
WARNING   IMPLF-201           50  Pin '%s' in macro '%s' has no ANTENNADIF...
WARNING   UI-235               2  The %s file %s has already been schedule...
ERROR     IMPVL-902            1  Failed to read netlist %s. See previous ...
ERROR     IMPVL-209            1  In Verilog file '%s', check line %d near...
WARNING   IMPVL-159          696  Pin '%s' of cell '%s' is defined in LEF ...
WARNING   IMPPP-557            6  A single-layer VIARULE GENERATE for turn...
*** Message Summary: 758 warning(s), 2 error(s)

--- Ending "Tempus Timing Signoff Solution" (totcpu=0:00:17.7, real=0:02:40, mem=908.0M) ---
