###############################################################
#  Generated by:      Cadence Tempus 20.20-p001_1
#  OS:                Linux x86_64(Host ID APL10.kletech.ac.in)
#  Generated on:      Fri Apr 11 14:08:46 2025
#  Design:            vorca
#  Command:           check_design -type timing -out_file reports_Apr11-14:08:46/check_design.rpt
###############################################################
#Design Check : timing (152)
# --------------------------------------------------------------------------------------
# Message: Clock pin %s of instance %s has no clock constraint for view name %s.
#    Help: 
# --------------------------------------------------------------------------------------
dict set design_checks timing CHKTIM-4 {
  severity warning
  count 152
  violations {
    {CK o_reg_addr_reg_7_ default_emulate_view}
    {CK o_reg_addr_reg_6_ default_emulate_view}
    {CK o_reg_addr_reg_5_ default_emulate_view}
    {CK o_reg_addr_reg_4_ default_emulate_view}
    {CK o_reg_addr_reg_3_ default_emulate_view}
    {CK o_reg_addr_reg_2_ default_emulate_view}
    {CK o_reg_addr_reg_1_ default_emulate_view}
    {CK o_reg_addr_reg_0_ default_emulate_view}
    {CK f32_mux_1_data_reg_0_ default_emulate_view}
    {CK f32_mux_1_data_reg_1_ default_emulate_view}
    {CK f32_mux_1_data_reg_2_ default_emulate_view}
    {CK f32_mux_1_data_reg_3_ default_emulate_view}
    {CK f32_mux_1_data_reg_4_ default_emulate_view}
    {CK f32_mux_1_data_reg_5_ default_emulate_view}
    {CK f32_mux_1_data_reg_6_ default_emulate_view}
    {CK f32_mux_1_data_reg_7_ default_emulate_view}
    {CK f32_mux_1_data_reg_8_ default_emulate_view}
    {CK f32_mux_1_data_reg_9_ default_emulate_view}
    {CK f32_mux_1_data_reg_10_ default_emulate_view}
    {CK f32_mux_1_data_reg_11_ default_emulate_view}
    {CK f32_mux_1_data_reg_12_ default_emulate_view}
    {CK f32_mux_1_data_reg_13_ default_emulate_view}
    {CK f32_mux_1_data_reg_14_ default_emulate_view}
    {CK f32_mux_1_data_reg_15_ default_emulate_view}
    {CK f32_mux_1_data_reg_16_ default_emulate_view}
    {CK f32_mux_1_data_reg_17_ default_emulate_view}
    {CK f32_mux_1_data_reg_18_ default_emulate_view}
    {CK f32_mux_1_data_reg_19_ default_emulate_view}
    {CK f32_mux_1_data_reg_20_ default_emulate_view}
    {CK f32_mux_1_data_reg_21_ default_emulate_view}
    {CK f32_mux_1_data_reg_22_ default_emulate_view}
    {CK f32_mux_1_data_reg_23_ default_emulate_view}
    {CK f32_mux_1_data_reg_24_ default_emulate_view}
    {CK f32_mux_1_data_reg_25_ default_emulate_view}
    {CK f32_mux_1_data_reg_26_ default_emulate_view}
    {CK f32_mux_1_data_reg_27_ default_emulate_view}
    {CK f32_mux_1_data_reg_28_ default_emulate_view}
    {CK f32_mux_1_data_reg_29_ default_emulate_view}
    {CK f32_mux_1_data_reg_30_ default_emulate_view}
    {CK f32_mux_1_data_reg_31_ default_emulate_view}
    {CK f32_mux_0_data_reg_31_ default_emulate_view}
    {CK f32_mux_0_data_reg_30_ default_emulate_view}
    {CK f32_mux_0_data_reg_29_ default_emulate_view}
    {CK f32_mux_0_data_reg_28_ default_emulate_view}
    {CK f32_mux_0_data_reg_27_ default_emulate_view}
    {CK f32_mux_0_data_reg_26_ default_emulate_view}
    {CK f32_mux_0_data_reg_25_ default_emulate_view}
    {CK f32_mux_0_data_reg_24_ default_emulate_view}
    {CK f32_mux_0_data_reg_23_ default_emulate_view}
    {CK f32_mux_0_data_reg_22_ default_emulate_view}
    {CK f32_mux_0_data_reg_21_ default_emulate_view}
    {CK f32_mux_0_data_reg_20_ default_emulate_view}
    {CK f32_mux_0_data_reg_19_ default_emulate_view}
    {CK f32_mux_0_data_reg_18_ default_emulate_view}
    {CK f32_mux_0_data_reg_17_ default_emulate_view}
    {CK f32_mux_0_data_reg_16_ default_emulate_view}
    {CK f32_mux_0_data_reg_0_ default_emulate_view}
    {CK f32_mux_0_data_reg_1_ default_emulate_view}
    {CK f32_mux_0_data_reg_2_ default_emulate_view}
    {CK f32_mux_0_data_reg_3_ default_emulate_view}
    {CK f32_mux_0_data_reg_4_ default_emulate_view}
    {CK f32_mux_0_data_reg_5_ default_emulate_view}
    {CK f32_mux_0_data_reg_6_ default_emulate_view}
    {CK f32_mux_0_data_reg_7_ default_emulate_view}
    {CK f32_mux_0_data_reg_8_ default_emulate_view}
    {CK f32_mux_0_data_reg_9_ default_emulate_view}
    {CK f32_mux_0_data_reg_10_ default_emulate_view}
    {CK f32_mux_0_data_reg_11_ default_emulate_view}
    {CK f32_mux_0_data_reg_12_ default_emulate_view}
    {CK f32_mux_0_data_reg_13_ default_emulate_view}
    {CK f32_mux_0_data_reg_14_ default_emulate_view}
    {CK f32_mux_0_data_reg_15_ default_emulate_view}
    {CK f32_data_reg_31_ default_emulate_view}
    {CK f32_data_reg_30_ default_emulate_view}
    {CK f32_data_reg_29_ default_emulate_view}
    {CK f32_data_reg_28_ default_emulate_view}
    {CK f32_data_reg_27_ default_emulate_view}
    {CK f32_data_reg_26_ default_emulate_view}
    {CK f32_data_reg_25_ default_emulate_view}
    {CK f32_data_reg_24_ default_emulate_view}
    {CK f32_data_reg_23_ default_emulate_view}
    {CK f32_data_reg_22_ default_emulate_view}
    {CK f32_data_reg_21_ default_emulate_view}
    {CK f32_data_reg_20_ default_emulate_view}
    {CK f32_data_reg_19_ default_emulate_view}
    {CK f32_data_reg_18_ default_emulate_view}
    {CK f32_data_reg_17_ default_emulate_view}
    {CK f32_data_reg_16_ default_emulate_view}
    {CK f32_data_reg_15_ default_emulate_view}
    {CK f32_data_reg_14_ default_emulate_view}
    {CK f32_data_reg_13_ default_emulate_view}
    {CK f32_data_reg_12_ default_emulate_view}
    {CK f32_data_reg_11_ default_emulate_view}
    {CK f32_data_reg_10_ default_emulate_view}
    {CK f32_data_reg_9_ default_emulate_view}
    {CK f32_data_reg_8_ default_emulate_view}
    {CK f32_data_reg_7_ default_emulate_view}
    {CK f32_data_reg_6_ default_emulate_view}
    {CK f32_data_reg_5_ default_emulate_view}
    {CK f32_data_reg_4_ default_emulate_view}
    {CK f32_data_reg_3_ default_emulate_view}
    {CK f32_data_reg_2_ default_emulate_view}
    {CK f32_data_reg_1_ default_emulate_view}
    {CK f32_data_reg_0_ default_emulate_view}
    {CK o_spare_config_reg_31_ default_emulate_view}
    {CK o_spare_config_reg_30_ default_emulate_view}
    {CK o_spare_config_reg_29_ default_emulate_view}
    {CK o_spare_config_reg_28_ default_emulate_view}
    {CK o_spare_config_reg_27_ default_emulate_view}
    {CK o_spare_config_reg_26_ default_emulate_view}
    {CK o_spare_config_reg_25_ default_emulate_view}
    {CK o_spare_config_reg_24_ default_emulate_view}
    {CK o_spare_config_reg_23_ default_emulate_view}
    {CK o_spare_config_reg_22_ default_emulate_view}
    {CK o_spare_config_reg_21_ default_emulate_view}
    {CK o_spare_config_reg_20_ default_emulate_view}
    {CK o_spare_config_reg_19_ default_emulate_view}
    {CK o_spare_config_reg_18_ default_emulate_view}
    {CK o_spare_config_reg_17_ default_emulate_view}
    {CK o_spare_config_reg_16_ default_emulate_view}
    {CK o_spare_config_reg_15_ default_emulate_view}
    {CK o_spare_config_reg_14_ default_emulate_view}
    {CK o_spare_config_reg_13_ default_emulate_view}
    {CK o_spare_config_reg_12_ default_emulate_view}
    {CK o_spare_config_reg_11_ default_emulate_view}
    {CK o_spare_config_reg_10_ default_emulate_view}
    {CK o_spare_config_reg_9_ default_emulate_view}
    {CK o_spare_config_reg_8_ default_emulate_view}
    {CK o_spare_config_reg_7_ default_emulate_view}
    {CK o_spare_config_reg_6_ default_emulate_view}
    {CK o_spare_config_reg_5_ default_emulate_view}
    {CK o_spare_config_reg_4_ default_emulate_view}
    {CK o_spare_config_reg_3_ default_emulate_view}
    {CK o_spare_config_reg_2_ default_emulate_view}
    {CK o_spare_config_reg_1_ default_emulate_view}
    {CK o_spare_config_reg_0_ default_emulate_view}
    {CK o_adj_config_reg_15_ default_emulate_view}
    {CK o_adj_config_reg_14_ default_emulate_view}
    {CK o_adj_config_reg_13_ default_emulate_view}
    {CK o_adj_config_reg_12_ default_emulate_view}
    {CK o_adj_config_reg_11_ default_emulate_view}
    {CK o_adj_config_reg_10_ default_emulate_view}
    {CK o_adj_config_reg_9_ default_emulate_view}
    {CK o_adj_config_reg_8_ default_emulate_view}
    {CK o_adj_config_reg_7_ default_emulate_view}
    {CK o_adj_config_reg_6_ default_emulate_view}
    {CK o_adj_config_reg_5_ default_emulate_view}
    {CK o_adj_config_reg_4_ default_emulate_view}
    {CK o_adj_config_reg_3_ default_emulate_view}
    {CK o_adj_config_reg_2_ default_emulate_view}
    {CK o_adj_config_reg_1_ default_emulate_view}
    {CK o_adj_config_reg_0_ default_emulate_view}
  }
}
