###############################################################
#  Generated by:      Cadence Tempus 20.20-p001_1
#  OS:                Linux x86_64(Host ID APL10.kletech.ac.in)
#  Generated on:      Fri Apr 11 14:08:46 2025
#  Design:            vorca
#  Command:           report_timing -late   -max_paths 50 -nworst 1 -path_type full_clock -net  > ${reportDir}/worst_max_path.rpt
###############################################################
Path 1: MET Setup Check with Pin f_err_ack_reg/CK 
Endpoint:   f_err_ack_reg/D (^) checked with  leading edge of 'clk'
Beginpoint: test_se         (^) triggered by  leading edge of '@'
Path Groups: {clk}
Other End Arrival Time          0.000
- Setup                         0.235
+ Phase Shift                   5.000
= Required Time                 4.765
- Arrival Time                  0.813
= Slack Time                    3.952
     Clock Rise Edge                      0.000
     + Input Delay                        0.000
     = Beginpoint Arrival Time            0.000
     Timing Path:
      --------------------------------------------------------------------------------------
      Pin                              Edge  Net           Cell     Delay  Arrival  Required  
                                                                           Time     Time  
      --------------------------------------------------------------------------------------
      test_se                          ^     test_se       -        -      0.000    3.952  
      o_reg_addr_reg_3__scan_iso_or/B  ^     test_se       AND2X1   0.000  0.000    3.952  
      o_reg_addr_reg_3__scan_iso_or/Y  ^     scan_iso_or3  AND2X1   0.139  0.139    4.091  
      U65/A                            ^     scan_iso_or3  NAND2X2  0.000  0.139    4.091  
      U65/Y                            v     n382          NAND2X2  0.218  0.358    4.309  
      U73/A1                           v     n382          OAI21X1  0.000  0.358    4.309  
      U73/Y                            ^     n154          OAI21X1  0.150  0.508    4.460  
      U72/A1                           ^     n154          AOI21X1  0.000  0.508    4.460  
      U72/Y                            v     n155          AOI21X1  0.086  0.594    4.545  
      U71/B0                           v     n155          OAI31X1  0.000  0.594    4.545  
      U71/Y                            ^     n157          OAI31X1  0.052  0.645    4.597  
      U235/A                           ^     n157          AND2X1   0.000  0.645    4.597  
      U235/Y                           ^     N409          AND2X1   0.168  0.813    4.765  
      f_err_ack_reg/D                  ^     N409          SDFFRX1  0.000  0.813    4.765  
      --------------------------------------------------------------------------------------
     Clock Rise Edge                      0.000
     = Beginpoint Arrival Time            0.000
     Other End Path:
      --------------------------------------------------------------
      Pin               Edge  Net  Cell     Delay  Arrival  Required  
                                                   Time     Time  
      --------------------------------------------------------------
      clk               ^     clk  -        -      0.000    -3.952  
      f_err_ack_reg/CK  ^     clk  SDFFRX1  0.000  0.000    -3.952  
      --------------------------------------------------------------
Path 2: MET Setup Check with Pin u_survik/o_dbg_config_reg_0_/CK 
Endpoint:   u_survik/o_dbg_config_reg_0_/D (^) checked with  leading edge of 'clk'
Beginpoint: f_state_reg_0_/Q               (^) triggered by  leading edge of 'clk'
Path Groups: {clk}
Other End Arrival Time          0.000
- Setup                         0.237
+ Phase Shift                   5.000
= Required Time                 4.763
- Arrival Time                  0.803
= Slack Time                    3.961
     Clock Rise Edge                      0.000
     = Beginpoint Arrival Time            0.000
     Timing Path:
      -------------------------------------------------------------------------------------------
      Pin                             Edge  Net                Cell      Delay  Arrival  Required  
                                                                                Time     Time  
      -------------------------------------------------------------------------------------------
      clk                             ^     clk                -         -      0.000    3.961  
      f_state_reg_0_/CK               ^     clk                SDFFRX1   0.000  0.000    3.961  
      f_state_reg_0_/Q                ^     f_state[0]         SDFFRX1   0.311  0.311    4.271  
      U75/B                           ^     f_state[0]         NAND2BX1  0.000  0.311    4.271  
      U75/Y                           v     n152               NAND2BX1  0.107  0.418    4.378  
      U66/B                           v     n152               NOR2X2    0.000  0.418    4.378  
      U66/Y                           ^     n158               NOR2X2    0.090  0.508    4.468  
      U68/B                           ^     n158               NAND2X1   0.000  0.508    4.468  
      U68/Y                           v     n187               NAND2X1   0.091  0.599    4.559  
      U237/B                          v     n187               NOR2X1    0.000  0.599    4.559  
      U237/Y                          ^     w_load_dbg_config  NOR2X1    0.072  0.670    4.631  
      u_survik/U7/S0                  ^     w_load_dbg_config  MX2X1     0.000  0.670    4.631  
      u_survik/U7/Y                   ^     u_survik/n51       MX2X1     0.133  0.803    4.763  
      u_survik/o_dbg_config_reg_0_/D  ^     u_survik/n51       SDFFRX1   0.000  0.803    4.763  
      -------------------------------------------------------------------------------------------
     Clock Rise Edge                      0.000
     = Beginpoint Arrival Time            0.000
     Other End Path:
      -----------------------------------------------------------------------------
      Pin                              Edge  Net  Cell     Delay  Arrival  Required  
                                                                  Time     Time  
      -----------------------------------------------------------------------------
      clk                              ^     clk  -        -      0.000    -3.961  
      u_survik/o_dbg_config_reg_0_/CK  ^     clk  SDFFRX1  0.000  0.000    -3.961  
      -----------------------------------------------------------------------------
Path 3: MET Setup Check with Pin f_state_reg_2_/CK 
Endpoint:   f_state_reg_2_/D (^) checked with  leading edge of 'clk'
Beginpoint: f_state_reg_0_/Q (^) triggered by  leading edge of 'clk'
Path Groups: {clk}
Other End Arrival Time          0.000
- Setup                         0.243
+ Phase Shift                   5.000
= Required Time                 4.757
- Arrival Time                  0.698
= Slack Time                    4.060
     Clock Rise Edge                      0.000
     = Beginpoint Arrival Time            0.000
     Timing Path:
      -----------------------------------------------------------------------
      Pin                Edge  Net         Cell      Delay  Arrival  Required  
                                                            Time     Time  
      -----------------------------------------------------------------------
      clk                ^     clk         -         -      0.000    4.060  
      f_state_reg_0_/CK  ^     clk         SDFFRX1   0.000  0.000    4.060  
      f_state_reg_0_/Q   ^     f_state[0]  SDFFRX1   0.311  0.311    4.370  
      U75/B              ^     f_state[0]  NAND2BX1  0.000  0.311    4.370  
      U75/Y              v     n152        NAND2BX1  0.107  0.418    4.478  
      U227/AN            v     n152        NAND2BX1  0.000  0.418    4.478  
      U227/Y             v     n156        NAND2BX1  0.181  0.598    4.658  
      U229/A0            v     n156        AOI21X1   0.000  0.598    4.658  
      U229/Y             ^     N407        AOI21X1   0.099  0.698    4.757  
      f_state_reg_2_/D   ^     N407        SDFFRX1   0.000  0.698    4.757  
      -----------------------------------------------------------------------
     Clock Rise Edge                      0.000
     = Beginpoint Arrival Time            0.000
     Other End Path:
      ---------------------------------------------------------------
      Pin                Edge  Net  Cell     Delay  Arrival  Required  
                                                    Time     Time  
      ---------------------------------------------------------------
      clk                ^     clk  -        -      0.000    -4.060  
      f_state_reg_2_/CK  ^     clk  SDFFRX1  0.000  0.000    -4.060  
      ---------------------------------------------------------------
Path 4: MET Setup Check with Pin f_ack_reg/CK 
Endpoint:   f_ack_reg/D      (^) checked with  leading edge of 'clk'
Beginpoint: f_state_reg_0_/Q (^) triggered by  leading edge of 'clk'
Path Groups: {clk}
Other End Arrival Time          0.000
- Setup                         0.240
+ Phase Shift                   5.000
= Required Time                 4.760
- Arrival Time                  0.682
= Slack Time                    4.078
     Clock Rise Edge                      0.000
     = Beginpoint Arrival Time            0.000
     Timing Path:
      -----------------------------------------------------------------------
      Pin                Edge  Net         Cell      Delay  Arrival  Required  
                                                            Time     Time  
      -----------------------------------------------------------------------
      clk                ^     clk         -         -      0.000    4.078  
      f_state_reg_0_/CK  ^     clk         SDFFRX1   0.000  0.000    4.078  
      f_state_reg_0_/Q   ^     f_state[0]  SDFFRX1   0.311  0.311    4.388  
      U75/B              ^     f_state[0]  NAND2BX1  0.000  0.311    4.388  
      U75/Y              v     n152        NAND2BX1  0.107  0.418    4.495  
      U227/AN            v     n152        NAND2BX1  0.000  0.418    4.495  
      U227/Y             v     n156        NAND2BX1  0.181  0.598    4.676  
      U230/A             v     n156        NOR2X1    0.000  0.598    4.676  
      U230/Y             ^     N408        NOR2X1    0.084  0.682    4.760  
      f_ack_reg/D        ^     N408        SDFFRX1   0.000  0.682    4.760  
      -----------------------------------------------------------------------
     Clock Rise Edge                      0.000
     = Beginpoint Arrival Time            0.000
     Other End Path:
      ----------------------------------------------------------
      Pin           Edge  Net  Cell     Delay  Arrival  Required  
                                               Time     Time  
      ----------------------------------------------------------
      clk           ^     clk  -        -      0.000    -4.078  
      f_ack_reg/CK  ^     clk  SDFFRX1  0.000  0.000    -4.078  
      ----------------------------------------------------------
Path 5: MET Setup Check with Pin o_reg_read_reg/CK 
Endpoint:   o_reg_read_reg/D (^) checked with  leading edge of 'clk'
Beginpoint: f_state_reg_0_/Q (^) triggered by  leading edge of 'clk'
Path Groups: {clk}
Other End Arrival Time          0.000
- Setup                         0.240
+ Phase Shift                   5.000
= Required Time                 4.760
- Arrival Time                  0.675
= Slack Time                    4.084
     Clock Rise Edge                      0.000
     = Beginpoint Arrival Time            0.000
     Timing Path:
      -----------------------------------------------------------------------
      Pin                Edge  Net         Cell      Delay  Arrival  Required  
                                                            Time     Time  
      -----------------------------------------------------------------------
      clk                ^     clk         -         -      0.000    4.084  
      f_state_reg_0_/CK  ^     clk         SDFFRX1   0.000  0.000    4.084  
      f_state_reg_0_/Q   ^     f_state[0]  SDFFRX1   0.311  0.311    4.395  
      U75/B              ^     f_state[0]  NAND2BX1  0.000  0.311    4.395  
      U75/Y              v     n152        NAND2BX1  0.107  0.418    4.502  
      U227/AN            v     n152        NAND2BX1  0.000  0.418    4.502  
      U227/Y             v     n156        NAND2BX1  0.181  0.598    4.683  
      U233/B             v     n156        NOR2X1    0.000  0.598    4.683  
      U233/Y             ^     N420        NOR2X1    0.077  0.675    4.760  
      o_reg_read_reg/D   ^     N420        SDFFRX1   0.000  0.675    4.760  
      -----------------------------------------------------------------------
     Clock Rise Edge                      0.000
     = Beginpoint Arrival Time            0.000
     Other End Path:
      ---------------------------------------------------------------
      Pin                Edge  Net  Cell     Delay  Arrival  Required  
                                                    Time     Time  
      ---------------------------------------------------------------
      clk                ^     clk  -        -      0.000    -4.084  
      o_reg_read_reg/CK  ^     clk  SDFFRX1  0.000  0.000    -4.084  
      ---------------------------------------------------------------
Path 6: MET Setup Check with Pin n_write_reg/CK 
Endpoint:   n_write_reg/D    (^) checked with  leading edge of 'clk'
Beginpoint: f_state_reg_1_/Q (^) triggered by  leading edge of 'clk'
Path Groups: {clk}
Other End Arrival Time          0.000
- Setup                         0.236
+ Phase Shift                   5.000
= Required Time                 4.764
- Arrival Time                  0.674
= Slack Time                    4.090
     Clock Rise Edge                      0.000
     = Beginpoint Arrival Time            0.000
     Timing Path:
      -----------------------------------------------------------------------
      Pin                Edge  Net         Cell      Delay  Arrival  Required  
                                                            Time     Time  
      -----------------------------------------------------------------------
      clk                ^     clk         -         -      0.000    4.090  
      f_state_reg_1_/CK  ^     clk         SDFFRX1   0.000  0.000    4.090  
      f_state_reg_1_/Q   ^     f_state[1]  SDFFRX1   0.309  0.309    4.399  
      U75/AN             ^     f_state[1]  NAND2BX1  0.000  0.309    4.399  
      U75/Y              ^     n152        NAND2BX1  0.102  0.411    4.501  
      U66/B              ^     n152        NOR2X2    0.000  0.411    4.501  
      U66/Y              v     n158        NOR2X2    0.052  0.463    4.553  
      U20/A              v     n158        NOR2X2    0.000  0.463    4.553  
      U20/Y              ^     n335        NOR2X2    0.068  0.531    4.621  
      U231/A1            ^     n335        AO21X1    0.000  0.531    4.621  
      U231/Y             ^     n842        AO21X1    0.143  0.674    4.764  
      n_write_reg/D      ^     n842        SDFFRX1   0.000  0.674    4.764  
      -----------------------------------------------------------------------
     Clock Rise Edge                      0.000
     = Beginpoint Arrival Time            0.000
     Other End Path:
      ------------------------------------------------------------
      Pin             Edge  Net  Cell     Delay  Arrival  Required  
                                                 Time     Time  
      ------------------------------------------------------------
      clk             ^     clk  -        -      0.000    -4.090  
      n_write_reg/CK  ^     clk  SDFFRX1  0.000  0.000    -4.090  
      ------------------------------------------------------------
Path 7: MET Setup Check with Pin f_state_reg_1_/CK 
Endpoint:   f_state_reg_1_/D (^) checked with  leading edge of 'clk'
Beginpoint: f_state_reg_0_/Q (^) triggered by  leading edge of 'clk'
Path Groups: {clk}
Other End Arrival Time          0.000
- Setup                         0.240
+ Phase Shift                   5.000
= Required Time                 4.760
- Arrival Time                  0.499
= Slack Time                    4.260
     Clock Rise Edge                      0.000
     = Beginpoint Arrival Time            0.000
     Timing Path:
      -----------------------------------------------------------------------
      Pin                Edge  Net         Cell      Delay  Arrival  Required  
                                                            Time     Time  
      -----------------------------------------------------------------------
      clk                ^     clk         -         -      0.000    4.260  
      f_state_reg_0_/CK  ^     clk         SDFFRX1   0.000  0.000    4.260  
      f_state_reg_0_/Q   ^     f_state[0]  SDFFRX1   0.311  0.311    4.571  
      U75/B              ^     f_state[0]  NAND2BX1  0.000  0.311    4.571  
      U75/Y              v     n152        NAND2BX1  0.107  0.418    4.678  
      U226/A             v     n152        NOR2X1    0.000  0.418    4.678  
      U226/Y             ^     N406        NOR2X1    0.081  0.499    4.760  
      f_state_reg_1_/D   ^     N406        SDFFRX1   0.000  0.499    4.760  
      -----------------------------------------------------------------------
     Clock Rise Edge                      0.000
     = Beginpoint Arrival Time            0.000
     Other End Path:
      ---------------------------------------------------------------
      Pin                Edge  Net  Cell     Delay  Arrival  Required  
                                                    Time     Time  
      ---------------------------------------------------------------
      clk                ^     clk  -        -      0.000    -4.260  
      f_state_reg_1_/CK  ^     clk  SDFFRX1  0.000  0.000    -4.260  
      ---------------------------------------------------------------
Path 8: MET Setup Check with Pin f_state_reg_0_/CK 
Endpoint:   f_state_reg_0_/D (^) checked with  leading edge of 'clk'
Beginpoint: f_state_reg_0_/Q (^) triggered by  leading edge of 'clk'
Path Groups: {clk}
Other End Arrival Time          0.000
- Setup                         0.237
+ Phase Shift                   5.000
= Required Time                 4.763
- Arrival Time                  0.491
= Slack Time                    4.272
     Clock Rise Edge                      0.000
     = Beginpoint Arrival Time            0.000
     Timing Path:
      -----------------------------------------------------------------------
      Pin                Edge  Net         Cell      Delay  Arrival  Required  
                                                            Time     Time  
      -----------------------------------------------------------------------
      clk                ^     clk         -         -      0.000    4.272  
      f_state_reg_0_/CK  ^     clk         SDFFRX1   0.000  0.000    4.272  
      f_state_reg_0_/Q   ^     f_state[0]  SDFFRX1   0.311  0.311    4.582  
      U75/B              ^     f_state[0]  NAND2BX1  0.000  0.311    4.582  
      U75/Y              v     n152        NAND2BX1  0.107  0.418    4.690  
      U224/A             v     n152        NAND2X1   0.000  0.418    4.690  
      U224/Y             ^     N405        NAND2X1   0.073  0.491    4.763  
      f_state_reg_0_/D   ^     N405        SDFFRX1   0.000  0.491    4.763  
      -----------------------------------------------------------------------
     Clock Rise Edge                      0.000
     = Beginpoint Arrival Time            0.000
     Other End Path:
      ---------------------------------------------------------------
      Pin                Edge  Net  Cell     Delay  Arrival  Required  
                                                    Time     Time  
      ---------------------------------------------------------------
      clk                ^     clk  -        -      0.000    -4.272  
      f_state_reg_0_/CK  ^     clk  SDFFRX1  0.000  0.000    -4.272  
      ---------------------------------------------------------------
Path 9: MET Setup Check with Pin n_write_reg/CK 
Endpoint:   n_write_reg/SI   (^) checked with  leading edge of 'clk'
Beginpoint: f_state_reg_2_/Q (^) triggered by  leading edge of 'clk'
Path Groups: {clk}
Other End Arrival Time          0.000
- Setup                         0.249
+ Phase Shift                   5.000
= Required Time                 4.751
- Arrival Time                  0.324
= Slack Time                    4.428
     Clock Rise Edge                      0.000
     = Beginpoint Arrival Time            0.000
     Timing Path:
      ----------------------------------------------------------------------
      Pin                Edge  Net         Cell     Delay  Arrival  Required  
                                                           Time     Time  
      ----------------------------------------------------------------------
      clk                ^     clk         -        -      0.000    4.428  
      f_state_reg_2_/CK  ^     clk         SDFFRX1  0.000  0.000    4.428  
      f_state_reg_2_/Q   ^     f_state[2]  SDFFRX1  0.324  0.324    4.751  
      n_write_reg/SI     ^     f_state[2]  SDFFRX1  0.000  0.324    4.751  
      ----------------------------------------------------------------------
     Clock Rise Edge                      0.000
     = Beginpoint Arrival Time            0.000
     Other End Path:
      ------------------------------------------------------------
      Pin             Edge  Net  Cell     Delay  Arrival  Required  
                                                 Time     Time  
      ------------------------------------------------------------
      clk             ^     clk  -        -      0.000    -4.428  
      n_write_reg/CK  ^     clk  SDFFRX1  0.000  0.000    -4.428  
      ------------------------------------------------------------
Path 10: MET Setup Check with Pin f_err_ack_reg/CK 
Endpoint:   f_err_ack_reg/SI (^) checked with  leading edge of 'clk'
Beginpoint: f_ack_reg/Q      (^) triggered by  leading edge of 'clk'
Path Groups: {clk}
Other End Arrival Time          0.000
- Setup                         0.243
+ Phase Shift                   5.000
= Required Time                 4.757
- Arrival Time                  0.316
= Slack Time                    4.441
     Clock Rise Edge                      0.000
     = Beginpoint Arrival Time            0.000
     Timing Path:
      ----------------------------------------------------------------
      Pin               Edge  Net    Cell     Delay  Arrival  Required  
                                                     Time     Time  
      ----------------------------------------------------------------
      clk               ^     clk    -        -      0.000    4.441  
      f_ack_reg/CK      ^     clk    SDFFRX1  0.000  0.000    4.441  
      f_ack_reg/Q       ^     f_ack  SDFFRX1  0.316  0.316    4.757  
      f_err_ack_reg/SI  ^     f_ack  SDFFRX1  0.000  0.316    4.757  
      ----------------------------------------------------------------
     Clock Rise Edge                      0.000
     = Beginpoint Arrival Time            0.000
     Other End Path:
      --------------------------------------------------------------
      Pin               Edge  Net  Cell     Delay  Arrival  Required  
                                                   Time     Time  
      --------------------------------------------------------------
      clk               ^     clk  -        -      0.000    -4.441  
      f_err_ack_reg/CK  ^     clk  SDFFRX1  0.000  0.000    -4.441  
      --------------------------------------------------------------
Path 11: MET Setup Check with Pin f_state_reg_1_/CK 
Endpoint:   f_state_reg_1_/SI (^) checked with  leading edge of 'clk'
Beginpoint: f_state_reg_0_/Q  (^) triggered by  leading edge of 'clk'
Path Groups: {clk}
Other End Arrival Time          0.000
- Setup                         0.240
+ Phase Shift                   5.000
= Required Time                 4.760
- Arrival Time                  0.311
= Slack Time                    4.449
     Clock Rise Edge                      0.000
     = Beginpoint Arrival Time            0.000
     Timing Path:
      ----------------------------------------------------------------------
      Pin                Edge  Net         Cell     Delay  Arrival  Required  
                                                           Time     Time  
      ----------------------------------------------------------------------
      clk                ^     clk         -        -      0.000    4.449  
      f_state_reg_0_/CK  ^     clk         SDFFRX1  0.000  0.000    4.449  
      f_state_reg_0_/Q   ^     f_state[0]  SDFFRX1  0.311  0.311    4.760  
      f_state_reg_1_/SI  ^     f_state[0]  SDFFRX1  0.000  0.311    4.760  
      ----------------------------------------------------------------------
     Clock Rise Edge                      0.000
     = Beginpoint Arrival Time            0.000
     Other End Path:
      ---------------------------------------------------------------
      Pin                Edge  Net  Cell     Delay  Arrival  Required  
                                                    Time     Time  
      ---------------------------------------------------------------
      clk                ^     clk  -        -      0.000    -4.449  
      f_state_reg_1_/CK  ^     clk  SDFFRX1  0.000  0.000    -4.449  
      ---------------------------------------------------------------
Path 12: MET Setup Check with Pin f_state_reg_2_/CK 
Endpoint:   f_state_reg_2_/SI (^) checked with  leading edge of 'clk'
Beginpoint: f_state_reg_1_/Q  (^) triggered by  leading edge of 'clk'
Path Groups: {clk}
Other End Arrival Time          0.000
- Setup                         0.239
+ Phase Shift                   5.000
= Required Time                 4.761
- Arrival Time                  0.309
= Slack Time                    4.452
     Clock Rise Edge                      0.000
     = Beginpoint Arrival Time            0.000
     Timing Path:
      ----------------------------------------------------------------------
      Pin                Edge  Net         Cell     Delay  Arrival  Required  
                                                           Time     Time  
      ----------------------------------------------------------------------
      clk                ^     clk         -        -      0.000    4.452  
      f_state_reg_1_/CK  ^     clk         SDFFRX1  0.000  0.000    4.452  
      f_state_reg_1_/Q   ^     f_state[1]  SDFFRX1  0.309  0.309    4.761  
      f_state_reg_2_/SI  ^     f_state[1]  SDFFRX1  0.000  0.309    4.761  
      ----------------------------------------------------------------------
     Clock Rise Edge                      0.000
     = Beginpoint Arrival Time            0.000
     Other End Path:
      ---------------------------------------------------------------
      Pin                Edge  Net  Cell     Delay  Arrival  Required  
                                                    Time     Time  
      ---------------------------------------------------------------
      clk                ^     clk  -        -      0.000    -4.452  
      f_state_reg_2_/CK  ^     clk  SDFFRX1  0.000  0.000    -4.452  
      ---------------------------------------------------------------
Path 13: MET Setup Check with Pin f_state_reg_0_/CK 
Endpoint:   f_state_reg_0_/SI (^) checked with  leading edge of 'clk'
Beginpoint: f_err_ack_reg/Q   (^) triggered by  leading edge of 'clk'
Path Groups: {clk}
Other End Arrival Time          0.000
- Setup                         0.239
+ Phase Shift                   5.000
= Required Time                 4.761
- Arrival Time                  0.309
= Slack Time                    4.453
     Clock Rise Edge                      0.000
     = Beginpoint Arrival Time            0.000
     Timing Path:
      ---------------------------------------------------------------------
      Pin                Edge  Net        Cell     Delay  Arrival  Required  
                                                          Time     Time  
      ---------------------------------------------------------------------
      clk                ^     clk        -        -      0.000    4.453  
      f_err_ack_reg/CK   ^     clk        SDFFRX1  0.000  0.000    4.453  
      f_err_ack_reg/Q    ^     f_err_ack  SDFFRX1  0.309  0.309    4.761  
      f_state_reg_0_/SI  ^     f_err_ack  SDFFRX1  0.000  0.309    4.761  
      ---------------------------------------------------------------------
     Clock Rise Edge                      0.000
     = Beginpoint Arrival Time            0.000
     Other End Path:
      ---------------------------------------------------------------
      Pin                Edge  Net  Cell     Delay  Arrival  Required  
                                                    Time     Time  
      ---------------------------------------------------------------
      clk                ^     clk  -        -      0.000    -4.453  
      f_state_reg_0_/CK  ^     clk  SDFFRX1  0.000  0.000    -4.453  
      ---------------------------------------------------------------
Path 14: MET Setup Check with Pin u_survik/o_dbg_config_reg_0_/CK 
Endpoint:   u_survik/o_dbg_config_reg_0_/SE (v) checked with  leading edge of 'clk'
Beginpoint: scan_enable                     (v) triggered by  leading edge of '@'
Path Groups: {clk}
Other End Arrival Time          0.000
- Setup                         0.238
+ Phase Shift                   5.000
= Required Time                 4.762
- Arrival Time                  0.000
= Slack Time                    4.762
     Clock Rise Edge                      0.000
     + Input Delay                        0.000
     = Beginpoint Arrival Time            0.000
     Timing Path:
      -------------------------------------------------------------------------------------
      Pin                              Edge  Net          Cell     Delay  Arrival  Required  
                                                                          Time     Time  
      -------------------------------------------------------------------------------------
      scan_enable                      v     scan_enable  -        -      0.000    4.762  
      u_survik/o_dbg_config_reg_0_/SE  v     scan_enable  SDFFRX1  0.000  0.000    4.762  
      -------------------------------------------------------------------------------------
     Clock Rise Edge                      0.000
     = Beginpoint Arrival Time            0.000
     Other End Path:
      -----------------------------------------------------------------------------
      Pin                              Edge  Net  Cell     Delay  Arrival  Required  
                                                                  Time     Time  
      -----------------------------------------------------------------------------
      clk                              ^     clk  -        -      0.000    -4.762  
      u_survik/o_dbg_config_reg_0_/CK  ^     clk  SDFFRX1  0.000  0.000    -4.762  
      -----------------------------------------------------------------------------
Path 15: MET Setup Check with Pin o_reg_read_reg/CK 
Endpoint:   o_reg_read_reg/SE (v) checked with  leading edge of 'clk'
Beginpoint: scan_enable       (v) triggered by  leading edge of '@'
Path Groups: {clk}
Other End Arrival Time          0.000
- Setup                         0.238
+ Phase Shift                   5.000
= Required Time                 4.762
- Arrival Time                  0.000
= Slack Time                    4.762
     Clock Rise Edge                      0.000
     + Input Delay                        0.000
     = Beginpoint Arrival Time            0.000
     Timing Path:
      -----------------------------------------------------------------------
      Pin                Edge  Net          Cell     Delay  Arrival  Required  
                                                            Time     Time  
      -----------------------------------------------------------------------
      scan_enable        v     scan_enable  -        -      0.000    4.762  
      o_reg_read_reg/SE  v     scan_enable  SDFFRX1  0.000  0.000    4.762  
      -----------------------------------------------------------------------
     Clock Rise Edge                      0.000
     = Beginpoint Arrival Time            0.000
     Other End Path:
      ---------------------------------------------------------------
      Pin                Edge  Net  Cell     Delay  Arrival  Required  
                                                    Time     Time  
      ---------------------------------------------------------------
      clk                ^     clk  -        -      0.000    -4.762  
      o_reg_read_reg/CK  ^     clk  SDFFRX1  0.000  0.000    -4.762  
      ---------------------------------------------------------------
Path 16: MET Setup Check with Pin f_err_ack_reg/CK 
Endpoint:   f_err_ack_reg/SE (v) checked with  leading edge of 'clk'
Beginpoint: scan_enable      (v) triggered by  leading edge of '@'
Path Groups: {clk}
Other End Arrival Time          0.000
- Setup                         0.238
+ Phase Shift                   5.000
= Required Time                 4.762
- Arrival Time                  0.000
= Slack Time                    4.762
     Clock Rise Edge                      0.000
     + Input Delay                        0.000
     = Beginpoint Arrival Time            0.000
     Timing Path:
      ----------------------------------------------------------------------
      Pin               Edge  Net          Cell     Delay  Arrival  Required  
                                                           Time     Time  
      ----------------------------------------------------------------------
      scan_enable       v     scan_enable  -        -      0.000    4.762  
      f_err_ack_reg/SE  v     scan_enable  SDFFRX1  0.000  0.000    4.762  
      ----------------------------------------------------------------------
     Clock Rise Edge                      0.000
     = Beginpoint Arrival Time            0.000
     Other End Path:
      --------------------------------------------------------------
      Pin               Edge  Net  Cell     Delay  Arrival  Required  
                                                   Time     Time  
      --------------------------------------------------------------
      clk               ^     clk  -        -      0.000    -4.762  
      f_err_ack_reg/CK  ^     clk  SDFFRX1  0.000  0.000    -4.762  
      --------------------------------------------------------------
Path 17: MET Setup Check with Pin n_write_reg/CK 
Endpoint:   n_write_reg/SE (v) checked with  leading edge of 'clk'
Beginpoint: scan_enable    (v) triggered by  leading edge of '@'
Path Groups: {clk}
Other End Arrival Time          0.000
- Setup                         0.238
+ Phase Shift                   5.000
= Required Time                 4.762
- Arrival Time                  0.000
= Slack Time                    4.762
     Clock Rise Edge                      0.000
     + Input Delay                        0.000
     = Beginpoint Arrival Time            0.000
     Timing Path:
      --------------------------------------------------------------------
      Pin             Edge  Net          Cell     Delay  Arrival  Required  
                                                         Time     Time  
      --------------------------------------------------------------------
      scan_enable     v     scan_enable  -        -      0.000    4.762  
      n_write_reg/SE  v     scan_enable  SDFFRX1  0.000  0.000    4.762  
      --------------------------------------------------------------------
     Clock Rise Edge                      0.000
     = Beginpoint Arrival Time            0.000
     Other End Path:
      ------------------------------------------------------------
      Pin             Edge  Net  Cell     Delay  Arrival  Required  
                                                 Time     Time  
      ------------------------------------------------------------
      clk             ^     clk  -        -      0.000    -4.762  
      n_write_reg/CK  ^     clk  SDFFRX1  0.000  0.000    -4.762  
      ------------------------------------------------------------
Path 18: MET Setup Check with Pin f_ack_reg/CK 
Endpoint:   f_ack_reg/SE (v) checked with  leading edge of 'clk'
Beginpoint: scan_enable  (v) triggered by  leading edge of '@'
Path Groups: {clk}
Other End Arrival Time          0.000
- Setup                         0.238
+ Phase Shift                   5.000
= Required Time                 4.762
- Arrival Time                  0.000
= Slack Time                    4.762
     Clock Rise Edge                      0.000
     + Input Delay                        0.000
     = Beginpoint Arrival Time            0.000
     Timing Path:
      ------------------------------------------------------------------
      Pin           Edge  Net          Cell     Delay  Arrival  Required  
                                                       Time     Time  
      ------------------------------------------------------------------
      scan_enable   v     scan_enable  -        -      0.000    4.762  
      f_ack_reg/SE  v     scan_enable  SDFFRX1  0.000  0.000    4.762  
      ------------------------------------------------------------------
     Clock Rise Edge                      0.000
     = Beginpoint Arrival Time            0.000
     Other End Path:
      ----------------------------------------------------------
      Pin           Edge  Net  Cell     Delay  Arrival  Required  
                                               Time     Time  
      ----------------------------------------------------------
      clk           ^     clk  -        -      0.000    -4.762  
      f_ack_reg/CK  ^     clk  SDFFRX1  0.000  0.000    -4.762  
      ----------------------------------------------------------
Path 19: MET Setup Check with Pin f_state_reg_2_/CK 
Endpoint:   f_state_reg_2_/SE (v) checked with  leading edge of 'clk'
Beginpoint: scan_enable       (v) triggered by  leading edge of '@'
Path Groups: {clk}
Other End Arrival Time          0.000
- Setup                         0.238
+ Phase Shift                   5.000
= Required Time                 4.762
- Arrival Time                  0.000
= Slack Time                    4.762
     Clock Rise Edge                      0.000
     + Input Delay                        0.000
     = Beginpoint Arrival Time            0.000
     Timing Path:
      -----------------------------------------------------------------------
      Pin                Edge  Net          Cell     Delay  Arrival  Required  
                                                            Time     Time  
      -----------------------------------------------------------------------
      scan_enable        v     scan_enable  -        -      0.000    4.762  
      f_state_reg_2_/SE  v     scan_enable  SDFFRX1  0.000  0.000    4.762  
      -----------------------------------------------------------------------
     Clock Rise Edge                      0.000
     = Beginpoint Arrival Time            0.000
     Other End Path:
      ---------------------------------------------------------------
      Pin                Edge  Net  Cell     Delay  Arrival  Required  
                                                    Time     Time  
      ---------------------------------------------------------------
      clk                ^     clk  -        -      0.000    -4.762  
      f_state_reg_2_/CK  ^     clk  SDFFRX1  0.000  0.000    -4.762  
      ---------------------------------------------------------------
Path 20: MET Setup Check with Pin f_state_reg_1_/CK 
Endpoint:   f_state_reg_1_/SE (v) checked with  leading edge of 'clk'
Beginpoint: scan_enable       (v) triggered by  leading edge of '@'
Path Groups: {clk}
Other End Arrival Time          0.000
- Setup                         0.238
+ Phase Shift                   5.000
= Required Time                 4.762
- Arrival Time                  0.000
= Slack Time                    4.762
     Clock Rise Edge                      0.000
     + Input Delay                        0.000
     = Beginpoint Arrival Time            0.000
     Timing Path:
      -----------------------------------------------------------------------
      Pin                Edge  Net          Cell     Delay  Arrival  Required  
                                                            Time     Time  
      -----------------------------------------------------------------------
      scan_enable        v     scan_enable  -        -      0.000    4.762  
      f_state_reg_1_/SE  v     scan_enable  SDFFRX1  0.000  0.000    4.762  
      -----------------------------------------------------------------------
     Clock Rise Edge                      0.000
     = Beginpoint Arrival Time            0.000
     Other End Path:
      ---------------------------------------------------------------
      Pin                Edge  Net  Cell     Delay  Arrival  Required  
                                                    Time     Time  
      ---------------------------------------------------------------
      clk                ^     clk  -        -      0.000    -4.762  
      f_state_reg_1_/CK  ^     clk  SDFFRX1  0.000  0.000    -4.762  
      ---------------------------------------------------------------
Path 21: MET Setup Check with Pin f_state_reg_0_/CK 
Endpoint:   f_state_reg_0_/SE (v) checked with  leading edge of 'clk'
Beginpoint: scan_enable       (v) triggered by  leading edge of '@'
Path Groups: {clk}
Other End Arrival Time          0.000
- Setup                         0.238
+ Phase Shift                   5.000
= Required Time                 4.762
- Arrival Time                  0.000
= Slack Time                    4.762
     Clock Rise Edge                      0.000
     + Input Delay                        0.000
     = Beginpoint Arrival Time            0.000
     Timing Path:
      -----------------------------------------------------------------------
      Pin                Edge  Net          Cell     Delay  Arrival  Required  
                                                            Time     Time  
      -----------------------------------------------------------------------
      scan_enable        v     scan_enable  -        -      0.000    4.762  
      f_state_reg_0_/SE  v     scan_enable  SDFFRX1  0.000  0.000    4.762  
      -----------------------------------------------------------------------
     Clock Rise Edge                      0.000
     = Beginpoint Arrival Time            0.000
     Other End Path:
      ---------------------------------------------------------------
      Pin                Edge  Net  Cell     Delay  Arrival  Required  
                                                    Time     Time  
      ---------------------------------------------------------------
      clk                ^     clk  -        -      0.000    -4.762  
      f_state_reg_0_/CK  ^     clk  SDFFRX1  0.000  0.000    -4.762  
      ---------------------------------------------------------------
Path 22: MET Recovery Check with Pin u_survik/o_dbg_config_reg_0_/CK 
Endpoint:   u_survik/o_dbg_config_reg_0_/RN (^) checked with  leading edge of 'clk'
Beginpoint: i_reset_                        (^) triggered by  leading edge of '@'
Path Groups: {async_default}
Other End Arrival Time          0.000
- Recovery                     -0.087
+ Phase Shift                   5.000
= Required Time                 5.087
- Arrival Time                  0.179
= Slack Time                    4.908
     Clock Rise Edge                      0.000
     + Input Delay                        0.000
     = Beginpoint Arrival Time            0.000
     Timing Path:
      --------------------------------------------------------------------------------------
      Pin                              Edge  Net           Cell     Delay  Arrival  Required  
                                                                           Time     Time  
      --------------------------------------------------------------------------------------
      i_reset_                         ^     i_reset_      -        -      0.000    4.908  
      U13/A                            ^     i_reset_      INVX4    0.000  0.000    4.908  
      U13/Y                            v     n126          INVX4    0.028  0.028    4.936  
      U74/A                            v     n126          INVX8    0.000  0.028    4.936  
      U74/Y                            ^     n128          INVX8    0.046  0.074    4.981  
      u_survik/U3/A                    ^     n128          BUFX8    0.000  0.074    4.981  
      u_survik/U3/Y                    ^     u_survik/n39  BUFX8    0.106  0.179    5.087  
      u_survik/o_dbg_config_reg_0_/RN  ^     u_survik/n39  SDFFRX1  0.000  0.179    5.087  
      --------------------------------------------------------------------------------------
     Clock Rise Edge                      0.000
     = Beginpoint Arrival Time            0.000
     Other End Path:
      -----------------------------------------------------------------------------
      Pin                              Edge  Net  Cell     Delay  Arrival  Required  
                                                                  Time     Time  
      -----------------------------------------------------------------------------
      clk                              ^     clk  -        -      0.000    -4.908  
      u_survik/o_dbg_config_reg_0_/CK  ^     clk  SDFFRX1  0.000  0.000    -4.908  
      -----------------------------------------------------------------------------
Path 23: MET Recovery Check with Pin o_reg_read_reg/CK 
Endpoint:   o_reg_read_reg/RN (^) checked with  leading edge of 'clk'
Beginpoint: i_reset_          (^) triggered by  leading edge of '@'
Path Groups: {async_default}
Other End Arrival Time          0.000
- Recovery                     -0.087
+ Phase Shift                   5.000
= Required Time                 5.087
- Arrival Time                  0.166
= Slack Time                    4.920
     Clock Rise Edge                      0.000
     + Input Delay                        0.000
     = Beginpoint Arrival Time            0.000
     Timing Path:
      --------------------------------------------------------------------
      Pin                Edge  Net       Cell     Delay  Arrival  Required  
                                                         Time     Time  
      --------------------------------------------------------------------
      i_reset_           ^     i_reset_  -        -      0.000    4.920  
      U13/A              ^     i_reset_  INVX4    0.000  0.000    4.920  
      U13/Y              v     n126      INVX4    0.028  0.028    4.948  
      U14/A              v     n126      INVX2    0.000  0.028    4.948  
      U14/Y              ^     n127      INVX2    0.039  0.067    4.987  
      U17/A              ^     n127      BUFX8    0.000  0.067    4.987  
      U17/Y              ^     n861      BUFX8    0.100  0.166    5.087  
      o_reg_read_reg/RN  ^     n861      SDFFRX1  0.000  0.166    5.087  
      --------------------------------------------------------------------
     Clock Rise Edge                      0.000
     = Beginpoint Arrival Time            0.000
     Other End Path:
      ---------------------------------------------------------------
      Pin                Edge  Net  Cell     Delay  Arrival  Required  
                                                    Time     Time  
      ---------------------------------------------------------------
      clk                ^     clk  -        -      0.000    -4.920  
      o_reg_read_reg/CK  ^     clk  SDFFRX1  0.000  0.000    -4.920  
      ---------------------------------------------------------------
Path 24: MET Recovery Check with Pin f_err_ack_reg/CK 
Endpoint:   f_err_ack_reg/RN (^) checked with  leading edge of 'clk'
Beginpoint: i_reset_         (^) triggered by  leading edge of '@'
Path Groups: {async_default}
Other End Arrival Time          0.000
- Recovery                     -0.087
+ Phase Shift                   5.000
= Required Time                 5.087
- Arrival Time                  0.166
= Slack Time                    4.920
     Clock Rise Edge                      0.000
     + Input Delay                        0.000
     = Beginpoint Arrival Time            0.000
     Timing Path:
      -------------------------------------------------------------------
      Pin               Edge  Net       Cell     Delay  Arrival  Required  
                                                        Time     Time  
      -------------------------------------------------------------------
      i_reset_          ^     i_reset_  -        -      0.000    4.920  
      U13/A             ^     i_reset_  INVX4    0.000  0.000    4.920  
      U13/Y             v     n126      INVX4    0.028  0.028    4.948  
      U14/A             v     n126      INVX2    0.000  0.028    4.948  
      U14/Y             ^     n127      INVX2    0.039  0.067    4.987  
      U19/A             ^     n127      BUFX8    0.000  0.067    4.987  
      U19/Y             ^     n859      BUFX8    0.100  0.166    5.087  
      f_err_ack_reg/RN  ^     n859      SDFFRX1  0.000  0.166    5.087  
      -------------------------------------------------------------------
     Clock Rise Edge                      0.000
     = Beginpoint Arrival Time            0.000
     Other End Path:
      --------------------------------------------------------------
      Pin               Edge  Net  Cell     Delay  Arrival  Required  
                                                   Time     Time  
      --------------------------------------------------------------
      clk               ^     clk  -        -      0.000    -4.920  
      f_err_ack_reg/CK  ^     clk  SDFFRX1  0.000  0.000    -4.920  
      --------------------------------------------------------------
Path 25: MET Recovery Check with Pin f_state_reg_0_/CK 
Endpoint:   f_state_reg_0_/RN (^) checked with  leading edge of 'clk'
Beginpoint: i_reset_          (^) triggered by  leading edge of '@'
Path Groups: {async_default}
Other End Arrival Time          0.000
- Recovery                     -0.087
+ Phase Shift                   5.000
= Required Time                 5.087
- Arrival Time                  0.166
= Slack Time                    4.920
     Clock Rise Edge                      0.000
     + Input Delay                        0.000
     = Beginpoint Arrival Time            0.000
     Timing Path:
      --------------------------------------------------------------------
      Pin                Edge  Net       Cell     Delay  Arrival  Required  
                                                         Time     Time  
      --------------------------------------------------------------------
      i_reset_           ^     i_reset_  -        -      0.000    4.920  
      U13/A              ^     i_reset_  INVX4    0.000  0.000    4.920  
      U13/Y              v     n126      INVX4    0.028  0.028    4.948  
      U14/A              v     n126      INVX2    0.000  0.028    4.948  
      U14/Y              ^     n127      INVX2    0.039  0.067    4.987  
      U18/A              ^     n127      BUFX8    0.000  0.067    4.987  
      U18/Y              ^     n860      BUFX8    0.100  0.166    5.087  
      f_state_reg_0_/RN  ^     n860      SDFFRX1  0.000  0.166    5.087  
      --------------------------------------------------------------------
     Clock Rise Edge                      0.000
     = Beginpoint Arrival Time            0.000
     Other End Path:
      ---------------------------------------------------------------
      Pin                Edge  Net  Cell     Delay  Arrival  Required  
                                                    Time     Time  
      ---------------------------------------------------------------
      clk                ^     clk  -        -      0.000    -4.920  
      f_state_reg_0_/CK  ^     clk  SDFFRX1  0.000  0.000    -4.920  
      ---------------------------------------------------------------
Path 26: MET Recovery Check with Pin n_write_reg/CK 
Endpoint:   n_write_reg/RN (^) checked with  leading edge of 'clk'
Beginpoint: i_reset_       (^) triggered by  leading edge of '@'
Path Groups: {async_default}
Other End Arrival Time          0.000
- Recovery                     -0.084
+ Phase Shift                   5.000
= Required Time                 5.084
- Arrival Time                  0.075
= Slack Time                    5.009
     Clock Rise Edge                      0.000
     + Input Delay                        0.000
     = Beginpoint Arrival Time            0.000
     Timing Path:
      -----------------------------------------------------------------
      Pin             Edge  Net       Cell     Delay  Arrival  Required  
                                                      Time     Time  
      -----------------------------------------------------------------
      i_reset_        ^     i_reset_  -        -      0.000    5.009  
      U13/A           ^     i_reset_  INVX4    0.000  0.000    5.009  
      U13/Y           v     n126      INVX4    0.028  0.028    5.037  
      U15/A           v     n126      INVX2    0.000  0.028    5.037  
      U15/Y           ^     n129      INVX2    0.047  0.075    5.084  
      n_write_reg/RN  ^     n129      SDFFRX1  0.000  0.075    5.084  
      -----------------------------------------------------------------
     Clock Rise Edge                      0.000
     = Beginpoint Arrival Time            0.000
     Other End Path:
      ------------------------------------------------------------
      Pin             Edge  Net  Cell     Delay  Arrival  Required  
                                                 Time     Time  
      ------------------------------------------------------------
      clk             ^     clk  -        -      0.000    -5.009  
      n_write_reg/CK  ^     clk  SDFFRX1  0.000  0.000    -5.009  
      ------------------------------------------------------------
Path 27: MET Recovery Check with Pin f_state_reg_2_/CK 
Endpoint:   f_state_reg_2_/RN (^) checked with  leading edge of 'clk'
Beginpoint: i_reset_          (^) triggered by  leading edge of '@'
Path Groups: {async_default}
Other End Arrival Time          0.000
- Recovery                     -0.084
+ Phase Shift                   5.000
= Required Time                 5.084
- Arrival Time                  0.075
= Slack Time                    5.009
     Clock Rise Edge                      0.000
     + Input Delay                        0.000
     = Beginpoint Arrival Time            0.000
     Timing Path:
      --------------------------------------------------------------------
      Pin                Edge  Net       Cell     Delay  Arrival  Required  
                                                         Time     Time  
      --------------------------------------------------------------------
      i_reset_           ^     i_reset_  -        -      0.000    5.009  
      U13/A              ^     i_reset_  INVX4    0.000  0.000    5.009  
      U13/Y              v     n126      INVX4    0.028  0.028    5.037  
      U15/A              v     n126      INVX2    0.000  0.028    5.037  
      U15/Y              ^     n129      INVX2    0.047  0.075    5.084  
      f_state_reg_2_/RN  ^     n129      SDFFRX1  0.000  0.075    5.084  
      --------------------------------------------------------------------
     Clock Rise Edge                      0.000
     = Beginpoint Arrival Time            0.000
     Other End Path:
      ---------------------------------------------------------------
      Pin                Edge  Net  Cell     Delay  Arrival  Required  
                                                    Time     Time  
      ---------------------------------------------------------------
      clk                ^     clk  -        -      0.000    -5.009  
      f_state_reg_2_/CK  ^     clk  SDFFRX1  0.000  0.000    -5.009  
      ---------------------------------------------------------------
Path 28: MET Recovery Check with Pin f_ack_reg/CK 
Endpoint:   f_ack_reg/RN (^) checked with  leading edge of 'clk'
Beginpoint: i_reset_     (^) triggered by  leading edge of '@'
Path Groups: {async_default}
Other End Arrival Time          0.000
- Recovery                     -0.084
+ Phase Shift                   5.000
= Required Time                 5.084
- Arrival Time                  0.074
= Slack Time                    5.010
     Clock Rise Edge                      0.000
     + Input Delay                        0.000
     = Beginpoint Arrival Time            0.000
     Timing Path:
      ---------------------------------------------------------------
      Pin           Edge  Net       Cell     Delay  Arrival  Required  
                                                    Time     Time  
      ---------------------------------------------------------------
      i_reset_      ^     i_reset_  -        -      0.000    5.010  
      U13/A         ^     i_reset_  INVX4    0.000  0.000    5.010  
      U13/Y         v     n126      INVX4    0.028  0.028    5.038  
      U74/A         v     n126      INVX8    0.000  0.028    5.038  
      U74/Y         ^     n128      INVX8    0.046  0.074    5.084  
      f_ack_reg/RN  ^     n128      SDFFRX1  0.000  0.074    5.084  
      ---------------------------------------------------------------
     Clock Rise Edge                      0.000
     = Beginpoint Arrival Time            0.000
     Other End Path:
      ----------------------------------------------------------
      Pin           Edge  Net  Cell     Delay  Arrival  Required  
                                               Time     Time  
      ----------------------------------------------------------
      clk           ^     clk  -        -      0.000    -5.010  
      f_ack_reg/CK  ^     clk  SDFFRX1  0.000  0.000    -5.010  
      ----------------------------------------------------------
Path 29: MET Recovery Check with Pin f_state_reg_1_/CK 
Endpoint:   f_state_reg_1_/RN (^) checked with  leading edge of 'clk'
Beginpoint: i_reset_          (^) triggered by  leading edge of '@'
Path Groups: {async_default}
Other End Arrival Time          0.000
- Recovery                     -0.084
+ Phase Shift                   5.000
= Required Time                 5.084
- Arrival Time                  0.074
= Slack Time                    5.010
     Clock Rise Edge                      0.000
     + Input Delay                        0.000
     = Beginpoint Arrival Time            0.000
     Timing Path:
      --------------------------------------------------------------------
      Pin                Edge  Net       Cell     Delay  Arrival  Required  
                                                         Time     Time  
      --------------------------------------------------------------------
      i_reset_           ^     i_reset_  -        -      0.000    5.010  
      U13/A              ^     i_reset_  INVX4    0.000  0.000    5.010  
      U13/Y              v     n126      INVX4    0.028  0.028    5.038  
      U74/A              v     n126      INVX8    0.000  0.028    5.038  
      U74/Y              ^     n128      INVX8    0.046  0.074    5.084  
      f_state_reg_1_/RN  ^     n128      SDFFRX1  0.000  0.074    5.084  
      --------------------------------------------------------------------
     Clock Rise Edge                      0.000
     = Beginpoint Arrival Time            0.000
     Other End Path:
      ---------------------------------------------------------------
      Pin                Edge  Net  Cell     Delay  Arrival  Required  
                                                    Time     Time  
      ---------------------------------------------------------------
      clk                ^     clk  -        -      0.000    -5.010  
      f_state_reg_1_/CK  ^     clk  SDFFRX1  0.000  0.000    -5.010  
      ---------------------------------------------------------------

