

Working Directory = /home/01fe21bec223/DFT_TESSENT/GENUS/work
QoS Summary for s298
==========================================================================================
Metric                          generic         map             opt             final          
==========================================================================================
Slack (ps):                     3,382           3,281           3,281           3,281
  R2R (ps):                     3,382           3,281           3,281           3,281
  I2R (ps):                  no_value        no_value        no_value        no_value
  R2O (ps):                  no_value        no_value        no_value        no_value
  I2O (ps):                  no_value        no_value        no_value        no_value
  CG  (ps):                  no_value        no_value        no_value        no_value
TNS (ps):                           0               0               0               0
  R2R (ps):                         0               0               0               0
  I2R (ps):                  no_value        no_value        no_value        no_value
  R2O (ps):                  no_value        no_value        no_value        no_value
  I2O (ps):                  no_value        no_value        no_value        no_value
  CG  (ps):                  no_value        no_value        no_value        no_value
Failing Paths:                      0               0               0               0
Cell Area:                        130             142             142             142
Total Cell Area:                  130             142             142             142
Leaf Instances:                    95              71              71              71
Total Instances:                   95              71              71              71
Utilization (%):                 0.00            0.00            0.00            0.00
Tot. Net Length (um):        no_value        no_value        no_value        no_value
Avg. Net Length (um):        no_value        no_value        no_value        no_value
Route Overflow H (%):        no_value        no_value        no_value        no_value
Route Overflow V (%):        no_value        no_value        no_value        no_value
MBCI(%) (bits/gate) :            0.00            0.00            0.00            0.00
Norm Cong Hotspot Area:
  Max Cong:                  no_value        no_value        no_value        no_value
  Tot Cong:                  no_value        no_value        no_value        no_value
==========================================================================================
CPU  Runtime (h:m:s):        00:30:03        00:30:01        00:30:00        00:30:00
Real Runtime (h:m:s):        00:30:03        00:30:02        00:30:00        00:30:00
CPU  Elapsed (h:m:s):        00:30:05        00:30:06        00:30:06        00:30:06
Real Elapsed (h:m:s):        00:30:05        00:30:06        00:30:06        00:30:06
Memory (MB):                  1264.28         1303.95         1270.94         1270.94
==========================================================================================
==========================================================================================
Flow Settings:
==========================================================================================
Total Runtime (h:m:s): 00:30:05
Total Memory (MB):     1270.94
Executable Version:    20.11-s111_1
==========================================================================================
Total Cell Area =  Cell Area + Physical Cell Area
Total Instances =  Leaf Instances + Physical Instances


