============================================================
  Generated by:           Genus(TM) Synthesis Solution 20.11-s111_1
  Generated on:           Mar 11 2025  03:10:28 pm
  Module:                 s298
  Operating conditions:   slow (balanced_tree)
  Wireload mode:          enclosed
  Area mode:              timing library
============================================================


Path 1: MET (3281 ps) Setup Check with Pin DFF_10/q_reg/CK->D
          Group: C2C
     Startpoint: (R) DFF_2/q_reg/CK
          Clock: (R) sclk
       Endpoint: (F) DFF_10/q_reg/D
          Clock: (R) sclk

                     Capture       Launch     
        Clock Edge:+    5000            0     
       Src Latency:+       0            0     
       Net Latency:+       0 (I)        0 (I) 
           Arrival:=    5000            0     
                                              
             Setup:-     242                  
     Required Time:=    4758                  
      Launch Clock:-       0                  
         Data Path:-    1476                  
             Slack:=    3281                  

#----------------------------------------------------------------------------------------
# Timing Point   Flags    Arc   Edge   Cell     Fanout Load Trans Delay Arrival Instance 
#                                                      (fF)  (ps)  (ps)   (ps)  Location 
#----------------------------------------------------------------------------------------
  DFF_2/q_reg/CK -       -      R     (arrival)     14    -     0     0       0    (-,-) 
  DFF_2/q_reg/Q  -       CK->Q  F     DFF_X2         6  9.2    82   581     581    (-,-) 
  g1409/ZN       -       A->ZN  R     INV_X2         3  4.8   111   170     751    (-,-) 
  g1399__1705/ZN -       A1->ZN F     NAND2_X2       4  5.1    62   109     860    (-,-) 
  g1388__5107/ZN -       A1->ZN R     NOR2_X2        2  3.2   139   188    1048    (-,-) 
  g1385__6417/ZN -       A1->ZN F     NAND2_X2       2  2.2    50    86    1134    (-,-) 
  g1365__6783/ZN -       B1->ZN R     AOI21_X2       2  3.2   180   205    1339    (-,-) 
  g1359__2398/ZN -       B1->ZN F     OAI221_X2      1  1.1   109   137    1476    (-,-) 
  DFF_10/q_reg/D -       -      F     DFF_X1         1    -     -     0    1476    (-,-) 
#----------------------------------------------------------------------------------------



Path 2: MET (3337 ps) Setup Check with Pin DFF_4/q_reg/CK->D
          Group: C2C
     Startpoint: (R) DFF_3/q_reg/CK
          Clock: (R) sclk
       Endpoint: (F) DFF_4/q_reg/D
          Clock: (R) sclk

                     Capture       Launch     
        Clock Edge:+    5000            0     
       Src Latency:+       0            0     
       Net Latency:+       0 (I)        0 (I) 
           Arrival:=    5000            0     
                                              
             Setup:-     210                  
     Required Time:=    4790                  
      Launch Clock:-       0                  
         Data Path:-    1453                  
             Slack:=    3337                  

#----------------------------------------------------------------------------------------
# Timing Point   Flags    Arc   Edge   Cell     Fanout Load Trans Delay Arrival Instance 
#                                                      (fF)  (ps)  (ps)   (ps)  Location 
#----------------------------------------------------------------------------------------
  DFF_3/q_reg/CK -       -      R     (arrival)     14    -     0     0       0    (-,-) 
  DFF_3/q_reg/Q  -       CK->Q  F     DFF_X2         6  8.4    79   574     574    (-,-) 
  g1399__1705/ZN -       A2->ZN R     NAND2_X2       4  5.9   154   222     796    (-,-) 
  g1395/ZN       -       A->ZN  F     INV_X1         1  1.3    49    90     887    (-,-) 
  g1378__6161/ZN -       B2->ZN R     AOI21_X2       1  2.1   148   200    1087    (-,-) 
  g1368__2802/Z  -       A->Z   R     XOR2_X2        1  1.5   130   301    1388    (-,-) 
  g1361__6260/ZN -       A1->ZN F     NOR2_X2        1  1.1    36    65    1453    (-,-) 
  DFF_4/q_reg/D  -       -      F     DFF_X2         1    -     -     0    1453    (-,-) 
#----------------------------------------------------------------------------------------



Path 3: MET (3371 ps) Setup Check with Pin DFF_6/q_reg/CK->D
          Group: C2C
     Startpoint: (R) DFF_2/q_reg/CK
          Clock: (R) sclk
       Endpoint: (R) DFF_6/q_reg/D
          Clock: (R) sclk

                     Capture       Launch     
        Clock Edge:+    5000            0     
       Src Latency:+       0            0     
       Net Latency:+       0 (I)        0 (I) 
           Arrival:=    5000            0     
                                              
             Setup:-     158                  
     Required Time:=    4842                  
      Launch Clock:-       0                  
         Data Path:-    1470                  
             Slack:=    3371                  

#----------------------------------------------------------------------------------------
# Timing Point   Flags    Arc   Edge   Cell     Fanout Load Trans Delay Arrival Instance 
#                                                      (fF)  (ps)  (ps)   (ps)  Location 
#----------------------------------------------------------------------------------------
  DFF_2/q_reg/CK -       -      R     (arrival)     14    -     0     0       0    (-,-) 
  DFF_2/q_reg/Q  -       CK->Q  F     DFF_X2         6  9.2    82   581     581    (-,-) 
  g1409/ZN       -       A->ZN  R     INV_X2         3  4.8   111   170     751    (-,-) 
  g1399__1705/ZN -       A1->ZN F     NAND2_X2       4  5.1    62   109     860    (-,-) 
  g1388__5107/ZN -       A1->ZN R     NOR2_X2        2  3.2   139   188    1048    (-,-) 
  g1385__6417/ZN -       A1->ZN F     NAND2_X2       2  2.2    50    86    1134    (-,-) 
  g1370__5122/ZN -       A2->ZN F     AND2_X2        2  2.7    38   206    1340    (-,-) 
  g1364__5526/ZN -       A->ZN  R     OAI21_X2       1  1.2   105   131    1470    (-,-) 
  DFF_6/q_reg/D  -       -      R     DFF_X1         1    -     -     0    1470    (-,-) 
#----------------------------------------------------------------------------------------



Path 4: MET (3373 ps) Setup Check with Pin DFF_5/q_reg/CK->D
          Group: C2C
     Startpoint: (R) DFF_2/q_reg/CK
          Clock: (R) sclk
       Endpoint: (F) DFF_5/q_reg/D
          Clock: (R) sclk

                     Capture       Launch     
        Clock Edge:+    5000            0     
       Src Latency:+       0            0     
       Net Latency:+       0 (I)        0 (I) 
           Arrival:=    5000            0     
                                              
             Setup:-     215                  
     Required Time:=    4785                  
      Launch Clock:-       0                  
         Data Path:-    1412                  
             Slack:=    3373                  

#----------------------------------------------------------------------------------------
# Timing Point   Flags    Arc   Edge   Cell     Fanout Load Trans Delay Arrival Instance 
#                                                      (fF)  (ps)  (ps)   (ps)  Location 
#----------------------------------------------------------------------------------------
  DFF_2/q_reg/CK -       -      R     (arrival)     14    -     0     0       0    (-,-) 
  DFF_2/q_reg/Q  -       CK->Q  F     DFF_X2         6  9.2    82   581     581    (-,-) 
  g1409/ZN       -       A->ZN  R     INV_X2         3  4.8   111   170     751    (-,-) 
  g1399__1705/ZN -       A1->ZN F     NAND2_X2       4  5.1    62   109     860    (-,-) 
  g1388__5107/ZN -       A1->ZN R     NOR2_X2        2  3.2   139   188    1048    (-,-) 
  g1385__6417/ZN -       A1->ZN F     NAND2_X2       2  2.2    50    86    1134    (-,-) 
  g1365__6783/ZN -       B1->ZN R     AOI21_X2       2  3.2   180   205    1339    (-,-) 
  g1360__5107/ZN -       A1->ZN F     NOR2_X2        1  1.1    46    73    1412    (-,-) 
  DFF_5/q_reg/D  -       -      F     DFF_X2         1    -     -     0    1412    (-,-) 
#----------------------------------------------------------------------------------------



Path 5: MET (3391 ps) Setup Check with Pin DFF_9/q_reg/CK->D
          Group: C2C
     Startpoint: (R) DFF_2/q_reg/CK
          Clock: (R) sclk
       Endpoint: (R) DFF_9/q_reg/D
          Clock: (R) sclk

                     Capture       Launch     
        Clock Edge:+    5000            0     
       Src Latency:+       0            0     
       Net Latency:+       0 (I)        0 (I) 
           Arrival:=    5000            0     
                                              
             Setup:-     162                  
     Required Time:=    4838                  
      Launch Clock:-       0                  
         Data Path:-    1447                  
             Slack:=    3391                  

#----------------------------------------------------------------------------------------
# Timing Point   Flags    Arc   Edge   Cell     Fanout Load Trans Delay Arrival Instance 
#                                                      (fF)  (ps)  (ps)   (ps)  Location 
#----------------------------------------------------------------------------------------
  DFF_2/q_reg/CK -       -      R     (arrival)     14    -     0     0       0    (-,-) 
  DFF_2/q_reg/Q  -       CK->Q  F     DFF_X2         6  9.2    82   581     581    (-,-) 
  g1409/ZN       -       A->ZN  R     INV_X2         3  4.8   111   170     751    (-,-) 
  g1399__1705/ZN -       A1->ZN F     NAND2_X2       4  5.1    62   109     860    (-,-) 
  g1388__5107/ZN -       A1->ZN R     NOR2_X2        2  3.2   139   188    1048    (-,-) 
  g1385__6417/ZN -       A1->ZN F     NAND2_X2       2  2.2    50    86    1134    (-,-) 
  g1370__5122/ZN -       A2->ZN F     AND2_X2        2  2.7    38   206    1340    (-,-) 
  g1362__4319/ZN -       A1->ZN R     NAND4_X2       1  1.2   114   107    1447    (-,-) 
  DFF_9/q_reg/D  -       -      R     DFF_X1         1    -     -     0    1447    (-,-) 
#----------------------------------------------------------------------------------------



Path 6: MET (3484 ps) Setup Check with Pin DFF_7/q_reg/CK->D
          Group: C2C
     Startpoint: (R) DFF_3/q_reg/CK
          Clock: (R) sclk
       Endpoint: (F) DFF_7/q_reg/D
          Clock: (R) sclk

                     Capture       Launch     
        Clock Edge:+    5000            0     
       Src Latency:+       0            0     
       Net Latency:+       0 (I)        0 (I) 
           Arrival:=    5000            0     
                                              
             Setup:-     234                  
     Required Time:=    4766                  
      Launch Clock:-       0                  
         Data Path:-    1282                  
             Slack:=    3484                  

#----------------------------------------------------------------------------------------
# Timing Point   Flags    Arc   Edge   Cell     Fanout Load Trans Delay Arrival Instance 
#                                                      (fF)  (ps)  (ps)   (ps)  Location 
#----------------------------------------------------------------------------------------
  DFF_3/q_reg/CK -       -      R     (arrival)     14    -     0     0       0    (-,-) 
  DFF_3/q_reg/Q  -       CK->Q  F     DFF_X2         6  8.4    79   574     574    (-,-) 
  g1394__6783/ZN -       C2->ZN R     OAI211_X2      6 11.1   408   530    1105    (-,-) 
  g1366__3680/ZN -       B1->ZN F     OAI221_X2      1  1.1    92   177    1282    (-,-) 
  DFF_7/q_reg/D  -       -      F     DFF_X1         1    -     -     0    1282    (-,-) 
#----------------------------------------------------------------------------------------



Path 7: MET (3506 ps) Setup Check with Pin DFF_3/q_reg/CK->D
          Group: C2C
     Startpoint: (R) DFF_3/q_reg/CK
          Clock: (R) sclk
       Endpoint: (F) DFF_3/q_reg/D
          Clock: (R) sclk

                     Capture       Launch     
        Clock Edge:+    5000            0     
       Src Latency:+       0            0     
       Net Latency:+       0 (I)        0 (I) 
           Arrival:=    5000            0     
                                              
             Setup:-     215                  
     Required Time:=    4785                  
      Launch Clock:-       0                  
         Data Path:-    1279                  
             Slack:=    3506                  

#----------------------------------------------------------------------------------------
# Timing Point   Flags    Arc   Edge   Cell     Fanout Load Trans Delay Arrival Instance 
#                                                      (fF)  (ps)  (ps)   (ps)  Location 
#----------------------------------------------------------------------------------------
  DFF_3/q_reg/CK -       -      R     (arrival)     14    -     0     0       0    (-,-) 
  DFF_3/q_reg/Q  -       CK->Q  F     DFF_X2         6  8.4    79   574     574    (-,-) 
  g1399__1705/ZN -       A2->ZN R     NAND2_X2       4  5.9   154   222     796    (-,-) 
  g1388__5107/ZN -       A1->ZN F     NOR2_X2        2  2.8    49    94     890    (-,-) 
  g1373__6131/ZN -       B->ZN  R     AOI211_X2      1  1.5   184   315    1206    (-,-) 
  g1363__8428/ZN -       A1->ZN F     NOR2_X2        1  1.1    47    74    1279    (-,-) 
  DFF_3/q_reg/D  -       -      F     DFF_X2         1    -     -     0    1279    (-,-) 
#----------------------------------------------------------------------------------------



Path 8: MET (3510 ps) Setup Check with Pin DFF_11/q_reg/CK->D
          Group: C2C
     Startpoint: (R) DFF_3/q_reg/CK
          Clock: (R) sclk
       Endpoint: (F) DFF_11/q_reg/D
          Clock: (R) sclk

                     Capture       Launch     
        Clock Edge:+    5000            0     
       Src Latency:+       0            0     
       Net Latency:+       0 (I)        0 (I) 
           Arrival:=    5000            0     
                                              
             Setup:-     223                  
     Required Time:=    4777                  
      Launch Clock:-       0                  
         Data Path:-    1267                  
             Slack:=    3510                  

#----------------------------------------------------------------------------------------
# Timing Point   Flags    Arc   Edge   Cell     Fanout Load Trans Delay Arrival Instance 
#                                                      (fF)  (ps)  (ps)   (ps)  Location 
#----------------------------------------------------------------------------------------
  DFF_3/q_reg/CK -       -      R     (arrival)     14    -     0     0       0    (-,-) 
  DFF_3/q_reg/Q  -       CK->Q  F     DFF_X2         6  8.4    79   574     574    (-,-) 
  g1394__6783/ZN -       C2->ZN R     OAI211_X2      6 11.1   408   530    1105    (-,-) 
  g1372__7098/ZN -       B1->ZN F     OAI22_X2       1  1.1    70   162    1267    (-,-) 
  DFF_11/q_reg/D -       -      F     DFF_X1         1    -     -     0    1267    (-,-) 
#----------------------------------------------------------------------------------------



Path 9: MET (3541 ps) Setup Check with Pin DFF_8/q_reg/CK->D
          Group: C2C
     Startpoint: (R) DFF_3/q_reg/CK
          Clock: (R) sclk
       Endpoint: (F) DFF_8/q_reg/D
          Clock: (R) sclk

                     Capture       Launch     
        Clock Edge:+    5000            0     
       Src Latency:+       0            0     
       Net Latency:+       0 (I)        0 (I) 
           Arrival:=    5000            0     
                                              
             Setup:-     242                  
     Required Time:=    4758                  
      Launch Clock:-       0                  
         Data Path:-    1217                  
             Slack:=    3541                  

#----------------------------------------------------------------------------------------
# Timing Point   Flags    Arc   Edge   Cell     Fanout Load Trans Delay Arrival Instance 
#                                                      (fF)  (ps)  (ps)   (ps)  Location 
#----------------------------------------------------------------------------------------
  DFF_3/q_reg/CK -       -      R     (arrival)     14    -     0     0       0    (-,-) 
  DFF_3/q_reg/Q  -       CK->Q  F     DFF_X2         6  8.4    79   574     574    (-,-) 
  g1394__6783/ZN -       C2->ZN R     OAI211_X2      6 11.1   408   530    1105    (-,-) 
  g1367__1617/ZN -       C1->ZN F     OAI211_X2      1  1.1   108   113    1217    (-,-) 
  DFF_8/q_reg/D  -       -      F     DFF_X1         1    -     -     0    1217    (-,-) 
#----------------------------------------------------------------------------------------



Path 10: MET (3642 ps) Setup Check with Pin DFF_1/q_reg/CK->D
          Group: C2C
     Startpoint: (R) DFF_2/q_reg/CK
          Clock: (R) sclk
       Endpoint: (F) DFF_1/q_reg/D
          Clock: (R) sclk

                     Capture       Launch     
        Clock Edge:+    5000            0     
       Src Latency:+       0            0     
       Net Latency:+       0 (I)        0 (I) 
           Arrival:=    5000            0     
                                              
             Setup:-     212                  
     Required Time:=    4788                  
      Launch Clock:-       0                  
         Data Path:-    1146                  
             Slack:=    3642                  

#----------------------------------------------------------------------------------------
# Timing Point   Flags    Arc   Edge   Cell     Fanout Load Trans Delay Arrival Instance 
#                                                      (fF)  (ps)  (ps)   (ps)  Location 
#----------------------------------------------------------------------------------------
  DFF_2/q_reg/CK -       -      R     (arrival)     14    -     0     0       0    (-,-) 
  DFF_2/q_reg/Q  -       CK->Q  F     DFF_X2         6  9.2    82   581     581    (-,-) 
  g1409/ZN       -       A->ZN  R     INV_X2         3  4.8   111   170     751    (-,-) 
  g1399__1705/ZN -       A1->ZN F     NAND2_X2       4  5.1    62   109     860    (-,-) 
  g1382__2346/ZN -       A2->ZN R     AOI22_X2       1  1.5   148   216    1077    (-,-) 
  g1369__1705/ZN -       A1->ZN F     NOR2_X2        1  1.1    40    69    1146    (-,-) 
  DFF_1/q_reg/D  -       -      F     DFF_X2         1    -     -     0    1146    (-,-) 
#----------------------------------------------------------------------------------------



Path 11: MET (3652 ps) Setup Check with Pin DFF_2/q_reg/CK->D
          Group: C2C
     Startpoint: (R) DFF_1/q_reg/CK
          Clock: (R) sclk
       Endpoint: (F) DFF_2/q_reg/D
          Clock: (R) sclk

                     Capture       Launch     
        Clock Edge:+    5000            0     
       Src Latency:+       0            0     
       Net Latency:+       0 (I)        0 (I) 
           Arrival:=    5000            0     
                                              
             Setup:-     210                  
     Required Time:=    4790                  
      Launch Clock:-       0                  
         Data Path:-    1138                  
             Slack:=    3652                  

#----------------------------------------------------------------------------------------
# Timing Point   Flags    Arc   Edge   Cell     Fanout Load Trans Delay Arrival Instance 
#                                                      (fF)  (ps)  (ps)   (ps)  Location 
#----------------------------------------------------------------------------------------
  DFF_1/q_reg/CK -       -      R     (arrival)     14    -     0     0       0    (-,-) 
  DFF_1/q_reg/Q  -       CK->Q  F     DFF_X2         8 12.7    97   608     608    (-,-) 
  g1405__1881/ZN -       A1->ZN R     NAND2_X2       2  4.0   117   176     784    (-,-) 
  g1381__2883/Z  -       A->Z   R     XOR2_X2        1  1.5   130   289    1073    (-,-) 
  g1371__8246/ZN -       A1->ZN F     NOR2_X2        1  1.1    36    65    1138    (-,-) 
  DFF_2/q_reg/D  -       -      F     DFF_X2         1    -     -     0    1138    (-,-) 
#----------------------------------------------------------------------------------------



Path 12: MET (3996 ps) Setup Check with Pin DFF_12/q_reg/CK->D
          Group: C2C
     Startpoint: (R) DFF_12/q_reg/CK
          Clock: (R) sclk
       Endpoint: (R) DFF_12/q_reg/D
          Clock: (R) sclk

                     Capture       Launch     
        Clock Edge:+    5000            0     
       Src Latency:+       0            0     
       Net Latency:+       0 (I)        0 (I) 
           Arrival:=    5000            0     
                                              
             Setup:-     150                  
     Required Time:=    4850                  
      Launch Clock:-       0                  
         Data Path:-     854                  
             Slack:=    3996                  

#-----------------------------------------------------------------------------------------
#  Timing Point   Flags    Arc   Edge   Cell     Fanout Load Trans Delay Arrival Instance 
#                                                       (fF)  (ps)  (ps)   (ps)  Location 
#-----------------------------------------------------------------------------------------
  DFF_12/q_reg/CK -       -      R     (arrival)     14    -     0     0       0    (-,-) 
  DFF_12/q_reg/Q  -       CK->Q  F     DFF_X2         3  4.4    60   538     538    (-,-) 
  g1391__4319/ZN  -       A->ZN  F     XNOR2_X2       1  1.2    43   201     739    (-,-) 
  g1375__5115/ZN  -       A1->ZN R     NOR2_X2        1  1.2    81   114     854    (-,-) 
  DFF_12/q_reg/D  -       -      R     DFF_X2         1    -     -     0     854    (-,-) 
#-----------------------------------------------------------------------------------------



Path 13: MET (4019 ps) Setup Check with Pin DFF_13/q_reg/CK->D
          Group: C2C
     Startpoint: (R) DFF_13/q_reg/CK
          Clock: (R) sclk
       Endpoint: (R) DFF_13/q_reg/D
          Clock: (R) sclk

                     Capture       Launch     
        Clock Edge:+    5000            0     
       Src Latency:+       0            0     
       Net Latency:+       0 (I)        0 (I) 
           Arrival:=    5000            0     
                                              
             Setup:-     150                  
     Required Time:=    4850                  
      Launch Clock:-       0                  
         Data Path:-     831                  
             Slack:=    4019                  

#-----------------------------------------------------------------------------------------
#  Timing Point   Flags    Arc   Edge   Cell     Fanout Load Trans Delay Arrival Instance 
#                                                       (fF)  (ps)  (ps)   (ps)  Location 
#-----------------------------------------------------------------------------------------
  DFF_13/q_reg/CK -       -      R     (arrival)     14    -     0     0       0    (-,-) 
  DFF_13/q_reg/Q  -       CK->Q  F     DFF_X2         2  3.0    53   523     523    (-,-) 
  g1392__8428/ZN  -       A->ZN  F     XNOR2_X2       1  1.2    36   197     720    (-,-) 
  g1376__7482/ZN  -       A1->ZN R     NOR2_X2        1  1.2    81   111     831    (-,-) 
  DFF_13/q_reg/D  -       -      R     DFF_X2         1    -     -     0     831    (-,-) 
#-----------------------------------------------------------------------------------------



Path 14: MET (4160 ps) Setup Check with Pin DFF_0/q_reg/CK->D
          Group: C2C
     Startpoint: (R) DFF_0/q_reg/CK
          Clock: (R) sclk
       Endpoint: (R) DFF_0/q_reg/D
          Clock: (R) sclk

                     Capture       Launch     
        Clock Edge:+    5000            0     
       Src Latency:+       0            0     
       Net Latency:+       0 (I)        0 (I) 
           Arrival:=    5000            0     
                                              
             Setup:-     150                  
     Required Time:=    4850                  
      Launch Clock:-       0                  
         Data Path:-     690                  
             Slack:=    4160                  

#----------------------------------------------------------------------------------------
# Timing Point   Flags    Arc   Edge   Cell     Fanout Load Trans Delay Arrival Instance 
#                                                      (fF)  (ps)  (ps)   (ps)  Location 
#----------------------------------------------------------------------------------------
  DFF_0/q_reg/CK -       -      R     (arrival)     14    -     0     0       0    (-,-) 
  DFF_0/q_reg/Q  -       CK->Q  F     DFF_X2         5  6.7    71   561     561    (-,-) 
  g1402__8246/ZN -       A1->ZN R     NOR2_X2        1  1.2    81   129     690    (-,-) 
  DFF_0/q_reg/D  -       -      R     DFF_X2         1    -     -     0     690    (-,-) 
#----------------------------------------------------------------------------------------

Some unconstrained paths have not been displayed.
Use -unconstrained or set the root attribute 'timing_report_unconstrained' to 'true' to see only these unconstrained paths.

