============================================================
  Generated by:           Genus(TM) Synthesis Solution 20.11-s111_1
  Generated on:           Mar 11 2025  03:10:28 pm
  Module:                 s298
  Operating conditions:   slow (balanced_tree)
  Wireload mode:          enclosed
  Area mode:              timing library
============================================================

Timing
--------

Clock Period 
-------------
sclk  5000.0 


  Cost    Critical         Violating 
 Group   Path Slack  TNS     Paths   
-------------------------------------
C2C          3281.1   0.0          0 
C2O        No paths   0.0            
default    No paths   0.0            
I2C        No paths   0.0            
I2O        No paths   0.0            
sclk       No paths   0.0            
-------------------------------------
Total                 0.0          0 

Instance Count
--------------
Leaf Instance Count             71 
Physical Instance count          0 
Sequential Instance Count       14 
Combinational Instance Count    57 
Hierarchical Instance Count     14 

Area
----
Cell Area                          116.508
Physical Cell Area                 0.000
Total Cell Area (Cell+Physical)    116.508
Net Area                           25.960
Total Area (Cell+Physical+Net)     142.468

Runtime                            0.0 seconds
Elapsed Runtime                    9 seconds
Genus peak memory usage            1270.94 
Innovus peak memory usage          no_value 
Hostname                           APL2.kletech.ac.in
