============================================================
  Generated by:           Genus(TM) Synthesis Solution 20.11-s111_1
  Generated on:           Mar 11 2025  03:10:27 pm
  Module:                 s298
  Operating conditions:   slow (balanced_tree)
  Wireload mode:          enclosed
  Area mode:              timing library
============================================================


Path 1: MET (3382 ps) Setup Check with Pin DFF_10/q_reg/clk->d
          Group: C2C
     Startpoint: (R) DFF_1/q_reg/clk
          Clock: (R) sclk
       Endpoint: (R) DFF_10/q_reg/d
          Clock: (R) sclk

                     Capture       Launch     
        Clock Edge:+    5000            0     
       Src Latency:+       0            0     
       Net Latency:+       0 (I)        0 (I) 
           Arrival:=    5000            0     
                                              
             Setup:-     194                  
     Required Time:=    4806                  
      Launch Clock:-       0                  
         Data Path:-    1424                  
             Slack:=    3382                  

#--------------------------------------------------------------------------------------------------
#  Timing Point   Flags    Arc    Edge       Cell         Fanout Load Trans Delay Arrival Instance 
#                                                                (fF)  (ps)  (ps)   (ps)  Location 
#--------------------------------------------------------------------------------------------------
  DFF_1/q_reg/clk -       -       R     (arrival)             14    -     0     0       0    (-,-) 
  DFF_1/q_reg/q   (u)     clk->q  F     unmapped_d_flop       11 17.6     0   676     676    (-,-) 
  g796/z          (u)     in_0->z R     unmapped_complex2      1  1.9     0   102     778    (-,-) 
  g779/z          (u)     in_0->z R     unmapped_or2           1  1.9     0   102     880    (-,-) 
  g741/z          (u)     in_1->z R     unmapped_or2           2  3.8     0   119     999    (-,-) 
  g740/z          (u)     in_0->z F     unmapped_nand2         1  1.6     0   102    1101    (-,-) 
  g726/z          (u)     in_0->z R     unmapped_nand2         2  3.8     0   119    1220    (-,-) 
  g716/z          (u)     in_1->z F     unmapped_complex2      1  1.6     0   102    1322    (-,-) 
  g713/z          (u)     in_0->z R     unmapped_complex2      1  1.9     0   102    1424    (-,-) 
  DFF_10/q_reg/d  -       -       R     unmapped_d_flop        1    -     -     0    1424    (-,-) 
#--------------------------------------------------------------------------------------------------

(u) : Net has unmapped pin(s).



Path 2: MET (3459 ps) Setup Check with Pin DFF_4/q_reg/clk->d
          Group: C2C
     Startpoint: (R) DFF_3/q_reg/clk
          Clock: (R) sclk
       Endpoint: (R) DFF_4/q_reg/d
          Clock: (R) sclk

                     Capture       Launch     
        Clock Edge:+    5000            0     
       Src Latency:+       0            0     
       Net Latency:+       0 (I)        0 (I) 
           Arrival:=    5000            0     
                                              
             Setup:-     194                  
     Required Time:=    4806                  
      Launch Clock:-       0                  
         Data Path:-    1347                  
             Slack:=    3459                  

#--------------------------------------------------------------------------------------------------
#  Timing Point   Flags    Arc    Edge       Cell         Fanout Load Trans Delay Arrival Instance 
#                                                                (fF)  (ps)  (ps)   (ps)  Location 
#--------------------------------------------------------------------------------------------------
  DFF_3/q_reg/clk -       -       R     (arrival)             14    -     0     0       0    (-,-) 
  DFF_3/q_reg/q   (u)     clk->q  F     unmapped_d_flop        7 11.2     0   652     652    (-,-) 
  g96/z           (u)     in_1->z R     unmapped_complex2      5  9.5     0   168     820    (-,-) 
  g767/z          (u)     in_0->z R     unmapped_or2           1  1.9     0   102     922    (-,-) 
  g750/z          (u)     in_1->z F     unmapped_complex2      2  3.2     0   119    1041    (-,-) 
  g732/z          (u)     in_1->z F     unmapped_complex2      1  1.6     0   102    1143    (-,-) 
  g733/z          (u)     in_1->z R     unmapped_nand2         1  1.9     0   102    1245    (-,-) 
  g806/z          (u)     in_0->z R     unmapped_complex2      1  1.9     0   102    1347    (-,-) 
  DFF_4/q_reg/d   -       -       R     unmapped_d_flop        1    -     -     0    1347    (-,-) 
#--------------------------------------------------------------------------------------------------

(u) : Net has unmapped pin(s).



Path 3: MET (3484 ps) Setup Check with Pin DFF_3/q_reg/clk->d
          Group: C2C
     Startpoint: (R) DFF_1/q_reg/clk
          Clock: (R) sclk
       Endpoint: (R) DFF_3/q_reg/d
          Clock: (R) sclk

                     Capture       Launch     
        Clock Edge:+    5000            0     
       Src Latency:+       0            0     
       Net Latency:+       0 (I)        0 (I) 
           Arrival:=    5000            0     
                                              
             Setup:-     194                  
     Required Time:=    4806                  
      Launch Clock:-       0                  
         Data Path:-    1323                  
             Slack:=    3484                  

#--------------------------------------------------------------------------------------------------
#  Timing Point   Flags    Arc    Edge       Cell         Fanout Load Trans Delay Arrival Instance 
#                                                                (fF)  (ps)  (ps)   (ps)  Location 
#--------------------------------------------------------------------------------------------------
  DFF_1/q_reg/clk -       -       R     (arrival)             14    -     0     0       0    (-,-) 
  DFF_1/q_reg/q   (u)     clk->q  R     unmapped_d_flop       11 20.9     0   676     676    (-,-) 
  g354/z          (u)     in_1->z F     unmapped_nand2         3  4.8     0   137     813    (-,-) 
  g778/z          (u)     in_0->z F     unmapped_or2           1  1.6     0   102     915    (-,-) 
  g746/z          (u)     in_0->z R     unmapped_nand2         1  1.9     0   102    1017    (-,-) 
  g739/z          (u)     in_0->z F     unmapped_nand2         1  1.6     0   102    1119    (-,-) 
  g725/z          (u)     in_0->z R     unmapped_complex2      1  1.9     0   102    1221    (-,-) 
  g804/z          (u)     in_0->z R     unmapped_complex2      1  1.9     0   102    1323    (-,-) 
  DFF_3/q_reg/d   -       -       R     unmapped_d_flop        1    -     -     0    1323    (-,-) 
#--------------------------------------------------------------------------------------------------

(u) : Net has unmapped pin(s).



Path 4: MET (3484 ps) Setup Check with Pin DFF_9/q_reg/clk->d
          Group: C2C
     Startpoint: (R) DFF_1/q_reg/clk
          Clock: (R) sclk
       Endpoint: (R) DFF_9/q_reg/d
          Clock: (R) sclk

                     Capture       Launch     
        Clock Edge:+    5000            0     
       Src Latency:+       0            0     
       Net Latency:+       0 (I)        0 (I) 
           Arrival:=    5000            0     
                                              
             Setup:-     194                  
     Required Time:=    4806                  
      Launch Clock:-       0                  
         Data Path:-    1322                  
             Slack:=    3484                  

#--------------------------------------------------------------------------------------------------
#  Timing Point   Flags    Arc    Edge       Cell         Fanout Load Trans Delay Arrival Instance 
#                                                                (fF)  (ps)  (ps)   (ps)  Location 
#--------------------------------------------------------------------------------------------------
  DFF_1/q_reg/clk -       -       R     (arrival)             14    -     0     0       0    (-,-) 
  DFF_1/q_reg/q   (u)     clk->q  R     unmapped_d_flop       11 20.9     0   676     676    (-,-) 
  g792/z          (u)     in_0->z R     unmapped_complex2      2  3.8     0   119     795    (-,-) 
  g776/z          (u)     in_0->z R     unmapped_or2           1  1.9     0   102     897    (-,-) 
  g752/z          (u)     in_0->z F     unmapped_complex2      1  1.6     0   102     999    (-,-) 
  g737/z          (u)     in_1->z R     unmapped_nand2         2  3.8     0   119    1118    (-,-) 
  g724/z          (u)     in_0->z R     unmapped_complex2      1  1.9     0   102    1220    (-,-) 
  g719/z          (u)     in_1->z R     unmapped_or2           1  1.9     0   102    1322    (-,-) 
  DFF_9/q_reg/d   -       -       R     unmapped_d_flop        1    -     -     0    1322    (-,-) 
#--------------------------------------------------------------------------------------------------

(u) : Net has unmapped pin(s).



Path 5: MET (3484 ps) Setup Check with Pin DFF_5/q_reg/clk->d
          Group: C2C
     Startpoint: (R) DFF_1/q_reg/clk
          Clock: (R) sclk
       Endpoint: (R) DFF_5/q_reg/d
          Clock: (R) sclk

                     Capture       Launch     
        Clock Edge:+    5000            0     
       Src Latency:+       0            0     
       Net Latency:+       0 (I)        0 (I) 
           Arrival:=    5000            0     
                                              
             Setup:-     194                  
     Required Time:=    4806                  
      Launch Clock:-       0                  
         Data Path:-    1322                  
             Slack:=    3484                  

#--------------------------------------------------------------------------------------------------
#  Timing Point   Flags    Arc    Edge       Cell         Fanout Load Trans Delay Arrival Instance 
#                                                                (fF)  (ps)  (ps)   (ps)  Location 
#--------------------------------------------------------------------------------------------------
  DFF_1/q_reg/clk -       -       R     (arrival)             14    -     0     0       0    (-,-) 
  DFF_1/q_reg/q   (u)     clk->q  F     unmapped_d_flop       11 17.6     0   676     676    (-,-) 
  g796/z          (u)     in_0->z R     unmapped_complex2      1  1.9     0   102     778    (-,-) 
  g779/z          (u)     in_0->z R     unmapped_or2           1  1.9     0   102     880    (-,-) 
  g741/z          (u)     in_1->z R     unmapped_or2           2  3.8     0   119     999    (-,-) 
  g740/z          (u)     in_0->z F     unmapped_nand2         1  1.6     0   102    1101    (-,-) 
  g726/z          (u)     in_0->z R     unmapped_nand2         2  3.8     0   119    1220    (-,-) 
  g805/z          (u)     in_0->z R     unmapped_complex2      1  1.9     0   102    1322    (-,-) 
  DFF_5/q_reg/d   -       -       R     unmapped_d_flop        1    -     -     0    1322    (-,-) 
#--------------------------------------------------------------------------------------------------

(u) : Net has unmapped pin(s).



Path 6: MET (3586 ps) Setup Check with Pin DFF_6/q_reg/clk->d
          Group: C2C
     Startpoint: (R) DFF_1/q_reg/clk
          Clock: (R) sclk
       Endpoint: (R) DFF_6/q_reg/d
          Clock: (R) sclk

                     Capture       Launch     
        Clock Edge:+    5000            0     
       Src Latency:+       0            0     
       Net Latency:+       0 (I)        0 (I) 
           Arrival:=    5000            0     
                                              
             Setup:-     194                  
     Required Time:=    4806                  
      Launch Clock:-       0                  
         Data Path:-    1220                  
             Slack:=    3586                  

#--------------------------------------------------------------------------------------------------
#  Timing Point   Flags    Arc    Edge       Cell         Fanout Load Trans Delay Arrival Instance 
#                                                                (fF)  (ps)  (ps)   (ps)  Location 
#--------------------------------------------------------------------------------------------------
  DFF_1/q_reg/clk -       -       R     (arrival)             14    -     0     0       0    (-,-) 
  DFF_1/q_reg/q   (u)     clk->q  R     unmapped_d_flop       11 20.9     0   676     676    (-,-) 
  g792/z          (u)     in_0->z R     unmapped_complex2      2  3.8     0   119     795    (-,-) 
  g776/z          (u)     in_0->z R     unmapped_or2           1  1.9     0   102     897    (-,-) 
  g752/z          (u)     in_0->z F     unmapped_complex2      1  1.6     0   102     999    (-,-) 
  g737/z          (u)     in_1->z R     unmapped_nand2         2  3.8     0   119    1118    (-,-) 
  g727/z          (u)     in_0->z R     unmapped_complex2      1  1.9     0   102    1220    (-,-) 
  DFF_6/q_reg/d   -       -       R     unmapped_d_flop        1    -     -     0    1220    (-,-) 
#--------------------------------------------------------------------------------------------------

(u) : Net has unmapped pin(s).



Path 7: MET (3593 ps) Setup Check with Pin DFF_8/q_reg/clk->d
          Group: C2C
     Startpoint: (R) DFF_3/q_reg/clk
          Clock: (R) sclk
       Endpoint: (R) DFF_8/q_reg/d
          Clock: (R) sclk

                     Capture       Launch     
        Clock Edge:+    5000            0     
       Src Latency:+       0            0     
       Net Latency:+       0 (I)        0 (I) 
           Arrival:=    5000            0     
                                              
             Setup:-     194                  
     Required Time:=    4806                  
      Launch Clock:-       0                  
         Data Path:-    1214                  
             Slack:=    3593                  

#--------------------------------------------------------------------------------------------------
#  Timing Point   Flags    Arc    Edge       Cell         Fanout Load Trans Delay Arrival Instance 
#                                                                (fF)  (ps)  (ps)   (ps)  Location 
#--------------------------------------------------------------------------------------------------
  DFF_3/q_reg/clk -       -       R     (arrival)             14    -     0     0       0    (-,-) 
  DFF_3/q_reg/q   (u)     clk->q  F     unmapped_d_flop        7 11.2     0   652     652    (-,-) 
  g593/z          (u)     in_1->z F     unmapped_or2           2  3.2     0   119     771    (-,-) 
  g764/z          (u)     in_0->z F     unmapped_or2           2  3.2     0   119     890    (-,-) 
  g747/z          (u)     in_1->z F     unmapped_complex2      2  3.2     0   119    1010    (-,-) 
  g728/z          (u)     in_1->z R     unmapped_nand2         1  1.9     0   102    1112    (-,-) 
  g721/z          (u)     in_0->z R     unmapped_complex2      1  1.9     0   102    1214    (-,-) 
  DFF_8/q_reg/d   -       -       R     unmapped_d_flop        1    -     -     0    1214    (-,-) 
#--------------------------------------------------------------------------------------------------

(u) : Net has unmapped pin(s).



Path 8: MET (3593 ps) Setup Check with Pin DFF_7/q_reg/clk->d
          Group: C2C
     Startpoint: (R) DFF_3/q_reg/clk
          Clock: (R) sclk
       Endpoint: (R) DFF_7/q_reg/d
          Clock: (R) sclk

                     Capture       Launch     
        Clock Edge:+    5000            0     
       Src Latency:+       0            0     
       Net Latency:+       0 (I)        0 (I) 
           Arrival:=    5000            0     
                                              
             Setup:-     194                  
     Required Time:=    4806                  
      Launch Clock:-       0                  
         Data Path:-    1214                  
             Slack:=    3593                  

#--------------------------------------------------------------------------------------------------
#  Timing Point   Flags    Arc    Edge       Cell         Fanout Load Trans Delay Arrival Instance 
#                                                                (fF)  (ps)  (ps)   (ps)  Location 
#--------------------------------------------------------------------------------------------------
  DFF_3/q_reg/clk -       -       R     (arrival)             14    -     0     0       0    (-,-) 
  DFF_3/q_reg/q   (u)     clk->q  F     unmapped_d_flop        7 11.2     0   652     652    (-,-) 
  g593/z          (u)     in_1->z F     unmapped_or2           2  3.2     0   119     771    (-,-) 
  g764/z          (u)     in_0->z F     unmapped_or2           2  3.2     0   119     890    (-,-) 
  g747/z          (u)     in_1->z F     unmapped_complex2      2  3.2     0   119    1010    (-,-) 
  g738/z          (u)     in_1->z R     unmapped_nand2         1  1.9     0   102    1112    (-,-) 
  g720/z          (u)     in_0->z R     unmapped_complex2      1  1.9     0   102    1214    (-,-) 
  DFF_7/q_reg/d   -       -       R     unmapped_d_flop        1    -     -     0    1214    (-,-) 
#--------------------------------------------------------------------------------------------------

(u) : Net has unmapped pin(s).



Path 9: MET (3649 ps) Setup Check with Pin DFF_11/q_reg/clk->d
          Group: C2C
     Startpoint: (R) DFF_3/q_reg/clk
          Clock: (R) sclk
       Endpoint: (R) DFF_11/q_reg/d
          Clock: (R) sclk

                     Capture       Launch     
        Clock Edge:+    5000            0     
       Src Latency:+       0            0     
       Net Latency:+       0 (I)        0 (I) 
           Arrival:=    5000            0     
                                              
             Setup:-     194                  
     Required Time:=    4806                  
      Launch Clock:-       0                  
         Data Path:-    1157                  
             Slack:=    3649                  

#--------------------------------------------------------------------------------------------------
#  Timing Point   Flags    Arc    Edge       Cell         Fanout Load Trans Delay Arrival Instance 
#                                                                (fF)  (ps)  (ps)   (ps)  Location 
#--------------------------------------------------------------------------------------------------
  DFF_3/q_reg/clk -       -       R     (arrival)             14    -     0     0       0    (-,-) 
  DFF_3/q_reg/q   (u)     clk->q  R     unmapped_d_flop        7 13.3     0   652     652    (-,-) 
  g593/z          (u)     in_1->z R     unmapped_or2           2  3.8     0   119     771    (-,-) 
  g774/z          (u)     in_0->z F     unmapped_complex2      6  9.6     0   182     953    (-,-) 
  g744/z          (u)     in_1->z F     unmapped_complex2      1  1.6     0   102    1055    (-,-) 
  g730/z          (u)     in_0->z R     unmapped_nand2         1  1.9     0   102    1157    (-,-) 
  DFF_11/q_reg/d  -       -       R     unmapped_d_flop        1    -     -     0    1157    (-,-) 
#--------------------------------------------------------------------------------------------------

(u) : Net has unmapped pin(s).



Path 10: MET (3680 ps) Setup Check with Pin DFF_1/q_reg/clk->d
          Group: C2C
     Startpoint: (R) DFF_3/q_reg/clk
          Clock: (R) sclk
       Endpoint: (R) DFF_1/q_reg/d
          Clock: (R) sclk

                     Capture       Launch     
        Clock Edge:+    5000            0     
       Src Latency:+       0            0     
       Net Latency:+       0 (I)        0 (I) 
           Arrival:=    5000            0     
                                              
             Setup:-     194                  
     Required Time:=    4806                  
      Launch Clock:-       0                  
         Data Path:-    1126                  
             Slack:=    3680                  

#--------------------------------------------------------------------------------------------------
#  Timing Point   Flags    Arc    Edge       Cell         Fanout Load Trans Delay Arrival Instance 
#                                                                (fF)  (ps)  (ps)   (ps)  Location 
#--------------------------------------------------------------------------------------------------
  DFF_3/q_reg/clk -       -       R     (arrival)             14    -     0     0       0    (-,-) 
  DFF_3/q_reg/q   (u)     clk->q  F     unmapped_d_flop        7 11.2     0   652     652    (-,-) 
  g96/z           (u)     in_1->z R     unmapped_complex2      5  9.5     0   168     820    (-,-) 
  g768/z          (u)     in_0->z F     unmapped_complex2      1  1.6     0   102     922    (-,-) 
  g756/z          (u)     in_0->z R     unmapped_nand2         1  1.9     0   102    1024    (-,-) 
  g802/z          (u)     in_0->z R     unmapped_complex2      1  1.9     0   102    1126    (-,-) 
  DFF_1/q_reg/d   -       -       R     unmapped_d_flop        1    -     -     0    1126    (-,-) 
#--------------------------------------------------------------------------------------------------

(u) : Net has unmapped pin(s).



Path 11: MET (3688 ps) Setup Check with Pin DFF_2/q_reg/clk->d
          Group: C2C
     Startpoint: (R) DFF_1/q_reg/clk
          Clock: (R) sclk
       Endpoint: (R) DFF_2/q_reg/d
          Clock: (R) sclk

                     Capture       Launch     
        Clock Edge:+    5000            0     
       Src Latency:+       0            0     
       Net Latency:+       0 (I)        0 (I) 
           Arrival:=    5000            0     
                                              
             Setup:-     194                  
     Required Time:=    4806                  
      Launch Clock:-       0                  
         Data Path:-    1119                  
             Slack:=    3688                  

#--------------------------------------------------------------------------------------------------
#  Timing Point   Flags    Arc    Edge       Cell         Fanout Load Trans Delay Arrival Instance 
#                                                                (fF)  (ps)  (ps)   (ps)  Location 
#--------------------------------------------------------------------------------------------------
  DFF_1/q_reg/clk -       -       R     (arrival)             14    -     0     0       0    (-,-) 
  DFF_1/q_reg/q   (u)     clk->q  R     unmapped_d_flop       11 20.9     0   676     676    (-,-) 
  g354/z          (u)     in_1->z F     unmapped_nand2         3  4.8     0   137     813    (-,-) 
  g762/z          (u)     in_0->z F     unmapped_or2           1  1.6     0   102     915    (-,-) 
  g763/z          (u)     in_1->z R     unmapped_nand2         1  1.9     0   102    1017    (-,-) 
  g803/z          (u)     in_0->z R     unmapped_complex2      1  1.9     0   102    1119    (-,-) 
  DFF_2/q_reg/d   -       -       R     unmapped_d_flop        1    -     -     0    1119    (-,-) 
#--------------------------------------------------------------------------------------------------

(u) : Net has unmapped pin(s).



Path 12: MET (3889 ps) Setup Check with Pin DFF_12/q_reg/clk->d
          Group: C2C
     Startpoint: (R) DFF_12/q_reg/clk
          Clock: (R) sclk
       Endpoint: (R) DFF_12/q_reg/d
          Clock: (R) sclk

                     Capture       Launch     
        Clock Edge:+    5000            0     
       Src Latency:+       0            0     
       Net Latency:+       0 (I)        0 (I) 
           Arrival:=    5000            0     
                                              
             Setup:-     194                  
     Required Time:=    4806                  
      Launch Clock:-       0                  
         Data Path:-     917                  
             Slack:=    3889                  

#---------------------------------------------------------------------------------------------------
#  Timing Point    Flags    Arc    Edge       Cell         Fanout Load Trans Delay Arrival Instance 
#                                                                 (fF)  (ps)  (ps)   (ps)  Location 
#---------------------------------------------------------------------------------------------------
  DFF_12/q_reg/clk -       -       R     (arrival)             14    -     0     0       0    (-,-) 
  DFF_12/q_reg/q   (u)     clk->q  R     unmapped_d_flop        4  7.6     0   611     611    (-,-) 
  g788/z           (u)     in_0->z F     unmapped_complex2      1  1.6     0   102     713    (-,-) 
  g789/z           (u)     in_1->z R     unmapped_nand2         1  1.9     0   102     815    (-,-) 
  g801/z           (u)     in_0->z R     unmapped_complex2      1  1.9     0   102     917    (-,-) 
  DFF_12/q_reg/d   -       -       R     unmapped_d_flop        1    -     -     0     917    (-,-) 
#---------------------------------------------------------------------------------------------------

(u) : Net has unmapped pin(s).



Path 13: MET (3906 ps) Setup Check with Pin DFF_13/q_reg/clk->d
          Group: C2C
     Startpoint: (R) DFF_13/q_reg/clk
          Clock: (R) sclk
       Endpoint: (R) DFF_13/q_reg/d
          Clock: (R) sclk

                     Capture       Launch     
        Clock Edge:+    5000            0     
       Src Latency:+       0            0     
       Net Latency:+       0 (I)        0 (I) 
           Arrival:=    5000            0     
                                              
             Setup:-     194                  
     Required Time:=    4806                  
      Launch Clock:-       0                  
         Data Path:-     900                  
             Slack:=    3906                  

#---------------------------------------------------------------------------------------------------
#  Timing Point    Flags    Arc    Edge       Cell         Fanout Load Trans Delay Arrival Instance 
#                                                                 (fF)  (ps)  (ps)   (ps)  Location 
#---------------------------------------------------------------------------------------------------
  DFF_13/q_reg/clk -       -       R     (arrival)             14    -     0     0       0    (-,-) 
  DFF_13/q_reg/q   (u)     clk->q  R     unmapped_d_flop        3  5.7     0   594     594    (-,-) 
  g785/z           (u)     in_0->z F     unmapped_complex2      1  1.6     0   102     696    (-,-) 
  g786/z           (u)     in_1->z R     unmapped_nand2         1  1.9     0   102     798    (-,-) 
  g800/z           (u)     in_0->z R     unmapped_complex2      1  1.9     0   102     900    (-,-) 
  DFF_13/q_reg/d   -       -       R     unmapped_d_flop        1    -     -     0     900    (-,-) 
#---------------------------------------------------------------------------------------------------

(u) : Net has unmapped pin(s).



Path 14: MET (4052 ps) Setup Check with Pin DFF_0/q_reg/clk->d
          Group: C2C
     Startpoint: (R) DFF_0/q_reg/clk
          Clock: (R) sclk
       Endpoint: (R) DFF_0/q_reg/d
          Clock: (R) sclk

                     Capture       Launch     
        Clock Edge:+    5000            0     
       Src Latency:+       0            0     
       Net Latency:+       0 (I)        0 (I) 
           Arrival:=    5000            0     
                                              
             Setup:-     194                  
     Required Time:=    4806                  
      Launch Clock:-       0                  
         Data Path:-     754                  
             Slack:=    4052                  

#------------------------------------------------------------------------------------------------
#  Timing Point   Flags    Arc    Edge      Cell        Fanout Load Trans Delay Arrival Instance 
#                                                              (fF)  (ps)  (ps)   (ps)  Location 
#------------------------------------------------------------------------------------------------
  DFF_0/q_reg/clk -       -       R     (arrival)           14    -     0     0       0    (-,-) 
  DFF_0/q_reg/q   (u)     clk->q  F     unmapped_d_flop      7 11.2     0   652     652    (-,-) 
  g799/z          (u)     in_1->z R     unmapped_nor2        1  1.9     0   102     754    (-,-) 
  DFF_0/q_reg/d   -       -       R     unmapped_d_flop      1    -     -     0     754    (-,-) 
#------------------------------------------------------------------------------------------------

(u) : Net has unmapped pin(s).

Some unconstrained paths have not been displayed.
Use -unconstrained or set the root attribute 'timing_report_unconstrained' to 'true' to see only these unconstrained paths.

