============================================================
  Generated by:           Genus(TM) Synthesis Solution 20.11-s111_1
  Generated on:           Mar 11 2025  03:10:27 pm
  Module:                 s298
  Operating conditions:   slow (balanced_tree)
  Wireload mode:          enclosed
  Area mode:              timing library
============================================================

Instance Module  Cell Count  Cell Area  Net Area   Total Area       Wireload      
----------------------------------------------------------------------------------
s298                     95    128.934     0.855      129.789 5K_hvratio_1_1 (D)  
  DFF_0  dff              1      3.471     0.000        3.471 5K_hvratio_1_1 (D)  
  DFF_1  dff_26           1      3.471     0.000        3.471 5K_hvratio_1_1 (D)  
  DFF_2  dff_26           1      3.471     0.000        3.471 5K_hvratio_1_1 (D)  
  DFF_3  dff_26           1      3.471     0.000        3.471 5K_hvratio_1_1 (D)  
  DFF_4  dff_26           1      3.471     0.000        3.471 5K_hvratio_1_1 (D)  
  DFF_5  dff_26           1      3.471     0.000        3.471 5K_hvratio_1_1 (D)  
  DFF_6  dff_21           1      3.471     0.000        3.471 5K_hvratio_1_1 (D)  
  DFF_7  dff_21           1      3.471     0.000        3.471 5K_hvratio_1_1 (D)  
  DFF_8  dff_21           1      3.471     0.000        3.471 5K_hvratio_1_1 (D)  
  DFF_9  dff_21           1      3.471     0.000        3.471 5K_hvratio_1_1 (D)  
  DFF_10 dff_21           1      3.471     0.000        3.471 5K_hvratio_1_1 (D)  
  DFF_11 dff_21           1      3.471     0.000        3.471 5K_hvratio_1_1 (D)  
  DFF_12 dff              1      3.471     0.000        3.471 5K_hvratio_1_1 (D)  
  DFF_13 dff_14           1      3.471     0.000        3.471 5K_hvratio_1_1 (D)  
  (D) = wireload is default in technology library
