============================================================
  Generated by:           Genus(TM) Synthesis Solution 20.11-s111_1
  Generated on:           Mar 11 2025  03:10:27 pm
  Module:                 s298
  Operating conditions:   slow (balanced_tree)
  Wireload mode:          enclosed
  Area mode:              timing library
============================================================

Timing
--------

Clock Period 
-------------
sclk  5000.0 


  Cost    Critical         Violating 
 Group   Path Slack  TNS     Paths   
-------------------------------------
C2C          3382.4   0.0          0 
C2O        No paths   0.0            
default    No paths   0.0            
I2C        No paths   0.0            
I2O        No paths   0.0            
sclk       No paths   0.0            
-------------------------------------
Total                 0.0          0 

Instance Count
--------------
Leaf Instance Count             95 
Physical Instance count          0 
Sequential Instance Count       14 
Combinational Instance Count    81 
Hierarchical Instance Count     14 

Area
----
Cell Area                          128.934
Physical Cell Area                 0.000
Total Cell Area (Cell+Physical)    128.934
Net Area                           0.855
Total Area (Cell+Physical+Net)     129.789

Runtime                            0.0 seconds
Elapsed Runtime                    8 seconds
Genus peak memory usage            1264.28 
Innovus peak memory usage          no_value 
Hostname                           APL2.kletech.ac.in
