============================================================
  Generated by:           Genus(TM) Synthesis Solution 20.11-s111_1
  Generated on:           Mar 11 2025  03:10:28 pm
  Module:                 s298
  Operating conditions:   slow (balanced_tree)
  Wireload mode:          enclosed
  Area mode:              timing library
============================================================

                                Leakage  
   Gate    Instances   Area   Power (nW)          Library          
-------------------------------------------------------------------
AND2_X2            2    2.128     15.589    NangateOpenCellLibrary 
AOI211_X2          1    1.330     14.164    NangateOpenCellLibrary 
AOI21_X2           2    2.128     17.647    NangateOpenCellLibrary 
AOI22_X2           1    1.330     15.449    NangateOpenCellLibrary 
DFF_X1             6   27.132    184.449    NangateOpenCellLibrary 
DFF_X2             8   36.176    277.808    NangateOpenCellLibrary 
INV_X1             1    0.532      1.782    NangateOpenCellLibrary 
INV_X2             8    4.256     37.467    NangateOpenCellLibrary 
INV_X4             4    2.128     37.593    NangateOpenCellLibrary 
NAND2_X2           8    6.384     49.496    NangateOpenCellLibrary 
NAND3_X2           1    1.064      6.806    NangateOpenCellLibrary 
NAND4_X2           1    1.330     22.983    NangateOpenCellLibrary 
NOR2_X2           13   10.374     78.055    NangateOpenCellLibrary 
NOR3_X2            2    2.128     10.105    NangateOpenCellLibrary 
OAI211_X2          3    3.990     28.701    NangateOpenCellLibrary 
OAI21_X2           3    3.192     29.277    NangateOpenCellLibrary 
OAI221_X2          2    3.192     42.985    NangateOpenCellLibrary 
OAI22_X2           1    1.330     12.439    NangateOpenCellLibrary 
XNOR2_X2           2    3.192     30.602    NangateOpenCellLibrary 
XOR2_X2            2    3.192     23.650    NangateOpenCellLibrary 
-------------------------------------------------------------------
total             71  116.508    937.047                           


                                          Leakage  Leakage 
     Type      Instances   Area  Area % Power (nW) Power % 
-----------------------------------------------------------
sequential            14  63.308   54.3    462.257    49.3 
inverter              13   6.916    5.9     76.842     8.2 
logic                 44  46.284   39.7    397.948    42.5 
physical_cells         0   0.000    0.0      0.000     0.0 
-----------------------------------------------------------
total                 71 116.508  100.0    937.047   100.0 

