============================================================
  Generated by:           Genus(TM) Synthesis Solution 20.11-s111_1
  Generated on:           Mar 11 2025  03:10:28 pm
  Module:                 s298
  Operating conditions:   slow (balanced_tree)
  Wireload mode:          enclosed
  Area mode:              timing library
============================================================

Instance Module  Cell Count  Cell Area  Net Area   Total Area       Wireload      
----------------------------------------------------------------------------------
s298                     71    116.508    25.960      142.468 5K_hvratio_1_1 (D)  
  DFF_0  dff              1      4.522     0.000        4.522 5K_hvratio_1_1 (D)  
  DFF_1  dff_26           1      4.522     0.000        4.522 5K_hvratio_1_1 (D)  
  DFF_2  dff_25           1      4.522     0.000        4.522 5K_hvratio_1_1 (D)  
  DFF_3  dff_24           1      4.522     0.000        4.522 5K_hvratio_1_1 (D)  
  DFF_4  dff_23           1      4.522     0.000        4.522 5K_hvratio_1_1 (D)  
  DFF_5  dff_22           1      4.522     0.000        4.522 5K_hvratio_1_1 (D)  
  DFF_6  dff_21           1      4.522     0.000        4.522 5K_hvratio_1_1 (D)  
  DFF_7  dff_20           1      4.522     0.000        4.522 5K_hvratio_1_1 (D)  
  DFF_8  dff_19           1      4.522     0.000        4.522 5K_hvratio_1_1 (D)  
  DFF_9  dff_18           1      4.522     0.000        4.522 5K_hvratio_1_1 (D)  
  DFF_10 dff_17           1      4.522     0.000        4.522 5K_hvratio_1_1 (D)  
  DFF_11 dff_16           1      4.522     0.000        4.522 5K_hvratio_1_1 (D)  
  DFF_12 dff_15           1      4.522     0.000        4.522 5K_hvratio_1_1 (D)  
  DFF_13 dff_14           1      4.522     0.000        4.522 5K_hvratio_1_1 (D)  
  (D) = wireload is default in technology library
