============================================================
  Generated by:           Genus(TM) Synthesis Solution 20.11-s111_1
  Generated on:           Mar 11 2025  03:10:28 pm
  Module:                 s298
  Operating conditions:   slow (balanced_tree)
  Wireload mode:          enclosed
  Area mode:              timing library
============================================================

Some unconstrained paths have not been displayed.
Use -unconstrained or set the root attribute 'timing_report_unconstrained' to 'true' to see only these unconstrained paths.

============================================================
  Generated by:           Genus(TM) Synthesis Solution 20.11-s111_1
  Generated on:           Mar 11 2025  03:10:28 pm
  Module:                 s298
  Operating conditions:   slow (balanced_tree)
  Wireload mode:          enclosed
  Area mode:              timing library
============================================================

No paths found

============================================================
  Generated by:           Genus(TM) Synthesis Solution 20.11-s111_1
  Generated on:           Mar 11 2025  03:10:28 pm
  Module:                 s298
  Operating conditions:   slow (balanced_tree)
  Wireload mode:          enclosed
  Area mode:              timing library
============================================================

No paths found

============================================================
  Generated by:           Genus(TM) Synthesis Solution 20.11-s111_1
  Generated on:           Mar 11 2025  03:10:28 pm
  Module:                 s298
  Operating conditions:   slow (balanced_tree)
  Wireload mode:          enclosed
  Area mode:              timing library
============================================================

No paths found

============================================================
  Generated by:           Genus(TM) Synthesis Solution 20.11-s111_1
  Generated on:           Mar 11 2025  03:10:28 pm
  Module:                 s298
  Operating conditions:   slow (balanced_tree)
  Wireload mode:          enclosed
  Area mode:              timing library
============================================================


Path 1: MET (3281 ps) Setup Check with Pin DFF_10/q_reg/CK->D
          Group: C2C
     Startpoint: (R) DFF_2/q_reg/CK
          Clock: (R) sclk
       Endpoint: (F) DFF_10/q_reg/D
          Clock: (R) sclk

                     Capture       Launch     
        Clock Edge:+    5000            0     
       Src Latency:+       0            0     
       Net Latency:+       0 (I)        0 (I) 
           Arrival:=    5000            0     
                                              
             Setup:-     242                  
     Required Time:=    4758                  
      Launch Clock:-       0                  
         Data Path:-    1476                  
             Slack:=    3281                  

#----------------------------------------------------------------------------------------
# Timing Point   Flags    Arc   Edge   Cell     Fanout Load Trans Delay Arrival Instance 
#                                                      (fF)  (ps)  (ps)   (ps)  Location 
#----------------------------------------------------------------------------------------
  DFF_2/q_reg/CK -       -      R     (arrival)     14    -     0     0       0    (-,-) 
  DFF_2/q_reg/Q  -       CK->Q  F     DFF_X2         6  9.2    82   581     581    (-,-) 
  g1409/ZN       -       A->ZN  R     INV_X2         3  4.8   111   170     751    (-,-) 
  g1399__1705/ZN -       A1->ZN F     NAND2_X2       4  5.1    62   109     860    (-,-) 
  g1388__5107/ZN -       A1->ZN R     NOR2_X2        2  3.2   139   188    1048    (-,-) 
  g1385__6417/ZN -       A1->ZN F     NAND2_X2       2  2.2    50    86    1134    (-,-) 
  g1365__6783/ZN -       B1->ZN R     AOI21_X2       2  3.2   180   205    1339    (-,-) 
  g1359__2398/ZN -       B1->ZN F     OAI221_X2      1  1.1   109   137    1476    (-,-) 
  DFF_10/q_reg/D -       -      F     DFF_X1         1    -     -     0    1476    (-,-) 
#----------------------------------------------------------------------------------------

============================================================
  Generated by:           Genus(TM) Synthesis Solution 20.11-s111_1
  Generated on:           Mar 11 2025  03:10:28 pm
  Module:                 s298
  Operating conditions:   slow (balanced_tree)
  Wireload mode:          enclosed
  Area mode:              timing library
============================================================

No paths found

