============================================================
  Generated by:           Genus(TM) Synthesis Solution 20.11-s111_1
  Generated on:           Mar 11 2025  03:10:26 pm
  Module:                 s298
  Operating conditions:   slow (balanced_tree)
  Wireload mode:          enclosed
  Area mode:              timing library
============================================================

Some unconstrained paths have not been displayed.
Use -unconstrained or set the root attribute 'timing_report_unconstrained' to 'true' to see only these unconstrained paths.

============================================================
  Generated by:           Genus(TM) Synthesis Solution 20.11-s111_1
  Generated on:           Mar 11 2025  03:10:26 pm
  Module:                 s298
  Operating conditions:   slow (balanced_tree)
  Wireload mode:          enclosed
  Area mode:              timing library
============================================================

No paths found

============================================================
  Generated by:           Genus(TM) Synthesis Solution 20.11-s111_1
  Generated on:           Mar 11 2025  03:10:26 pm
  Module:                 s298
  Operating conditions:   slow (balanced_tree)
  Wireload mode:          enclosed
  Area mode:              timing library
============================================================

No paths found

============================================================
  Generated by:           Genus(TM) Synthesis Solution 20.11-s111_1
  Generated on:           Mar 11 2025  03:10:26 pm
  Module:                 s298
  Operating conditions:   slow (balanced_tree)
  Wireload mode:          enclosed
  Area mode:              timing library
============================================================

No paths found

============================================================
  Generated by:           Genus(TM) Synthesis Solution 20.11-s111_1
  Generated on:           Mar 11 2025  03:10:26 pm
  Module:                 s298
  Operating conditions:   slow (balanced_tree)
  Wireload mode:          enclosed
  Area mode:              timing library
============================================================


Path 1: MET (2947 ps) Setup Check with Pin DFF_11/q_reg/clk->d
          Group: C2C
     Startpoint: (R) DFF_3/q_reg/clk
          Clock: (R) sclk
       Endpoint: (R) DFF_11/q_reg/d
          Clock: (R) sclk

                     Capture       Launch     
        Clock Edge:+    5000            0     
       Src Latency:+       0            0     
       Net Latency:+       0 (I)        0 (I) 
           Arrival:=    5000            0     
                                              
             Setup:-     194                  
     Required Time:=    4806                  
      Launch Clock:-       0                  
         Data Path:-    1860                  
             Slack:=    2947                  

#------------------------------------------------------------------------------------------------
#  Timing Point   Flags    Arc    Edge      Cell        Fanout Load Trans Delay Arrival Instance 
#                                                              (fF)  (ps)  (ps)   (ps)  Location 
#------------------------------------------------------------------------------------------------
  DFF_3/q_reg/clk -       -       R     (arrival)           14    -     0     0       0    (-,-) 
  DFF_3/q_reg/q   (u)     clk->q  F     unmapped_d_flop      8 12.8     0   659     659    (-,-) 
  NOT_2/z         (u)     in_0->z R     unmapped_not        11 20.9     0   163     822    (-,-) 
  NOR2_4/z        (u)     in_1->z F     unmapped_nor2        2  3.2     0   119     941    (-,-) 
  NAND4_1/z       (u)     in_3->z R     unmapped_nand4       1  1.9     0   208    1149    (-,-) 
  AND2_8/z        (u)     in_1->z R     unmapped_and2        2  3.8     0   119    1269    (-,-) 
  NOR2_9/z        (u)     in_1->z F     unmapped_nor2        4  6.4     0   154    1423    (-,-) 
  NOT_24/z        (u)     in_0->z R     unmapped_not         6 11.4     0   126    1549    (-,-) 
  NAND4_5/z       (u)     in_3->z F     unmapped_nand4       1  1.6     0   208    1758    (-,-) 
  NOR2_10/z       (u)     in_1->z R     unmapped_nor2        1  1.9     0   102    1860    (-,-) 
  DFF_11/q_reg/d  -       -       R     unmapped_d_flop      1    -     -     0    1860    (-,-) 
#------------------------------------------------------------------------------------------------

(u) : Net has unmapped pin(s).

============================================================
  Generated by:           Genus(TM) Synthesis Solution 20.11-s111_1
  Generated on:           Mar 11 2025  03:10:26 pm
  Module:                 s298
  Operating conditions:   slow (balanced_tree)
  Wireload mode:          enclosed
  Area mode:              timing library
============================================================

No paths found

