###############################################################
#  Generated by:      Cadence Tempus 20.20-p001_1
#  OS:                Linux x86_64(Host ID APL10.kletech.ac.in)
#  Generated on:      Fri Apr 11 14:08:46 2025
#  Design:            vorca
#  Command:           report_constraint -all_violators > reports_Apr11-14:08:46/allviol.rpt
###############################################################
# format : frame 0 : split 1

max_delay/setup
---------------------------
No paths found

min_delay/hold
---------------------------
      ------------------------------------------------------------------------------------------------  
       End Point                                  Slack      Cause                                      
      ------------------------------------------------------------------------------------------------  
      f_ack_reg/RN r                             -0.050     VIOLATED
      f_state_reg_1_/RN r                        -0.050     VIOLATED
      n_write_reg/RN r                           -0.049     VIOLATED
      f_state_reg_2_/RN r                        -0.049     VIOLATED
      ------------------------------------------------------------------------------------------------

Check type : clock_period
---------------------------
No paths found

Check type : skew
---------------------------
No paths found

Check type : pulse_width
---------------------------
 No violating Checks with given description found

Check type : max_transition
---------------------------
 No Violations found

Check type : min_transition
---------------------------
 No Violations found

Check type : max_capacitance
---------------------------
 No Violations found

Check type : min_capacitance
---------------------------
 No Violations found

Check type : max_fanout
---------------------------
 No Violations found

Check type : min_fanout
---------------------------
 No Violations found
