
Cadence Tempus(TM) Timing Signoff Solution.
Copyright 2020 Cadence Design Systems, Inc. All rights reserved worldwide.

Version:	v20.20-p001_1, built Wed Dec 2 16:07:28 PST 2020
Options:	
Date:		Fri Apr  4 10:59:45 2025
Host:		APL4.kletech.ac.in (x86_64 w/Linux 4.18.0-425.3.1.el8.x86_64) (6cores*12cpus*12th Gen Intel(R) Core(TM) i5-12500 18432KB)
OS:		Red Hat Enterprise Linux release 8.7 (Ootpa)

License:
		tpsxl	Tempus Timing Signoff Solution XL	20.2	checkout succeeded
		16 CPU jobs allowed with the current license(s). Use set_multi_cpu_usage to set your required CPU count.
Change the soft stacksize limit to 0.2%RAM (63 mbytes). Set global soft_stack_size_limit to change the value.
environment variable TMPDIR is '/tmp/ssv_tmpdir_497400_DieC3s'.
<CMD> read_lib ../NangateOpenCellLibrary_slow_conditional_ccs.lib
<CMD> read_lib -lef ../NangateOpenCellLibrary.lef
<CMD> read_verilog ../momal_scan.v
<CMD> set_top_module
#% Begin Load MMMC data ... (date=04/04 11:01:02, mem=758.5M)
Number of views requested 1 are allowed with the current licenses... continuing with set_analysis_view.
#% End Load MMMC data ... (date=04/04 11:01:02, total cpu=0:00:00.0, real=0:00:00.0, peak res=759.0M, current mem=759.0M)
default_emulate_early_rc_corner default_emulate_late_rc_corner default_emulate_rc_corner

Loading LEF file ../NangateOpenCellLibrary.lef ...
Set DBUPerIGU to M2 pitch 380.

viaInitial starts at Fri Apr  4 11:01:02 2025
viaInitial ends at Fri Apr  4 11:01:02 2025

##  Check design process and node:  
##  Both design process and tech node are not set.

Loading view definition file from .ssv_emulate_view_definition_497400.tcl
Reading default_emulate_libset_max timing library '/home/01fe21bec223/DFT/DFT/momal-20250404T051135Z-001/momal/NangateOpenCellLibrary_slow_conditional_ccs.lib' ...
Read 134 cells in library 'NangateOpenCellLibrary' 
*** End library_loading (cpu=0.01min, real=0.02min, mem=34.0M, fe_cpu=0.19min, fe_real=1.30min, fe_mem=853.7M) ***
#% Begin Load netlist data ... (date=04/04 11:01:03, mem=811.6M)
*** Begin netlist parsing (mem=853.7M) ***
**WARN: (IMPVL-159):	Pin 'VDD' of cell 'XOR2_X2' is defined in LEF but not in the timing library.
**WARN: (IMPVL-159):	Pin 'VSS' of cell 'XOR2_X2' is defined in LEF but not in the timing library.
**WARN: (IMPVL-159):	Pin 'VDD' of cell 'XOR2_X1' is defined in LEF but not in the timing library.
**WARN: (IMPVL-159):	Pin 'VSS' of cell 'XOR2_X1' is defined in LEF but not in the timing library.
**WARN: (IMPVL-159):	Pin 'VDD' of cell 'XNOR2_X2' is defined in LEF but not in the timing library.
**WARN: (IMPVL-159):	Pin 'VSS' of cell 'XNOR2_X2' is defined in LEF but not in the timing library.
**WARN: (IMPVL-159):	Pin 'VDD' of cell 'XNOR2_X1' is defined in LEF but not in the timing library.
**WARN: (IMPVL-159):	Pin 'VSS' of cell 'XNOR2_X1' is defined in LEF but not in the timing library.
**WARN: (IMPVL-159):	Pin 'VDD' of cell 'TLAT_X1' is defined in LEF but not in the timing library.
**WARN: (IMPVL-159):	Pin 'VSS' of cell 'TLAT_X1' is defined in LEF but not in the timing library.
**WARN: (IMPVL-159):	Pin 'VDD' of cell 'TINV_X1' is defined in LEF but not in the timing library.
**WARN: (IMPVL-159):	Pin 'VSS' of cell 'TINV_X1' is defined in LEF but not in the timing library.
**WARN: (IMPVL-159):	Pin 'VDD' of cell 'TBUF_X8' is defined in LEF but not in the timing library.
**WARN: (IMPVL-159):	Pin 'VSS' of cell 'TBUF_X8' is defined in LEF but not in the timing library.
**WARN: (IMPVL-159):	Pin 'VDD' of cell 'TBUF_X4' is defined in LEF but not in the timing library.
**WARN: (IMPVL-159):	Pin 'VSS' of cell 'TBUF_X4' is defined in LEF but not in the timing library.
**WARN: (IMPVL-159):	Pin 'VDD' of cell 'TBUF_X2' is defined in LEF but not in the timing library.
**WARN: (IMPVL-159):	Pin 'VSS' of cell 'TBUF_X2' is defined in LEF but not in the timing library.
**WARN: (IMPVL-159):	Pin 'VDD' of cell 'TBUF_X16' is defined in LEF but not in the timing library.
**WARN: (IMPVL-159):	Pin 'VSS' of cell 'TBUF_X16' is defined in LEF but not in the timing library.
**WARN: (EMS-62):	Message <IMPVL-159> has exceeded the default message display limit of 20.
To avoid this warning, increase the display limit per unique message by
using the set_message -limit <number> command.
The message limit can be removed by using the set_message -no_limit command.
Note that setting a very large number using the set_message -limit command
or removing the message limit using the set_message -no_limit command can
significantly increase the log file size.
To suppress a message, use the set_message -suppress command.
Reading verilog netlist '../momal_scan.v'

*** Memory Usage v#1 (Current mem = 1001.707M, initial mem = 307.711M) ***
*** End netlist parsing (cpu=0:00:00.3, real=0:00:00.0, mem=1001.7M) ***
#% End Load netlist data ... (date=04/04 11:01:03, total cpu=0:00:00.4, real=0:00:00.0, peak res=930.7M, current mem=912.7M)
Top level cell is momal.
Starting consistency checks on late and early library sets of delay corner 'default_emulate_delay_corner'
late library set: default_emulate_libset_max
early library set: default_emulate_libset_min
Completed consistency checks. Status: Successful
Starting consistency checks on late and early library sets of delay corner 'default_emulate_delay_corner'
late library set: default_emulate_libset_max
early library set: default_emulate_libset_min
Completed consistency checks. Status: Successful
Building hierarchical netlist for Cell momal ...
*** Netlist is unique.
** info: there are 135 modules.
** info: there are 57579 stdCell insts.

*** Memory Usage v#1 (Current mem = 1224.652M, initial mem = 307.711M) ***
Generated pitch 1.68 in metal10 is different from 1.6 defined in technology file in preferred direction.
Generated pitch 0.84 in metal9 is different from 1.6 defined in technology file in unpreferred direction.
Generated pitch 0.84 in metal8 is different from 0.8 defined in technology file in unpreferred direction.
Generated pitch 0.84 in metal8 is different from 0.8 defined in technology file in preferred direction.
Generated pitch 0.28 in metal7 is different from 0.8 defined in technology file in unpreferred direction.
Generated pitch 0.84 in metal7 is different from 0.8 defined in technology file in preferred direction.
Generated pitch 0.14 in metal4 is different from 0.28 defined in technology file in unpreferred direction.
Set Default Net Delay as 1000 ps.
Set Default Net Load as 0.5 pF. 
Set Default Input Pin Transition as 0.1 ps.
/dev/null
Extraction setup Started 
Summary of Active RC-Corners : 
 
 Analysis View: default_emulate_view
    RC-Corner Name        : default_emulate_rc_corner
    RC-Corner Index       : 0
    RC-Corner Temperature : 25 Celsius
    RC-Corner Cap Table   : ''
    RC-Corner PostRoute Res Factor        : 1
    RC-Corner PostRoute Cap Factor        : 1
    RC-Corner PostRoute XCap Factor       : 1
Initializing multi-corner resistance tables ...
Starting consistency checks on late and early library sets of delay corner 'default_emulate_delay_corner'
late library set: default_emulate_libset_max
early library set: default_emulate_libset_min
Completed consistency checks. Status: Successful
Reading timing constraints file '/dev/null' ...
Current (total cpu=0:00:12.6, real=0:01:18, peak res=1426.1M, current mem=1426.1M)
Total number of combinational cells: 99
Total number of sequential cells: 29
Total number of tristate cells: 6
Total number of level shifter cells: 0
Total number of power gating cells: 0
Total number of isolation cells: 0
Total number of power switch cells: 0
Total number of pulse generator cells: 0
Total number of always on buffers: 0
Total number of retention cells: 0
List of usable buffers: BUF_X2 BUF_X1 BUF_X4 BUF_X8 CLKBUF_X1 CLKBUF_X3 CLKBUF_X2
Total number of usable buffers: 7
List of unusable buffers:
Total number of unusable buffers: 0
List of usable inverters: INV_X2 INV_X1 INV_X16 INV_X32 INV_X4 INV_X8
Total number of usable inverters: 6
List of unusable inverters:
Total number of unusable inverters: 0
List of identified usable delay cells: BUF_X16 BUF_X32
Total number of identified usable delay cells: 2
List of identified unusable delay cells:
Total number of identified unusable delay cells: 0
default_emulate_constraint_mode
Extraction setup Started 
Summary of Active RC-Corners : 
 
 Analysis View: default_emulate_view
    RC-Corner Name        : default_emulate_rc_corner
    RC-Corner Index       : 0
    RC-Corner Temperature : 125 Celsius
    RC-Corner Cap Table   : ''
    RC-Corner PostRoute Res Factor        : 1
    RC-Corner PostRoute Cap Factor        : 1
    RC-Corner PostRoute XCap Factor       : 1
Initializing multi-corner resistance tables ...
Extraction setup Started 
Summary of Active RC-Corners : 
 
 Analysis View: default_emulate_view
    RC-Corner Name        : default_emulate_rc_corner
    RC-Corner Index       : 0
    RC-Corner Temperature : 125 Celsius
    RC-Corner Cap Table   : ''
    RC-Corner PostRoute Res Factor        : 1
    RC-Corner PostRoute Cap Factor        : 1
    RC-Corner PostRoute XCap Factor       : 1
Initializing multi-corner resistance tables ...
Extraction setup Started 
Summary of Active RC-Corners : 
 
 Analysis View: default_emulate_view
    RC-Corner Name        : default_emulate_rc_corner
    RC-Corner Index       : 0
    RC-Corner Temperature : 125 Celsius
    RC-Corner Cap Table   : ''
    RC-Corner PostRoute Res Factor        : 1
    RC-Corner PostRoute Cap Factor        : 1
    RC-Corner PostRoute XCap Factor       : 1
Initializing multi-corner resistance tables ...
default_emulate_libset_max default_emulate_libset_min
Loading  (momal)
Traverse HInst (momal)
<CMD> read_def ../momal_scan_def.def
Reading DEF file '../momal_scan_def.def', current time is Fri Apr  4 11:04:37 2025 ...
--- DIVIDERCHAR '/'
**WARN: (IMPDF-64):	UnitsPerDBU is not unity (you may have rounding problems).
--- UnitsPerDBU = 0.5000
defIn read 10000 lines...
DEF file '../momal_scan_def.def' is parsed, current time is Fri Apr  4 11:04:37 2025.
*** Scan Trace Summary (runtime: cpu: 0:00:00.0 , real: 0:00:00.0): 
Successfully traced 75 scan chains (total 14554 scan bits).
Start applying DEF ordered sections ...
**WARN: (IMPSC-1138):	In scan chain "chain1_sub0" DEF ordered section, buffers or logics following scan instance "tiki_U37_reg_53" are corrected to match the netlist.
**WARN: (IMPSC-1138):	In scan chain "chain1_sub0" DEF ordered section, buffers or logics following scan instance "tiki_U37_reg_63" are corrected to match the netlist.
**WARN: (IMPSC-1138):	In scan chain "chain1_sub0" DEF ordered section, buffers or logics following scan instance "tiki_U37_reg_124" are corrected to match the netlist.
**WARN: (IMPSC-1138):	In scan chain "chain2_sub0" DEF ordered section, buffers or logics following scan instance "tiki_U37_reg_121" are corrected to match the netlist.
**WARN: (IMPSC-1138):	In scan chain "chain3_sub0" DEF ordered section, buffers or logics following scan instance "tiki_U37_reg_118" are corrected to match the netlist.
**WARN: (IMPSC-1138):	In scan chain "chain3_sub0" DEF ordered section, buffers or logics following scan instance "tiki_U37_reg_188" are corrected to match the netlist.
**WARN: (IMPSC-1138):	In scan chain "chain4_sub0" DEF ordered section, buffers or logics following scan instance "tiki_U37_reg_185" are corrected to match the netlist.
**WARN: (IMPSC-1138):	In scan chain "chain4_sub0" DEF ordered section, buffers or logics following scan instance "U300_reg" are corrected to match the netlist.
**WARN: (IMPSC-1138):	In scan chain "chain5_sub0" DEF ordered section, buffers or logics following scan instance "tiki_U21_reg_250" are corrected to match the netlist.
**WARN: (IMPSC-1138):	In scan chain "chain5_sub0" DEF ordered section, buffers or logics following scan instance "tiki_U37_reg_190" are corrected to match the netlist.
**WARN: (IMPSC-1138):	In scan chain "chain6_sub0" DEF ordered section, buffers or logics following scan instance "U361_reg" are corrected to match the netlist.
**WARN: (IMPSC-1138):	In scan chain "chain7_sub0" DEF ordered section, buffers or logics following scan instance "tiki_U37_reg_116" are corrected to match the netlist.
**WARN: (IMPSC-1138):	In scan chain "chain8_sub0" DEF ordered section, buffers or logics following scan instance "U436_reg_1" are corrected to match the netlist.
**WARN: (IMPSC-1138):	In scan chain "chain8_sub0" DEF ordered section, buffers or logics following scan instance "tiki_U37_reg_126" are corrected to match the netlist.
**WARN: (IMPSC-1138):	In scan chain "chain9_sub0" DEF ordered section, buffers or logics following scan instance "tiki_U37_reg_245" are corrected to match the netlist.
**WARN: (IMPSC-1138):	In scan chain "chain10_sub0" DEF ordered section, buffers or logics following scan instance "tiki_U37_reg_251" are corrected to match the netlist.
**WARN: (IMPSC-1138):	In scan chain "chain10_sub0" DEF ordered section, buffers or logics following scan instance "tiki_U37_reg_127" are corrected to match the netlist.
**WARN: (IMPSC-1138):	In scan chain "chain10_sub0" DEF ordered section, buffers or logics following scan instance "U462_reg_7" are corrected to match the netlist.
**WARN: (IMPSC-1138):	In scan chain "chain11_sub0" DEF ordered section, buffers or logics following scan instance "tiki_U37_reg_191" are corrected to match the netlist.
**WARN: (IMPSC-1138):	In scan chain "chain11_sub0" DEF ordered section, buffers or logics following scan instance "tiki_U37_reg_62" are corrected to match the netlist.
**WARN: (EMS-62):	Message <IMPSC-1138> has exceeded the default message display limit of 20.
To avoid this warning, increase the display limit per unique message by
using the set_message -limit <number> command.
The message limit can be removed by using the set_message -no_limit command.
Note that setting a very large number using the set_message -limit command
or removing the message limit using the set_message -no_limit command can
significantly increase the log file size.
To suppress a message, use the set_message -suppress command.
Successfully applied all DEF ordered sections.
*** Scan Sanity Check Summary:
*** 75 scan chains passed sanity check.
save out the reporting file "scanChain.rpt"
ambiguous command name "*_scan_*": check_scan_chain_loaded check_scan_connected read_scan_control_file report_scan_chain
*** Scan Trace Summary (runtime: cpu: 0:00:00.0 , real: 0:00:00.0): 
Successfully traced 75 scan chains (total 14554 scan bits).
Start applying DEF ordered sections ...
Successfully applied all DEF ordered sections.
*** Scan Sanity Check Summary:
*** 75 scan chains passed sanity check.
*** Scan Trace Summary (runtime: cpu: 0:00:00.0 , real: 0:00:00.0): 
Successfully traced 75 scan chains (total 14554 scan bits).
Start applying DEF ordered sections ...
Successfully applied all DEF ordered sections.
*** Scan Sanity Check Summary:
*** 75 scan chains passed sanity check.
ambiguous command name "*scan*": check_scan_chain_loaded check_scan_connected clearscandisplay clearscannetisselected deleteallscancells deletescancell deletescanchain deletescanchainpartition displayscanchain getscanreordermode rdagetscanlist read_scan_control_file refinescanchainstartstopinst report_scan_chain reportscancell reportscanchainpartition scan scanDisconnect scanReorder scanSkipBuffer scanTrace scan_and_check_waveforms scandisconnect scanreorder scanskipbuffer scantrace setscanchainstartstopinststatus setscanreordermode specifyscancell specifyscanchain specifyscanchainpartition ...
...too many match (>30)
Info: Scan Chain Partition Group set to:
      Partition group: partition_2
                Chain: chain74_sub0
                Chain: chain73_sub0
                Chain: chain72_sub0
                Chain: chain71_sub0
                Chain: chain70_sub0
                Chain: chain69_sub0
                Chain: chain68_sub0
      Partition group: partition_1
                Chain: chain68_sub1
                Chain: chain67_sub0
                Chain: chain66_sub0
                Chain: chain65_sub0
                Chain: chain64_sub0
                Chain: chain63_sub0
                Chain: chain62_sub0
                Chain: chain61_sub0
                Chain: chain60_sub0
                Chain: chain59_sub0
                Chain: chain58_sub0
                Chain: chain57_sub0
                Chain: chain56_sub0
                Chain: chain55_sub0
                Chain: chain54_sub0
                Chain: chain53_sub0
                Chain: chain52_sub0
                Chain: chain51_sub0
                Chain: chain50_sub0
                Chain: chain49_sub0
                Chain: chain48_sub0
                Chain: chain47_sub0
                Chain: chain46_sub0
                Chain: chain45_sub0
                Chain: chain44_sub0
                Chain: chain43_sub0
                Chain: chain42_sub0
                Chain: chain41_sub0
                Chain: chain40_sub0
                Chain: chain39_sub0
                Chain: chain38_sub0
                Chain: chain37_sub0
                Chain: chain36_sub0
                Chain: chain35_sub0
                Chain: chain34_sub0
                Chain: chain33_sub0
                Chain: chain32_sub0
                Chain: chain31_sub0
                Chain: chain30_sub0
                Chain: chain29_sub0
                Chain: chain28_sub0
                Chain: chain27_sub0
                Chain: chain26_sub0
                Chain: chain25_sub0
                Chain: chain24_sub0
                Chain: chain23_sub0
                Chain: chain22_sub0
                Chain: chain21_sub0
                Chain: chain20_sub0
                Chain: chain19_sub0
                Chain: chain18_sub0
                Chain: chain17_sub0
                Chain: chain16_sub0
                Chain: chain15_sub0
                Chain: chain14_sub0
                Chain: chain13_sub0
                Chain: chain12_sub0
                Chain: chain11_sub0
                Chain: chain10_sub0
                Chain: chain9_sub0
                Chain: chain8_sub0
                Chain: chain7_sub0
                Chain: chain6_sub0
                Chain: chain5_sub0
                Chain: chain4_sub0
                Chain: chain3_sub0
                Chain: chain2_sub0
                Chain: chain1_sub0
Info: Scan Chain Partition Group set to:
      Partition group: partition_2
                Chain: chain74_sub0
                Chain: chain73_sub0
                Chain: chain72_sub0
                Chain: chain71_sub0
                Chain: chain70_sub0
                Chain: chain69_sub0
                Chain: chain68_sub0
      Partition group: partition_1
                Chain: chain68_sub1
                Chain: chain67_sub0
                Chain: chain66_sub0
                Chain: chain65_sub0
                Chain: chain64_sub0
                Chain: chain63_sub0
                Chain: chain62_sub0
                Chain: chain61_sub0
                Chain: chain60_sub0
                Chain: chain59_sub0
                Chain: chain58_sub0
                Chain: chain57_sub0
                Chain: chain56_sub0
                Chain: chain55_sub0
                Chain: chain54_sub0
                Chain: chain53_sub0
                Chain: chain52_sub0
                Chain: chain51_sub0
                Chain: chain50_sub0
                Chain: chain49_sub0
                Chain: chain48_sub0
                Chain: chain47_sub0
                Chain: chain46_sub0
                Chain: chain45_sub0
                Chain: chain44_sub0
                Chain: chain43_sub0
                Chain: chain42_sub0
                Chain: chain41_sub0
                Chain: chain40_sub0
                Chain: chain39_sub0
                Chain: chain38_sub0
                Chain: chain37_sub0
                Chain: chain36_sub0
                Chain: chain35_sub0
                Chain: chain34_sub0
                Chain: chain33_sub0
                Chain: chain32_sub0
                Chain: chain31_sub0
                Chain: chain30_sub0
                Chain: chain29_sub0
                Chain: chain28_sub0
                Chain: chain27_sub0
                Chain: chain26_sub0
                Chain: chain25_sub0
                Chain: chain24_sub0
                Chain: chain23_sub0
                Chain: chain22_sub0
                Chain: chain21_sub0
                Chain: chain20_sub0
                Chain: chain19_sub0
                Chain: chain18_sub0
                Chain: chain17_sub0
                Chain: chain16_sub0
                Chain: chain15_sub0
                Chain: chain14_sub0
                Chain: chain13_sub0
                Chain: chain12_sub0
                Chain: chain11_sub0
                Chain: chain10_sub0
                Chain: chain9_sub0
                Chain: chain8_sub0
                Chain: chain7_sub0
                Chain: chain6_sub0
                Chain: chain5_sub0
                Chain: chain4_sub0
                Chain: chain3_sub0
                Chain: chain2_sub0
                Chain: chain1_sub0
*** Scan Trace Summary (runtime: cpu: 0:00:00.0 , real: 0:00:00.0): 
Successfully traced 75 scan chains (total 14554 scan bits).
Start applying DEF ordered sections ...
Successfully applied all DEF ordered sections.
*** Scan Sanity Check Summary:
*** 75 scan chains passed sanity check.
*** Scan Trace Summary (runtime: cpu: 0:00:00.0 , real: 0:00:00.0): 
Successfully traced 75 scan chains (total 14554 scan bits).
Start applying DEF ordered sections ...
Successfully applied all DEF ordered sections.
*** Scan Sanity Check Summary:
*** 75 scan chains passed sanity check.
**ERROR: Design must be placed before running this command.
Design must be placed before running this command

Usage: specifyScanCell [-help] <cellName> [-in <ftname>] [-out <ftname>]
                       [-scanClock <ftname>] [-scanEnable <ftname>]

**ERROR: (IMPTCM-32):	Wrong number of arguments specified for command "specifyScanCell".

ambiguous command name "*scan_": check_scan_chain_loaded check_scan_connected read_scan_control_file report_scan_chain scan_and_check_waveforms
ambiguous command name "*scan": check_scan_chain_loaded check_scan_connected clearscandisplay clearscannetisselected deleteallscancells deletescancell deletescanchain deletescanchainpartition displayscanchain getscanreordermode rdagetscanlist read_scan_control_file refinescanchainstartstopinst report_scan_chain reportscancell reportscanchainpartition scan scanDisconnect scanReorder scanSkipBuffer scanTrace scan_and_check_waveforms scandisconnect scanreorder scanskipbuffer scantrace setscanchainstartstopinststatus setscanreordermode specifyscancell specifyscanchain specifyscanchainpartition ...
...too many match (>30)
ambiguous command name "s*scan*": setscanchainstartstopinststatus setscanreordermode specifyscancell specifyscanchain specifyscanchainpartition specifyscanlatch
invalid command name "t*scan*"
invalid command name "u*scan*"
ambiguous command name "*_scan_*": check_scan_chain_loaded check_scan_connected read_scan_control_file report_scan_chain
<CMD> exit

*** Memory Usage v#1 (Current mem = 1848.215M, initial mem = 307.711M) ***

*** Summary of all messages that are not suppressed in this session:
Severity  ID               Count  Summary                                  
WARNING   IMPDF-64             1  UnitsPerDBU is not unity (you may have r...
WARNING   IMPVL-159          268  Pin '%s' of cell '%s' is defined in LEF ...
WARNING   IMPSC-1138         300  In scan chain "%s" DEF ordered section, ...
ERROR     IMPTCM-32            1  Wrong number of arguments specified for ...
*** Message Summary: 569 warning(s), 1 error(s)

--- Ending "Tempus Timing Signoff Solution" (totcpu=0:06:11, real=1:32:57, mem=1848.2M) ---
