
Cadence Tempus(TM) Timing Signoff Solution.
Copyright 2020 Cadence Design Systems, Inc. All rights reserved worldwide.

Version:	v20.20-p001_1, built Wed Dec 2 16:07:28 PST 2020
Options:	
Date:		Mon Apr  7 11:27:11 2025
Host:		APL10.kletech.ac.in (x86_64 w/Linux 4.18.0-553.47.1.el8_10.x86_64) (6cores*12cpus*12th Gen Intel(R) Core(TM) i5-12500 18432KB)
OS:		Red Hat Enterprise Linux release 8.10 (Ootpa)

License:
		tpsxl	Tempus Timing Signoff Solution XL	20.2	checkout succeeded
		16 CPU jobs allowed with the current license(s). Use set_multi_cpu_usage to set your required CPU count.
Change the soft stacksize limit to 0.2%RAM (63 mbytes). Set global soft_stack_size_limit to change the value.
environment variable TMPDIR is '/tmp/ssv_tmpdir_13757_ku1vYj'.
<CMD> read_lib ../Tech_files/slow.lib
<CMD> read_lib -lef ../Tech_files/all.lef
<CMD> read_verilog ../Netlist/scan_netlist.v
<CMD> set_top_module
#% Begin Load MMMC data ... (date=04/07 11:27:48, mem=710.3M)
Number of views requested 1 are allowed with the current licenses... continuing with set_analysis_view.
#% End Load MMMC data ... (date=04/07 11:27:48, total cpu=0:00:00.0, real=0:00:00.0, peak res=710.6M, current mem=710.6M)
default_emulate_early_rc_corner default_emulate_late_rc_corner default_emulate_rc_corner

Loading LEF file ../Tech_files/all.lef ...
Set DBUPerIGU to M2 pitch 1320.
**WARN: (IMPLF-200):	Pin 'A' in macro 'ANTENNA' has no ANTENNAGATEAREA value defined. The library data is incomplete and some process antenna rules will not be checked correctly.
**WARN: (IMPLF-201):	Pin 'Q[0]' in macro 'rom_512x16A' has no ANTENNADIFFAREA value defined. The library data is incomplete and some process antenna rules will not be checked correctly.
**WARN: (IMPLF-201):	Pin 'Q[10]' in macro 'rom_512x16A' has no ANTENNADIFFAREA value defined. The library data is incomplete and some process antenna rules will not be checked correctly.
**WARN: (IMPLF-201):	Pin 'Q[11]' in macro 'rom_512x16A' has no ANTENNADIFFAREA value defined. The library data is incomplete and some process antenna rules will not be checked correctly.
**WARN: (IMPLF-201):	Pin 'Q[12]' in macro 'rom_512x16A' has no ANTENNADIFFAREA value defined. The library data is incomplete and some process antenna rules will not be checked correctly.
**WARN: (IMPLF-201):	Pin 'Q[13]' in macro 'rom_512x16A' has no ANTENNADIFFAREA value defined. The library data is incomplete and some process antenna rules will not be checked correctly.
**WARN: (IMPLF-201):	Pin 'Q[14]' in macro 'rom_512x16A' has no ANTENNADIFFAREA value defined. The library data is incomplete and some process antenna rules will not be checked correctly.
**WARN: (IMPLF-201):	Pin 'Q[15]' in macro 'rom_512x16A' has no ANTENNADIFFAREA value defined. The library data is incomplete and some process antenna rules will not be checked correctly.
**WARN: (IMPLF-201):	Pin 'Q[1]' in macro 'rom_512x16A' has no ANTENNADIFFAREA value defined. The library data is incomplete and some process antenna rules will not be checked correctly.
**WARN: (IMPLF-201):	Pin 'Q[2]' in macro 'rom_512x16A' has no ANTENNADIFFAREA value defined. The library data is incomplete and some process antenna rules will not be checked correctly.
**WARN: (IMPLF-201):	Pin 'Q[3]' in macro 'rom_512x16A' has no ANTENNADIFFAREA value defined. The library data is incomplete and some process antenna rules will not be checked correctly.
**WARN: (IMPLF-201):	Pin 'Q[4]' in macro 'rom_512x16A' has no ANTENNADIFFAREA value defined. The library data is incomplete and some process antenna rules will not be checked correctly.
**WARN: (IMPLF-201):	Pin 'Q[5]' in macro 'rom_512x16A' has no ANTENNADIFFAREA value defined. The library data is incomplete and some process antenna rules will not be checked correctly.
**WARN: (IMPLF-201):	Pin 'Q[6]' in macro 'rom_512x16A' has no ANTENNADIFFAREA value defined. The library data is incomplete and some process antenna rules will not be checked correctly.
**WARN: (IMPLF-201):	Pin 'Q[7]' in macro 'rom_512x16A' has no ANTENNADIFFAREA value defined. The library data is incomplete and some process antenna rules will not be checked correctly.
**WARN: (IMPLF-201):	Pin 'Q[8]' in macro 'rom_512x16A' has no ANTENNADIFFAREA value defined. The library data is incomplete and some process antenna rules will not be checked correctly.
**WARN: (IMPLF-201):	Pin 'Q[9]' in macro 'rom_512x16A' has no ANTENNADIFFAREA value defined. The library data is incomplete and some process antenna rules will not be checked correctly.
**WARN: (IMPLF-201):	Pin 'Q[0]' in macro 'ram_256x16A' has no ANTENNADIFFAREA value defined. The library data is incomplete and some process antenna rules will not be checked correctly.
**WARN: (IMPLF-201):	Pin 'Q[10]' in macro 'ram_256x16A' has no ANTENNADIFFAREA value defined. The library data is incomplete and some process antenna rules will not be checked correctly.
**WARN: (IMPLF-201):	Pin 'Q[11]' in macro 'ram_256x16A' has no ANTENNADIFFAREA value defined. The library data is incomplete and some process antenna rules will not be checked correctly.
**WARN: (IMPLF-201):	Pin 'Q[12]' in macro 'ram_256x16A' has no ANTENNADIFFAREA value defined. The library data is incomplete and some process antenna rules will not be checked correctly.
**WARN: (EMS-62):	Message <IMPLF-201> has exceeded the default message display limit of 20.
To avoid this warning, increase the display limit per unique message by
using the set_message -limit <number> command.
The message limit can be removed by using the set_message -no_limit command.
Note that setting a very large number using the set_message -limit command
or removing the message limit using the set_message -no_limit command can
significantly increase the log file size.
To suppress a message, use the set_message -suppress command.
**WARN: (IMPLF-200):	Pin 'PAD' in macro 'PDB04DGZ' has no ANTENNAGATEAREA value defined. The library data is incomplete and some process antenna rules will not be checked correctly.
**WARN: (IMPLF-200):	Pin 'OEN' in macro 'PDB04DGZ' has no ANTENNAGATEAREA value defined. The library data is incomplete and some process antenna rules will not be checked correctly.
**WARN: (IMPLF-200):	Pin 'I' in macro 'PDB04DGZ' has no ANTENNAGATEAREA value defined. The library data is incomplete and some process antenna rules will not be checked correctly.

viaInitial starts at Mon Apr  7 11:27:49 2025
**WARN: (IMPPP-557):	A single-layer VIARULE GENERATE for turn-vias is obsolete and is being ignored. Remove this statement from the technology file: VIARULE TURNM1 GENERATE.
**WARN: (IMPPP-557):	A single-layer VIARULE GENERATE for turn-vias is obsolete and is being ignored. Remove this statement from the technology file: VIARULE TURNM2 GENERATE.
**WARN: (IMPPP-557):	A single-layer VIARULE GENERATE for turn-vias is obsolete and is being ignored. Remove this statement from the technology file: VIARULE TURNM3 GENERATE.
**WARN: (IMPPP-557):	A single-layer VIARULE GENERATE for turn-vias is obsolete and is being ignored. Remove this statement from the technology file: VIARULE TURNM4 GENERATE.
**WARN: (IMPPP-557):	A single-layer VIARULE GENERATE for turn-vias is obsolete and is being ignored. Remove this statement from the technology file: VIARULE TURNM5 GENERATE.
**WARN: (IMPPP-557):	A single-layer VIARULE GENERATE for turn-vias is obsolete and is being ignored. Remove this statement from the technology file: VIARULE TURNM6 GENERATE.
viaInitial ends at Mon Apr  7 11:27:49 2025

##  Check design process and node:  
##  Both design process and tech node are not set.

Loading view definition file from .ssv_emulate_view_definition_13757.tcl
Reading default_emulate_libset_max timing library '/home/01fe21bec223/DFT/DFT/vorca/Tech_files/slow.lib' ...
Read 477 cells in library 'slow' 
*** End library_loading (cpu=0.00min, real=0.00min, mem=29.0M, fe_cpu=0.16min, fe_real=0.63min, fe_mem=773.7M) ***
#% Begin Load netlist data ... (date=04/07 11:27:49, mem=769.0M)
*** Begin netlist parsing (mem=773.7M) ***
**WARN: (IMPVL-159):	Pin 'VSS' of cell 'OAI211XL' is defined in LEF but not in the timing library.
**WARN: (IMPVL-159):	Pin 'VDD' of cell 'OAI211XL' is defined in LEF but not in the timing library.
**WARN: (IMPVL-159):	Pin 'VSS' of cell 'SEDFFHQX1' is defined in LEF but not in the timing library.
**WARN: (IMPVL-159):	Pin 'VDD' of cell 'SEDFFHQX1' is defined in LEF but not in the timing library.
**WARN: (IMPVL-159):	Pin 'VSS' of cell 'EDFFTRX2' is defined in LEF but not in the timing library.
**WARN: (IMPVL-159):	Pin 'VDD' of cell 'EDFFTRX2' is defined in LEF but not in the timing library.
**WARN: (IMPVL-159):	Pin 'VSS' of cell 'NOR3X4' is defined in LEF but not in the timing library.
**WARN: (IMPVL-159):	Pin 'VDD' of cell 'NOR3X4' is defined in LEF but not in the timing library.
**WARN: (IMPVL-159):	Pin 'VSS' of cell 'DFFHQX4' is defined in LEF but not in the timing library.
**WARN: (IMPVL-159):	Pin 'VDD' of cell 'DFFHQX4' is defined in LEF but not in the timing library.
**WARN: (IMPVL-159):	Pin 'VSS' of cell 'OAI222XL' is defined in LEF but not in the timing library.
**WARN: (IMPVL-159):	Pin 'VDD' of cell 'OAI222XL' is defined in LEF but not in the timing library.
**WARN: (IMPVL-159):	Pin 'VSS' of cell 'NOR4X4' is defined in LEF but not in the timing library.
**WARN: (IMPVL-159):	Pin 'VDD' of cell 'NOR4X4' is defined in LEF but not in the timing library.
**WARN: (IMPVL-159):	Pin 'VSS' of cell 'NOR4BXL' is defined in LEF but not in the timing library.
**WARN: (IMPVL-159):	Pin 'VDD' of cell 'NOR4BXL' is defined in LEF but not in the timing library.
**WARN: (IMPVL-159):	Pin 'VSS' of cell 'NAND4BBX1' is defined in LEF but not in the timing library.
**WARN: (IMPVL-159):	Pin 'VDD' of cell 'NAND4BBX1' is defined in LEF but not in the timing library.
**WARN: (IMPVL-159):	Pin 'VSS' of cell 'MXI2X4' is defined in LEF but not in the timing library.
**WARN: (IMPVL-159):	Pin 'VDD' of cell 'MXI2X4' is defined in LEF but not in the timing library.
**WARN: (EMS-62):	Message <IMPVL-159> has exceeded the default message display limit of 20.
To avoid this warning, increase the display limit per unique message by
using the set_message -limit <number> command.
The message limit can be removed by using the set_message -no_limit command.
Note that setting a very large number using the set_message -limit command
or removing the message limit using the set_message -no_limit command can
significantly increase the log file size.
To suppress a message, use the set_message -suppress command.
Reading verilog netlist '../Netlist/scan_netlist.v'

*** Memory Usage v#1 (Current mem = 917.719M, initial mem = 299.730M) ***
*** End netlist parsing (cpu=0:00:00.0, real=0:00:00.0, mem=917.7M) ***
#% End Load netlist data ... (date=04/07 11:27:49, total cpu=0:00:00.2, real=0:00:00.0, peak res=867.8M, current mem=858.0M)
Top level cell is f32_data_reg_module.
Starting consistency checks on late and early library sets of delay corner 'default_emulate_delay_corner'
late library set: default_emulate_libset_max
early library set: default_emulate_libset_min
Completed consistency checks. Status: Successful
Starting consistency checks on late and early library sets of delay corner 'default_emulate_delay_corner'
late library set: default_emulate_libset_max
early library set: default_emulate_libset_min
Completed consistency checks. Status: Successful
Building hierarchical netlist for Cell f32_data_reg_module ...
*** Netlist is unique.
** info: there are 618 modules.
** info: there are 33 stdCell insts.

*** Memory Usage v#1 (Current mem = 1124.664M, initial mem = 299.730M) ***
**WARN: (IMPFP-3961):	The techSite 'corner' has no related standard cells in the LEF/OA library. The calculations for this site type cannot be made unless standard cell models of this type exist in the LEF/OA library. Ignore this warning if the SITE is not used by the library. Alternatively, remove the SITE definition for the LEF/OA library to avoid this message.
**WARN: (IMPFP-3961):	The techSite 'pad' has no related standard cells in the LEF/OA library. The calculations for this site type cannot be made unless standard cell models of this type exist in the LEF/OA library. Ignore this warning if the SITE is not used by the library. Alternatively, remove the SITE definition for the LEF/OA library to avoid this message.
Horizontal Layer M1 offset = 560 (derived)
Vertical Layer M2 offset = 660 (derived)
Generated pitch 0.99 in Metal6 is different from 1.32 defined in technology file in preferred direction.
Generated pitch 0.56 in Metal5 is different from 1.12 defined in technology file in preferred direction.
Set Default Net Delay as 1000 ps.
Set Default Net Load as 0.5 pF. 
Set Default Input Pin Transition as 0.1 ps.
/dev/null
Extraction setup Started 
Summary of Active RC-Corners : 
 
 Analysis View: default_emulate_view
    RC-Corner Name        : default_emulate_rc_corner
    RC-Corner Index       : 0
    RC-Corner Temperature : 25 Celsius
    RC-Corner Cap Table   : ''
    RC-Corner PostRoute Res Factor        : 1
    RC-Corner PostRoute Cap Factor        : 1
    RC-Corner PostRoute XCap Factor       : 1
Initializing multi-corner resistance tables ...
Starting consistency checks on late and early library sets of delay corner 'default_emulate_delay_corner'
late library set: default_emulate_libset_max
early library set: default_emulate_libset_min
Completed consistency checks. Status: Successful
Reading timing constraints file '/dev/null' ...
Current (total cpu=0:00:09.8, real=0:00:39.0, peak res=1210.4M, current mem=1210.4M)
Total number of combinational cells: 234
Total number of sequential cells: 105
Total number of tristate cells: 9
Total number of level shifter cells: 0
Total number of power gating cells: 0
Total number of isolation cells: 0
Total number of power switch cells: 0
Total number of pulse generator cells: 0
Total number of always on buffers: 0
Total number of retention cells: 0
List of usable buffers: BUFX2 BUFX12 BUFX16 BUFX20 CLKBUFX2 BUFX3 BUFX4 CLKBUFX12 CLKBUFX16 CLKBUFX20 CLKBUFX4 CLKBUFX8 BUFX8 CLKBUFX3
Total number of usable buffers: 14
List of unusable buffers:
Total number of unusable buffers: 0
List of usable inverters: CLKINVX2 CLKINVX1 CLKINVX12 CLKINVX16 CLKINVX20 INVX1 CLKINVX3 CLKINVX4 INVX12 INVX2 INVX3 CLKINVX8 INVX20 INVX4 INVX16 INVXL INVX8
Total number of usable inverters: 17
List of unusable inverters:
Total number of unusable inverters: 0
List of identified usable delay cells: DLY1X1 DLY4X1 DLY2X1 DLY3X1
Total number of identified usable delay cells: 4
List of identified unusable delay cells:
Total number of identified unusable delay cells: 0
default_emulate_constraint_mode
Extraction setup Started 
Summary of Active RC-Corners : 
 
 Analysis View: default_emulate_view
    RC-Corner Name        : default_emulate_rc_corner
    RC-Corner Index       : 0
    RC-Corner Temperature : 125 Celsius
    RC-Corner Cap Table   : ''
    RC-Corner PostRoute Res Factor        : 1
    RC-Corner PostRoute Cap Factor        : 1
    RC-Corner PostRoute XCap Factor       : 1
Initializing multi-corner resistance tables ...
Extraction setup Started 
Summary of Active RC-Corners : 
 
 Analysis View: default_emulate_view
    RC-Corner Name        : default_emulate_rc_corner
    RC-Corner Index       : 0
    RC-Corner Temperature : 125 Celsius
    RC-Corner Cap Table   : ''
    RC-Corner PostRoute Res Factor        : 1
    RC-Corner PostRoute Cap Factor        : 1
    RC-Corner PostRoute XCap Factor       : 1
Initializing multi-corner resistance tables ...
Extraction setup Started 
Summary of Active RC-Corners : 
 
 Analysis View: default_emulate_view
    RC-Corner Name        : default_emulate_rc_corner
    RC-Corner Index       : 0
    RC-Corner Temperature : 125 Celsius
    RC-Corner Cap Table   : ''
    RC-Corner PostRoute Res Factor        : 1
    RC-Corner PostRoute Cap Factor        : 1
    RC-Corner PostRoute XCap Factor       : 1
Initializing multi-corner resistance tables ...
default_emulate_libset_max default_emulate_libset_min
**WARN: (TCLCMD-513):	The software could not find a matching object of the specified type for the pattern 'clk'
**ERROR: (TCLCMD-917):	Cannot find 'ports' that match 'clk'
<CMD> create_clock -name sclk -period 5 [get_ports clk]
**ERROR: (TCLCMD-1109):	Could not find source for create_clock command
<CMD> set_delay_cal_mode -siAware true
AAE_INFO: switching -siAware from false to true ...
<CMD> set_si_mode -enable_delay_report true
<CMD> set_si_mode -enable_glitch_report true
<CMD> set_si_mode -enable_glitch_propagation true
<CMD> set_global timing_pba_exhaustive_path_nworst_limit 2
<CMD> set_global timing_path_based_exhaustive_max_paths_limit 1000
<CMD> update_timing -full
**WARN: (IMPESI-3468):	User needs to specify -equivalent_waveform_model propagation first before specifying -waveform_compression_mode accurate|clock_detailed .
AAE DB initialization (MEM=1401.12 CPU=0:00:00.0 REAL=0:00:00.0) 
#################################################################################
# Design Name: f32_data_reg_module
# Design Mode: 65nm
# Analysis Mode: MMMC OCV 
# Parasitics Mode: No SPEF/RCDB 
# Signoff Settings: SI On 
#################################################################################
Start delay calculation (fullDC) (1 T). (MEM=1427.89)
/dev/null
/dev/null
Total number of fetched objects 102
End delay calculation. (MEM=1436.52 CPU=0:00:00.0 REAL=0:00:00.0)
End delay calculation (fullDC). (MEM=1436.52 CPU=0:00:00.0 REAL=0:00:00.0)
<CMD> report_timing
No constrained timing paths found.
Design may not be constrained or  library is missing timing information.

<CMD> report_timing -max_paths 10000000 -retime path_slew_propagation -retime_mode exhaustive -max_slack 0.200 > epba_${DATE}.rpt
<CMD> check_design -type timing -out_file reports_Apr07-11:27:48/check_design.rpt
**WARN: (CHKTIM-4):	 Clock pin CK of instance f32_data_reg_0_ has no clock constraint for view name default_emulate_view.
**WARN: (CHKTIM-4):	 Clock pin CK of instance f32_data_reg_1_ has no clock constraint for view name default_emulate_view.
**WARN: (CHKTIM-4):	 Clock pin CK of instance f32_data_reg_2_ has no clock constraint for view name default_emulate_view.
**WARN: (CHKTIM-4):	 Clock pin CK of instance f32_data_reg_3_ has no clock constraint for view name default_emulate_view.
**WARN: (CHKTIM-4):	 Clock pin CK of instance f32_data_reg_4_ has no clock constraint for view name default_emulate_view.
**WARN: (CHKTIM-4):	 Clock pin CK of instance f32_data_reg_5_ has no clock constraint for view name default_emulate_view.
**WARN: (CHKTIM-4):	 Clock pin CK of instance f32_data_reg_6_ has no clock constraint for view name default_emulate_view.
**WARN: (CHKTIM-4):	 Clock pin CK of instance f32_data_reg_7_ has no clock constraint for view name default_emulate_view.
**WARN: (CHKTIM-4):	 Clock pin CK of instance f32_data_reg_8_ has no clock constraint for view name default_emulate_view.
**WARN: (CHKTIM-4):	 Clock pin CK of instance f32_data_reg_9_ has no clock constraint for view name default_emulate_view.
**WARN: (CHKTIM-4):	 Clock pin CK of instance f32_data_reg_10_ has no clock constraint for view name default_emulate_view.
**WARN: (CHKTIM-4):	 Clock pin CK of instance f32_data_reg_11_ has no clock constraint for view name default_emulate_view.
**WARN: (CHKTIM-4):	 Clock pin CK of instance f32_data_reg_12_ has no clock constraint for view name default_emulate_view.
**WARN: (CHKTIM-4):	 Clock pin CK of instance f32_data_reg_13_ has no clock constraint for view name default_emulate_view.
**WARN: (CHKTIM-4):	 Clock pin CK of instance f32_data_reg_14_ has no clock constraint for view name default_emulate_view.
**WARN: (CHKTIM-4):	 Clock pin CK of instance f32_data_reg_15_ has no clock constraint for view name default_emulate_view.
**WARN: (CHKTIM-4):	 Clock pin CK of instance f32_data_reg_16_ has no clock constraint for view name default_emulate_view.
**WARN: (CHKTIM-4):	 Clock pin CK of instance f32_data_reg_17_ has no clock constraint for view name default_emulate_view.
**WARN: (CHKTIM-4):	 Clock pin CK of instance f32_data_reg_18_ has no clock constraint for view name default_emulate_view.
**WARN: (CHKTIM-4):	 Clock pin CK of instance f32_data_reg_19_ has no clock constraint for view name default_emulate_view.
**WARN: (EMS-62):	Message <CHKTIM-4> has exceeded the default message display limit of 20.
To avoid this warning, increase the display limit per unique message by
using the set_message -limit <number> command.
The message limit can be removed by using the set_message -no_limit command.
Note that setting a very large number using the set_message -limit command
or removing the message limit using the set_message -no_limit command can
significantly increase the log file size.
To suppress a message, use the set_message -suppress command.
**ERROR: (CHKTIM-3):	 No clock found for constraint mode default_emulate_constraint_mode.
Output file 'reports_Apr07-11:27:48/check_design.rpt' created. Sourcing this file will create a $design_checks TCL dictionary that can be parsed for more information.

*** Summary of all messages that are not suppressed in this session:
Severity  ID               Count  Summary                                  
WARNING   CHKTIM-4            32   Clock pin %s of instance %s has no cloc...
ERROR     CHKTIM-3             1   No clock found for constraint mode %s.  
*** Message Summary: 32 warning(s), 1 error(s)

<CMD> check_timing -verbose > ${reportDir}/check_timing.rpt
<CMD> report_analysis_coverage            > ${reportDir}/coverage.rpt
<CMD> report_clocks                       > ${reportDir}/clocks.rpt
<CMD> report_case_analysis                > ${reportDir}/case_analysis.rpt
<CMD> report_inactive_arcs                > ${reportDir}/inactive_arcs.rpt
<CMD> report_constraint -all_violators > reports_Apr07-11:27:48/allviol.rpt
<CMD> report_analysis_summary                                         > ${reportDir}/analysis_summary.rpt
<CMD> report_timing -path_type summary_slack_only -late -max_paths 5  > ${reportDir}/start_end_slack.rpt
<CMD> report_timing -late   -max_paths 50 -nworst 1 -path_type full_clock -net  > ${reportDir}/worst_max_path.rpt
<CMD> report_timing -early  -max_paths 50 -nworst 1 -path_type full_clock -net  > ${reportDir}/worst_min_path.rpt
<CMD> report_timing -path_type end_slack_only                       > ${reportDir}/setup_1.rpt
<CMD> report_timing -path_type end_slack_only  -early               > ${reportDir}/hold_1.rpt
<CMD> report_timing -late    -max_paths 100                         > ${reportDir}/setup_100.rpt.gz
<CMD> report_timing -early   -max_paths 100                         > ${reportDir}/hold_100.rpt.gz
<CMD> report_timing -retime path_slew_propagation -max_paths 50 -nworst 1 -path_type full_clock    > ${reportDir}/pba_50_paths.rpt
All done
Loading  (f32_data_reg_module)
Traverse HInst (f32_data_reg_module)
**WARN: (TCLCMD-513):	The software could not find a matching object of the specified type for the pattern 'clk'
**ERROR: (TCLCMD-917):	Cannot find 'ports' that match 'clk'
**WARN: (TCLCMD-513):	The software could not find a matching object of the specified type for the pattern 'clk'
**ERROR: (TCLCMD-929):	Command foreach_in_collection exited: invalid command name "+"

invalid command name "Explain"
**WARN: (TCLCMD-513):	The software could not find a matching object of the specified type for the pattern 'clk'
invalid command name "Just"
**ERROR: (TCLCMD-929):	Command foreach_in_collection exited: invalid command name "+"

invalid command name "Explain"
**WARN: (TCLCMD-513):	The software could not find a matching object of the specified type for the pattern 'clk'
invalid command name "Just"
**ERROR: (TCLCMD-929):	Command foreach_in_collection exited: invalid command name "+"

invalid command name "Explain"
**WARN: (TCLCMD-513):	The software could not find a matching object of the specified type for the pattern 'clk'
invalid command name "Just"
**ERROR: (TCLCMD-929):	Command foreach_in_collection exited: invalid command name "+"

invalid command name "Explain"
**WARN: (TCLCMD-513):	The software could not find a matching object of the specified type for the pattern 'clk'
**ERROR: (TCLCMD-929):	Command foreach_in_collection exited: invalid command name "+"

invalid command name "Explain"
**WARN: (TCLCMD-513):	The software could not find a matching object of the specified type for the pattern 'clk'
**ERROR: (TCLCMD-917):	Cannot find 'ports' that match 'clk'
**WARN: (TCLCMD-513):	The software could not find a matching object of the specified type for the pattern '*'
**ERROR: (TCLCMD-917):	Cannot find 'clocks' that match '*'
**ERROR: (TCLCMD-917):	Cannot find 'pins' that match '*'
**ERROR: (TCLCMD-917):	Cannot find 'pins' that match '*'
**ERROR: (TCLCMD-1022):	Property 'name' is not boolean type
**ERROR: (TCLCMD-917):	Cannot find 'pins' that match '*'
**ERROR: (TCLCMD-1022):	Property 'name' is not boolean type
**ERROR: (TCLCMD-917):	Cannot find 'pins' that match '*'
**WARN: (TCLCMD-513):	The software could not find a matching object of the specified type for the pattern 'clk'
**ERROR: (TCLCMD-929):	Command foreach_in_collection exited: invalid command name "+"

invalid command name "Explain"
**WARN: (TCLCMD-513):	The software could not find a matching object of the specified type for the pattern 'clk'
**ERROR: (TCLCMD-917):	Cannot find 'ports' that match 'clk'
<CMD> create_clock -name sclk -period 5 [get_ports clk]
**ERROR: (TCLCMD-1109):	Could not find source for create_clock command
<CMD> create_clock -name sclk -period 5 [get_ports net121977]
<CMD> report_timing -late
#################################################################################
# Design Name: f32_data_reg_module
# Design Mode: 65nm
# Analysis Mode: MMMC OCV 
# Parasitics Mode: No SPEF/RCDB 
# Signoff Settings: SI On 
#################################################################################
Start delay calculation (fullDC) (1 T). (MEM=1418.52)
Total number of fetched objects 102
End delay calculation. (MEM=1437.6 CPU=0:00:00.0 REAL=0:00:00.0)
End delay calculation (fullDC). (MEM=1437.6 CPU=0:00:00.0 REAL=0:00:00.0)
Path 1: MET Setup Check with Pin f32_data_reg_11_/CK 
Endpoint:   f32_data_reg_11_/SI (^) checked with  leading edge of 'sclk'
Beginpoint: f32_data_reg_12_/Q  (^) triggered by  leading edge of 'sclk'
Path Groups: {sclk}
Other End Arrival Time          0.000
- Setup                         0.220
+ Phase Shift                   5.000
= Required Time                 4.780
- Arrival Time                  0.378
= Slack Time                    4.402
     Clock Rise Edge                 0.000
     + Clock Network Latency (Ideal) 0.000
     = Beginpoint Arrival Time       0.000
      ---------------------------------------------------------------------------
      Instance                      Arc          Cell    Delay  Arrival  Required  
                                                                Time     Time  
      ---------------------------------------------------------------------------
      f32_data_reg_12_              CK ^         -       -      0.000    4.402  
      f32_data_reg_12_              CK ^ -> Q ^  SDFFX1  0.215  0.215    4.617  
      f32_data_reg_11__ti_over_mux  A ^ -> Y ^   MX2X2   0.163  0.378    4.780  
      f32_data_reg_11_              SI ^         SDFFX1  0.000  0.378    4.780  
      ---------------------------------------------------------------------------

<CMD> report_timing -early
Path 1: MET Hold Check with Pin f32_data_reg_0_/CK 
Endpoint:   f32_data_reg_0_/SE (v) checked with  leading edge of 'sclk'
Beginpoint: scan_enable        (v) triggered by  leading edge of '@'
Path Groups: {sclk}
Other End Arrival Time          0.000
+ Hold                         -0.012
+ Phase Shift                   0.000
= Required Time                -0.012
  Arrival Time                  0.000
  Slack Time                    0.012
     Clock Rise Edge                      0.000
     + Input Delay                        0.000
     = Beginpoint Arrival Time            0.000
      ----------------------------------------------------------------
      Instance         Arc            Cell    Delay  Arrival  Required  
                                                     Time     Time  
      ----------------------------------------------------------------
      -                scan_enable v  -       -      0.000    -0.012  
      f32_data_reg_0_  SE v           SDFFX1  0.000  0.000    -0.012  
      ----------------------------------------------------------------

ambiguous command name "*schematic*": close_schematic get_schematic open_schematic print_schematic
No help is available for 'print_schematic'.
      You might have typed the command name incorrectly
      (command names are case sensitive), or this is an
      unknown or unsupported command.


Usage: print_schematic [-help] -file <string> [-name <string>]
                       [-type {GIF PNG}]

-help              # Prints out the command usage
-file <string>     # Specify file name. (string, required)
-name <string>     # Specify unique window name for the opened schematic view.
                   # (string, optional)
-type {GIF PNG}    # Specify file type. (enum, optional)


