============================================================
  Generated by:           Genus(TM) Synthesis Solution 20.11-s111_1
  Generated on:           Mar 12 2025  03:21:44 pm
  Module:                 s298
  Operating conditions:   slow (balanced_tree)
  Wireload mode:          enclosed
  Area mode:              timing library
============================================================

                                Leakage  
   Gate    Instances   Area   Power (nW)          Library          
-------------------------------------------------------------------
AND2_X2            2    2.128     17.371    NangateOpenCellLibrary 
AND2_X4            1    1.064     10.500    NangateOpenCellLibrary 
AOI211_X2          1    1.330     13.871    NangateOpenCellLibrary 
AOI21_X1           1    1.064      4.958    NangateOpenCellLibrary 
AOI21_X2           2    2.128     17.884    NangateOpenCellLibrary 
AOI22_X2           1    1.330     14.478    NangateOpenCellLibrary 
DLH_X1             1    2.926     23.513    NangateOpenCellLibrary 
INV_X1             1    0.532      2.232    NangateOpenCellLibrary 
INV_X2             4    2.128     17.878    NangateOpenCellLibrary 
INV_X4             2    1.064     17.566    NangateOpenCellLibrary 
NAND2_X1           5    3.990     11.360    NangateOpenCellLibrary 
NAND2_X2           7    5.586     42.292    NangateOpenCellLibrary 
NAND3_X2           2    2.128     19.018    NangateOpenCellLibrary 
NOR2_X2           13   10.374     76.794    NangateOpenCellLibrary 
NOR3_X2            3    3.192     16.456    NangateOpenCellLibrary 
OAI211_X2          4    5.320     64.503    NangateOpenCellLibrary 
OAI21_X2           2    2.128     17.955    NangateOpenCellLibrary 
OR3_X2             1    1.330      8.725    NangateOpenCellLibrary 
SDFF_X2           14   85.652    636.238    NangateOpenCellLibrary 
XNOR2_X1           2    3.192     17.711    NangateOpenCellLibrary 
XOR2_X1            1    1.596      7.106    NangateOpenCellLibrary 
XOR2_X2            1    1.596     12.038    NangateOpenCellLibrary 
-------------------------------------------------------------------
total             71  141.778   1070.448                           


                                          Leakage  Leakage 
     Type      Instances   Area  Area % Power (nW) Power % 
-----------------------------------------------------------
sequential            15  88.578   62.5    659.751    61.6 
inverter               7   3.724    2.6     37.676     3.5 
logic                 49  49.476   34.9    373.021    34.8 
physical_cells         0   0.000    0.0      0.000     0.0 
-----------------------------------------------------------
total                 71 141.778  100.0   1070.448   100.0 

