============================================================
  Generated by:           Genus(TM) Synthesis Solution 20.11-s111_1
  Generated on:           Mar 12 2025  03:21:44 pm
  Module:                 s298
  Operating conditions:   slow (balanced_tree)
  Wireload mode:          enclosed
  Area mode:              timing library
============================================================


Path 1: MET (0 ps)
          Group: C2C
     Startpoint: (R) DFF_9/q_reg/CK
          Clock: (R) sclk
       Endpoint: (R) DFF_9/ts_lockup_latchp_clkc1_intno9_i/Q_reg/D
          Clock: (R) sclk

                     Capture       Launch     
        Clock Edge:+       0            0     
       Src Latency:+       0            0     
       Net Latency:+       0 (I)        0 (I) 
           Arrival:=       0            0     
                                              
     Time Borrowed:+     354                  
     Required Time:=     354                  
      Launch Clock:-       0                  
         Data Path:-     354                  
             Slack:=       0                  

#----------------------------------------------------------------------------------------------------------------------
#                 Timing Point                  Flags   Arc   Edge   Cell     Fanout Load Trans Delay Arrival Instance 
#                                                                                    (fF)  (ps)  (ps)   (ps)  Location 
#----------------------------------------------------------------------------------------------------------------------
  DFF_9/q_reg/CK                                -       -     R     (arrival)     15    -     0     0       0    (-,-) 
  DFF_9/q_reg/Q                                 -       CK->Q R     SDFF_X2        3  2.8    82   354     354    (-,-) 
  DFF_9/ts_lockup_latchp_clkc1_intno9_i/Q_reg/D -       -     R     DLH_X1         3    -     -     0     354    (-,-) 
#----------------------------------------------------------------------------------------------------------------------



Path 2: MET (3112 ps) Setup Check with Pin DFF_9/q_reg/CK->D
          Group: C2C
     Startpoint: (R) DFF_1/q_reg/CK
          Clock: (R) sclk
       Endpoint: (R) DFF_9/q_reg/D
          Clock: (R) sclk

                     Capture       Launch     
        Clock Edge:+    5000            0     
       Src Latency:+       0            0     
       Net Latency:+       0 (I)        0 (I) 
           Arrival:=    5000            0     
                                              
             Setup:-     494                  
     Required Time:=    4506                  
      Launch Clock:-       0                  
         Data Path:-    1394                  
             Slack:=    3112                  

#----------------------------------------------------------------------------------------
# Timing Point   Flags    Arc   Edge   Cell     Fanout Load Trans Delay Arrival Instance 
#                                                      (fF)  (ps)  (ps)   (ps)  Location 
#----------------------------------------------------------------------------------------
  DFF_1/q_reg/CK -       -      R     (arrival)     15    -     0     0       0    (-,-) 
  DFF_1/q_reg/Q  -       CK->Q  R     SDFF_X2        9 14.9   307   605     605    (-,-) 
  g1273/ZN       -       A->ZN  F     INV_X2         3  4.1    85   133     738    (-,-) 
  g1253__6783/ZN -       A2->ZN R     NOR2_X2        2  3.2   139   232     970    (-,-) 
  g1248__5107/ZN -       A1->ZN F     NAND2_X2       2  2.2    50    86    1056    (-,-) 
  g1238__9315/ZN -       A1->ZN F     AND2_X2        2  2.7    38   179    1235    (-,-) 
  g1218__2398/ZN -       A->ZN  R     OAI211_X2      1  1.4   128   159    1394    (-,-) 
  DFF_9/q_reg/D  -       -      R     SDFF_X2        1    -     -     0    1394    (-,-) 
#----------------------------------------------------------------------------------------



Path 3: MET (3127 ps) Setup Check with Pin DFF_4/q_reg/CK->D
          Group: C2C
     Startpoint: (R) DFF_2/q_reg/CK
          Clock: (R) sclk
       Endpoint: (F) DFF_4/q_reg/D
          Clock: (R) sclk

                     Capture       Launch     
        Clock Edge:+    5000            0     
       Src Latency:+       0            0     
       Net Latency:+       0 (I)        0 (I) 
           Arrival:=    5000            0     
                                              
             Setup:-     372                  
     Required Time:=    4628                  
      Launch Clock:-       0                  
         Data Path:-    1501                  
             Slack:=    3127                  

#----------------------------------------------------------------------------------------
# Timing Point   Flags    Arc   Edge   Cell     Fanout Load Trans Delay Arrival Instance 
#                                                      (fF)  (ps)  (ps)   (ps)  Location 
#----------------------------------------------------------------------------------------
  DFF_2/q_reg/CK -       -      R     (arrival)     15    -     0     0       0    (-,-) 
  DFF_2/q_reg/Q  -       CK->Q  R     SDFF_X2        6 10.9   231   524     524    (-,-) 
  g1272/ZN       -       A->ZN  F     INV_X4         3  4.3    58    83     606    (-,-) 
  g1263__1881/ZN -       A1->ZN R     NAND2_X2       4  6.4   164   201     807    (-,-) 
  g1259/ZN       -       A->ZN  F     INV_X2         1  1.3    42    64     871    (-,-) 
  g1242__1666/ZN -       B2->ZN R     AOI21_X2       1  1.4   128   174    1045    (-,-) 
  g1227__2802/Z  -       A->Z   R     XOR2_X1        1  1.5   208   376    1420    (-,-) 
  g1221__4319/ZN -       A1->ZN F     NOR2_X2        1  1.3    52    80    1501    (-,-) 
  DFF_4/q_reg/D  -       -      F     SDFF_X2        1    -     -     0    1501    (-,-) 
#----------------------------------------------------------------------------------------



Path 4: MET (3170 ps) Setup Check with Pin DFF_10/q_reg/CK->D
          Group: C2C
     Startpoint: (R) DFF_4/q_reg/CK
          Clock: (R) sclk
       Endpoint: (R) DFF_10/q_reg/D
          Clock: (R) sclk

                     Capture       Launch     
        Clock Edge:+    5000            0     
       Src Latency:+       0            0     
       Net Latency:+       0 (I)        0 (I) 
           Arrival:=    5000            0     
                                              
             Setup:-     494                  
     Required Time:=    4506                  
      Launch Clock:-       0                  
         Data Path:-    1336                  
             Slack:=    3170                  

#----------------------------------------------------------------------------------------
# Timing Point   Flags    Arc   Edge   Cell     Fanout Load Trans Delay Arrival Instance 
#                                                      (fF)  (ps)  (ps)   (ps)  Location 
#----------------------------------------------------------------------------------------
  DFF_4/q_reg/CK -       -      R     (arrival)     15    -     0     0       0    (-,-) 
  DFF_4/q_reg/Q  -       CK->Q  R     SDFF_X2        7 10.8   229   522     522    (-,-) 
  g1270/ZN       -       A->ZN  F     INV_X2         2  2.3    60    89     611    (-,-) 
  g1250__4319/ZN -       A2->ZN R     NOR3_X2        6  6.3   289   409    1020    (-,-) 
  g1231__7098/ZN -       A1->ZN F     NAND2_X1       1  1.3    90   128    1147    (-,-) 
  g1219__5107/ZN -       A->ZN  R     OAI211_X2      1  1.4   128   189    1336    (-,-) 
  DFF_10/q_reg/D -       -      R     SDFF_X2        1    -     -     0    1336    (-,-) 
#----------------------------------------------------------------------------------------



Path 5: MET (3170 ps) Setup Check with Pin DFF_7/q_reg/CK->D
          Group: C2C
     Startpoint: (R) DFF_4/q_reg/CK
          Clock: (R) sclk
       Endpoint: (R) DFF_7/q_reg/D
          Clock: (R) sclk

                     Capture       Launch     
        Clock Edge:+    5000            0     
       Src Latency:+       0            0     
       Net Latency:+       0 (I)        0 (I) 
           Arrival:=    5000            0     
                                              
             Setup:-     494                  
     Required Time:=    4506                  
      Launch Clock:-       0                  
         Data Path:-    1336                  
             Slack:=    3170                  

#----------------------------------------------------------------------------------------
# Timing Point   Flags    Arc   Edge   Cell     Fanout Load Trans Delay Arrival Instance 
#                                                      (fF)  (ps)  (ps)   (ps)  Location 
#----------------------------------------------------------------------------------------
  DFF_4/q_reg/CK -       -      R     (arrival)     15    -     0     0       0    (-,-) 
  DFF_4/q_reg/Q  -       CK->Q  R     SDFF_X2        7 10.8   229   522     522    (-,-) 
  g1270/ZN       -       A->ZN  F     INV_X2         2  2.3    60    89     611    (-,-) 
  g1250__4319/ZN -       A2->ZN R     NOR3_X2        6  6.3   289   409    1020    (-,-) 
  g1232__6131/ZN -       A1->ZN F     NAND2_X1       1  1.3    90   128    1147    (-,-) 
  g1222__8428/ZN -       A->ZN  R     OAI211_X2      1  1.4   128   189    1336    (-,-) 
  DFF_7/q_reg/D  -       -      R     SDFF_X2        1    -     -     0    1336    (-,-) 
#----------------------------------------------------------------------------------------



Path 6: MET (3208 ps) Setup Check with Pin DFF_6/q_reg/CK->D
          Group: C2C
     Startpoint: (R) DFF_1/q_reg/CK
          Clock: (R) sclk
       Endpoint: (R) DFF_6/q_reg/D
          Clock: (R) sclk

                     Capture       Launch     
        Clock Edge:+    5000            0     
       Src Latency:+       0            0     
       Net Latency:+       0 (I)        0 (I) 
           Arrival:=    5000            0     
                                              
             Setup:-     469                  
     Required Time:=    4531                  
      Launch Clock:-       0                  
         Data Path:-    1322                  
             Slack:=    3208                  

#----------------------------------------------------------------------------------------
# Timing Point   Flags    Arc   Edge   Cell     Fanout Load Trans Delay Arrival Instance 
#                                                      (fF)  (ps)  (ps)   (ps)  Location 
#----------------------------------------------------------------------------------------
  DFF_1/q_reg/CK -       -      R     (arrival)     15    -     0     0       0    (-,-) 
  DFF_1/q_reg/Q  -       CK->Q  R     SDFF_X2        9 14.9   307   605     605    (-,-) 
  g1273/ZN       -       A->ZN  F     INV_X2         3  4.1    85   133     738    (-,-) 
  g1253__6783/ZN -       A2->ZN R     NOR2_X2        2  3.2   139   232     970    (-,-) 
  g1248__5107/ZN -       A1->ZN F     NAND2_X2       2  2.2    50    86    1056    (-,-) 
  g1238__9315/ZN -       A1->ZN F     AND2_X2        2  2.7    38   179    1235    (-,-) 
  g1225__3680/ZN -       A1->ZN R     NAND2_X2       1  1.4    68    88    1322    (-,-) 
  DFF_6/q_reg/D  -       -      R     SDFF_X2        1    -     -     0    1322    (-,-) 
#----------------------------------------------------------------------------------------



Path 7: MET (3210 ps) Setup Check with Pin DFF_11/q_reg/CK->D
          Group: C2C
     Startpoint: (R) DFF_4/q_reg/CK
          Clock: (R) sclk
       Endpoint: (R) DFF_11/q_reg/D
          Clock: (R) sclk

                     Capture       Launch     
        Clock Edge:+    5000            0     
       Src Latency:+       0            0     
       Net Latency:+       0 (I)        0 (I) 
           Arrival:=    5000            0     
                                              
             Setup:-     486                  
     Required Time:=    4514                  
      Launch Clock:-       0                  
         Data Path:-    1304                  
             Slack:=    3210                  

#----------------------------------------------------------------------------------------
# Timing Point   Flags    Arc   Edge   Cell     Fanout Load Trans Delay Arrival Instance 
#                                                      (fF)  (ps)  (ps)   (ps)  Location 
#----------------------------------------------------------------------------------------
  DFF_4/q_reg/CK -       -      R     (arrival)     15    -     0     0       0    (-,-) 
  DFF_4/q_reg/Q  -       CK->Q  R     SDFF_X2        7 10.8   229   522     522    (-,-) 
  g1270/ZN       -       A->ZN  F     INV_X2         2  2.3    60    89     611    (-,-) 
  g1250__4319/ZN -       A2->ZN R     NOR3_X2        6  6.3   289   409    1020    (-,-) 
  g1235__7482/ZN -       A1->ZN F     NAND2_X1       1  1.1    87   120    1139    (-,-) 
  g1228__1705/ZN -       A->ZN  R     OAI21_X2       1  1.4   108   164    1304    (-,-) 
  DFF_11/q_reg/D -       -      R     SDFF_X2        1    -     -     0    1304    (-,-) 
#----------------------------------------------------------------------------------------



Path 8: MET (3239 ps) Setup Check with Pin DFF_8/q_reg/CK->D
          Group: C2C
     Startpoint: (R) DFF_4/q_reg/CK
          Clock: (R) sclk
       Endpoint: (R) DFF_8/q_reg/D
          Clock: (R) sclk

                     Capture       Launch     
        Clock Edge:+    5000            0     
       Src Latency:+       0            0     
       Net Latency:+       0 (I)        0 (I) 
           Arrival:=    5000            0     
                                              
             Setup:-     479                  
     Required Time:=    4521                  
      Launch Clock:-       0                  
         Data Path:-    1282                  
             Slack:=    3239                  

#----------------------------------------------------------------------------------------
# Timing Point   Flags    Arc   Edge   Cell     Fanout Load Trans Delay Arrival Instance 
#                                                      (fF)  (ps)  (ps)   (ps)  Location 
#----------------------------------------------------------------------------------------
  DFF_4/q_reg/CK -       -      R     (arrival)     15    -     0     0       0    (-,-) 
  DFF_4/q_reg/Q  -       CK->Q  R     SDFF_X2        7 10.8   229   522     522    (-,-) 
  g1270/ZN       -       A->ZN  F     INV_X2         2  2.3    60    89     611    (-,-) 
  g1250__4319/ZN -       A2->ZN R     NOR3_X2        6  6.3   289   409    1020    (-,-) 
  g1230__8246/ZN -       A1->ZN F     NAND2_X1       1  1.4    91   132    1151    (-,-) 
  g1226__1617/ZN -       A1->ZN R     NAND3_X2       1  1.4    90   131    1282    (-,-) 
  DFF_8/q_reg/D  -       -      R     SDFF_X2        1    -     -     0    1282    (-,-) 
#----------------------------------------------------------------------------------------



Path 9: MET (3289 ps) Setup Check with Pin DFF_5/q_reg/CK->D
          Group: C2C
     Startpoint: (R) DFF_1/q_reg/CK
          Clock: (R) sclk
       Endpoint: (F) DFF_5/q_reg/D
          Clock: (R) sclk

                     Capture       Launch     
        Clock Edge:+    5000            0     
       Src Latency:+       0            0     
       Net Latency:+       0 (I)        0 (I) 
           Arrival:=    5000            0     
                                              
             Setup:-     370                  
     Required Time:=    4630                  
      Launch Clock:-       0                  
         Data Path:-    1342                  
             Slack:=    3289                  

#----------------------------------------------------------------------------------------
# Timing Point   Flags    Arc   Edge   Cell     Fanout Load Trans Delay Arrival Instance 
#                                                      (fF)  (ps)  (ps)   (ps)  Location 
#----------------------------------------------------------------------------------------
  DFF_1/q_reg/CK -       -      R     (arrival)     15    -     0     0       0    (-,-) 
  DFF_1/q_reg/Q  -       CK->Q  R     SDFF_X2        9 14.9   307   605     605    (-,-) 
  g1273/ZN       -       A->ZN  F     INV_X2         3  4.1    85   133     738    (-,-) 
  g1253__6783/ZN -       A2->ZN R     NOR2_X2        2  3.2   139   232     970    (-,-) 
  g1248__5107/ZN -       A1->ZN F     NAND2_X2       2  2.2    50    86    1056    (-,-) 
  g1229__5122/ZN -       B1->ZN R     AOI21_X2       2  3.3   183   208    1264    (-,-) 
  g1220__6260/ZN -       A1->ZN F     NOR2_X2        1  1.3    48    77    1342    (-,-) 
  DFF_5/q_reg/D  -       -      F     SDFF_X2        1    -     -     0    1342    (-,-) 
#----------------------------------------------------------------------------------------



Path 10: MET (3317 ps) Setup Check with Pin DFF_3/q_reg/CK->D
          Group: C2C
     Startpoint: (R) DFF_1/q_reg/CK
          Clock: (R) sclk
       Endpoint: (R) DFF_3/q_reg/D
          Clock: (R) sclk

                     Capture       Launch     
        Clock Edge:+    5000            0     
       Src Latency:+       0            0     
       Net Latency:+       0 (I)        0 (I) 
           Arrival:=    5000            0     
                                              
             Setup:-     477                  
     Required Time:=    4523                  
      Launch Clock:-       0                  
         Data Path:-    1206                  
             Slack:=    3317                  

#----------------------------------------------------------------------------------------
# Timing Point   Flags    Arc   Edge   Cell     Fanout Load Trans Delay Arrival Instance 
#                                                      (fF)  (ps)  (ps)   (ps)  Location 
#----------------------------------------------------------------------------------------
  DFF_1/q_reg/CK -       -      R     (arrival)     15    -     0     0       0    (-,-) 
  DFF_1/q_reg/Q  -       CK->Q  R     SDFF_X2        9 14.9   307   605     605    (-,-) 
  g1273/ZN       -       A->ZN  F     INV_X2         3  4.1    85   133     738    (-,-) 
  g1253__6783/ZN -       A2->ZN R     NOR2_X2        2  3.2   139   232     970    (-,-) 
  g1236__4733/ZN -       B->ZN  F     AOI211_X2      1  1.2    50   111    1081    (-,-) 
  g1223__5526/ZN -       A1->ZN R     NOR2_X2        1  1.4    86   124    1206    (-,-) 
  DFF_3/q_reg/D  -       -      R     SDFF_X2        1    -     -     0    1206    (-,-) 
#----------------------------------------------------------------------------------------



Path 11: MET (3391 ps) Setup Check with Pin DFF_2/q_reg/CK->D
          Group: C2C
     Startpoint: (R) DFF_1/q_reg/CK
          Clock: (R) sclk
       Endpoint: (R) DFF_2/q_reg/D
          Clock: (R) sclk

                     Capture       Launch     
        Clock Edge:+    5000            0     
       Src Latency:+       0            0     
       Net Latency:+       0 (I)        0 (I) 
           Arrival:=    5000            0     
                                              
             Setup:-     477                  
     Required Time:=    4523                  
      Launch Clock:-       0                  
         Data Path:-    1132                  
             Slack:=    3391                  

#----------------------------------------------------------------------------------------
# Timing Point   Flags    Arc   Edge   Cell     Fanout Load Trans Delay Arrival Instance 
#                                                      (fF)  (ps)  (ps)   (ps)  Location 
#----------------------------------------------------------------------------------------
  DFF_1/q_reg/CK -       -      R     (arrival)     15    -     0     0       0    (-,-) 
  DFF_1/q_reg/Q  -       CK->Q  R     SDFF_X2        9 14.9   307   605     605    (-,-) 
  g1268__9315/ZN -       A1->ZN F     NAND2_X2       2  3.2    93   130     735    (-,-) 
  g1246__5477/Z  -       A->Z   F     XOR2_X2        1  1.2    49   274    1008    (-,-) 
  g1237__6161/ZN -       A1->ZN R     NOR2_X2        1  1.4    87   124    1132    (-,-) 
  DFF_2/q_reg/D  -       -      R     SDFF_X2        1    -     -     0    1132    (-,-) 
#----------------------------------------------------------------------------------------



Path 12: MET (3438 ps) Setup Check with Pin DFF_1/q_reg/CK->D
          Group: C2C
     Startpoint: (R) DFF_0/q_reg/CK
          Clock: (R) sclk
       Endpoint: (R) DFF_1/q_reg/D
          Clock: (R) sclk

                     Capture       Launch     
        Clock Edge:+    5000            0     
       Src Latency:+       0            0     
       Net Latency:+       0 (I)        0 (I) 
           Arrival:=    5000            0     
                                              
             Setup:-     478                  
     Required Time:=    4522                  
      Launch Clock:-       0                  
         Data Path:-    1084                  
             Slack:=    3438                  

#----------------------------------------------------------------------------------------
# Timing Point   Flags    Arc   Edge   Cell     Fanout Load Trans Delay Arrival Instance 
#                                                      (fF)  (ps)  (ps)   (ps)  Location 
#----------------------------------------------------------------------------------------
  DFF_0/q_reg/CK -       -      R     (arrival)     15    -     0     0       0    (-,-) 
  DFF_0/q_reg/Q  -       CK->Q  R     SDFF_X2        7 11.0   233   526     526    (-,-) 
  g1271/ZN       -       A->ZN  F     INV_X2         2  2.7    63    97     623    (-,-) 
  g1262__6131/ZN -       A2->ZN R     NOR2_X2        2  3.3   142   224     847    (-,-) 
  g1247__2398/ZN -       A1->ZN F     AOI22_X2       1  1.2    99    86     933    (-,-) 
  g1234__5115/ZN -       A1->ZN R     NOR2_X2        1  1.4    89   151    1084    (-,-) 
  DFF_1/q_reg/D  -       -      R     SDFF_X2        1    -     -     0    1084    (-,-) 
#----------------------------------------------------------------------------------------



Path 13: MET (3848 ps) Setup Check with Pin DFF_10/q_reg/CK->SI
          Group: C2C
     Startpoint: (R) DFF_1/q_reg/CK
          Clock: (R) sclk
       Endpoint: (R) DFF_10/q_reg/SI
          Clock: (R) sclk

                     Capture       Launch     
        Clock Edge:+    5000            0     
       Src Latency:+       0            0     
       Net Latency:+       0 (I)        0 (I) 
           Arrival:=    5000            0     
                                              
             Setup:-     547                  
     Required Time:=    4453                  
      Launch Clock:-       0                  
         Data Path:-     605                  
             Slack:=    3848                  

#----------------------------------------------------------------------------------------
#  Timing Point   Flags   Arc   Edge   Cell     Fanout Load Trans Delay Arrival Instance 
#                                                      (fF)  (ps)  (ps)   (ps)  Location 
#----------------------------------------------------------------------------------------
  DFF_1/q_reg/CK  -       -     R     (arrival)     15    -     0     0       0    (-,-) 
  DFF_1/q_reg/Q   -       CK->Q R     SDFF_X2        9 14.9   307   605     605    (-,-) 
  DFF_10/q_reg/SI -       -     R     SDFF_X2        9    -     -     0     605    (-,-) 
#----------------------------------------------------------------------------------------



Path 14: MET (3856 ps) Setup Check with Pin DFF_12/q_reg/CK->D
          Group: C2C
     Startpoint: (R) DFF_12/q_reg/CK
          Clock: (R) sclk
       Endpoint: (F) DFF_12/q_reg/D
          Clock: (R) sclk

                     Capture       Launch     
        Clock Edge:+    5000            0     
       Src Latency:+       0            0     
       Net Latency:+       0 (I)        0 (I) 
           Arrival:=    5000            0     
                                              
             Setup:-     370                  
     Required Time:=    4630                  
      Launch Clock:-       0                  
         Data Path:-     774                  
             Slack:=    3856                  

#-----------------------------------------------------------------------------------------
#  Timing Point   Flags    Arc   Edge   Cell     Fanout Load Trans Delay Arrival Instance 
#                                                       (fF)  (ps)  (ps)   (ps)  Location 
#-----------------------------------------------------------------------------------------
  DFF_12/q_reg/CK -       -      R     (arrival)     15    -     0     0       0    (-,-) 
  DFF_12/q_reg/Q  -       CK->Q  R     SDFF_X2        4  5.9   137   421     421    (-,-) 
  g1255__1617/ZN  -       A->ZN  R     XNOR2_X1       1  1.5   185   276     697    (-,-) 
  g1240__2883/ZN  -       A1->ZN F     NOR2_X2        1  1.3    48    77     774    (-,-) 
  DFF_12/q_reg/D  -       -      F     SDFF_X2        1    -     -     0     774    (-,-) 
#-----------------------------------------------------------------------------------------



Path 15: MET (3902 ps) Setup Check with Pin DFF_13/q_reg/CK->D
          Group: C2C
     Startpoint: (R) DFF_13/q_reg/CK
          Clock: (R) sclk
       Endpoint: (F) DFF_13/q_reg/D
          Clock: (R) sclk

                     Capture       Launch     
        Clock Edge:+    5000            0     
       Src Latency:+       0            0     
       Net Latency:+       0 (I)        0 (I) 
           Arrival:=    5000            0     
                                              
             Setup:-     370                  
     Required Time:=    4630                  
      Launch Clock:-       0                  
         Data Path:-     728                  
             Slack:=    3902                  

#-----------------------------------------------------------------------------------------
#  Timing Point   Flags    Arc   Edge   Cell     Fanout Load Trans Delay Arrival Instance 
#                                                       (fF)  (ps)  (ps)   (ps)  Location 
#-----------------------------------------------------------------------------------------
  DFF_13/q_reg/CK -       -      R     (arrival)     15    -     0     0       0    (-,-) 
  DFF_13/q_reg/Q  -       CK->Q  R     SDFF_X2        3  4.2   107   385     385    (-,-) 
  g1256__2802/ZN  -       A->ZN  R     XNOR2_X1       1  1.5   185   266     651    (-,-) 
  g1239__9945/ZN  -       A1->ZN F     NOR2_X2        1  1.3    48    77     728    (-,-) 
  DFF_13/q_reg/D  -       -      F     SDFF_X2        1    -     -     0     728    (-,-) 
#-----------------------------------------------------------------------------------------



Path 16: MET (3948 ps) Setup Check with Pin DFF_1/q_reg/CK->SI
          Group: C2C
     Startpoint: (R) DFF_0/q_reg/CK
          Clock: (R) sclk
       Endpoint: (R) DFF_1/q_reg/SI
          Clock: (R) sclk

                     Capture       Launch     
        Clock Edge:+    5000            0     
       Src Latency:+       0            0     
       Net Latency:+       0 (I)        0 (I) 
           Arrival:=    5000            0     
                                              
             Setup:-     526                  
     Required Time:=    4474                  
      Launch Clock:-       0                  
         Data Path:-     526                  
             Slack:=    3948                  

#---------------------------------------------------------------------------------------
# Timing Point   Flags   Arc   Edge   Cell     Fanout Load Trans Delay Arrival Instance 
#                                                     (fF)  (ps)  (ps)   (ps)  Location 
#---------------------------------------------------------------------------------------
  DFF_0/q_reg/CK -       -     R     (arrival)     15    -     0     0       0    (-,-) 
  DFF_0/q_reg/Q  -       CK->Q R     SDFF_X2        7 11.0   233   526     526    (-,-) 
  DFF_1/q_reg/SI -       -     R     SDFF_X2        7    -     -     0     526    (-,-) 
#---------------------------------------------------------------------------------------



Path 17: MET (3950 ps) Setup Check with Pin DFF_3/q_reg/CK->SI
          Group: C2C
     Startpoint: (R) DFF_2/q_reg/CK
          Clock: (R) sclk
       Endpoint: (R) DFF_3/q_reg/SI
          Clock: (R) sclk

                     Capture       Launch     
        Clock Edge:+    5000            0     
       Src Latency:+       0            0     
       Net Latency:+       0 (I)        0 (I) 
           Arrival:=    5000            0     
                                              
             Setup:-     526                  
     Required Time:=    4474                  
      Launch Clock:-       0                  
         Data Path:-     524                  
             Slack:=    3950                  

#---------------------------------------------------------------------------------------
# Timing Point   Flags   Arc   Edge   Cell     Fanout Load Trans Delay Arrival Instance 
#                                                     (fF)  (ps)  (ps)   (ps)  Location 
#---------------------------------------------------------------------------------------
  DFF_2/q_reg/CK -       -     R     (arrival)     15    -     0     0       0    (-,-) 
  DFF_2/q_reg/Q  -       CK->Q R     SDFF_X2        6 10.9   231   524     524    (-,-) 
  DFF_3/q_reg/SI -       -     R     SDFF_X2        6    -     -     0     524    (-,-) 
#---------------------------------------------------------------------------------------



Path 18: MET (3953 ps) Setup Check with Pin DFF_5/q_reg/CK->SI
          Group: C2C
     Startpoint: (R) DFF_4/q_reg/CK
          Clock: (R) sclk
       Endpoint: (R) DFF_5/q_reg/SI
          Clock: (R) sclk

                     Capture       Launch     
        Clock Edge:+    5000            0     
       Src Latency:+       0            0     
       Net Latency:+       0 (I)        0 (I) 
           Arrival:=    5000            0     
                                              
             Setup:-     525                  
     Required Time:=    4475                  
      Launch Clock:-       0                  
         Data Path:-     522                  
             Slack:=    3953                  

#---------------------------------------------------------------------------------------
# Timing Point   Flags   Arc   Edge   Cell     Fanout Load Trans Delay Arrival Instance 
#                                                     (fF)  (ps)  (ps)   (ps)  Location 
#---------------------------------------------------------------------------------------
  DFF_4/q_reg/CK -       -     R     (arrival)     15    -     0     0       0    (-,-) 
  DFF_4/q_reg/Q  -       CK->Q R     SDFF_X2        7 10.8   229   522     522    (-,-) 
  DFF_5/q_reg/SI -       -     R     SDFF_X2        7    -     -     0     522    (-,-) 
#---------------------------------------------------------------------------------------



Path 19: MET (3961 ps) Setup Check with Pin DFF_4/q_reg/CK->SI
          Group: C2C
     Startpoint: (R) DFF_3/q_reg/CK
          Clock: (R) sclk
       Endpoint: (R) DFF_4/q_reg/SI
          Clock: (R) sclk

                     Capture       Launch     
        Clock Edge:+    5000            0     
       Src Latency:+       0            0     
       Net Latency:+       0 (I)        0 (I) 
           Arrival:=    5000            0     
                                              
             Setup:-     524                  
     Required Time:=    4476                  
      Launch Clock:-       0                  
         Data Path:-     516                  
             Slack:=    3961                  

#---------------------------------------------------------------------------------------
# Timing Point   Flags   Arc   Edge   Cell     Fanout Load Trans Delay Arrival Instance 
#                                                     (fF)  (ps)  (ps)   (ps)  Location 
#---------------------------------------------------------------------------------------
  DFF_3/q_reg/CK -       -     R     (arrival)     15    -     0     0       0    (-,-) 
  DFF_3/q_reg/Q  -       CK->Q R     SDFF_X2        7 10.5   223   516     516    (-,-) 
  DFF_4/q_reg/SI -       -     R     SDFF_X2        7    -     -     0     516    (-,-) 
#---------------------------------------------------------------------------------------



Path 20: MET (4015 ps) Setup Check with Pin DFF_6/q_reg/CK->SI
          Group: C2C
     Startpoint: (R) DFF_5/q_reg/CK
          Clock: (R) sclk
       Endpoint: (R) DFF_6/q_reg/SI
          Clock: (R) sclk

                     Capture       Launch     
        Clock Edge:+    5000            0     
       Src Latency:+       0            0     
       Net Latency:+       0 (I)        0 (I) 
           Arrival:=    5000            0     
                                              
             Setup:-     512                  
     Required Time:=    4488                  
      Launch Clock:-       0                  
         Data Path:-     473                  
             Slack:=    4015                  

#---------------------------------------------------------------------------------------
# Timing Point   Flags   Arc   Edge   Cell     Fanout Load Trans Delay Arrival Instance 
#                                                     (fF)  (ps)  (ps)   (ps)  Location 
#---------------------------------------------------------------------------------------
  DFF_5/q_reg/CK -       -     R     (arrival)     15    -     0     0       0    (-,-) 
  DFF_5/q_reg/Q  -       CK->Q R     SDFF_X2        6  8.4   184   473     473    (-,-) 
  DFF_6/q_reg/SI -       -     R     SDFF_X2        6    -     -     0     473    (-,-) 
#---------------------------------------------------------------------------------------



Path 21: MET (4016 ps) Setup Check with Pin DFF_0/q_reg/CK->D
          Group: C2C
     Startpoint: (R) DFF_0/q_reg/CK
          Clock: (R) sclk
       Endpoint: (F) DFF_0/q_reg/D
          Clock: (R) sclk

                     Capture       Launch     
        Clock Edge:+    5000            0     
       Src Latency:+       0            0     
       Net Latency:+       0 (I)        0 (I) 
           Arrival:=    5000            0     
                                              
             Setup:-     375                  
     Required Time:=    4625                  
      Launch Clock:-       0                  
         Data Path:-     609                  
             Slack:=    4016                  

#----------------------------------------------------------------------------------------
# Timing Point   Flags    Arc   Edge   Cell     Fanout Load Trans Delay Arrival Instance 
#                                                      (fF)  (ps)  (ps)   (ps)  Location 
#----------------------------------------------------------------------------------------
  DFF_0/q_reg/CK -       -      R     (arrival)     15    -     0     0       0    (-,-) 
  DFF_0/q_reg/Q  -       CK->Q  R     SDFF_X2        7 11.0   233   526     526    (-,-) 
  g1265__7482/ZN -       A1->ZN F     NOR2_X2        1  1.3    57    83     609    (-,-) 
  DFF_0/q_reg/D  -       -      F     SDFF_X2        1    -     -     0     609    (-,-) 
#----------------------------------------------------------------------------------------



Path 22: MET (4082 ps) Setup Check with Pin DFF_13/q_reg/CK->SI
          Group: C2C
     Startpoint: (R) DFF_12/q_reg/CK
          Clock: (R) sclk
       Endpoint: (R) DFF_13/q_reg/SI
          Clock: (R) sclk

                     Capture       Launch     
        Clock Edge:+    5000            0     
       Src Latency:+       0            0     
       Net Latency:+       0 (I)        0 (I) 
           Arrival:=    5000            0     
                                              
             Setup:-     497                  
     Required Time:=    4503                  
      Launch Clock:-       0                  
         Data Path:-     421                  
             Slack:=    4082                  

#----------------------------------------------------------------------------------------
#  Timing Point   Flags   Arc   Edge   Cell     Fanout Load Trans Delay Arrival Instance 
#                                                      (fF)  (ps)  (ps)   (ps)  Location 
#----------------------------------------------------------------------------------------
  DFF_12/q_reg/CK -       -     R     (arrival)     15    -     0     0       0    (-,-) 
  DFF_12/q_reg/Q  -       CK->Q R     SDFF_X2        4  5.9   137   421     421    (-,-) 
  DFF_13/q_reg/SI -       -     R     SDFF_X2        4    -     -     0     421    (-,-) 
#----------------------------------------------------------------------------------------



Path 23: MET (4131 ps) Setup Check with Pin DFF_2/q_reg/CK->SI
          Group: C2C
     Startpoint: (R) DFF_13/q_reg/CK
          Clock: (R) sclk
       Endpoint: (R) DFF_2/q_reg/SI
          Clock: (R) sclk

                     Capture       Launch     
        Clock Edge:+    5000            0     
       Src Latency:+       0            0     
       Net Latency:+       0 (I)        0 (I) 
           Arrival:=    5000            0     
                                              
             Setup:-     484                  
     Required Time:=    4516                  
      Launch Clock:-       0                  
         Data Path:-     385                  
             Slack:=    4131                  

#----------------------------------------------------------------------------------------
#  Timing Point   Flags   Arc   Edge   Cell     Fanout Load Trans Delay Arrival Instance 
#                                                      (fF)  (ps)  (ps)   (ps)  Location 
#----------------------------------------------------------------------------------------
  DFF_13/q_reg/CK -       -     R     (arrival)     15    -     0     0       0    (-,-) 
  DFF_13/q_reg/Q  -       CK->Q R     SDFF_X2        3  4.2   107   385     385    (-,-) 
  DFF_2/q_reg/SI  -       -     R     SDFF_X2        3    -     -     0     385    (-,-) 
#----------------------------------------------------------------------------------------



Path 24: MET (4179 ps) Setup Check with Pin DFF_12/q_reg/CK->SI
          Group: C2C
     Startpoint: (R) DFF_11/q_reg/CK
          Clock: (R) sclk
       Endpoint: (R) DFF_12/q_reg/SI
          Clock: (R) sclk

                     Capture       Launch     
        Clock Edge:+    5000            0     
       Src Latency:+       0            0     
       Net Latency:+       0 (I)        0 (I) 
           Arrival:=    5000            0     
                                              
             Setup:-     472                  
     Required Time:=    4528                  
      Launch Clock:-       0                  
         Data Path:-     349                  
             Slack:=    4179                  

#----------------------------------------------------------------------------------------
#  Timing Point   Flags   Arc   Edge   Cell     Fanout Load Trans Delay Arrival Instance 
#                                                      (fF)  (ps)  (ps)   (ps)  Location 
#----------------------------------------------------------------------------------------
  DFF_11/q_reg/CK -       -     R     (arrival)     15    -     0     0       0    (-,-) 
  DFF_11/q_reg/Q  -       CK->Q R     SDFF_X2        3  2.6    78   349     349    (-,-) 
  DFF_12/q_reg/SI -       -     R     SDFF_X2        3    -     -     0     349    (-,-) 
#----------------------------------------------------------------------------------------



Path 25: MET (4179 ps) Setup Check with Pin DFF_11/q_reg/CK->SI
          Group: C2C
     Startpoint: (R) DFF_10/q_reg/CK
          Clock: (R) sclk
       Endpoint: (R) DFF_11/q_reg/SI
          Clock: (R) sclk

                     Capture       Launch     
        Clock Edge:+    5000            0     
       Src Latency:+       0            0     
       Net Latency:+       0 (I)        0 (I) 
           Arrival:=    5000            0     
                                              
             Setup:-     472                  
     Required Time:=    4528                  
      Launch Clock:-       0                  
         Data Path:-     349                  
             Slack:=    4179                  

#----------------------------------------------------------------------------------------
#  Timing Point   Flags   Arc   Edge   Cell     Fanout Load Trans Delay Arrival Instance 
#                                                      (fF)  (ps)  (ps)   (ps)  Location 
#----------------------------------------------------------------------------------------
  DFF_10/q_reg/CK -       -     R     (arrival)     15    -     0     0       0    (-,-) 
  DFF_10/q_reg/Q  -       CK->Q R     SDFF_X2        3  2.6    78   349     349    (-,-) 
  DFF_11/q_reg/SI -       -     R     SDFF_X2        3    -     -     0     349    (-,-) 
#----------------------------------------------------------------------------------------



Path 26: MET (4179 ps) Setup Check with Pin DFF_9/q_reg/CK->SI
          Group: C2C
     Startpoint: (R) DFF_8/q_reg/CK
          Clock: (R) sclk
       Endpoint: (R) DFF_9/q_reg/SI
          Clock: (R) sclk

                     Capture       Launch     
        Clock Edge:+    5000            0     
       Src Latency:+       0            0     
       Net Latency:+       0 (I)        0 (I) 
           Arrival:=    5000            0     
                                              
             Setup:-     472                  
     Required Time:=    4528                  
      Launch Clock:-       0                  
         Data Path:-     349                  
             Slack:=    4179                  

#---------------------------------------------------------------------------------------
# Timing Point   Flags   Arc   Edge   Cell     Fanout Load Trans Delay Arrival Instance 
#                                                     (fF)  (ps)  (ps)   (ps)  Location 
#---------------------------------------------------------------------------------------
  DFF_8/q_reg/CK -       -     R     (arrival)     15    -     0     0       0    (-,-) 
  DFF_8/q_reg/Q  -       CK->Q R     SDFF_X2        3  2.6    78   349     349    (-,-) 
  DFF_9/q_reg/SI -       -     R     SDFF_X2        3    -     -     0     349    (-,-) 
#---------------------------------------------------------------------------------------



Path 27: MET (4179 ps) Setup Check with Pin DFF_8/q_reg/CK->SI
          Group: C2C
     Startpoint: (R) DFF_7/q_reg/CK
          Clock: (R) sclk
       Endpoint: (R) DFF_8/q_reg/SI
          Clock: (R) sclk

                     Capture       Launch     
        Clock Edge:+    5000            0     
       Src Latency:+       0            0     
       Net Latency:+       0 (I)        0 (I) 
           Arrival:=    5000            0     
                                              
             Setup:-     472                  
     Required Time:=    4528                  
      Launch Clock:-       0                  
         Data Path:-     349                  
             Slack:=    4179                  

#---------------------------------------------------------------------------------------
# Timing Point   Flags   Arc   Edge   Cell     Fanout Load Trans Delay Arrival Instance 
#                                                     (fF)  (ps)  (ps)   (ps)  Location 
#---------------------------------------------------------------------------------------
  DFF_7/q_reg/CK -       -     R     (arrival)     15    -     0     0       0    (-,-) 
  DFF_7/q_reg/Q  -       CK->Q R     SDFF_X2        3  2.6    78   349     349    (-,-) 
  DFF_8/q_reg/SI -       -     R     SDFF_X2        3    -     -     0     349    (-,-) 
#---------------------------------------------------------------------------------------



Path 28: MET (4179 ps) Setup Check with Pin DFF_7/q_reg/CK->SI
          Group: C2C
     Startpoint: (R) DFF_6/q_reg/CK
          Clock: (R) sclk
       Endpoint: (R) DFF_7/q_reg/SI
          Clock: (R) sclk

                     Capture       Launch     
        Clock Edge:+    5000            0     
       Src Latency:+       0            0     
       Net Latency:+       0 (I)        0 (I) 
           Arrival:=    5000            0     
                                              
             Setup:-     472                  
     Required Time:=    4528                  
      Launch Clock:-       0                  
         Data Path:-     349                  
             Slack:=    4179                  

#---------------------------------------------------------------------------------------
# Timing Point   Flags   Arc   Edge   Cell     Fanout Load Trans Delay Arrival Instance 
#                                                     (fF)  (ps)  (ps)   (ps)  Location 
#---------------------------------------------------------------------------------------
  DFF_6/q_reg/CK -       -     R     (arrival)     15    -     0     0       0    (-,-) 
  DFF_6/q_reg/Q  -       CK->Q R     SDFF_X2        3  2.6    78   349     349    (-,-) 
  DFF_7/q_reg/SI -       -     R     SDFF_X2        3    -     -     0     349    (-,-) 
#---------------------------------------------------------------------------------------

Some unconstrained paths have not been displayed.
Use -unconstrained or set the root attribute 'timing_report_unconstrained' to 'true' to see only these unconstrained paths.

