============================================================
  Generated by:           Genus(TM) Synthesis Solution 20.11-s111_1
  Generated on:           Mar 12 2025  03:21:43 pm
  Module:                 s298
  Operating conditions:   slow (balanced_tree)
  Wireload mode:          enclosed
  Area mode:              timing library
============================================================

Timing
--------

Clock Period 
-------------
sclk  5000.0 


  Cost    Critical         Violating 
 Group   Path Slack  TNS     Paths   
-------------------------------------
C2C             0.0   0.0          0 
C2O        No paths   0.0            
default    No paths   0.0            
I2C        No paths   0.0            
I2O        No paths   0.0            
sclk       No paths   0.0            
-------------------------------------
Total                 0.0          0 

Instance Count
--------------
Leaf Instance Count             138 
Physical Instance count           0 
Sequential Instance Count        15 
Combinational Instance Count    123 
Hierarchical Instance Count      15 

Area
----
Cell Area                          172.573
Physical Cell Area                 0.000
Total Cell Area (Cell+Physical)    172.573
Net Area                           0.997
Total Area (Cell+Physical+Net)     173.570

Runtime                            0.0 seconds
Elapsed Runtime                    7 seconds
Genus peak memory usage            1264.02 
Innovus peak memory usage          no_value 
Hostname                           localhost
