============================================================
  Generated by:           Genus(TM) Synthesis Solution 20.11-s111_1
  Generated on:           Mar 12 2025  03:21:43 pm
  Module:                 s298
  Operating conditions:   slow (balanced_tree)
  Wireload mode:          enclosed
  Area mode:              timing library
============================================================

              Instance                    Module       Cell Count  Cell Area  Net Area   Total Area       Wireload      
------------------------------------------------------------------------------------------------------------------------
s298                                                          138    172.573     0.997      173.570 5K_hvratio_1_1 (D)  
  DFF_0                             dff                         4      6.447     0.000        6.447 5K_hvratio_1_1 (D)  
  DFF_1                             dff_26                      4      6.447     0.000        6.447 5K_hvratio_1_1 (D)  
  DFF_2                             dff_25                      4      6.447     0.000        6.447 5K_hvratio_1_1 (D)  
  DFF_3                             dff_24                      4      6.447     0.000        6.447 5K_hvratio_1_1 (D)  
  DFF_4                             dff_23                      4      6.447     0.000        6.447 5K_hvratio_1_1 (D)  
  DFF_5                             dff_22                      4      6.447     0.000        6.447 5K_hvratio_1_1 (D)  
  DFF_6                             dff_21                      4      6.447     0.000        6.447 5K_hvratio_1_1 (D)  
  DFF_7                             dff_20                      4      6.447     0.000        6.447 5K_hvratio_1_1 (D)  
  DFF_8                             dff_19                      4      6.447     0.000        6.447 5K_hvratio_1_1 (D)  
  DFF_9                             dff_18                      5      8.430     0.000        8.430 5K_hvratio_1_1 (D)  
    ts_lockup_latchp_clkc1_intno9_i active_high_latch           1      1.984     0.000        1.984 5K_hvratio_1_1 (D)  
  DFF_10                            dff_17                      4      6.447     0.000        6.447 5K_hvratio_1_1 (D)  
  DFF_11                            dff_16                      4      6.447     0.000        6.447 5K_hvratio_1_1 (D)  
  DFF_12                            dff_15                      4      6.447     0.000        6.447 5K_hvratio_1_1 (D)  
  DFF_13                            dff_14                      4      6.447     0.000        6.447 5K_hvratio_1_1 (D)  
  (D) = wireload is default in technology library
