============================================================
  Generated by:           Genus(TM) Synthesis Solution 20.11-s111_1
  Generated on:           Mar 12 2025  03:21:43 pm
  Module:                 s298
  Operating conditions:   slow (balanced_tree)
  Wireload mode:          enclosed
  Area mode:              timing library
============================================================


Path 1: MET (0 ps)
          Group: C2C
     Startpoint: (R) DFF_9/q_reg/clk
          Clock: (R) sclk
       Endpoint: (R) DFF_9/ts_lockup_latchp_clkc1_intno9_i/Q_reg/d
          Clock: (R) sclk

                     Capture       Launch     
        Clock Edge:+       0            0     
       Src Latency:+       0            0     
       Net Latency:+       0 (I)        0 (I) 
           Arrival:=       0            0     
                                              
     Time Borrowed:+     576                  
     Required Time:=     576                  
      Launch Clock:-       0                  
         Data Path:-     576                  
             Slack:=       0                  

#-----------------------------------------------------------------------------------------------------------------------------
#                 Timing Point                  Flags    Arc   Edge      Cell        Fanout Load Trans Delay Arrival Instance 
#                                                                                           (fF)  (ps)  (ps)   (ps)  Location 
#-----------------------------------------------------------------------------------------------------------------------------
  DFF_9/q_reg/clk                               -       -      R     (arrival)           15    -     0     0       0    (-,-) 
  DFF_9/q_reg/q                                 (u)     clk->q R     unmapped_d_flop      3  4.1     0   576     576    (-,-) 
  DFF_9/ts_lockup_latchp_clkc1_intno9_i/Q_reg/d -       -      R     unmapped_latch       3    -     -     0     576    (-,-) 
#-----------------------------------------------------------------------------------------------------------------------------

(u) : Net has unmapped pin(s).



Path 2: MET (3173 ps) Setup Check with Pin DFF_10/q_reg/clk->d
          Group: C2C
     Startpoint: (R) DFF_1/q_reg/clk
          Clock: (R) sclk
       Endpoint: (R) DFF_10/q_reg/d
          Clock: (R) sclk

                     Capture       Launch     
        Clock Edge:+    5000            0     
       Src Latency:+       0            0     
       Net Latency:+       0 (I)        0 (I) 
           Arrival:=    5000            0     
                                              
             Setup:-     194                  
     Required Time:=    4806                  
      Launch Clock:-       0                  
         Data Path:-    1633                  
             Slack:=    3173                  

#--------------------------------------------------------------------------------------------------
#  Timing Point   Flags    Arc    Edge       Cell         Fanout Load Trans Delay Arrival Instance 
#                                                                (fF)  (ps)  (ps)   (ps)  Location 
#--------------------------------------------------------------------------------------------------
  DFF_1/q_reg/clk -       -       R     (arrival)             15    -     0     0       0    (-,-) 
  DFF_1/q_reg/q   (u)     clk->q  F     unmapped_d_flop       12 19.2     0   681     681    (-,-) 
  g653/z          (u)     in_0->z R     unmapped_complex2      1  1.9     0   102     783    (-,-) 
  g633/z          (u)     in_1->z R     unmapped_or2           1  1.9     0   102     885    (-,-) 
  g600/z          (u)     in_1->z R     unmapped_or2           2  3.8     0   119    1004    (-,-) 
  g482/z          (u)     in_0->z F     unmapped_nand2         1  1.6     0   102    1106    (-,-) 
  g577/z          (u)     in_0->z R     unmapped_nand2         2  3.8     0   119    1225    (-,-) 
  g569/z          (u)     in_1->z F     unmapped_complex2      1  1.6     0   102    1327    (-,-) 
  g568/z          (u)     in_0->z R     unmapped_complex2      1  1.9     0   102    1429    (-,-) 
  DFF_10/g15/z    (u)     in_0->z F     unmapped_complex2      1  1.6     0   102    1531    (-,-) 
  DFF_10/g13/z    (u)     in_0->z R     unmapped_nand2         1  1.9     0   102    1633    (-,-) 
  DFF_10/q_reg/d  -       -       R     unmapped_d_flop        1    -     -     0    1633    (-,-) 
#--------------------------------------------------------------------------------------------------

(u) : Net has unmapped pin(s).



Path 3: MET (3248 ps) Setup Check with Pin DFF_4/q_reg/clk->d
          Group: C2C
     Startpoint: (R) DFF_3/q_reg/clk
          Clock: (R) sclk
       Endpoint: (R) DFF_4/q_reg/d
          Clock: (R) sclk

                     Capture       Launch     
        Clock Edge:+    5000            0     
       Src Latency:+       0            0     
       Net Latency:+       0 (I)        0 (I) 
           Arrival:=    5000            0     
                                              
             Setup:-     194                  
     Required Time:=    4806                  
      Launch Clock:-       0                  
         Data Path:-    1558                  
             Slack:=    3248                  

#--------------------------------------------------------------------------------------------------
#  Timing Point   Flags    Arc    Edge       Cell         Fanout Load Trans Delay Arrival Instance 
#                                                                (fF)  (ps)  (ps)   (ps)  Location 
#--------------------------------------------------------------------------------------------------
  DFF_3/q_reg/clk -       -       R     (arrival)             15    -     0     0       0    (-,-) 
  DFF_3/q_reg/q   (u)     clk->q  R     unmapped_d_flop        8 15.2     0   659     659    (-,-) 
  g375/z          (u)     in_1->z F     unmapped_complex2      5  8.0     0   168     827    (-,-) 
  g623/z          (u)     in_1->z F     unmapped_or2           1  1.6     0   102     929    (-,-) 
  g610/z          (u)     in_1->z R     unmapped_complex2      2  3.8     0   119    1048    (-,-) 
  g585/z          (u)     in_1->z F     unmapped_complex2      1  1.6     0   102    1150    (-,-) 
  g586/z          (u)     in_1->z R     unmapped_nand2         1  1.9     0   102    1252    (-,-) 
  g661/z          (u)     in_0->z R     unmapped_complex2      1  1.9     0   102    1354    (-,-) 
  DFF_4/g15/z     (u)     in_0->z F     unmapped_complex2      1  1.6     0   102    1456    (-,-) 
  DFF_4/g13/z     (u)     in_0->z R     unmapped_nand2         1  1.9     0   102    1558    (-,-) 
  DFF_4/q_reg/d   -       -       R     unmapped_d_flop        1    -     -     0    1558    (-,-) 
#--------------------------------------------------------------------------------------------------

(u) : Net has unmapped pin(s).



Path 4: MET (3274 ps) Setup Check with Pin DFF_3/q_reg/clk->d
          Group: C2C
     Startpoint: (R) DFF_1/q_reg/clk
          Clock: (R) sclk
       Endpoint: (R) DFF_3/q_reg/d
          Clock: (R) sclk

                     Capture       Launch     
        Clock Edge:+    5000            0     
       Src Latency:+       0            0     
       Net Latency:+       0 (I)        0 (I) 
           Arrival:=    5000            0     
                                              
             Setup:-     194                  
     Required Time:=    4806                  
      Launch Clock:-       0                  
         Data Path:-    1532                  
             Slack:=    3274                  

#--------------------------------------------------------------------------------------------------
#  Timing Point   Flags    Arc    Edge       Cell         Fanout Load Trans Delay Arrival Instance 
#                                                                (fF)  (ps)  (ps)   (ps)  Location 
#--------------------------------------------------------------------------------------------------
  DFF_1/q_reg/clk -       -       R     (arrival)             15    -     0     0       0    (-,-) 
  DFF_1/q_reg/q   (u)     clk->q  R     unmapped_d_flop       12 22.8     0   681     681    (-,-) 
  g351/z          (u)     in_1->z F     unmapped_nand2         3  4.8     0   137     818    (-,-) 
  g631/z          (u)     in_0->z F     unmapped_or2           1  1.6     0   102     920    (-,-) 
  g605/z          (u)     in_0->z R     unmapped_nand2         1  1.9     0   102    1022    (-,-) 
  g594/z          (u)     in_0->z F     unmapped_nand2         1  1.6     0   102    1124    (-,-) 
  g582/z          (u)     in_0->z R     unmapped_complex2      1  1.9     0   102    1226    (-,-) 
  g659/z          (u)     in_0->z R     unmapped_complex2      1  1.9     0   102    1328    (-,-) 
  DFF_3/g15/z     (u)     in_0->z F     unmapped_complex2      1  1.6     0   102    1430    (-,-) 
  DFF_3/g13/z     (u)     in_0->z R     unmapped_nand2         1  1.9     0   102    1532    (-,-) 
  DFF_3/q_reg/d   -       -       R     unmapped_d_flop        1    -     -     0    1532    (-,-) 
#--------------------------------------------------------------------------------------------------

(u) : Net has unmapped pin(s).



Path 5: MET (3275 ps) Setup Check with Pin DFF_5/q_reg/clk->d
          Group: C2C
     Startpoint: (R) DFF_1/q_reg/clk
          Clock: (R) sclk
       Endpoint: (R) DFF_5/q_reg/d
          Clock: (R) sclk

                     Capture       Launch     
        Clock Edge:+    5000            0     
       Src Latency:+       0            0     
       Net Latency:+       0 (I)        0 (I) 
           Arrival:=    5000            0     
                                              
             Setup:-     194                  
     Required Time:=    4806                  
      Launch Clock:-       0                  
         Data Path:-    1531                  
             Slack:=    3275                  

#--------------------------------------------------------------------------------------------------
#  Timing Point   Flags    Arc    Edge       Cell         Fanout Load Trans Delay Arrival Instance 
#                                                                (fF)  (ps)  (ps)   (ps)  Location 
#--------------------------------------------------------------------------------------------------
  DFF_1/q_reg/clk -       -       R     (arrival)             15    -     0     0       0    (-,-) 
  DFF_1/q_reg/q   (u)     clk->q  F     unmapped_d_flop       12 19.2     0   681     681    (-,-) 
  g653/z          (u)     in_0->z R     unmapped_complex2      1  1.9     0   102     783    (-,-) 
  g633/z          (u)     in_1->z R     unmapped_or2           1  1.9     0   102     885    (-,-) 
  g600/z          (u)     in_1->z R     unmapped_or2           2  3.8     0   119    1004    (-,-) 
  g482/z          (u)     in_0->z F     unmapped_nand2         1  1.6     0   102    1106    (-,-) 
  g577/z          (u)     in_0->z R     unmapped_nand2         2  3.8     0   119    1225    (-,-) 
  g660/z          (u)     in_0->z R     unmapped_complex2      1  1.9     0   102    1327    (-,-) 
  DFF_5/g15/z     (u)     in_0->z F     unmapped_complex2      1  1.6     0   102    1429    (-,-) 
  DFF_5/g13/z     (u)     in_0->z R     unmapped_nand2         1  1.9     0   102    1531    (-,-) 
  DFF_5/q_reg/d   -       -       R     unmapped_d_flop        1    -     -     0    1531    (-,-) 
#--------------------------------------------------------------------------------------------------

(u) : Net has unmapped pin(s).



Path 6: MET (3280 ps) Setup Check with Pin DFF_9/q_reg/clk->d
          Group: C2C
     Startpoint: (R) DFF_3/q_reg/clk
          Clock: (R) sclk
       Endpoint: (R) DFF_9/q_reg/d
          Clock: (R) sclk

                     Capture       Launch     
        Clock Edge:+    5000            0     
       Src Latency:+       0            0     
       Net Latency:+       0 (I)        0 (I) 
           Arrival:=    5000            0     
                                              
             Setup:-     194                  
     Required Time:=    4806                  
      Launch Clock:-       0                  
         Data Path:-    1527                  
             Slack:=    3280                  

#--------------------------------------------------------------------------------------------------
#  Timing Point   Flags    Arc    Edge       Cell         Fanout Load Trans Delay Arrival Instance 
#                                                                (fF)  (ps)  (ps)   (ps)  Location 
#--------------------------------------------------------------------------------------------------
  DFF_3/q_reg/clk -       -       R     (arrival)             15    -     0     0       0    (-,-) 
  DFF_3/q_reg/q   (u)     clk->q  F     unmapped_d_flop        8 12.8     0   659     659    (-,-) 
  g647/z          (u)     in_1->z F     unmapped_or2           2  3.2     0   119     778    (-,-) 
  g627/z          (u)     in_1->z F     unmapped_or2           2  3.2     0   119     897    (-,-) 
  g599/z          (u)     in_1->z F     unmapped_or2           2  3.2     0   119    1017    (-,-) 
  g583/z          (u)     in_1->z R     unmapped_nand2         1  1.9     0   102    1119    (-,-) 
  g579/z          (u)     in_0->z R     unmapped_complex2      1  1.9     0   102    1221    (-,-) 
  g572/z          (u)     in_1->z R     unmapped_or2           1  1.9     0   102    1323    (-,-) 
  DFF_9/g15/z     (u)     in_0->z F     unmapped_complex2      1  1.6     0   102    1425    (-,-) 
  DFF_9/g13/z     (u)     in_0->z R     unmapped_nand2         1  1.9     0   102    1527    (-,-) 
  DFF_9/q_reg/d   -       -       R     unmapped_d_flop        1    -     -     0    1527    (-,-) 
#--------------------------------------------------------------------------------------------------

(u) : Net has unmapped pin(s).



Path 7: MET (3377 ps) Setup Check with Pin DFF_6/q_reg/clk->d
          Group: C2C
     Startpoint: (R) DFF_1/q_reg/clk
          Clock: (R) sclk
       Endpoint: (R) DFF_6/q_reg/d
          Clock: (R) sclk

                     Capture       Launch     
        Clock Edge:+    5000            0     
       Src Latency:+       0            0     
       Net Latency:+       0 (I)        0 (I) 
           Arrival:=    5000            0     
                                              
             Setup:-     194                  
     Required Time:=    4806                  
      Launch Clock:-       0                  
         Data Path:-    1429                  
             Slack:=    3377                  

#--------------------------------------------------------------------------------------------------
#  Timing Point   Flags    Arc    Edge       Cell         Fanout Load Trans Delay Arrival Instance 
#                                                                (fF)  (ps)  (ps)   (ps)  Location 
#--------------------------------------------------------------------------------------------------
  DFF_1/q_reg/clk -       -       R     (arrival)             15    -     0     0       0    (-,-) 
  DFF_1/q_reg/q   (u)     clk->q  R     unmapped_d_flop       12 22.8     0   681     681    (-,-) 
  g653/z          (u)     in_0->z F     unmapped_complex2      1  1.6     0   102     783    (-,-) 
  g633/z          (u)     in_1->z F     unmapped_or2           1  1.6     0   102     885    (-,-) 
  g600/z          (u)     in_1->z F     unmapped_or2           2  3.2     0   119    1004    (-,-) 
  g590/z          (u)     in_1->z R     unmapped_nand2         2  3.8     0   119    1123    (-,-) 
  g578/z          (u)     in_0->z R     unmapped_complex2      1  1.9     0   102    1225    (-,-) 
  DFF_6/g15/z     (u)     in_0->z F     unmapped_complex2      1  1.6     0   102    1327    (-,-) 
  DFF_6/g13/z     (u)     in_0->z R     unmapped_nand2         1  1.9     0   102    1429    (-,-) 
  DFF_6/q_reg/d   -       -       R     unmapped_d_flop        1    -     -     0    1429    (-,-) 
#--------------------------------------------------------------------------------------------------

(u) : Net has unmapped pin(s).



Path 8: MET (3382 ps) Setup Check with Pin DFF_8/q_reg/clk->d
          Group: C2C
     Startpoint: (R) DFF_3/q_reg/clk
          Clock: (R) sclk
       Endpoint: (R) DFF_8/q_reg/d
          Clock: (R) sclk

                     Capture       Launch     
        Clock Edge:+    5000            0     
       Src Latency:+       0            0     
       Net Latency:+       0 (I)        0 (I) 
           Arrival:=    5000            0     
                                              
             Setup:-     194                  
     Required Time:=    4806                  
      Launch Clock:-       0                  
         Data Path:-    1425                  
             Slack:=    3382                  

#--------------------------------------------------------------------------------------------------
#  Timing Point   Flags    Arc    Edge       Cell         Fanout Load Trans Delay Arrival Instance 
#                                                                (fF)  (ps)  (ps)   (ps)  Location 
#--------------------------------------------------------------------------------------------------
  DFF_3/q_reg/clk -       -       R     (arrival)             15    -     0     0       0    (-,-) 
  DFF_3/q_reg/q   (u)     clk->q  F     unmapped_d_flop        8 12.8     0   659     659    (-,-) 
  g647/z          (u)     in_1->z F     unmapped_or2           2  3.2     0   119     778    (-,-) 
  g627/z          (u)     in_1->z F     unmapped_or2           2  3.2     0   119     897    (-,-) 
  g601/z          (u)     in_1->z F     unmapped_complex2      2  3.2     0   119    1017    (-,-) 
  g593/z          (u)     in_1->z R     unmapped_nand2         1  1.9     0   102    1119    (-,-) 
  g576/z          (u)     in_0->z R     unmapped_complex2      1  1.9     0   102    1221    (-,-) 
  DFF_8/g15/z     (u)     in_0->z F     unmapped_complex2      1  1.6     0   102    1323    (-,-) 
  DFF_8/g13/z     (u)     in_0->z R     unmapped_nand2         1  1.9     0   102    1425    (-,-) 
  DFF_8/q_reg/d   -       -       R     unmapped_d_flop        1    -     -     0    1425    (-,-) 
#--------------------------------------------------------------------------------------------------

(u) : Net has unmapped pin(s).



Path 9: MET (3382 ps) Setup Check with Pin DFF_7/q_reg/clk->d
          Group: C2C
     Startpoint: (R) DFF_3/q_reg/clk
          Clock: (R) sclk
       Endpoint: (R) DFF_7/q_reg/d
          Clock: (R) sclk

                     Capture       Launch     
        Clock Edge:+    5000            0     
       Src Latency:+       0            0     
       Net Latency:+       0 (I)        0 (I) 
           Arrival:=    5000            0     
                                              
             Setup:-     194                  
     Required Time:=    4806                  
      Launch Clock:-       0                  
         Data Path:-    1425                  
             Slack:=    3382                  

#--------------------------------------------------------------------------------------------------
#  Timing Point   Flags    Arc    Edge       Cell         Fanout Load Trans Delay Arrival Instance 
#                                                                (fF)  (ps)  (ps)   (ps)  Location 
#--------------------------------------------------------------------------------------------------
  DFF_3/q_reg/clk -       -       R     (arrival)             15    -     0     0       0    (-,-) 
  DFF_3/q_reg/q   (u)     clk->q  F     unmapped_d_flop        8 12.8     0   659     659    (-,-) 
  g647/z          (u)     in_1->z F     unmapped_or2           2  3.2     0   119     778    (-,-) 
  g627/z          (u)     in_1->z F     unmapped_or2           2  3.2     0   119     897    (-,-) 
  g601/z          (u)     in_1->z F     unmapped_complex2      2  3.2     0   119    1017    (-,-) 
  g591/z          (u)     in_0->z R     unmapped_nand2         1  1.9     0   102    1119    (-,-) 
  g575/z          (u)     in_0->z R     unmapped_complex2      1  1.9     0   102    1221    (-,-) 
  DFF_7/g15/z     (u)     in_0->z F     unmapped_complex2      1  1.6     0   102    1323    (-,-) 
  DFF_7/g13/z     (u)     in_0->z R     unmapped_nand2         1  1.9     0   102    1425    (-,-) 
  DFF_7/q_reg/d   -       -       R     unmapped_d_flop        1    -     -     0    1425    (-,-) 
#--------------------------------------------------------------------------------------------------

(u) : Net has unmapped pin(s).



Path 10: MET (3438 ps) Setup Check with Pin DFF_11/q_reg/clk->d
          Group: C2C
     Startpoint: (R) DFF_3/q_reg/clk
          Clock: (R) sclk
       Endpoint: (R) DFF_11/q_reg/d
          Clock: (R) sclk

                     Capture       Launch     
        Clock Edge:+    5000            0     
       Src Latency:+       0            0     
       Net Latency:+       0 (I)        0 (I) 
           Arrival:=    5000            0     
                                              
             Setup:-     194                  
     Required Time:=    4806                  
      Launch Clock:-       0                  
         Data Path:-    1368                  
             Slack:=    3438                  

#--------------------------------------------------------------------------------------------------
#  Timing Point   Flags    Arc    Edge       Cell         Fanout Load Trans Delay Arrival Instance 
#                                                                (fF)  (ps)  (ps)   (ps)  Location 
#--------------------------------------------------------------------------------------------------
  DFF_3/q_reg/clk -       -       R     (arrival)             15    -     0     0       0    (-,-) 
  DFF_3/q_reg/q   (u)     clk->q  R     unmapped_d_flop        8 15.2     0   659     659    (-,-) 
  g647/z          (u)     in_1->z R     unmapped_or2           2  3.8     0   119     778    (-,-) 
  g630/z          (u)     in_0->z F     unmapped_complex2      6  9.6     0   182     960    (-,-) 
  g614/z          (u)     in_1->z F     unmapped_complex2      1  1.6     0   102    1062    (-,-) 
  g587/z          (u)     in_0->z R     unmapped_nand2         1  1.9     0   102    1164    (-,-) 
  DFF_11/g15/z    (u)     in_0->z F     unmapped_complex2      1  1.6     0   102    1266    (-,-) 
  DFF_11/g13/z    (u)     in_0->z R     unmapped_nand2         1  1.9     0   102    1368    (-,-) 
  DFF_11/q_reg/d  -       -       R     unmapped_d_flop        1    -     -     0    1368    (-,-) 
#--------------------------------------------------------------------------------------------------

(u) : Net has unmapped pin(s).



Path 11: MET (3469 ps) Setup Check with Pin DFF_1/q_reg/clk->d
          Group: C2C
     Startpoint: (R) DFF_3/q_reg/clk
          Clock: (R) sclk
       Endpoint: (R) DFF_1/q_reg/d
          Clock: (R) sclk

                     Capture       Launch     
        Clock Edge:+    5000            0     
       Src Latency:+       0            0     
       Net Latency:+       0 (I)        0 (I) 
           Arrival:=    5000            0     
                                              
             Setup:-     194                  
     Required Time:=    4806                  
      Launch Clock:-       0                  
         Data Path:-    1337                  
             Slack:=    3469                  

#--------------------------------------------------------------------------------------------------
#  Timing Point   Flags    Arc    Edge       Cell         Fanout Load Trans Delay Arrival Instance 
#                                                                (fF)  (ps)  (ps)   (ps)  Location 
#--------------------------------------------------------------------------------------------------
  DFF_3/q_reg/clk -       -       R     (arrival)             15    -     0     0       0    (-,-) 
  DFF_3/q_reg/q   (u)     clk->q  F     unmapped_d_flop        8 12.8     0   659     659    (-,-) 
  g375/z          (u)     in_1->z R     unmapped_complex2      5  9.5     0   168     827    (-,-) 
  g616/z          (u)     in_0->z F     unmapped_complex2      1  1.6     0   102     929    (-,-) 
  g604/z          (u)     in_0->z R     unmapped_nand2         1  1.9     0   102    1031    (-,-) 
  g657/z          (u)     in_0->z R     unmapped_complex2      1  1.9     0   102    1133    (-,-) 
  DFF_1/g15/z     (u)     in_0->z F     unmapped_complex2      1  1.6     0   102    1235    (-,-) 
  DFF_1/g13/z     (u)     in_0->z R     unmapped_nand2         1  1.9     0   102    1337    (-,-) 
  DFF_1/q_reg/d   -       -       R     unmapped_d_flop        1    -     -     0    1337    (-,-) 
#--------------------------------------------------------------------------------------------------

(u) : Net has unmapped pin(s).



Path 12: MET (3478 ps) Setup Check with Pin DFF_2/q_reg/clk->d
          Group: C2C
     Startpoint: (R) DFF_1/q_reg/clk
          Clock: (R) sclk
       Endpoint: (R) DFF_2/q_reg/d
          Clock: (R) sclk

                     Capture       Launch     
        Clock Edge:+    5000            0     
       Src Latency:+       0            0     
       Net Latency:+       0 (I)        0 (I) 
           Arrival:=    5000            0     
                                              
             Setup:-     194                  
     Required Time:=    4806                  
      Launch Clock:-       0                  
         Data Path:-    1328                  
             Slack:=    3478                  

#--------------------------------------------------------------------------------------------------
#  Timing Point   Flags    Arc    Edge       Cell         Fanout Load Trans Delay Arrival Instance 
#                                                                (fF)  (ps)  (ps)   (ps)  Location 
#--------------------------------------------------------------------------------------------------
  DFF_1/q_reg/clk -       -       R     (arrival)             15    -     0     0       0    (-,-) 
  DFF_1/q_reg/q   (u)     clk->q  R     unmapped_d_flop       12 22.8     0   681     681    (-,-) 
  g351/z          (u)     in_1->z F     unmapped_nand2         3  4.8     0   137     818    (-,-) 
  g618/z          (u)     in_0->z F     unmapped_or2           1  1.6     0   102     920    (-,-) 
  g619/z          (u)     in_1->z R     unmapped_nand2         1  1.9     0   102    1022    (-,-) 
  g658/z          (u)     in_0->z R     unmapped_complex2      1  1.9     0   102    1124    (-,-) 
  DFF_2/g15/z     (u)     in_0->z F     unmapped_complex2      1  1.6     0   102    1226    (-,-) 
  DFF_2/g13/z     (u)     in_0->z R     unmapped_nand2         1  1.9     0   102    1328    (-,-) 
  DFF_2/q_reg/d   -       -       R     unmapped_d_flop        1    -     -     0    1328    (-,-) 
#--------------------------------------------------------------------------------------------------

(u) : Net has unmapped pin(s).



Path 13: MET (3671 ps) Setup Check with Pin DFF_12/q_reg/clk->d
          Group: C2C
     Startpoint: (R) DFF_12/q_reg/clk
          Clock: (R) sclk
       Endpoint: (R) DFF_12/q_reg/d
          Clock: (R) sclk

                     Capture       Launch     
        Clock Edge:+    5000            0     
       Src Latency:+       0            0     
       Net Latency:+       0 (I)        0 (I) 
           Arrival:=    5000            0     
                                              
             Setup:-     194                  
     Required Time:=    4806                  
      Launch Clock:-       0                  
         Data Path:-    1135                  
             Slack:=    3671                  

#---------------------------------------------------------------------------------------------------
#  Timing Point    Flags    Arc    Edge       Cell         Fanout Load Trans Delay Arrival Instance 
#                                                                 (fF)  (ps)  (ps)   (ps)  Location 
#---------------------------------------------------------------------------------------------------
  DFF_12/q_reg/clk -       -       R     (arrival)             15    -     0     0       0    (-,-) 
  DFF_12/q_reg/q   (u)     clk->q  R     unmapped_d_flop        5  9.5     0   625     625    (-,-) 
  g645/z           (u)     in_0->z F     unmapped_complex2      1  1.6     0   102     727    (-,-) 
  g646/z           (u)     in_1->z R     unmapped_nand2         1  1.9     0   102     829    (-,-) 
  g656/z           (u)     in_0->z R     unmapped_complex2      1  1.9     0   102     931    (-,-) 
  DFF_12/g15/z     (u)     in_0->z F     unmapped_complex2      1  1.6     0   102    1033    (-,-) 
  DFF_12/g13/z     (u)     in_0->z R     unmapped_nand2         1  1.9     0   102    1135    (-,-) 
  DFF_12/q_reg/d   -       -       R     unmapped_d_flop        1    -     -     0    1135    (-,-) 
#---------------------------------------------------------------------------------------------------

(u) : Net has unmapped pin(s).



Path 14: MET (3685 ps) Setup Check with Pin DFF_13/q_reg/clk->d
          Group: C2C
     Startpoint: (R) DFF_13/q_reg/clk
          Clock: (R) sclk
       Endpoint: (R) DFF_13/q_reg/d
          Clock: (R) sclk

                     Capture       Launch     
        Clock Edge:+    5000            0     
       Src Latency:+       0            0     
       Net Latency:+       0 (I)        0 (I) 
           Arrival:=    5000            0     
                                              
             Setup:-     194                  
     Required Time:=    4806                  
      Launch Clock:-       0                  
         Data Path:-    1121                  
             Slack:=    3685                  

#---------------------------------------------------------------------------------------------------
#  Timing Point    Flags    Arc    Edge       Cell         Fanout Load Trans Delay Arrival Instance 
#                                                                 (fF)  (ps)  (ps)   (ps)  Location 
#---------------------------------------------------------------------------------------------------
  DFF_13/q_reg/clk -       -       R     (arrival)             15    -     0     0       0    (-,-) 
  DFF_13/q_reg/q   (u)     clk->q  R     unmapped_d_flop        4  7.6     0   611     611    (-,-) 
  g642/z           (u)     in_0->z F     unmapped_complex2      1  1.6     0   102     713    (-,-) 
  g643/z           (u)     in_1->z R     unmapped_nand2         1  1.9     0   102     815    (-,-) 
  g655/z           (u)     in_0->z R     unmapped_complex2      1  1.9     0   102     917    (-,-) 
  DFF_13/g15/z     (u)     in_0->z F     unmapped_complex2      1  1.6     0   102    1019    (-,-) 
  DFF_13/g13/z     (u)     in_0->z R     unmapped_nand2         1  1.9     0   102    1121    (-,-) 
  DFF_13/q_reg/d   -       -       R     unmapped_d_flop        1    -     -     0    1121    (-,-) 
#---------------------------------------------------------------------------------------------------

(u) : Net has unmapped pin(s).



Path 15: MET (3841 ps) Setup Check with Pin DFF_0/q_reg/clk->d
          Group: C2C
     Startpoint: (R) DFF_0/q_reg/clk
          Clock: (R) sclk
       Endpoint: (R) DFF_0/q_reg/d
          Clock: (R) sclk

                     Capture       Launch     
        Clock Edge:+    5000            0     
       Src Latency:+       0            0     
       Net Latency:+       0 (I)        0 (I) 
           Arrival:=    5000            0     
                                              
             Setup:-     194                  
     Required Time:=    4806                  
      Launch Clock:-       0                  
         Data Path:-     965                  
             Slack:=    3841                  

#--------------------------------------------------------------------------------------------------
#  Timing Point   Flags    Arc    Edge       Cell         Fanout Load Trans Delay Arrival Instance 
#                                                                (fF)  (ps)  (ps)   (ps)  Location 
#--------------------------------------------------------------------------------------------------
  DFF_0/q_reg/clk -       -       R     (arrival)             15    -     0     0       0    (-,-) 
  DFF_0/q_reg/q   (u)     clk->q  F     unmapped_d_flop        8 12.8     0   659     659    (-,-) 
  g654/z          (u)     in_1->z R     unmapped_nor2          1  1.9     0   102     761    (-,-) 
  DFF_0/g15/z     (u)     in_0->z F     unmapped_complex2      1  1.6     0   102     863    (-,-) 
  DFF_0/g13/z     (u)     in_0->z R     unmapped_nand2         1  1.9     0   102     965    (-,-) 
  DFF_0/q_reg/d   -       -       R     unmapped_d_flop        1    -     -     0     965    (-,-) 
#--------------------------------------------------------------------------------------------------

(u) : Net has unmapped pin(s).

Some unconstrained paths have not been displayed.
Use -unconstrained or set the root attribute 'timing_report_unconstrained' to 'true' to see only these unconstrained paths.

