============================================================
  Generated by:           Genus(TM) Synthesis Solution 20.11-s111_1
  Generated on:           Mar 12 2025  03:21:44 pm
  Module:                 s298
  Operating conditions:   slow (balanced_tree)
  Wireload mode:          enclosed
  Area mode:              timing library
============================================================

              Instance                    Module       Cell Count  Cell Area  Net Area   Total Area       Wireload      
------------------------------------------------------------------------------------------------------------------------
s298                                                           71    141.778    32.843      174.621 5K_hvratio_1_1 (D)  
  DFF_0                             dff                         1      6.118     0.000        6.118 5K_hvratio_1_1 (D)  
  DFF_1                             dff_26                      1      6.118     0.000        6.118 5K_hvratio_1_1 (D)  
  DFF_2                             dff_25                      1      6.118     0.000        6.118 5K_hvratio_1_1 (D)  
  DFF_3                             dff_24                      1      6.118     0.000        6.118 5K_hvratio_1_1 (D)  
  DFF_4                             dff_23                      1      6.118     0.000        6.118 5K_hvratio_1_1 (D)  
  DFF_5                             dff_22                      1      6.118     0.000        6.118 5K_hvratio_1_1 (D)  
  DFF_6                             dff_21                      1      6.118     0.000        6.118 5K_hvratio_1_1 (D)  
  DFF_7                             dff_20                      1      6.118     0.000        6.118 5K_hvratio_1_1 (D)  
  DFF_8                             dff_19                      1      6.118     0.000        6.118 5K_hvratio_1_1 (D)  
  DFF_9                             dff_18                      2      9.044     0.000        9.044 5K_hvratio_1_1 (D)  
    ts_lockup_latchp_clkc1_intno9_i active_high_latch           1      2.926     0.000        2.926 5K_hvratio_1_1 (D)  
  DFF_10                            dff_17                      1      6.118     0.000        6.118 5K_hvratio_1_1 (D)  
  DFF_11                            dff_16                      1      6.118     0.000        6.118 5K_hvratio_1_1 (D)  
  DFF_12                            dff_15                      1      6.118     0.000        6.118 5K_hvratio_1_1 (D)  
  DFF_13                            dff_14                      1      6.118     0.000        6.118 5K_hvratio_1_1 (D)  
  (D) = wireload is default in technology library
