###############################################################
#  Generated by:      Cadence Tempus 20.20-p001_1
#  OS:                Linux x86_64(Host ID APL10.kletech.ac.in)
#  Generated on:      Fri Apr 11 18:04:06 2025
#  Design:            vorca
#  Command:           report_constraint -all_violators > reports_Apr11-18:04:06/allviol.rpt
###############################################################
# format : frame 0 : split 1

max_delay/setup
---------------------------
      ------------------------------------------------------------------------------------------------  
       End Point                                  Slack      Cause                                      
      ------------------------------------------------------------------------------------------------  
      f32_mux_1_data_reg_15_/D r                 -0.751     VIOLATED
      f32_mux_1_data_reg_14_/D r                 -0.751     VIOLATED
      f32_mux_1_data_reg_13_/D r                 -0.751     VIOLATED
      f32_mux_1_data_reg_12_/D r                 -0.751     VIOLATED
      f32_mux_1_data_reg_11_/D r                 -0.751     VIOLATED
      f32_mux_1_data_reg_10_/D r                 -0.751     VIOLATED
      f32_mux_1_data_reg_20_/D r                 -0.750     VIOLATED
      f32_mux_1_data_reg_18_/D r                 -0.750     VIOLATED
      f32_mux_1_data_reg_17_/D r                 -0.750     VIOLATED
      f32_mux_1_data_reg_16_/D r                 -0.750     VIOLATED
      f32_mux_1_data_reg_5_/D r                  -0.735     VIOLATED
      f32_mux_1_data_reg_3_/D r                  -0.735     VIOLATED
      f32_mux_1_data_reg_2_/D r                  -0.735     VIOLATED
      f32_mux_1_data_reg_21_/D r                 -0.735     VIOLATED
      f32_mux_1_data_reg_8_/D r                  -0.735     VIOLATED
      f32_mux_1_data_reg_7_/D r                  -0.735     VIOLATED
      f32_mux_1_data_reg_22_/D r                 -0.735     VIOLATED
      f32_mux_1_data_reg_19_/D r                 -0.735     VIOLATED
      f32_mux_1_data_reg_6_/D r                  -0.735     VIOLATED
      f32_mux_1_data_reg_4_/D r                  -0.735     VIOLATED
      f32_mux_1_data_reg_1_/D r                  -0.735     VIOLATED
      f32_mux_1_data_reg_31_/D r                 -0.729     VIOLATED
      f32_mux_1_data_reg_26_/D r                 -0.729     VIOLATED
      f32_mux_1_data_reg_25_/D r                 -0.729     VIOLATED
      f32_mux_1_data_reg_24_/D r                 -0.729     VIOLATED
      f32_mux_0_data_reg_19_/D r                 -0.704     VIOLATED
      f32_mux_0_data_reg_20_/D r                 -0.704     VIOLATED
      f32_mux_0_data_reg_21_/D r                 -0.704     VIOLATED
      f32_mux_0_data_reg_22_/D r                 -0.704     VIOLATED
      f32_mux_0_data_reg_23_/D r                 -0.704     VIOLATED
      f32_mux_0_data_reg_15_/D r                 -0.700     VIOLATED
      f32_mux_0_data_reg_14_/D r                 -0.700     VIOLATED
      f32_mux_0_data_reg_13_/D r                 -0.700     VIOLATED
      f32_mux_0_data_reg_12_/D r                 -0.700     VIOLATED
      f32_mux_0_data_reg_11_/D r                 -0.700     VIOLATED
      f32_mux_0_data_reg_10_/D r                 -0.700     VIOLATED
      f32_mux_0_data_reg_9_/D r                  -0.700     VIOLATED
      f32_mux_0_data_reg_8_/D r                  -0.700     VIOLATED
      f32_mux_0_data_reg_7_/D r                  -0.700     VIOLATED
      f32_mux_0_data_reg_6_/D r                  -0.700     VIOLATED
      f32_mux_0_data_reg_5_/D r                  -0.700     VIOLATED
      f32_mux_0_data_reg_4_/D r                  -0.700     VIOLATED
      f32_mux_0_data_reg_3_/D r                  -0.700     VIOLATED
      f32_mux_1_data_reg_0_/D r                  -0.653     VIOLATED
      f32_mux_1_data_reg_9_/D r                  -0.653     VIOLATED
      f32_mux_1_data_reg_23_/D r                 -0.653     VIOLATED
      f32_mux_0_data_reg_24_/D r                 -0.647     VIOLATED
      f32_mux_0_data_reg_25_/D r                 -0.647     VIOLATED
      f32_mux_0_data_reg_26_/D r                 -0.647     VIOLATED
      f32_mux_0_data_reg_0_/D r                  -0.646     VIOLATED
      f32_mux_0_data_reg_31_/D r                 -0.631     VIOLATED
      f32_mux_0_data_reg_16_/D r                 -0.627     VIOLATED
      f32_mux_0_data_reg_17_/D r                 -0.627     VIOLATED
      f32_mux_0_data_reg_18_/D r                 -0.627     VIOLATED
      f32_mux_0_data_reg_2_/D r                  -0.626     VIOLATED
      f32_mux_0_data_reg_1_/D r                  -0.626     VIOLATED
      f32_mux_1_data_reg_30_/D r                 -0.593     VIOLATED
      f32_mux_1_data_reg_29_/D r                 -0.593     VIOLATED
      f32_mux_1_data_reg_27_/D r                 -0.593     VIOLATED
      f32_mux_1_data_reg_28_/D r                 -0.592     VIOLATED
      f32_mux_0_data_reg_27_/D r                 -0.530     VIOLATED
      f32_mux_0_data_reg_28_/D r                 -0.530     VIOLATED
      f32_mux_0_data_reg_29_/D r                 -0.530     VIOLATED
      f32_mux_0_data_reg_30_/D r                 -0.530     VIOLATED
      f_err_ack_reg/D r                          -0.382     VIOLATED
      u_survik/o_dbg_config_reg_0_/D r           -0.346     VIOLATED
      o_reg_read_reg/D f                         -0.221     VIOLATED
      o_err_ack r                                -0.181     VIOLATED
      u_survik/clk_gate_spare_config/E r         -0.145     VIOLATED
      u_survik/clk_gate_config/E r               -0.063     VIOLATED
      ------------------------------------------------------------------------------------------------

min_delay/hold
---------------------------
      ------------------------------------------------------------------------------------------------  
       End Point                                  Slack      Cause                                      
      ------------------------------------------------------------------------------------------------  
      u_survik/o_adj_config_reg_0_/RN r          -0.050     VIOLATED
      u_survik/o_adj_config_reg_1_/RN r          -0.050     VIOLATED
      u_survik/o_adj_config_reg_2_/RN r          -0.050     VIOLATED
      u_survik/o_adj_config_reg_3_/RN r          -0.050     VIOLATED
      u_survik/o_adj_config_reg_4_/RN r          -0.050     VIOLATED
      u_survik/o_adj_config_reg_5_/RN r          -0.050     VIOLATED
      u_survik/o_adj_config_reg_6_/RN r          -0.050     VIOLATED
      u_survik/o_adj_config_reg_7_/RN r          -0.050     VIOLATED
      u_survik/o_adj_config_reg_8_/RN r          -0.050     VIOLATED
      u_survik/o_adj_config_reg_9_/RN r          -0.050     VIOLATED
      u_survik/o_adj_config_reg_10_/RN r         -0.050     VIOLATED
      f32_mux_0_data_reg_17_/RN r                -0.050     VIOLATED
      o_reg_addr_reg_5_/RN r                     -0.050     VIOLATED
      o_reg_addr_reg_7_/RN r                     -0.050     VIOLATED
      f_ack_reg/RN r                             -0.050     VIOLATED
      f_state_reg_1_/RN r                        -0.050     VIOLATED
      f32_mux_0_data_reg_15_/RN r                -0.049     VIOLATED
      f32_mux_0_data_reg_16_/RN r                -0.049     VIOLATED
      o_reg_addr_reg_6_/RN r                     -0.049     VIOLATED
      n_write_reg/RN r                           -0.049     VIOLATED
      f_state_reg_2_/RN r                        -0.049     VIOLATED
      ------------------------------------------------------------------------------------------------

Check type : clock_period
---------------------------
No paths found

Check type : skew
---------------------------
No paths found

Check type : pulse_width
---------------------------
 No violating Checks with given description found

Check type : max_transition
---------------------------
 No Violations found

Check type : min_transition
---------------------------
 No Violations found

Check type : max_capacitance
---------------------------
 No Violations found

Check type : min_capacitance
---------------------------
 No Violations found

Check type : max_fanout
---------------------------
 No Violations found

Check type : min_fanout
---------------------------
 No Violations found
