###############################################################
#  Generated by:      Cadence Tempus 20.20-p001_1
#  OS:                Linux x86_64(Host ID APL10.kletech.ac.in)
#  Generated on:      Fri Apr 11 18:04:06 2025
#  Design:            vorca
#  Command:           report_analysis_summary                                         > ${reportDir}/analysis_summary.rpt
###############################################################

REPORT ANALYSIS SUMMARY (View:default_emulate_view) (EL:Setup)
=========================================================================================================================================================================================================

GroupType:ClockGate
=========================================================================================================================================================================================================

         All                             IN2REG                          IN2OUT                           REG2REG                              REG2OUT
    -----------------------------------------------------------------------------------------------------------------------------------------------------------------------------------------------------  
     WNS:TNS:#VIO                     WNS:TNS:#VIO                     WNS:TNS:#VIO                     WNS:TNS:#VIO                     WNS:TNS:#VIO                     FromClk->ToClk                   
    -----------------------------------------------------------------------------------------------------------------------------------------------------------------------------------------------------  
    -0.145:-0.208:2                  0.000:0.000:0                    0.000:0.000:0                    -0.145:-0.208:2                  0.000:0.000:0                    *->*

GroupType:Standard
=========================================================================================================================================================================================================

         All                             IN2REG                          IN2OUT                           REG2REG                              REG2OUT
    -----------------------------------------------------------------------------------------------------------------------------------------------------------------------------------------------------  
     WNS:TNS:#VIO                     WNS:TNS:#VIO                     WNS:TNS:#VIO                     WNS:TNS:#VIO                     WNS:TNS:#VIO                     FromClk->ToClk                   
    -----------------------------------------------------------------------------------------------------------------------------------------------------------------------------------------------------  
    -0.751:-68.983:134               -0.443:-23.918:66                0.000:0.000:0                    -0.751:-44.884:67                -0.181:-0.181:1                  *->clk

REPORT ANALYSIS SUMMARY (View:default_emulate_view) (EL:Hold)
=========================================================================================================================================================================================================

GroupType:Async
=========================================================================================================================================================================================================

         All                             IN2REG                          IN2OUT                           REG2REG                              REG2OUT
    -----------------------------------------------------------------------------------------------------------------------------------------------------------------------------------------------------  
     WNS:TNS:#VIO                     WNS:TNS:#VIO                     WNS:TNS:#VIO                     WNS:TNS:#VIO                     WNS:TNS:#VIO                     FromClk->ToClk                   
    -----------------------------------------------------------------------------------------------------------------------------------------------------------------------------------------------------  
    -0.050:-1.054:21                 -0.050:-1.054:21                 0.000:0.000:0                    0.000:0.000:0                    0.000:0.000:0                    *->*
