============================================================
  Generated by:           Genus(TM) Synthesis Solution 20.11-s111_1
  Generated on:           Apr 16 2025  03:54:05 pm
  Module:                 memory_system_with_lib
  Operating conditions:   slow (balanced_tree)
  Wireload mode:          enclosed
  Area mode:              timing library
============================================================

                                                      Leakage    
           Gate            Instances     Area       Power (nW)              Library           
----------------------------------------------------------------------------------------------
sram_sp_32768d_33w_16m_8b          8  8000000.000  800000064.000    sram_sp_32768d_33w_16m_8b 
----------------------------------------------------------------------------------------------
total                              8  8000000.000  800000064.000                              


                                               Leakage    Leakage 
     Type      Instances     Area    Area %   Power (nW)  Power % 
------------------------------------------------------------------
timing_model           8 8000000.000  100.0 800000064.000   100.0 
tristate              16       0.000    0.0       135.984     0.0 
logic                269       0.000    0.0       563.514     0.0 
physical_cells         0       0.000    0.0         0.000     0.0 
------------------------------------------------------------------
total                293 8000000.000  100.0 800000763.498   100.0 

