============================================================
  Generated by:           Genus(TM) Synthesis Solution 20.11-s111_1
  Generated on:           Apr 16 2025  03:54:05 pm
  Module:                 memory_system_with_lib
  Operating conditions:   slow (balanced_tree)
  Wireload mode:          enclosed
  Area mode:              timing library
============================================================

       Instance              Module       Cell Count   Cell Area  Net Area   Total Area       Wireload      
------------------------------------------------------------------------------------------------------------
memory_system_with_lib                           293 8000282.663    42.266  8000324.929 5K_hvratio_1_1 (D)  
  mem0                 memory_wrapper              1 1000000.000     0.000  1000000.000 5K_hvratio_1_1 (D)  
  mem1                 memory_wrapper_21           1 1000000.000     0.000  1000000.000 5K_hvratio_1_1 (D)  
  mem2                 memory_wrapper_20           1 1000000.000     0.000  1000000.000 5K_hvratio_1_1 (D)  
  mem3                 memory_wrapper_19           1 1000000.000     0.000  1000000.000 5K_hvratio_1_1 (D)  
  mem4                 memory_wrapper_18           1 1000000.000     0.000  1000000.000 5K_hvratio_1_1 (D)  
  mem5                 memory_wrapper_17           1 1000000.000     0.000  1000000.000 5K_hvratio_1_1 (D)  
  mem6                 memory_wrapper_16           1 1000000.000     0.000  1000000.000 5K_hvratio_1_1 (D)  
  mem7                 memory_wrapper_15           1 1000000.000     0.000  1000000.000 5K_hvratio_1_1 (D)  
  mem_selector         decoder_3to8               12      11.902     0.000       11.902 5K_hvratio_1_1 (D)  
  (D) = wireload is default in technology library
