Command: report datapath > ./OUTPUTS_Apr14-12:55:00/REPORTS_Apr14-12:55:00/generic/counter_datapath.rpt
============================================================
  Generated by:           Genus(TM) Synthesis Solution 20.11-s111_1
  Generated on:           Apr 14 2025  12:55:02 pm
  Module:                 counter
  Operating conditions:   slow (balanced_tree)
  Wireload mode:          enclosed
  Area mode:              timing library
============================================================


Inferred components

              Operator Signedness Inputs Outputs CellArea 
==========================================================
counter
 inc_add_16_8
  
  module:increment_unsigned_61
   very_fast increment unsigned   32x1   32        149.76 
==========================================================

      Type       CellArea Percentage 
-------------------------------------
datapath modules   149.76      46.04 
external muxes       0.00       0.00 
others             175.55      53.96 
-------------------------------------
total              325.31     100.00 

