

Working Directory = /home/01fe21bec223/DFT_TESSENT/GENUS/work_cntr
QoS Summary for random_counter_lfsr
==========================================================================================
Metric                          generic         map             opt             final          
==========================================================================================
Slack (ps):                     4,008           3,981           3,981           3,981
  R2R (ps):                     4,008           3,981           3,981           3,981
  I2R (ps):                  no_value        no_value        no_value        no_value
  R2O (ps):                  no_value        no_value        no_value        no_value
  I2O (ps):                  no_value        no_value        no_value        no_value
  CG  (ps):                  no_value        no_value        no_value        no_value
TNS (ps):                           0               0               0               0
  R2R (ps):                         0               0               0               0
  I2R (ps):                  no_value        no_value        no_value        no_value
  R2O (ps):                  no_value        no_value        no_value        no_value
  I2O (ps):                  no_value        no_value        no_value        no_value
  CG  (ps):                  no_value        no_value        no_value        no_value
Failing Paths:                      0               0               0               0
Cell Area:                         31              56              56              56
Total Cell Area:                   31              56              56              56
Leaf Instances:                    18              21              21              21
Total Instances:                   18              21              21              21
Utilization (%):                 0.00            0.00            0.00            0.00
Tot. Net Length (um):        no_value        no_value        no_value        no_value
Avg. Net Length (um):        no_value        no_value        no_value        no_value
Route Overflow H (%):        no_value        no_value        no_value        no_value
Route Overflow V (%):        no_value        no_value        no_value        no_value
MBCI(%) (bits/gate) :            0.00            0.00            0.00            0.00
Norm Cong Hotspot Area:
  Max Cong:                  no_value        no_value        no_value        no_value
  Tot Cong:                  no_value        no_value        no_value        no_value
==========================================================================================
CPU  Runtime (h:m:s):        00:30:03        00:30:01        00:30:00        00:30:00
Real Runtime (h:m:s):        00:30:03        00:30:01        00:30:00        00:30:00
CPU  Elapsed (h:m:s):        00:30:05        00:30:06        00:30:06        00:30:06
Real Elapsed (h:m:s):        00:30:04        00:30:05        00:30:05        00:30:05
Memory (MB):                  1056.65         1098.32         1063.31         1063.31
==========================================================================================
==========================================================================================
Flow Settings:
==========================================================================================
Total Runtime (h:m:s): 00:30:05
Total Memory (MB):     1063.31
Executable Version:    20.11-s111_1
==========================================================================================
Total Cell Area =  Cell Area + Physical Cell Area
Total Instances =  Leaf Instances + Physical Instances


