============================================================
  Generated by:           Genus(TM) Synthesis Solution 20.11-s111_1
  Generated on:           Apr 14 2025  03:21:55 pm
  Module:                 random_counter_lfsr
  Operating conditions:   slow (balanced_tree)
  Wireload mode:          enclosed
  Area mode:              timing library
============================================================

Timing
--------

Clock Period 
-------------
clk   5000.0 


  Cost    Critical         Violating 
 Group   Path Slack  TNS     Paths   
-------------------------------------
C2C          4007.9   0.0          0 
C2O        No paths   0.0            
clk        No paths   0.0            
default    No paths   0.0            
I2C        No paths   0.0            
I2O        No paths   0.0            
-------------------------------------
Total                 0.0          0 

Instance Count
--------------
Leaf Instance Count             18 
Physical Instance count          0 
Sequential Instance Count        5 
Combinational Instance Count    13 
Hierarchical Instance Count      5 

Area
----
Cell Area                          30.250
Physical Cell Area                 0.000
Total Cell Area (Cell+Physical)    30.250
Net Area                           0.712
Total Area (Cell+Physical+Net)     30.962

Runtime                            0.0 seconds
Elapsed Runtime                    7 seconds
Genus peak memory usage            1056.65 
Innovus peak memory usage          no_value 
Hostname                           localhost
