============================================================
  Generated by:           Genus(TM) Synthesis Solution 20.11-s111_1
  Generated on:           Apr 14 2025  03:21:55 pm
  Module:                 random_counter_lfsr
  Operating conditions:   slow (balanced_tree)
  Wireload mode:          enclosed
  Area mode:              timing library
============================================================


Path 1: MET (4008 ps) Setup Check with Pin u2/q_reg/clk->d
          Group: C2C
     Startpoint: (R) u4/q_reg/clk
          Clock: (R) clk
       Endpoint: (R) u2/q_reg/d
          Clock: (R) clk

                     Capture       Launch     
        Clock Edge:+    5000            0     
       Src Latency:+       0            0     
       Net Latency:+       0 (I)        0 (I) 
           Arrival:=    5000            0     
                                              
             Setup:-     194                  
     Required Time:=    4806                  
      Launch Clock:-       0                  
         Data Path:-     798                  
             Slack:=    4008                  

#-------------------------------------------------------------------------------------------------
# Timing Point   Flags    Arc    Edge       Cell         Fanout Load Trans Delay Arrival Instance 
#                                                               (fF)  (ps)  (ps)   (ps)  Location 
#-------------------------------------------------------------------------------------------------
  u4/q_reg/clk   -       -       R     (arrival)              5    -     0     0       0    (-,-) 
  u4/q_reg/q     (u)     clk->q  R     unmapped_d_flop        4  6.0     0   594     594    (-,-) 
  g2/z           (u)     in_1->z F     unmapped_complex2      1  1.6     0   102     696    (-,-) 
  g3/z           (u)     in_1->z R     unmapped_nand2         1  1.9     0   102     798    (-,-) 
  u2/q_reg/d     -       -       R     unmapped_d_flop        1    -     -     0     798    (-,-) 
#-------------------------------------------------------------------------------------------------

(u) : Net has unmapped pin(s).



Path 2: MET (4212 ps) Setup Check with Pin u0/q_reg/clk->d
          Group: C2C
     Startpoint: (R) u4/q_reg/clk
          Clock: (R) clk
       Endpoint: (R) u0/q_reg/d
          Clock: (R) clk

                     Capture       Launch     
        Clock Edge:+    5000            0     
       Src Latency:+       0            0     
       Net Latency:+       0 (I)        0 (I) 
           Arrival:=    5000            0     
                                              
             Setup:-     194                  
     Required Time:=    4806                  
      Launch Clock:-       0                  
         Data Path:-     594                  
             Slack:=    4212                  

#----------------------------------------------------------------------------------------------
# Timing Point   Flags    Arc   Edge      Cell        Fanout Load Trans Delay Arrival Instance 
#                                                            (fF)  (ps)  (ps)   (ps)  Location 
#----------------------------------------------------------------------------------------------
  u4/q_reg/clk   -       -      R     (arrival)            5    -     0     0       0    (-,-) 
  u4/q_reg/q     (u)     clk->q R     unmapped_d_flop      4  6.0     0   594     594    (-,-) 
  u0/q_reg/d     -       -      R     unmapped_d_flop      4    -     -     0     594    (-,-) 
#----------------------------------------------------------------------------------------------

(u) : Net has unmapped pin(s).



Path 3: MET (4247 ps) Setup Check with Pin u4/q_reg/clk->d
          Group: C2C
     Startpoint: (R) u3/q_reg/clk
          Clock: (R) clk
       Endpoint: (R) u4/q_reg/d
          Clock: (R) clk

                     Capture       Launch     
        Clock Edge:+    5000            0     
       Src Latency:+       0            0     
       Net Latency:+       0 (I)        0 (I) 
           Arrival:=    5000            0     
                                              
             Setup:-     194                  
     Required Time:=    4806                  
      Launch Clock:-       0                  
         Data Path:-     559                  
             Slack:=    4247                  

#----------------------------------------------------------------------------------------------
# Timing Point   Flags    Arc   Edge      Cell        Fanout Load Trans Delay Arrival Instance 
#                                                            (fF)  (ps)  (ps)   (ps)  Location 
#----------------------------------------------------------------------------------------------
  u3/q_reg/clk   -       -      R     (arrival)            5    -     0     0       0    (-,-) 
  u3/q_reg/q     (u)     clk->q R     unmapped_d_flop      2  2.2     0   559     559    (-,-) 
  u4/q_reg/d     -       -      R     unmapped_d_flop      2    -     -     0     559    (-,-) 
#----------------------------------------------------------------------------------------------

(u) : Net has unmapped pin(s).



Path 4: MET (4247 ps) Setup Check with Pin u3/q_reg/clk->d
          Group: C2C
     Startpoint: (R) u2/q_reg/clk
          Clock: (R) clk
       Endpoint: (R) u3/q_reg/d
          Clock: (R) clk

                     Capture       Launch     
        Clock Edge:+    5000            0     
       Src Latency:+       0            0     
       Net Latency:+       0 (I)        0 (I) 
           Arrival:=    5000            0     
                                              
             Setup:-     194                  
     Required Time:=    4806                  
      Launch Clock:-       0                  
         Data Path:-     559                  
             Slack:=    4247                  

#----------------------------------------------------------------------------------------------
# Timing Point   Flags    Arc   Edge      Cell        Fanout Load Trans Delay Arrival Instance 
#                                                            (fF)  (ps)  (ps)   (ps)  Location 
#----------------------------------------------------------------------------------------------
  u2/q_reg/clk   -       -      R     (arrival)            5    -     0     0       0    (-,-) 
  u2/q_reg/q     (u)     clk->q R     unmapped_d_flop      2  2.2     0   559     559    (-,-) 
  u3/q_reg/d     -       -      R     unmapped_d_flop      2    -     -     0     559    (-,-) 
#----------------------------------------------------------------------------------------------

(u) : Net has unmapped pin(s).



Path 5: MET (4247 ps) Setup Check with Pin u1/q_reg/clk->d
          Group: C2C
     Startpoint: (R) u0/q_reg/clk
          Clock: (R) clk
       Endpoint: (R) u1/q_reg/d
          Clock: (R) clk

                     Capture       Launch     
        Clock Edge:+    5000            0     
       Src Latency:+       0            0     
       Net Latency:+       0 (I)        0 (I) 
           Arrival:=    5000            0     
                                              
             Setup:-     194                  
     Required Time:=    4806                  
      Launch Clock:-       0                  
         Data Path:-     559                  
             Slack:=    4247                  

#----------------------------------------------------------------------------------------------
# Timing Point   Flags    Arc   Edge      Cell        Fanout Load Trans Delay Arrival Instance 
#                                                            (fF)  (ps)  (ps)   (ps)  Location 
#----------------------------------------------------------------------------------------------
  u0/q_reg/clk   -       -      R     (arrival)            5    -     0     0       0    (-,-) 
  u0/q_reg/q     (u)     clk->q R     unmapped_d_flop      2  2.2     0   559     559    (-,-) 
  u1/q_reg/d     -       -      R     unmapped_d_flop      2    -     -     0     559    (-,-) 
#----------------------------------------------------------------------------------------------

(u) : Net has unmapped pin(s).

Some unconstrained paths have not been displayed.
Use -unconstrained or set the root attribute 'timing_report_unconstrained' to 'true' to see only these unconstrained paths.

