============================================================
  Generated by:           Genus(TM) Synthesis Solution 20.11-s111_1
  Generated on:           Apr 14 2025  03:21:56 pm
  Module:                 random_counter_lfsr
  Operating conditions:   slow (balanced_tree)
  Wireload mode:          enclosed
  Area mode:              timing library
============================================================

                              Leakage  
  Gate    Instances   Area  Power (nW)          Library          
-----------------------------------------------------------------
DFFRS_X1          1   7.182     39.783    NangateOpenCellLibrary 
DFFRS_X2          4  28.728    177.489    NangateOpenCellLibrary 
INV_X4            5   2.660     45.188    NangateOpenCellLibrary 
NAND2_X1          5   3.990     16.047    NangateOpenCellLibrary 
OR2_X1            5   5.320     24.786    NangateOpenCellLibrary 
XOR2_X1           1   1.596      7.493    NangateOpenCellLibrary 
-----------------------------------------------------------------
total            21  49.476    310.787                           


                                         Leakage  Leakage 
     Type      Instances  Area  Area % Power (nW) Power % 
----------------------------------------------------------
sequential             5 35.910   72.6    217.272    69.9 
inverter               5  2.660    5.4     45.188    14.5 
logic                 11 10.906   22.0     48.327    15.5 
physical_cells         0  0.000    0.0      0.000     0.0 
----------------------------------------------------------
total                 21 49.476  100.0    310.787   100.0 

