============================================================
  Generated by:           Genus(TM) Synthesis Solution 20.11-s111_1
  Generated on:           Apr 14 2025  03:21:56 pm
  Module:                 random_counter_lfsr
  Operating conditions:   slow (balanced_tree)
  Wireload mode:          enclosed
  Area mode:              timing library
============================================================

Timing
--------

Clock Period 
-------------
clk   5000.0 


  Cost    Critical         Violating 
 Group   Path Slack  TNS     Paths   
-------------------------------------
C2C          3981.1   0.0          0 
C2O        No paths   0.0            
clk        No paths   0.0            
default    No paths   0.0            
I2C        No paths   0.0            
I2O        No paths   0.0            
-------------------------------------
Total                 0.0          0 

Instance Count
--------------
Leaf Instance Count             21 
Physical Instance count          0 
Sequential Instance Count        5 
Combinational Instance Count    16 
Hierarchical Instance Count      5 

Area
----
Cell Area                          49.476
Physical Cell Area                 0.000
Total Cell Area (Cell+Physical)    49.476
Net Area                           6.417
Total Area (Cell+Physical+Net)     55.893

Runtime                            0.0 seconds
Elapsed Runtime                    8 seconds
Genus peak memory usage            1106.32 
Innovus peak memory usage          no_value 
Hostname                           localhost
