============================================================
  Generated by:           Genus(TM) Synthesis Solution 20.11-s111_1
  Generated on:           Apr 14 2025  03:21:56 pm
  Module:                 random_counter_lfsr
  Operating conditions:   slow (balanced_tree)
  Wireload mode:          enclosed
  Area mode:              timing library
============================================================


Path 1: MET (3981 ps) Setup Check with Pin u2/q_reg/CK->D
          Group: C2C
     Startpoint: (R) u1/q_reg/CK
          Clock: (R) clk
       Endpoint: (F) u2/q_reg/D
          Clock: (R) clk

                     Capture       Launch     
        Clock Edge:+    5000            0     
       Src Latency:+       0            0     
       Net Latency:+       0 (I)        0 (I) 
           Arrival:=    5000            0     
                                              
             Setup:-     265                  
     Required Time:=    4735                  
      Launch Clock:-       0                  
         Data Path:-     754                  
             Slack:=    3981                  

#---------------------------------------------------------------------------------------
# Timing Point   Flags   Arc   Edge   Cell     Fanout Load Trans Delay Arrival Instance 
#                                                     (fF)  (ps)  (ps)   (ps)  Location 
#---------------------------------------------------------------------------------------
  u1/q_reg/CK    -       -     R     (arrival)      5    -     0     0       0    (-,-) 
  u1/q_reg/Q     -       CK->Q F     DFFRS_X2       2  1.8    31   490     490    (-,-) 
  g13__1705/Z    -       B->Z  F     XOR2_X1        1  1.1    54   263     754    (-,-) 
  u2/q_reg/D     -       -     F     DFFRS_X1       1    -     -     0     754    (-,-) 
#---------------------------------------------------------------------------------------



Path 2: MET (4237 ps) Setup Check with Pin u0/q_reg/CK->D
          Group: C2C
     Startpoint: (R) u4/q_reg/CK
          Clock: (R) clk
       Endpoint: (F) u0/q_reg/D
          Clock: (R) clk

                     Capture       Launch     
        Clock Edge:+    5000            0     
       Src Latency:+       0            0     
       Net Latency:+       0 (I)        0 (I) 
           Arrival:=    5000            0     
                                              
             Setup:-     262                  
     Required Time:=    4738                  
      Launch Clock:-       0                  
         Data Path:-     502                  
             Slack:=    4237                  

#---------------------------------------------------------------------------------------
# Timing Point   Flags   Arc   Edge   Cell     Fanout Load Trans Delay Arrival Instance 
#                                                     (fF)  (ps)  (ps)   (ps)  Location 
#---------------------------------------------------------------------------------------
  u4/q_reg/CK    -       -     R     (arrival)      5    -     0     0       0    (-,-) 
  u4/q_reg/Q     -       CK->Q F     DFFRS_X2       3  2.8    37   502     502    (-,-) 
  u0/q_reg/D     -       -     F     DFFRS_X2       3    -     -     0     502    (-,-) 
#---------------------------------------------------------------------------------------



Path 3: MET (4239 ps) Setup Check with Pin u3/q_reg/CK->D
          Group: C2C
     Startpoint: (R) u2/q_reg/CK
          Clock: (R) clk
       Endpoint: (F) u3/q_reg/D
          Clock: (R) clk

                     Capture       Launch     
        Clock Edge:+    5000            0     
       Src Latency:+       0            0     
       Net Latency:+       0 (I)        0 (I) 
           Arrival:=    5000            0     
                                              
             Setup:-     262                  
     Required Time:=    4738                  
      Launch Clock:-       0                  
         Data Path:-     498                  
             Slack:=    4239                  

#---------------------------------------------------------------------------------------
# Timing Point   Flags   Arc   Edge   Cell     Fanout Load Trans Delay Arrival Instance 
#                                                     (fF)  (ps)  (ps)   (ps)  Location 
#---------------------------------------------------------------------------------------
  u2/q_reg/CK    -       -     R     (arrival)      5    -     0     0       0    (-,-) 
  u2/q_reg/Q     -       CK->Q F     DFFRS_X1       2  1.4    38   498     498    (-,-) 
  u3/q_reg/D     -       -     F     DFFRS_X2       2    -     -     0     498    (-,-) 
#---------------------------------------------------------------------------------------



Path 4: MET (4256 ps) Setup Check with Pin u4/q_reg/CK->D
          Group: C2C
     Startpoint: (R) u3/q_reg/CK
          Clock: (R) clk
       Endpoint: (F) u4/q_reg/D
          Clock: (R) clk

                     Capture       Launch     
        Clock Edge:+    5000            0     
       Src Latency:+       0            0     
       Net Latency:+       0 (I)        0 (I) 
           Arrival:=    5000            0     
                                              
             Setup:-     258                  
     Required Time:=    4742                  
      Launch Clock:-       0                  
         Data Path:-     486                  
             Slack:=    4256                  

#---------------------------------------------------------------------------------------
# Timing Point   Flags   Arc   Edge   Cell     Fanout Load Trans Delay Arrival Instance 
#                                                     (fF)  (ps)  (ps)   (ps)  Location 
#---------------------------------------------------------------------------------------
  u3/q_reg/CK    -       -     R     (arrival)      5    -     0     0       0    (-,-) 
  u3/q_reg/Q     -       CK->Q F     DFFRS_X2       2  1.4    29   486     486    (-,-) 
  u4/q_reg/D     -       -     F     DFFRS_X2       2    -     -     0     486    (-,-) 
#---------------------------------------------------------------------------------------



Path 5: MET (4256 ps) Setup Check with Pin u1/q_reg/CK->D
          Group: C2C
     Startpoint: (R) u0/q_reg/CK
          Clock: (R) clk
       Endpoint: (F) u1/q_reg/D
          Clock: (R) clk

                     Capture       Launch     
        Clock Edge:+    5000            0     
       Src Latency:+       0            0     
       Net Latency:+       0 (I)        0 (I) 
           Arrival:=    5000            0     
                                              
             Setup:-     258                  
     Required Time:=    4742                  
      Launch Clock:-       0                  
         Data Path:-     486                  
             Slack:=    4256                  

#---------------------------------------------------------------------------------------
# Timing Point   Flags   Arc   Edge   Cell     Fanout Load Trans Delay Arrival Instance 
#                                                     (fF)  (ps)  (ps)   (ps)  Location 
#---------------------------------------------------------------------------------------
  u0/q_reg/CK    -       -     R     (arrival)      5    -     0     0       0    (-,-) 
  u0/q_reg/Q     -       CK->Q F     DFFRS_X2       2  1.4    29   486     486    (-,-) 
  u1/q_reg/D     -       -     F     DFFRS_X2       2    -     -     0     486    (-,-) 
#---------------------------------------------------------------------------------------

Some unconstrained paths have not been displayed.
Use -unconstrained or set the root attribute 'timing_report_unconstrained' to 'true' to see only these unconstrained paths.

