============================================================
  Generated by:           Genus(TM) Synthesis Solution 20.11-s111_1
  Generated on:           Apr 14 2025  03:21:56 pm
  Module:                 random_counter_lfsr
  Operating conditions:   slow (balanced_tree)
  Wireload mode:          enclosed
  Area mode:              timing library
============================================================

Some unconstrained paths have not been displayed.
Use -unconstrained or set the root attribute 'timing_report_unconstrained' to 'true' to see only these unconstrained paths.

============================================================
  Generated by:           Genus(TM) Synthesis Solution 20.11-s111_1
  Generated on:           Apr 14 2025  03:21:56 pm
  Module:                 random_counter_lfsr
  Operating conditions:   slow (balanced_tree)
  Wireload mode:          enclosed
  Area mode:              timing library
============================================================

No paths found

============================================================
  Generated by:           Genus(TM) Synthesis Solution 20.11-s111_1
  Generated on:           Apr 14 2025  03:21:56 pm
  Module:                 random_counter_lfsr
  Operating conditions:   slow (balanced_tree)
  Wireload mode:          enclosed
  Area mode:              timing library
============================================================

No paths found

============================================================
  Generated by:           Genus(TM) Synthesis Solution 20.11-s111_1
  Generated on:           Apr 14 2025  03:21:56 pm
  Module:                 random_counter_lfsr
  Operating conditions:   slow (balanced_tree)
  Wireload mode:          enclosed
  Area mode:              timing library
============================================================

No paths found

============================================================
  Generated by:           Genus(TM) Synthesis Solution 20.11-s111_1
  Generated on:           Apr 14 2025  03:21:56 pm
  Module:                 random_counter_lfsr
  Operating conditions:   slow (balanced_tree)
  Wireload mode:          enclosed
  Area mode:              timing library
============================================================


Path 1: MET (3981 ps) Setup Check with Pin u2/q_reg/CK->D
          Group: C2C
     Startpoint: (R) u1/q_reg/CK
          Clock: (R) clk
       Endpoint: (F) u2/q_reg/D
          Clock: (R) clk

                     Capture       Launch     
        Clock Edge:+    5000            0     
       Src Latency:+       0            0     
       Net Latency:+       0 (I)        0 (I) 
           Arrival:=    5000            0     
                                              
             Setup:-     265                  
     Required Time:=    4735                  
      Launch Clock:-       0                  
         Data Path:-     754                  
             Slack:=    3981                  

#---------------------------------------------------------------------------------------
# Timing Point   Flags   Arc   Edge   Cell     Fanout Load Trans Delay Arrival Instance 
#                                                     (fF)  (ps)  (ps)   (ps)  Location 
#---------------------------------------------------------------------------------------
  u1/q_reg/CK    -       -     R     (arrival)      5    -     0     0       0    (-,-) 
  u1/q_reg/Q     -       CK->Q F     DFFRS_X2       2  1.8    31   490     490    (-,-) 
  g13__1705/Z    -       B->Z  F     XOR2_X1        1  1.1    54   263     754    (-,-) 
  u2/q_reg/D     -       -     F     DFFRS_X1       1    -     -     0     754    (-,-) 
#---------------------------------------------------------------------------------------

============================================================
  Generated by:           Genus(TM) Synthesis Solution 20.11-s111_1
  Generated on:           Apr 14 2025  03:21:56 pm
  Module:                 random_counter_lfsr
  Operating conditions:   slow (balanced_tree)
  Wireload mode:          enclosed
  Area mode:              timing library
============================================================

No paths found

