============================================================
  Generated by:           Genus(TM) Synthesis Solution 20.11-s111_1
  Generated on:           Apr 14 2025  03:21:55 pm
  Module:                 random_counter_lfsr
  Operating conditions:   slow (balanced_tree)
  Wireload mode:          enclosed
  Area mode:              timing library
============================================================

Some unconstrained paths have not been displayed.
Use -unconstrained or set the root attribute 'timing_report_unconstrained' to 'true' to see only these unconstrained paths.

============================================================
  Generated by:           Genus(TM) Synthesis Solution 20.11-s111_1
  Generated on:           Apr 14 2025  03:21:55 pm
  Module:                 random_counter_lfsr
  Operating conditions:   slow (balanced_tree)
  Wireload mode:          enclosed
  Area mode:              timing library
============================================================

No paths found

============================================================
  Generated by:           Genus(TM) Synthesis Solution 20.11-s111_1
  Generated on:           Apr 14 2025  03:21:55 pm
  Module:                 random_counter_lfsr
  Operating conditions:   slow (balanced_tree)
  Wireload mode:          enclosed
  Area mode:              timing library
============================================================

No paths found

============================================================
  Generated by:           Genus(TM) Synthesis Solution 20.11-s111_1
  Generated on:           Apr 14 2025  03:21:55 pm
  Module:                 random_counter_lfsr
  Operating conditions:   slow (balanced_tree)
  Wireload mode:          enclosed
  Area mode:              timing library
============================================================

No paths found

============================================================
  Generated by:           Genus(TM) Synthesis Solution 20.11-s111_1
  Generated on:           Apr 14 2025  03:21:55 pm
  Module:                 random_counter_lfsr
  Operating conditions:   slow (balanced_tree)
  Wireload mode:          enclosed
  Area mode:              timing library
============================================================


Path 1: MET (4050 ps) Setup Check with Pin u2/q_reg/clk->d
          Group: C2C
     Startpoint: (R) u4/q_reg/clk
          Clock: (R) clk
       Endpoint: (R) u2/q_reg/d
          Clock: (R) clk

                     Capture       Launch     
        Clock Edge:+    5000            0     
       Src Latency:+       0            0     
       Net Latency:+       0 (I)        0 (I) 
           Arrival:=    5000            0     
                                              
             Setup:-     194                  
     Required Time:=    4806                  
      Launch Clock:-       0                  
         Data Path:-     756                  
             Slack:=    4050                  

#-----------------------------------------------------------------------------------------------
# Timing Point   Flags    Arc    Edge      Cell        Fanout Load Trans Delay Arrival Instance 
#                                                             (fF)  (ps)  (ps)   (ps)  Location 
#-----------------------------------------------------------------------------------------------
  u4/q_reg/clk   -       -       R     (arrival)            5    -     0     0       0    (-,-) 
  u4/q_reg/q     (u)     clk->q  R     unmapped_d_flop      3  4.1     0   576     576    (-,-) 
  xor_u/z        (u)     in_1->z R     unmapped_xor2        1  1.9     0   180     756    (-,-) 
  u2/q_reg/d     -       -       R     unmapped_d_flop      1    -     -     0     756    (-,-) 
#-----------------------------------------------------------------------------------------------

(u) : Net has unmapped pin(s).

============================================================
  Generated by:           Genus(TM) Synthesis Solution 20.11-s111_1
  Generated on:           Apr 14 2025  03:21:55 pm
  Module:                 random_counter_lfsr
  Operating conditions:   slow (balanced_tree)
  Wireload mode:          enclosed
  Area mode:              timing library
============================================================

No paths found

