###############################################################
#  Generated by:      Cadence Tempus 20.20-p001_1
#  OS:                Linux x86_64(Host ID APL5.kletech.ac.in)
#  Generated on:      Wed Mar 12 15:54:39 2025
#  Design:            s298
###############################################################
Design: s298

------ Design Summary:
Total Standard Cell Number   (cells) : 71
Total Block Cell Number      (cells) : 0
Total I/O Pad Cell Number    (cells) : 0
Total Standard Cell Area     ( um^2) : 0.00
Total Block Cell Area        ( um^2) : 0.00
Total I/O Pad Cell Area      ( um^2) : 0.00

------ Design Statistics:

Number of Instances            : 71
Number of Non-uniquified Insts : 62
Number of Nets                 : 93
Average number of Pins per Net : 3.08
Maximum number of Pins in Net  : 16

------ I/O Port summary

Number of Primary I/O Ports    : 15
Number of Input Ports          : 8
Number of Output Ports         : 7
Number of Bidirectional Ports  : 0
Number of Power/Ground Ports   : 0



------------------------------------------------------------
Detail report:


------ I/O Pad/Port Checking

WARN : Port GND is floating in the top design.
WARN : Port VDD is floating in the top design.

