###############################################################
#  Generated by:      Cadence Tempus 20.20-p001_1
#  OS:                Linux x86_64(Host ID APL10.kletech.ac.in)
#  Generated on:      Wed Apr  2 10:39:21 2025
#  Design:            vorca
#  Command:           report_analysis_coverage            > ${reportDir}/coverage.rpt
###############################################################
    -------------------------------------------------------------------------------------------  
                                   TIMING CHECK COVERAGE SUMMARY                                  
    -------------------------------------------------------------------------------------------  
     Check Type                      No. of   Met              Violated         Untested         
                                     Checks                                                      
    -------------------------------------------------------------------------------------------  
    Hold                           480       480 (100%)       0 (0%)           0 (0%)
    Library Clock Gating Hold      10        10 (100%)        0 (0%)           0 (0%)
    Library Clock Gating Setup     10        10 (100%)        0 (0%)           0 (0%)
    PulseWidth                     453       325 (71%)        0 (0%)           128 (28%)
    Recovery                       128       128 (100%)       0 (0%)           0 (0%)
    Removal                        128       107 (83%)        21 (16%)         0 (0%)
    Setup                          480       480 (100%)       0 (0%)           0 (0%)
    -------------------------------------------------------------------------------------------
