
Cadence Tempus(TM) Timing Signoff Solution.
Copyright 2020 Cadence Design Systems, Inc. All rights reserved worldwide.

Version:	v20.20-p001_1, built Wed Dec 2 16:07:28 PST 2020
Options:	
Date:		Tue Apr  8 10:07:36 2025
Host:		APL10.kletech.ac.in (x86_64 w/Linux 4.18.0-553.47.1.el8_10.x86_64) (6cores*12cpus*12th Gen Intel(R) Core(TM) i5-12500 18432KB)
OS:		Red Hat Enterprise Linux release 8.10 (Ootpa)

License:
		tpsxl	Tempus Timing Signoff Solution XL	20.2	checkout succeeded
		16 CPU jobs allowed with the current license(s). Use set_multi_cpu_usage to set your required CPU count.
Change the soft stacksize limit to 0.2%RAM (63 mbytes). Set global soft_stack_size_limit to change the value.
environment variable TMPDIR is '/tmp/ssv_tmpdir_80810_AFPkSa'.
<CMD> read_verilog ../RTL/cpu_sys.v
<CMD> read_lib ../LIBS/slow.lib
<CMD> read_lib -lef ../LIBS/all.lef
<CMD> set_top_module
#% Begin Load MMMC data ... (date=04/08 10:08:12, mem=716.9M)
Number of views requested 1 are allowed with the current licenses... continuing with set_analysis_view.
#% End Load MMMC data ... (date=04/08 10:08:12, total cpu=0:00:00.0, real=0:00:00.0, peak res=717.4M, current mem=717.4M)
default_emulate_early_rc_corner default_emulate_late_rc_corner default_emulate_rc_corner

Loading LEF file ../LIBS/all.lef ...
Set DBUPerIGU to M2 pitch 1320.
**WARN: (IMPLF-200):	Pin 'A' in macro 'ANTENNA' has no ANTENNAGATEAREA value defined. The library data is incomplete and some process antenna rules will not be checked correctly.
**WARN: (IMPLF-201):	Pin 'Q[0]' in macro 'rom_512x16A' has no ANTENNADIFFAREA value defined. The library data is incomplete and some process antenna rules will not be checked correctly.
**WARN: (IMPLF-201):	Pin 'Q[10]' in macro 'rom_512x16A' has no ANTENNADIFFAREA value defined. The library data is incomplete and some process antenna rules will not be checked correctly.
**WARN: (IMPLF-201):	Pin 'Q[11]' in macro 'rom_512x16A' has no ANTENNADIFFAREA value defined. The library data is incomplete and some process antenna rules will not be checked correctly.
**WARN: (IMPLF-201):	Pin 'Q[12]' in macro 'rom_512x16A' has no ANTENNADIFFAREA value defined. The library data is incomplete and some process antenna rules will not be checked correctly.
**WARN: (IMPLF-201):	Pin 'Q[13]' in macro 'rom_512x16A' has no ANTENNADIFFAREA value defined. The library data is incomplete and some process antenna rules will not be checked correctly.
**WARN: (IMPLF-201):	Pin 'Q[14]' in macro 'rom_512x16A' has no ANTENNADIFFAREA value defined. The library data is incomplete and some process antenna rules will not be checked correctly.
**WARN: (IMPLF-201):	Pin 'Q[15]' in macro 'rom_512x16A' has no ANTENNADIFFAREA value defined. The library data is incomplete and some process antenna rules will not be checked correctly.
**WARN: (IMPLF-201):	Pin 'Q[1]' in macro 'rom_512x16A' has no ANTENNADIFFAREA value defined. The library data is incomplete and some process antenna rules will not be checked correctly.
**WARN: (IMPLF-201):	Pin 'Q[2]' in macro 'rom_512x16A' has no ANTENNADIFFAREA value defined. The library data is incomplete and some process antenna rules will not be checked correctly.
**WARN: (IMPLF-201):	Pin 'Q[3]' in macro 'rom_512x16A' has no ANTENNADIFFAREA value defined. The library data is incomplete and some process antenna rules will not be checked correctly.
**WARN: (IMPLF-201):	Pin 'Q[4]' in macro 'rom_512x16A' has no ANTENNADIFFAREA value defined. The library data is incomplete and some process antenna rules will not be checked correctly.
**WARN: (IMPLF-201):	Pin 'Q[5]' in macro 'rom_512x16A' has no ANTENNADIFFAREA value defined. The library data is incomplete and some process antenna rules will not be checked correctly.
**WARN: (IMPLF-201):	Pin 'Q[6]' in macro 'rom_512x16A' has no ANTENNADIFFAREA value defined. The library data is incomplete and some process antenna rules will not be checked correctly.
**WARN: (IMPLF-201):	Pin 'Q[7]' in macro 'rom_512x16A' has no ANTENNADIFFAREA value defined. The library data is incomplete and some process antenna rules will not be checked correctly.
**WARN: (IMPLF-201):	Pin 'Q[8]' in macro 'rom_512x16A' has no ANTENNADIFFAREA value defined. The library data is incomplete and some process antenna rules will not be checked correctly.
**WARN: (IMPLF-201):	Pin 'Q[9]' in macro 'rom_512x16A' has no ANTENNADIFFAREA value defined. The library data is incomplete and some process antenna rules will not be checked correctly.
**WARN: (IMPLF-201):	Pin 'Q[0]' in macro 'ram_256x16A' has no ANTENNADIFFAREA value defined. The library data is incomplete and some process antenna rules will not be checked correctly.
**WARN: (IMPLF-201):	Pin 'Q[10]' in macro 'ram_256x16A' has no ANTENNADIFFAREA value defined. The library data is incomplete and some process antenna rules will not be checked correctly.
**WARN: (IMPLF-201):	Pin 'Q[11]' in macro 'ram_256x16A' has no ANTENNADIFFAREA value defined. The library data is incomplete and some process antenna rules will not be checked correctly.
**WARN: (IMPLF-201):	Pin 'Q[12]' in macro 'ram_256x16A' has no ANTENNADIFFAREA value defined. The library data is incomplete and some process antenna rules will not be checked correctly.
**WARN: (EMS-62):	Message <IMPLF-201> has exceeded the default message display limit of 20.
To avoid this warning, increase the display limit per unique message by
using the set_message -limit <number> command.
The message limit can be removed by using the set_message -no_limit command.
Note that setting a very large number using the set_message -limit command
or removing the message limit using the set_message -no_limit command can
significantly increase the log file size.
To suppress a message, use the set_message -suppress command.
**WARN: (IMPLF-200):	Pin 'PAD' in macro 'PDB04DGZ' has no ANTENNAGATEAREA value defined. The library data is incomplete and some process antenna rules will not be checked correctly.
**WARN: (IMPLF-200):	Pin 'OEN' in macro 'PDB04DGZ' has no ANTENNAGATEAREA value defined. The library data is incomplete and some process antenna rules will not be checked correctly.
**WARN: (IMPLF-200):	Pin 'I' in macro 'PDB04DGZ' has no ANTENNAGATEAREA value defined. The library data is incomplete and some process antenna rules will not be checked correctly.

viaInitial starts at Tue Apr  8 10:08:12 2025
**WARN: (IMPPP-557):	A single-layer VIARULE GENERATE for turn-vias is obsolete and is being ignored. Remove this statement from the technology file: VIARULE TURNM1 GENERATE.
**WARN: (IMPPP-557):	A single-layer VIARULE GENERATE for turn-vias is obsolete and is being ignored. Remove this statement from the technology file: VIARULE TURNM2 GENERATE.
**WARN: (IMPPP-557):	A single-layer VIARULE GENERATE for turn-vias is obsolete and is being ignored. Remove this statement from the technology file: VIARULE TURNM3 GENERATE.
**WARN: (IMPPP-557):	A single-layer VIARULE GENERATE for turn-vias is obsolete and is being ignored. Remove this statement from the technology file: VIARULE TURNM4 GENERATE.
**WARN: (IMPPP-557):	A single-layer VIARULE GENERATE for turn-vias is obsolete and is being ignored. Remove this statement from the technology file: VIARULE TURNM5 GENERATE.
**WARN: (IMPPP-557):	A single-layer VIARULE GENERATE for turn-vias is obsolete and is being ignored. Remove this statement from the technology file: VIARULE TURNM6 GENERATE.
viaInitial ends at Tue Apr  8 10:08:12 2025

##  Check design process and node:  
##  Both design process and tech node are not set.

Loading view definition file from .ssv_emulate_view_definition_80810.tcl
Reading default_emulate_libset_max timing library '/home/01fe21bec223/DFT/DFT/cpu_sys/LIBS/slow.lib' ...
Read 477 cells in library 'slow' 
*** End library_loading (cpu=0.00min, real=0.00min, mem=29.0M, fe_cpu=0.15min, fe_real=0.60min, fe_mem=772.1M) ***
#% Begin Load netlist data ... (date=04/08 10:08:12, mem=775.7M)
*** Begin netlist parsing (mem=772.1M) ***
**WARN: (IMPVL-159):	Pin 'VSS' of cell 'OAI211XL' is defined in LEF but not in the timing library.
**WARN: (IMPVL-159):	Pin 'VDD' of cell 'OAI211XL' is defined in LEF but not in the timing library.
**WARN: (IMPVL-159):	Pin 'VSS' of cell 'SEDFFHQX1' is defined in LEF but not in the timing library.
**WARN: (IMPVL-159):	Pin 'VDD' of cell 'SEDFFHQX1' is defined in LEF but not in the timing library.
**WARN: (IMPVL-159):	Pin 'VSS' of cell 'EDFFTRX2' is defined in LEF but not in the timing library.
**WARN: (IMPVL-159):	Pin 'VDD' of cell 'EDFFTRX2' is defined in LEF but not in the timing library.
**WARN: (IMPVL-159):	Pin 'VSS' of cell 'NOR3X4' is defined in LEF but not in the timing library.
**WARN: (IMPVL-159):	Pin 'VDD' of cell 'NOR3X4' is defined in LEF but not in the timing library.
**WARN: (IMPVL-159):	Pin 'VSS' of cell 'DFFHQX4' is defined in LEF but not in the timing library.
**WARN: (IMPVL-159):	Pin 'VDD' of cell 'DFFHQX4' is defined in LEF but not in the timing library.
**WARN: (IMPVL-159):	Pin 'VSS' of cell 'OAI222XL' is defined in LEF but not in the timing library.
**WARN: (IMPVL-159):	Pin 'VDD' of cell 'OAI222XL' is defined in LEF but not in the timing library.
**WARN: (IMPVL-159):	Pin 'VSS' of cell 'NOR4X4' is defined in LEF but not in the timing library.
**WARN: (IMPVL-159):	Pin 'VDD' of cell 'NOR4X4' is defined in LEF but not in the timing library.
**WARN: (IMPVL-159):	Pin 'VSS' of cell 'NOR4BXL' is defined in LEF but not in the timing library.
**WARN: (IMPVL-159):	Pin 'VDD' of cell 'NOR4BXL' is defined in LEF but not in the timing library.
**WARN: (IMPVL-159):	Pin 'VSS' of cell 'NAND4BBX1' is defined in LEF but not in the timing library.
**WARN: (IMPVL-159):	Pin 'VDD' of cell 'NAND4BBX1' is defined in LEF but not in the timing library.
**WARN: (IMPVL-159):	Pin 'VSS' of cell 'MXI2X4' is defined in LEF but not in the timing library.
**WARN: (IMPVL-159):	Pin 'VDD' of cell 'MXI2X4' is defined in LEF but not in the timing library.
**WARN: (EMS-62):	Message <IMPVL-159> has exceeded the default message display limit of 20.
To avoid this warning, increase the display limit per unique message by
using the set_message -limit <number> command.
The message limit can be removed by using the set_message -no_limit command.
Note that setting a very large number using the set_message -limit command
or removing the message limit using the set_message -no_limit command can
significantly increase the log file size.
To suppress a message, use the set_message -suppress command.
Reading verilog netlist '../RTL/cpu_sys.v'
**WARN: (IMPVL-346):	Module 'sram_sp_16384d_36w_16m_8b' is instantiated in the netlist, but is not defined in the LEF files.  Since there is no real cell definition for such a cell, it will be treated as an empty module.
**WARN: (IMPVL-346):	Module 'sram_sp_32768d_33w_16m_8b' is instantiated in the netlist, but is not defined in the LEF files.  Since there is no real cell definition for such a cell, it will be treated as an empty module.
**WARN: (IMPVL-346):	Module 'sram_sp_512d_32w_4m_2b' is instantiated in the netlist, but is not defined in the LEF files.  Since there is no real cell definition for such a cell, it will be treated as an empty module.
**WARN: (IMPVL-346):	Module 'rf_2p_512d_76w_2m_4b' is instantiated in the netlist, but is not defined in the LEF files.  Since there is no real cell definition for such a cell, it will be treated as an empty module.
**WARN: (IMPVL-346):	Module 'rf_2p_256d_76w_1m_4b' is instantiated in the netlist, but is not defined in the LEF files.  Since there is no real cell definition for such a cell, it will be treated as an empty module.
**WARN: (IMPVL-346):	Module 'rf_2p_136d_74w_1m_4b' is instantiated in the netlist, but is not defined in the LEF files.  Since there is no real cell definition for such a cell, it will be treated as an empty module.

*** Memory Usage v#1 (Current mem = 1233.094M, initial mem = 299.730M) ***
*** End netlist parsing (cpu=0:00:02.2, real=0:00:02.0, mem=1233.1M) ***
#% End Load netlist data ... (date=04/08 10:08:14, total cpu=0:00:02.3, real=0:00:02.0, peak res=1217.3M, current mem=1130.9M)
**WARN: (IMPDB-2504):	Unable to find netlist cell in the design data of the library or LEF. The 'sram_sp_32768d_33w_16m_8b' cell is instantiated in the Verilog netlist, but not defined in the library or design data.  Its pin directions might be derived incorrectly. Include the cell definition or its pin information in the library or design data and reload the design to avoid potential issues.
**WARN: (IMPDB-2504):	Unable to find netlist cell in the design data of the library or LEF. The 'sram_sp_16384d_36w_16m_8b' cell is instantiated in the Verilog netlist, but not defined in the library or design data.  Its pin directions might be derived incorrectly. Include the cell definition or its pin information in the library or design data and reload the design to avoid potential issues.
**WARN: (IMPDB-2504):	Unable to find netlist cell in the design data of the library or LEF. The 'rf_2p_136d_74w_1m_4b' cell is instantiated in the Verilog netlist, but not defined in the library or design data.  Its pin directions might be derived incorrectly. Include the cell definition or its pin information in the library or design data and reload the design to avoid potential issues.
**WARN: (IMPDB-2504):	Unable to find netlist cell in the design data of the library or LEF. The 'rf_2p_256d_76w_1m_4b' cell is instantiated in the Verilog netlist, but not defined in the library or design data.  Its pin directions might be derived incorrectly. Include the cell definition or its pin information in the library or design data and reload the design to avoid potential issues.
**WARN: (IMPDB-2504):	Unable to find netlist cell in the design data of the library or LEF. The 'rf_2p_512d_76w_2m_4b' cell is instantiated in the Verilog netlist, but not defined in the library or design data.  Its pin directions might be derived incorrectly. Include the cell definition or its pin information in the library or design data and reload the design to avoid potential issues.
**WARN: (IMPDB-2504):	Unable to find netlist cell in the design data of the library or LEF. The 'sram_sp_512d_32w_4m_2b' cell is instantiated in the Verilog netlist, but not defined in the library or design data.  Its pin directions might be derived incorrectly. Include the cell definition or its pin information in the library or design data and reload the design to avoid potential issues.
**ERROR: (UI-49):	Undefined cells in the design are not allowed, exiting.  Review the log file for undefined cell warning messages.  Provide the cell definitions or set load_netlist_ignore_undefined_cell to true and re-run.

