============================================================
  Generated by:           Genus(TM) Synthesis Solution 20.11-s111_1
  Generated on:           Apr 30 2025  01:44:20 pm
  Module:                 memory_system_with_lib
  Operating conditions:   slow (balanced_tree)
  Wireload mode:          enclosed
  Area mode:              timing library
============================================================

Timing
--------

Clock Period 
-------------
clk   5000.0 


  Cost    Critical         Violating 
 Group   Path Slack  TNS     Paths   
-------------------------------------
C2C        No paths   0.0            
C2O        No paths   0.0            
clk        No paths   0.0            
default    No paths   0.0            
I2C        No paths   0.0            
I2O        No paths   0.0            
-------------------------------------
Total                 0.0          0 

Instance Count
--------------
Leaf Instance Count             293 
Physical Instance count           0 
Sequential Instance Count         8 
Combinational Instance Count    285 
Hierarchical Instance Count       9 

Area
----
Cell Area                          8000282.663
Physical Cell Area                 0.000
Total Cell Area (Cell+Physical)    8000282.663
Net Area                           42.266
Total Area (Cell+Physical+Net)     8000324.929

Runtime                            0.0 seconds
Elapsed Runtime                    9 seconds
Genus peak memory usage            1195.95 
Innovus peak memory usage          no_value 
Hostname                           localhost
