============================================================
  Generated by:           Genus(TM) Synthesis Solution 20.11-s111_1
  Generated on:           Apr 30 2025  01:44:22 pm
  Module:                 memory_system_with_lib
  Operating conditions:   slow (balanced_tree)
  Wireload mode:          enclosed
  Area mode:              timing library
============================================================

                                                      Leakage    
           Gate            Instances     Area       Power (nW)              Library           
----------------------------------------------------------------------------------------------
AND2_X4                            5        5.320         51.011    NangateOpenCellLibrary    
AND3_X4                            1        1.330         10.898    NangateOpenCellLibrary    
AOI221_X1                         16       25.536         89.721    NangateOpenCellLibrary    
AOI22_X1                          48       63.840        175.689    NangateOpenCellLibrary    
INV_X2                             5        2.660         21.000    NangateOpenCellLibrary    
INV_X4                             5        2.660         47.625    NangateOpenCellLibrary    
NAND2_X1                           6        4.788         16.999    NangateOpenCellLibrary    
NAND3_X1                          16       17.024        119.601    NangateOpenCellLibrary    
NOR2_X1                            1        0.798          3.310    NangateOpenCellLibrary    
NOR2_X2                            9        7.182         44.313    NangateOpenCellLibrary    
NOR3_X1                            2        2.128         10.453    NangateOpenCellLibrary    
NOR3_X4                            1        1.862         17.492    NangateOpenCellLibrary    
TINV_X1                           16       17.024         76.973    NangateOpenCellLibrary    
sram_sp_32768d_33w_16m_8b          8  8000000.000  800000064.000    sram_sp_32768d_33w_16m_8b 
----------------------------------------------------------------------------------------------
total                            139  8000152.152  800000749.085                              


                                                               Leakage    Leakage 
         Library          Instances Instances %     Area      Power (nW)  Power % 
----------------------------------------------------------------------------------
NangateOpenCellLibrary          131        94.2     152.152       685.085     0.0 
sram_sp_32768d_33w_16m_8b         8         5.8 8000000.000 800000064.000   100.0 

                                               Leakage    Leakage 
     Type      Instances     Area    Area %   Power (nW)  Power % 
------------------------------------------------------------------
timing_model           8 8000000.000  100.0 800000064.000   100.0 
inverter              10       5.320    0.0        68.625     0.0 
tristate              16      17.024    0.0        76.973     0.0 
logic                105     129.808    0.0       539.486     0.0 
physical_cells         0       0.000    0.0         0.000     0.0 
------------------------------------------------------------------
total                139 8000152.152  100.0 800000749.085   100.0 

