###############################################################
#  Generated by:      Cadence Tempus 20.20-p001_1
#  OS:                Linux x86_64(Host ID APL4.kletech.ac.in)
#  Generated on:      Fri Apr  4 17:15:06 2025
#  Design:            momal
#  Command:           report_constraint -all_violators > outputs/allviol.rpt
###############################################################
# format : frame 0 : split 1

max_delay/setup
---------------------------
      ------------------------------------------------------------------------------------------------  
       End Point                                  Slack      Cause                                      
      ------------------------------------------------------------------------------------------------  
      U528_reg/D f                               -2.867     VIOLATED
      U8_reg_4/D r                               -2.706     VIOLATED
      U8_reg_7/D r                               -2.696     VIOLATED
      U8_reg_15/D r                              -2.693     VIOLATED
      U8_reg_5/D r                               -2.664     VIOLATED
      U8_reg_13/D r                              -2.660     VIOLATED
      U8_reg_9/D r                               -2.657     VIOLATED
      U8_reg_16/D r                              -2.652     VIOLATED
      U8_reg_12/D r                              -2.651     VIOLATED
      U8_reg_23/D r                              -2.638     VIOLATED
      U8_reg_21/D r                              -2.638     VIOLATED
      U369_reg_2/D r                             -2.620     VIOLATED
      U8_reg_11/D r                              -2.617     VIOLATED
      U109_reg_4/D r                             -2.598     VIOLATED
      U8_reg_17/D r                              -2.591     VIOLATED
      U8_reg_20/D r                              -2.585     VIOLATED
      U109_reg_14/D r                            -2.578     VIOLATED
      U109_reg_6/D r                             -2.578     VIOLATED
      U8_reg_19/D r                              -2.573     VIOLATED
      U369_reg_12/D r                            -2.571     VIOLATED
      U109_reg_5/D r                             -2.568     VIOLATED
      U8_reg_22/D r                              -2.567     VIOLATED
      U8_reg_3/D r                               -2.555     VIOLATED
      U8_reg_6/D r                               -2.552     VIOLATED
      U369_reg_6/D r                             -2.526     VIOLATED
      U369_reg_5/D r                             -2.525     VIOLATED
      U369_reg_10/D r                            -2.524     VIOLATED
      U109_reg_1/D r                             -2.524     VIOLATED
      U8_reg_14/D r                              -2.497     VIOLATED
      U8_reg_10/D r                              -2.497     VIOLATED
      U369_reg_15/D r                            -2.470     VIOLATED
      U173_reg_0/D r                             -2.423     VIOLATED
      U173_reg_1/D r                             -2.409     VIOLATED
      U369_reg_16/D r                            -2.408     VIOLATED
      U109_reg_16/D r                            -2.408     VIOLATED
      U369_reg_0/D r                             -2.398     VIOLATED
      U109_reg_10/D r                            -2.344     VIOLATED
      U369_reg_11/D r                            -2.344     VIOLATED
      U8_reg_18/D r                              -2.344     VIOLATED
      U369_reg_3/D r                             -2.344     VIOLATED
      U369_reg_8/D r                             -2.334     VIOLATED
      U369_reg_9/D r                             -2.334     VIOLATED
      U369_reg_7/D r                             -2.334     VIOLATED
      U369_reg_1/D r                             -2.334     VIOLATED
      U109_reg_11/D r                            -2.334     VIOLATED
      U8_reg_2/D r                               -2.278     VIOLATED
      U8_reg_8/D r                               -2.278     VIOLATED
      U8_reg_1/D r                               -2.230     VIOLATED
      U369_reg_14/D r                            -2.165     VIOLATED
      U369_reg_13/D r                            -2.165     VIOLATED
      U109_reg_15/D r                            -2.165     VIOLATED
      U109_reg_8/D r                             -2.141     VIOLATED
      U257_reg_7/D r                             -2.132     VIOLATED
      U257_reg_5/D r                             -2.126     VIOLATED
      U109_reg_9/D r                             -2.123     VIOLATED
      U109_reg_7/D r                             -2.109     VIOLATED
      U257_reg_6/D r                             -2.105     VIOLATED
      U8_reg_0/D r                               -2.102     VIOLATED
      U137_reg_6/D r                             -2.098     VIOLATED
      U137_reg_2/D r                             -2.085     VIOLATED
      U257_reg_2/D r                             -2.085     VIOLATED
      U257_reg_0/D r                             -2.085     VIOLATED
      U137_reg_0/D r                             -2.085     VIOLATED
      U137_reg_5/D r                             -2.074     VIOLATED
      U137_reg_7/D r                             -2.074     VIOLATED
      U736_reg/D r                               -2.009     VIOLATED
      U520_reg/D r                               -1.945     VIOLATED
      U173_reg_23/D r                            -1.934     VIOLATED
      U300_reg/D r                               -1.909     VIOLATED
      U257_reg_4/D r                             -1.885     VIOLATED
      U137_reg_4/D r                             -1.872     VIOLATED
      U257_reg_3/D r                             -1.872     VIOLATED
      U257_reg_1/D r                             -1.872     VIOLATED
      U137_reg_3/D r                             -1.871     VIOLATED
      U137_reg_1/D r                             -1.871     VIOLATED
      U116_reg_13/D r                            -1.692     VIOLATED
      U227_reg_9/D f                             -1.681     VIOLATED
      U227_reg_10/D f                            -1.681     VIOLATED
      U227_reg_12/D f                            -1.681     VIOLATED
      U227_reg_7/D f                             -1.681     VIOLATED
      U227_reg_3/D f                             -1.679     VIOLATED
      U227_reg_8/D f                             -1.665     VIOLATED
      U227_reg_5/D f                             -1.664     VIOLATED
      U227_reg_6/D f                             -1.664     VIOLATED
      U227_reg_14/D f                            -1.663     VIOLATED
      U227_reg_13/D f                            -1.663     VIOLATED
      U227_reg_11/D f                            -1.663     VIOLATED
      U227_reg_4/D f                             -1.663     VIOLATED
      U227_reg_1/D f                             -1.663     VIOLATED
      U227_reg_2/D f                             -1.663     VIOLATED
      U116_reg_12/D r                            -1.662     VIOLATED
      U116_reg_8/D r                             -1.662     VIOLATED
      U116_reg_9/D r                             -1.661     VIOLATED
      U116_reg_7/D r                             -1.661     VIOLATED
      U116_reg_1/D r                             -1.661     VIOLATED
      U116_reg_3/D r                             -1.661     VIOLATED
      U116_reg_2/D r                             -1.661     VIOLATED
      U116_reg_4/D r                             -1.661     VIOLATED
      U116_reg_6/D r                             -1.661     VIOLATED
      U116_reg_5/D r                             -1.661     VIOLATED
      U116_reg_10/D r                            -1.661     VIOLATED
      U116_reg_14/D r                            -1.659     VIOLATED
      U116_reg_11/D r                            -1.659     VIOLATED
      U227_reg_15/D f                            -1.641     VIOLATED
      U627_reg/D r                               -1.618     VIOLATED
      U227_reg_0/D r                             -1.567     VIOLATED
      U57_reg_16/D f                             -1.545     VIOLATED
      U57_reg_20/D f                             -1.543     VIOLATED
      U57_reg_17/D f                             -1.543     VIOLATED
      U57_reg_24/D f                             -1.543     VIOLATED
      U57_reg_28/D f                             -1.543     VIOLATED
      U57_reg_25/D f                             -1.543     VIOLATED
      U57_reg_21/D f                             -1.543     VIOLATED
      U114_reg_4/D r                             -1.471     VIOLATED
      U149_reg_4/D r                             -1.414     VIOLATED
      U116_reg_0/D r                             -1.414     VIOLATED
      U114_reg_6/D r                             -1.407     VIOLATED
      U114_reg_5/D r                             -1.407     VIOLATED
      U114_reg_7/D r                             -1.407     VIOLATED
      U116_reg_15/D r                            -1.393     VIOLATED
      U149_reg_5/D r                             -1.369     VIOLATED
      U149_reg_7/D r                             -1.369     VIOLATED
      U149_reg_6/D r                             -1.369     VIOLATED
      U57_reg_29/D f                             -1.292     VIOLATED
      U57_reg_22/D f                             -1.292     VIOLATED
      U57_reg_27/D f                             -1.292     VIOLATED
      U57_reg_26/D f                             -1.292     VIOLATED
      U57_reg_19/D f                             -1.292     VIOLATED
      U57_reg_23/D f                             -1.292     VIOLATED
      U57_reg_31/D f                             -1.292     VIOLATED
      U57_reg_15/D r                             -1.289     VIOLATED
      U149_reg_3/D r                             -1.273     VIOLATED
      U369_reg_18/D r                            -1.265     VIOLATED
      U109_reg_18/D r                            -1.247     VIOLATED
      U114_reg_3/D r                             -1.221     VIOLATED
      U57_reg_1/D f                              -1.196     VIOLATED
      U57_reg_3/D f                              -1.195     VIOLATED
      U57_reg_11/D f                             -1.195     VIOLATED
      U57_reg_8/D f                              -1.195     VIOLATED
      U57_reg_12/D f                             -1.195     VIOLATED
      U57_reg_7/D f                              -1.195     VIOLATED
      U57_reg_10/D f                             -1.195     VIOLATED
      U57_reg_4/D f                              -1.195     VIOLATED
      U57_reg_5/D f                              -1.195     VIOLATED
      U57_reg_9/D f                              -1.195     VIOLATED
      U57_reg_14/D f                             -1.195     VIOLATED
      U57_reg_2/D f                              -1.195     VIOLATED
      U57_reg_6/D f                              -1.195     VIOLATED
      U57_reg_13/D f                             -1.195     VIOLATED
      U57_reg_18/D f                             -1.195     VIOLATED
      U109_reg_17/D r                            -1.157     VIOLATED
      U369_reg_17/D r                            -1.146     VIOLATED
      U114_reg_2/D r                             -1.105     VIOLATED
      U312_reg_0/D f                             -1.091     VIOLATED
      U149_reg_2/D r                             -1.071     VIOLATED
      U74_reg_7/D r                              -1.036     VIOLATED
      U74_reg_2/D r                              -1.036     VIOLATED
      U74_reg_0/D r                              -1.036     VIOLATED
      U74_reg_6/D r                              -1.036     VIOLATED
      U74_reg_5/D r                              -1.036     VIOLATED
      U283_reg_6/D f                             -1.031     VIOLATED
      U143_reg_1/D r                             -1.026     VIOLATED
      U143_reg_6/D r                             -1.026     VIOLATED
      U143_reg_4/D r                             -1.026     VIOLATED
      U143_reg_5/D r                             -1.026     VIOLATED
      U228_reg_2/D r                             -1.026     VIOLATED
      U228_reg_6/D r                             -1.026     VIOLATED
      U228_reg_0/D r                             -1.026     VIOLATED
      U228_reg_5/D r                             -1.026     VIOLATED
      U228_reg_7/D r                             -1.026     VIOLATED
      U143_reg_0/D r                             -1.026     VIOLATED
      U143_reg_2/D r                             -1.026     VIOLATED
      U143_reg_3/D r                             -1.026     VIOLATED
      U143_reg_7/D r                             -1.026     VIOLATED
      U312_reg_6/D f                             -1.025     VIOLATED
      U114_reg_1/D r                             -1.010     VIOLATED
      U216_reg_0/D r                             -1.003     VIOLATED
      U216_reg_2/D r                             -1.003     VIOLATED
      U216_reg_4/D r                             -1.003     VIOLATED
      U216_reg_5/D r                             -1.003     VIOLATED
      U216_reg_7/D r                             -1.003     VIOLATED
      U117_reg_0/D r                             -1.002     VIOLATED
      U117_reg_4/D r                             -1.002     VIOLATED
      U117_reg_1/D r                             -1.002     VIOLATED
      U117_reg_5/D r                             -1.002     VIOLATED
      U117_reg_7/D r                             -1.002     VIOLATED
      U117_reg_6/D r                             -1.002     VIOLATED
      U117_reg_2/D r                             -1.002     VIOLATED
      U117_reg_3/D r                             -1.002     VIOLATED
      U149_reg_1/D r                             -0.988     VIOLATED
      U33_reg_14/D f                             -0.968     VIOLATED
      U208_reg_1/D f                             -0.966     VIOLATED
      U216_reg_1/D r                             -0.962     VIOLATED
      U216_reg_6/D r                             -0.962     VIOLATED
      U44_reg_14/D f                             -0.944     VIOLATED
      U57_reg_0/D r                              -0.941     VIOLATED
      U57_reg_30/D f                             -0.941     VIOLATED
      U33_reg_15/D f                             -0.883     VIOLATED
      U312_reg_5/D f                             -0.880     VIOLATED
      U312_reg_4/D f                             -0.879     VIOLATED
      U312_reg_2/D f                             -0.879     VIOLATED
      U312_reg_7/D f                             -0.879     VIOLATED
      U312_reg_1/D f                             -0.879     VIOLATED
      U312_reg_3/D f                             -0.879     VIOLATED
      U44_reg_15/D f                             -0.872     VIOLATED
      U388_reg_2/D r                             -0.840     VIOLATED
      U411_reg_7/D f                             -0.838     VIOLATED
      U66_reg_0/D f                              -0.837     VIOLATED
      U66_reg_1/D f                              -0.837     VIOLATED
      U411_reg_6/D f                             -0.837     VIOLATED
      U411_reg_5/D f                             -0.837     VIOLATED
      U411_reg_4/D f                             -0.837     VIOLATED
      U74_reg_1/D r                              -0.825     VIOLATED
      U66_reg_2/D r                              -0.823     VIOLATED
      U74_reg_3/D r                              -0.823     VIOLATED
      U74_reg_4/D r                              -0.823     VIOLATED
      U66_reg_5/D r                              -0.823     VIOLATED
      U66_reg_7/D r                              -0.823     VIOLATED
      U66_reg_3/D r                              -0.823     VIOLATED
      U66_reg_4/D r                              -0.823     VIOLATED
      U66_reg_6/D r                              -0.823     VIOLATED
      U411_reg_3/D r                             -0.823     VIOLATED
      U411_reg_0/D r                             -0.823     VIOLATED
      U411_reg_1/D r                             -0.823     VIOLATED
      U411_reg_2/D r                             -0.823     VIOLATED
      U194_reg_5/D f                             -0.817     VIOLATED
      U194_reg_7/D f                             -0.817     VIOLATED
      U194_reg_2/D f                             -0.817     VIOLATED
      U194_reg_6/D f                             -0.816     VIOLATED
      U194_reg_3/D f                             -0.816     VIOLATED
      U194_reg_4/D f                             -0.816     VIOLATED
      U228_reg_1/D r                             -0.813     VIOLATED
      U228_reg_4/D r                             -0.812     VIOLATED
      U228_reg_3/D r                             -0.812     VIOLATED
      U44_reg_13/D r                             -0.802     VIOLATED
      U208_reg_3/D f                             -0.797     VIOLATED
      U283_reg_4/D f                             -0.796     VIOLATED
      U33_reg_13/D r                             -0.796     VIOLATED
      U208_reg_6/D f                             -0.795     VIOLATED
      U208_reg_5/D f                             -0.795     VIOLATED
      U208_reg_4/D f                             -0.795     VIOLATED
      U208_reg_2/D f                             -0.795     VIOLATED
      U208_reg_7/D f                             -0.795     VIOLATED
      U208_reg_0/D f                             -0.795     VIOLATED
      U283_reg_5/D f                             -0.795     VIOLATED
      U283_reg_7/D f                             -0.795     VIOLATED
      U283_reg_1/D f                             -0.795     VIOLATED
      U283_reg_0/D f                             -0.795     VIOLATED
      U283_reg_3/D f                             -0.795     VIOLATED
      U283_reg_2/D f                             -0.795     VIOLATED
      U151_reg_2/D f                             -0.787     VIOLATED
      U151_reg_5/D r                             -0.784     VIOLATED
      U702_reg_1/D r                             -0.775     VIOLATED
      U44_reg_9/D r                              -0.772     VIOLATED
      U109_reg_13/D r                            -0.766     VIOLATED
      U33_reg_9/D r                              -0.766     VIOLATED
      U44_reg_8/D r                              -0.759     VIOLATED
      U44_reg_10/D r                             -0.758     VIOLATED
      U44_reg_11/D r                             -0.758     VIOLATED
      U267_reg_0/D r                             -0.754     VIOLATED
      U267_reg_1/D r                             -0.754     VIOLATED
      U33_reg_8/D r                              -0.753     VIOLATED
      U194_reg_1/D f                             -0.753     VIOLATED
      U194_reg_0/D f                             -0.753     VIOLATED
      U267_reg_2/D r                             -0.752     VIOLATED
      U33_reg_10/D r                             -0.752     VIOLATED
      U33_reg_11/D r                             -0.752     VIOLATED
      U267_reg_3/D r                             -0.752     VIOLATED
      U267_reg_6/D r                             -0.751     VIOLATED
      U267_reg_4/D r                             -0.751     VIOLATED
      U648_reg_1/D r                             -0.750     VIOLATED
      U267_reg_5/D r                             -0.749     VIOLATED
      U267_reg_7/D r                             -0.749     VIOLATED
      U151_reg_1/D f                             -0.748     VIOLATED
      U151_reg_0/D f                             -0.747     VIOLATED
      U151_reg_3/D f                             -0.747     VIOLATED
      U151_reg_6/D f                             -0.747     VIOLATED
      U151_reg_4/D f                             -0.747     VIOLATED
      U149_reg_0/D f                             -0.739     VIOLATED
      U648_reg_4/D r                             -0.734     VIOLATED
      U648_reg_5/D r                             -0.734     VIOLATED
      U648_reg_6/D r                             -0.734     VIOLATED
      U648_reg_7/D r                             -0.734     VIOLATED
      U648_reg_2/D r                             -0.734     VIOLATED
      U648_reg_3/D r                             -0.734     VIOLATED
      U44_reg_12/D r                             -0.728     VIOLATED
      U359_reg_5/D f                             -0.724     VIOLATED
      U359_reg_7/D f                             -0.724     VIOLATED
      U359_reg_6/D f                             -0.724     VIOLATED
      U359_reg_2/D f                             -0.724     VIOLATED
      U359_reg_1/D f                             -0.724     VIOLATED
      U565_reg_5/D r                             -0.723     VIOLATED
      U565_reg_7/D r                             -0.723     VIOLATED
      U33_reg_12/D r                             -0.723     VIOLATED
      U139_reg_3/D r                             -0.720     VIOLATED
      U64_reg_4/D r                              -0.718     VIOLATED
      U64_reg_6/D r                              -0.713     VIOLATED
      U349_reg_4/D r                             -0.713     VIOLATED
      U349_reg_2/D r                             -0.712     VIOLATED
      U349_reg_3/D r                             -0.711     VIOLATED
      U388_reg_3/D r                             -0.711     VIOLATED
      U64_reg_7/D r                              -0.711     VIOLATED
      U349_reg_7/D r                             -0.711     VIOLATED
      U216_reg_3/D r                             -0.698     VIOLATED
      U64_reg_2/D r                              -0.698     VIOLATED
      U151_reg_7/D r                             -0.694     VIOLATED
      U565_reg_4/D r                             -0.693     VIOLATED
      U565_reg_1/D r                             -0.692     VIOLATED
      U565_reg_3/D r                             -0.690     VIOLATED
      U565_reg_6/D r                             -0.690     VIOLATED
      U565_reg_0/D r                             -0.690     VIOLATED
      U565_reg_2/D r                             -0.690     VIOLATED
      U349_reg_0/D r                             -0.676     VIOLATED
      U349_reg_1/D r                             -0.676     VIOLATED
      U388_reg_6/D r                             -0.676     VIOLATED
      U388_reg_4/D r                             -0.676     VIOLATED
      U64_reg_0/D r                              -0.675     VIOLATED
      U173_reg_2/D r                             -0.674     VIOLATED
      U388_reg_5/D r                             -0.674     VIOLATED
      U388_reg_7/D r                             -0.674     VIOLATED
      U349_reg_5/D r                             -0.668     VIOLATED
      U521_reg_6/D r                             -0.662     VIOLATED
      U521_reg_1/D r                             -0.661     VIOLATED
      U521_reg_3/D r                             -0.661     VIOLATED
      U521_reg_4/D r                             -0.661     VIOLATED
      U521_reg_2/D r                             -0.661     VIOLATED
      U521_reg_5/D r                             -0.661     VIOLATED
      U521_reg_0/D r                             -0.661     VIOLATED
      U521_reg_7/D r                             -0.661     VIOLATED
      U306_reg_0/D r                             -0.655     VIOLATED
      U306_reg_1/D r                             -0.655     VIOLATED
      U306_reg_2/D r                             -0.655     VIOLATED
      U514_reg_7/D r                             -0.648     VIOLATED
      U702_reg_3/D f                             -0.638     VIOLATED
      U139_reg_1/D r                             -0.627     VIOLATED
      U359_reg_4/D f                             -0.621     VIOLATED
      U359_reg_3/D f                             -0.621     VIOLATED
      U359_reg_0/D f                             -0.621     VIOLATED
      U44_reg_6/D r                              -0.617     VIOLATED
      U702_reg_2/D f                             -0.616     VIOLATED
      U389_reg_1/D r                             -0.616     VIOLATED
      U44_reg_7/D r                              -0.604     VIOLATED
      U44_reg_5/D r                              -0.604     VIOLATED
      U648_reg_0/D r                             -0.601     VIOLATED
      U119_reg_2/D r                             -0.598     VIOLATED
      U349_reg_6/D r                             -0.588     VIOLATED
      U139_reg_6/D r                             -0.583     VIOLATED
      U139_reg_4/D r                             -0.583     VIOLATED
      U139_reg_7/D r                             -0.581     VIOLATED
      U139_reg_0/D r                             -0.581     VIOLATED
      U139_reg_5/D r                             -0.581     VIOLATED
      U139_reg_2/D r                             -0.581     VIOLATED
      U702_reg_0/D r                             -0.576     VIOLATED
      U173_reg_20/D r                            -0.575     VIOLATED
      U44_reg_0/D r                              -0.574     VIOLATED
      U44_reg_1/D r                              -0.574     VIOLATED
      U479_reg_0/D r                             -0.565     VIOLATED
      U479_reg_5/D r                             -0.565     VIOLATED
      U479_reg_4/D r                             -0.565     VIOLATED
      U479_reg_6/D r                             -0.565     VIOLATED
      U479_reg_7/D r                             -0.565     VIOLATED
      U431_reg_3/D r                             -0.560     VIOLATED
      U431_reg_1/D r                             -0.560     VIOLATED
      U431_reg_5/D r                             -0.560     VIOLATED
      U431_reg_4/D r                             -0.560     VIOLATED
      U431_reg_2/D r                             -0.560     VIOLATED
      U431_reg_7/D r                             -0.560     VIOLATED
      U431_reg_6/D r                             -0.560     VIOLATED
      U431_reg_0/D r                             -0.560     VIOLATED
      U44_reg_4/D r                              -0.559     VIOLATED
      U103_reg_0/D r                             -0.557     VIOLATED
      U103_reg_7/D r                             -0.557     VIOLATED
      U103_reg_6/D r                             -0.557     VIOLATED
      U103_reg_2/D r                             -0.557     VIOLATED
      U103_reg_3/D r                             -0.557     VIOLATED
      U103_reg_4/D r                             -0.557     VIOLATED
      U103_reg_5/D r                             -0.557     VIOLATED
      U103_reg_1/D r                             -0.557     VIOLATED
      U173_reg_9/D r                             -0.548     VIOLATED
      U44_reg_3/D r                              -0.546     VIOLATED
      U44_reg_2/D r                              -0.546     VIOLATED
      U440_reg_8/D r                             -0.535     VIOLATED
      U119_reg_5/D r                             -0.534     VIOLATED
      U114_reg_0/D r                             -0.532     VIOLATED
      U389_reg_0/D r                             -0.531     VIOLATED
      U440_reg_7/D r                             -0.530     VIOLATED
      U719_reg_0/D f                             -0.528     VIOLATED
      U173_reg_7/D r                             -0.528     VIOLATED
      U119_reg_3/D r                             -0.528     VIOLATED
      U479_reg_3/D r                             -0.528     VIOLATED
      U306_reg_6/D f                             -0.527     VIOLATED
      U306_reg_7/D f                             -0.526     VIOLATED
      U306_reg_4/D f                             -0.526     VIOLATED
      U306_reg_3/D f                             -0.526     VIOLATED
      U719_reg_1/D f                             -0.524     VIOLATED
      U635_reg_1/D r                             -0.520     VIOLATED
      U188_reg_0/D f                             -0.519     VIOLATED
      U119_reg_1/D r                             -0.518     VIOLATED
      U33_reg_7/D r                              -0.517     VIOLATED
      U33_reg_5/D r                              -0.517     VIOLATED
      U33_reg_6/D r                              -0.517     VIOLATED
      U108_reg_5/D f                             -0.517     VIOLATED
      U108_reg_2/D f                             -0.517     VIOLATED
      U108_reg_3/D f                             -0.517     VIOLATED
      U108_reg_6/D f                             -0.517     VIOLATED
      U108_reg_7/D f                             -0.517     VIOLATED
      U108_reg_4/D f                             -0.517     VIOLATED
      U108_reg_1/D f                             -0.517     VIOLATED
      U108_reg_0/D f                             -0.517     VIOLATED
      U119_reg_6/D r                             -0.513     VIOLATED
      U64_reg_1/D r                              -0.511     VIOLATED
      U119_reg_4/D r                             -0.503     VIOLATED
      U173_reg_22/D r                            -0.498     VIOLATED
      U109_reg_12/D r                            -0.494     VIOLATED
      U306_reg_5/D r                             -0.489     VIOLATED
      U369_reg_4/D f                             -0.479     VIOLATED
      U119_reg_0/D r                             -0.476     VIOLATED
      U64_reg_3/D r                              -0.475     VIOLATED
      U64_reg_5/D r                              -0.475     VIOLATED
      U462_reg_2/D r                             -0.473     VIOLATED
      U462_reg_3/D r                             -0.473     VIOLATED
      U462_reg_6/D r                             -0.473     VIOLATED
      U462_reg_1/D r                             -0.473     VIOLATED
      U462_reg_0/D r                             -0.473     VIOLATED
      U462_reg_4/D r                             -0.473     VIOLATED
      U462_reg_5/D r                             -0.473     VIOLATED
      U462_reg_7/D r                             -0.473     VIOLATED
      U513_reg/D r                               -0.472     VIOLATED
      U119_reg_7/D r                             -0.470     VIOLATED
      U440_reg_6/D r                             -0.464     VIOLATED
      U432_reg/D r                               -0.446     VIOLATED
      U165_reg/D r                               -0.446     VIOLATED
      U188_reg_1/D r                             -0.425     VIOLATED
      U514_reg_8/D r                             -0.419     VIOLATED
      U514_reg_5/D r                             -0.406     VIOLATED
      U514_reg_3/D r                             -0.402     VIOLATED
      U109_reg_0/D f                             -0.400     VIOLATED
      U440_reg_5/D r                             -0.386     VIOLATED
      U614_reg_3/D r                             -0.381     VIOLATED
      U614_reg_2/D r                             -0.381     VIOLATED
      U614_reg_0/D r                             -0.381     VIOLATED
      U614_reg_1/D r                             -0.381     VIOLATED
      U109_reg_3/D f                             -0.375     VIOLATED
      U109_reg_2/D f                             -0.375     VIOLATED
      U440_reg_2/D r                             -0.374     VIOLATED
      U440_reg_0/D r                             -0.369     VIOLATED
      U173_reg_21/D r                            -0.368     VIOLATED
      U173_reg_19/D r                            -0.368     VIOLATED
      U173_reg_16/D r                            -0.367     VIOLATED
      U440_reg_1/D r                             -0.360     VIOLATED
      U388_reg_1/D r                             -0.355     VIOLATED
      U388_reg_0/D r                             -0.354     VIOLATED
      U313_reg_5/D f                             -0.343     VIOLATED
      U313_reg_1/D f                             -0.343     VIOLATED
      U313_reg_3/D f                             -0.342     VIOLATED
      U514_reg_6/D r                             -0.334     VIOLATED
      U440_reg_3/D r                             -0.333     VIOLATED
      U440_reg_4/D r                             -0.319     VIOLATED
      U468_reg/D f                               -0.316     VIOLATED
      U33_reg_0/D r                              -0.309     VIOLATED
      U313_reg_4/D r                             -0.301     VIOLATED
      U514_reg_2/D r                             -0.284     VIOLATED
      U514_reg_1/D r                             -0.270     VIOLATED
      U33_reg_3/D r                              -0.265     VIOLATED
      U33_reg_2/D r                              -0.265     VIOLATED
      U33_reg_4/D r                              -0.265     VIOLATED
      U313_reg_6/D r                             -0.264     VIOLATED
      U33_reg_1/D r                              -0.255     VIOLATED
      U313_reg_0/D r                             -0.253     VIOLATED
      U313_reg_2/D r                             -0.253     VIOLATED
      U514_reg_0/D f                             -0.251     VIOLATED
      U313_reg_7/D r                             -0.247     VIOLATED
      U514_reg_4/D f                             -0.242     VIOLATED
      U173_reg_18/D r                            -0.240     VIOLATED
      U508_reg_2/D f                             -0.235     VIOLATED
      U508_reg_1/D f                             -0.235     VIOLATED
      U508_reg_0/D f                             -0.235     VIOLATED
      U508_reg_6/D f                             -0.235     VIOLATED
      U508_reg_5/D f                             -0.235     VIOLATED
      U508_reg_4/D f                             -0.235     VIOLATED
      U508_reg_3/D f                             -0.235     VIOLATED
      U508_reg_7/D f                             -0.235     VIOLATED
      U843_reg/D r                               -0.208     VIOLATED
      U635_reg_0/D f                             -0.204     VIOLATED
      U335_reg/D f                               -0.198     VIOLATED
      U173_reg_14/D r                            -0.198     VIOLATED
      U173_reg_17/D r                            -0.181     VIOLATED
      U479_reg_1/D r                             -0.181     VIOLATED
      U479_reg_2/D r                             -0.181     VIOLATED
      U852_reg/RN r                              -0.181     VIOLATED
      U775_reg_0/RN r                            -0.150     VIOLATED
      U421_reg_0/RN r                            -0.150     VIOLATED
      U173_reg_12/D r                            -0.122     VIOLATED
      U173_reg_15/D r                            -0.120     VIOLATED
      U173_reg_5/D r                             -0.053     VIOLATED
      ------------------------------------------------------------------------------------------------

min_delay/hold
---------------------------
No paths found

Check type : clock_period
---------------------------
No paths found

Check type : skew
---------------------------
No paths found

Check type : pulse_width
---------------------------
 No violating Checks with given description found

Check type : max_transition
---------------------------
     ----------------------------------------------------------------------------  
      Pin Name               Required          Actual            Slack             
     ----------------------------------------------------------------------------  
     U7446/A               0.600             0.683             -0.083
     storm_U24466/ZN       0.600             0.683             -0.083
     storm_U4546/ZN        0.600             0.683             -0.083
     U9693/A               0.600             0.683             -0.083
     tiki_U12912/ZN        0.600             0.644             -0.044
     tiki_U5484/A          0.600             0.644             -0.044
     tiki_U24735/ZN        0.600             0.643             -0.043
     tiki_U24204/ZN        0.600             0.643             -0.043
     tiki_U20424/A         0.600             0.643             -0.043
     tiki_U6298/ZN         0.600             0.643             -0.043
     tiki_U30801/ZN        0.600             0.643             -0.043
     tiki_U30796/A         0.600             0.643             -0.043
     tiki_U5982/ZN         0.600             0.643             -0.043
     tiki_sbn_13438_ATgbl_i19416_2/A
                           0.600             0.643             -0.043
     tiki_U1490/A          0.600             0.643             -0.043
     tiki_sbn_13459_ATgbl_i19590_5/A
                           0.600             0.643             -0.043

Check type : min_transition
---------------------------
 No Violations found

Check type : max_capacitance
---------------------------
 No Violations found

Check type : min_capacitance
---------------------------
 No Violations found

Check type : max_fanout
---------------------------
 No Violations found

Check type : min_fanout
---------------------------
 No Violations found
