###############################################################
#  Generated by:      Cadence Tempus 20.20-p001_1
#  OS:                Linux x86_64(Host ID APL4.kletech.ac.in)
#  Generated on:      Fri Apr  4 17:15:06 2025
#  Design:            momal
#  Command:           report_analysis_coverage            > outputs/coverage.rpt
###############################################################
    -------------------------------------------------------------------------------------------  
                                   TIMING CHECK COVERAGE SUMMARY                                  
    -------------------------------------------------------------------------------------------  
     Check Type                      No. of   Met              Violated         Untested         
                                     Checks                                                      
    -------------------------------------------------------------------------------------------  
    Hold                           34584     550 (1%)         0 (0%)           34034 (98%)
    PulseWidth                     42845     1103 (2%)        0 (0%)           41742 (97%)
    Recovery                       13511     51 (0%)          2 (0%)           13458 (99%)
    Removal                        13511     53 (0%)          0 (0%)           13458 (99%)
    Setup                          34581     55 (0%)          492 (1%)         34034 (98%)
    TimeBorrow                     3         3 (100%)         0 (0%)           0 (0%)
    -------------------------------------------------------------------------------------------
