
********************************************************************************
*                                                                              *
*                                 memlibCertify                                *
*                               Version: 2022.4                                *
*                                                                              *
********************************************************************************

Command-line: 

  /siemens/bin/memlibc  \
    -memLib SPRAM_64x32.memlib  \
    -extension v:vg  \
    -simModelFile /jk/SCLPDK_V3.0_KIT/scl180/memory/spram/6M1L/SPRAM_64x32/SPRAM_64x32.v  \
    -tshell  \
    -verilogOptionFile ../VerilogOptions

  -Found memory template: [SPRAM_64x32]
  -MemoryType : SRAM
  -CellName : SPRAM_64x32
  -OperationSet : Sync
  -Memory algorithm : SMARCH

Generating MemoryBist configuration files
Generating Tessent Shell Do Files

Info: Type 'make all' to execute the memory library certification process
      or execute the particular certification process phases with
        make gen       # Create/Process DFT specification
        make testbench # Create/Process Patterns specification
        make sim_rtl   # Run testbench simulations
